2022/02/25-12:17:57: runIOworkload.sh - Created logfile: ./RESULTS/runIOworkload.sh_20220225-121756.log
Runtime Environment:
Linux f10-h29-b02-5039ms.rdu2.scalelab.redhat.com 4.18.0-348.el8.x86_64 #1 SMP Mon Oct 4 12:17:22 EDT 2021 x86_64 x86_64 x86_64 GNU/Linux
Red Hat Enterprise Linux release 8.5 (Ootpa)
ceph version 16.2.0-152.el8cp (e456e8b705cb2f4a779689a0d80b122bcb0d67c9) pacific (stable)
2022/02/25-12:17:57: > runmode=containerized
Key Variable Values:
2022/02/25-12:17:57: > pollinterval=300
2022/02/25-12:17:57: > RESULTSDIR=./RESULTS
Cluster variable settings:
2022/02/25-12:17:57: > MONhostname=f13-h26-b04-5039ms.rdu2.scalelab.redhat.com
2022/02/25-12:17:57: > RGWhostname=f10-h01-000-6049p.rdu2.scalelab.redhat.com
2022/02/25-12:17:57: ---------------------------------
2022/02/25-12:17:57: BEGIN /root/git_repo/DFGRGWtest/RGWtest/fill.xml contents:
<?xml version="1.0" encoding="UTF-8" ?>
<workload name="fillCluster" description="RGW testing">

<!-- Initialization -->
    <storage type="s3" config="timeout=900000;accesskey=W9ABUUVT9ELGCEODRROS;secretkey=3FSC6yeUC5OwBb3BAq0Y8SZA0Z3ICArDOSyMlDdH;endpoint=http://localhost:5000;path_style_access=true"/>
  <auth type="none"/>


  <workflow>

<!-- Initialization -->
    <workstage name="init_containers">
        <work type="init" workers="1" config="containers=r(1,5)"/>
    </workstage>

<!-- Prepare using container counts, object counts and object sizes from vars.shinc -->
    <workstage name="preparing_cluster">
        <work type="prepare" workers="1988" config="containers=r(1,5);objects=r(1,75000000);sizes=h(1|2|25,2|4|40,4|8|25,8|256|10)KB"/>
    </workstage>

  </workflow>

</workload>
2022/02/25-12:17:57: END /root/git_repo/DFGRGWtest/RGWtest/fill.xml
2022/02/25-12:17:58: 
CLASS     SIZE    AVAIL    USED  RAW USED  %RAW USED
TOTAL  567 TiB  524 TiB  44 TiB    44 TiB       7.70
POOL                       ID   PGS   STORED  OBJECTS     USED  %USED  MAX AVAIL
GC: 2022/02/25-12:17:58: Pending GC's == 1
2022/02/25-12:17:58: START: poll backgrd process
2022/02/25-12:17:59: ** POLL started

ceph balancer status
{
    "active": true,
    "last_optimize_duration": "0:00:00.135579",
    "last_optimize_started": "Fri Feb 25 12:17:00 2022",
    "mode": "upmap",
    "optimize_result": "Optimization plan created successfully",
    "plans": []
}
2022/02/25-12:18:00: POLL backgrd processID 1024282
2022/02/25-12:18:00: START: cosbench launched
2022/02/25-12:18:01: OSD Settings:      "bluefs_buffered_io": "true",
    "bluestore_cache_trim_max_skip_pinned": "1000",
    "bluestore_rocksdb_options": "compression=kNoCompression,max_write_buffer_number=4,min_write_buffer_number_to_merge=1,recycle_log_file_num=4,write_buffer_size=268435456,writable_file_max_buffer_size=0,compaction_readahead_size=2097152,max_background_compactions=2,max_total_wal_size=1073741824",
    "bluestore_rocksdb_options_annex": "",
    "debug_objclass": "0/5",
    "log_to_file": "true",
    "mon_cluster_log_to_file": "true",
    "osd_crush_initial_weight": "-1.000000",
    "osd_deep_scrub_interval": "604800.000000",
    "osd_deep_scrub_large_omap_object_key_threshold": "200000",
    "osd_delete_sleep": "0.000000",
    "osd_delete_sleep_hdd": "5.000000",
    "osd_delete_sleep_hybrid": "1.000000",
    "osd_delete_sleep_ssd": "1.000000",
    "osd_max_backfills": "1",
    "osd_max_scrubs": "1",
    "osd_memory_target": "4294967296",
    "osd_memory_target_autotune": "true",
    "osd_memory_target_cgroup_limit_ratio": "0.800000",
    "osd_op_thread_timeout": "15",
    "osd_recovery_max_omap_entries_per_chunk": "8096",
    "osd_scrub_auto_repair": "false",
    "osd_scrub_auto_repair_num_errors": "5",
    "osd_scrub_begin_hour": "0",
    "osd_scrub_during_recovery": "false",
    "osd_scrub_end_hour": "0",
    "osd_scrub_max_interval": "604800.000000",
    "osd_scrub_sleep": "0.000000",
    "rocksdb_cache_size": "536870912",
2022/02/25-12:18:01: RGW Settings:      "debug_ms": "0/0",
    "debug_rgw": "1/5",
    "debug_rgw_sync": "1/5",
    "log_to_file": "true",
    "mon_cluster_log_to_file": "true",
    "rgw_dynamic_resharding": "true",
    "rgw_frontend_defaults": "beast ssl_certificate=config://rgw/cert/$realm/$zone.crt ssl_private_key=config://rgw/cert/$realm/$zone.key",
    "rgw_frontends": "beast endpoint=172.17.36.220:8080",
    "rgw_gc_max_concurrent_io": "10",
    "rgw_gc_max_deferred": "50",
    "rgw_gc_max_deferred_entries_size": "3072",
    "rgw_gc_max_objs": "32",
    "rgw_gc_max_queue_size": "134213632",
    "rgw_gc_max_trim_chunk": "16",
    "rgw_gc_obj_min_wait": "7200",
    "rgw_gc_processor_max_time": "3600",
    "rgw_gc_processor_period": "3600",
    "rgw_max_concurrent_requests": "2048",
    "rgw_override_bucket_index_max_shards": "0",
    "rgw_run_sync_thread": "true",
    "rgw_thread_pool_size": "1024",
2022/02/25-12:18:02: Accepted with ID: w12
2022/02/25-12:18:02: COSbench jobID is: w12 - Started

OSD swapon -s ...
f11-h01-000-6049p.rdu2.scalelab.redhat.com | CHANGED | rc=0 | (stdout) 
f11-h17-000-6049p.rdu2.scalelab.redhat.com | CHANGED | rc=0 | (stdout) 
f11-h05-000-6049p.rdu2.scalelab.redhat.com | CHANGED | rc=0 | (stdout) 
f11-h13-000-6049p.rdu2.scalelab.redhat.com | CHANGED | rc=0 | (stdout) 
f11-h09-000-6049p.rdu2.scalelab.redhat.com | CHANGED | rc=0 | (stdout) 
f10-h01-000-6049p.rdu2.scalelab.redhat.com | CHANGED | rc=0 | (stdout) 
f10-h09-000-6049p.rdu2.scalelab.redhat.com | CHANGED | rc=0 | (stdout) 
f10-h17-000-6049p.rdu2.scalelab.redhat.com | CHANGED | rc=0 | (stdout) 
f10-h13-000-6049p.rdu2.scalelab.redhat.com | CHANGED | rc=0 | (stdout) 
f10-h05-000-6049p.rdu2.scalelab.redhat.com | CHANGED | rc=0 | (stdout) 
f10-h21-000-6049p.rdu2.scalelab.redhat.com | CHANGED | rc=0 | (stdout) 
f10-h25-000-6049p.rdu2.scalelab.redhat.com | CHANGED | rc=0 | (stdout) 

2022/02/25-12:18:05: %RAW USED 7.70; Pending GCs 

--------------------------------------------------------

2022/02/25-12:18:05: RESHARD Queue Length 1
2022/02/25-12:18:05: RESHARD List []

LA: 2022/02/25-12:18:06:   0.31, 0.38, 0.27

RGW stats:          proc   %cpu %mem  vsz    rss     memused       memlimit
f10-h01-000-6049p.rdu2.scalelab.redhat.com   radosgw 0.3 0.0 5298636 76012   9359396864   9223372036854771712
f10-h05-000-6049p.rdu2.scalelab.redhat.com   radosgw 0.3 0.0 5298632 77728   9393778688   9223372036854771712
f10-h09-000-6049p.rdu2.scalelab.redhat.com   radosgw 0.3 0.0 5298640 73564   9517731840   9223372036854771712
f10-h13-000-6049p.rdu2.scalelab.redhat.com   radosgw 0.3 0.0 5298636 74768   9425240064   9223372036854771712
f10-h17-000-6049p.rdu2.scalelab.redhat.com   radosgw 0.3 0.0 5298636 77432   9467203584   9223372036854771712
f10-h21-000-6049p.rdu2.scalelab.redhat.com   radosgw 0.3 0.0 5297616 75140   9540829184   9223372036854771712
f10-h25-000-6049p.rdu2.scalelab.redhat.com   radosgw 0.3 0.0 5297608 75224   9530626048   9223372036854771712
f11-h01-000-6049p.rdu2.scalelab.redhat.com   radosgw 0.3 0.0 5298636 77108   9574789120   9223372036854771712
f11-h05-000-6049p.rdu2.scalelab.redhat.com   radosgw 0.4 0.0 5455516 103756   9557557248   9223372036854771712
f11-h09-000-6049p.rdu2.scalelab.redhat.com   radosgw 0.5 0.0 5469764 135940   9652457472   9223372036854771712
f11-h13-000-6049p.rdu2.scalelab.redhat.com   radosgw 0.6 0.0 5536100 161636   9774878720   9223372036854771712
f11-h17-000-6049p.rdu2.scalelab.redhat.com   radosgw 0.7 0.0 5486104 166852   9797144576   9223372036854771712

OSD: 
2022/02/25-12:18:12: f10-h01-000-6049p.rdu2.scalelab.redhat.com ceph-osd         0.8  0.0 1353540 183888
ceph-osd         0.7  0.0 1146536 168528
ceph-osd         0.7  0.0 1120072 167564
ceph-osd         0.7  0.0 1131176 171152
ceph-osd         0.6  0.0 1106600 162968
ceph-osd         0.6  0.0 1099436 154772
ceph-osd         0.7  0.0 1121960 165880
ceph-osd         0.7  0.0 1087144 157952
ceph-osd         0.7  0.0 1151660 167476
ceph-osd         0.6  0.0 1104552 156816
ceph-osd         0.7  0.0 1160008 173312
ceph-osd         0.6  0.0 1086124 153604
ceph-osd         0.9  0.0 1361448 184284
ceph-osd         0.7  0.0 1138340 171716
ceph-osd         0.7  0.0 1216164 170364
ceph-osd         0.7  0.0 1540772 183328
ceph-osd         0.7  0.0 1285796 174428
ceph-osd         0.8  0.0 1571492 188432
ceph-osd         0.6  0.0 1091236 151656
ceph-osd         0.6  0.0 1097388 155288
ceph-osd         0.7  0.0 1160876 169164
ceph-osd         0.6  0.0 1095340 155280
ceph-osd         0.6  0.0 1120068 159208
ceph-osd         0.6  0.0 1131176 160832
2022/02/25-12:18:12: f10-h05-000-6049p.rdu2.scalelab.redhat.com ceph-osd         0.6  0.0 1152520 179912
ceph-osd         0.6  0.0 1236988 172648
ceph-osd         0.5  0.0 1091928 167332
ceph-osd         0.7  0.0 1307284 192712
ceph-osd         0.6  0.0 1138296 181804
ceph-osd         0.5  0.0 1115288 165168
ceph-osd         0.6  0.0 1220252 190844
ceph-osd         0.6  0.0 1120388 168812
ceph-osd         0.6  0.0 1117744 171732
ceph-osd         0.5  0.0 1119768 167912
ceph-osd         0.6  0.0 1562280 189888
ceph-osd         0.5  0.0 1093456 163680
ceph-osd         0.5  0.0 1151816 177188
ceph-osd         0.6  0.0 1244840 174976
ceph-osd         0.6  0.0 1245864 187712
ceph-osd         0.6  0.0 1129132 174164
ceph-osd         0.5  0.0 1089188 159684
ceph-osd         0.6  0.0 1188516 179384
ceph-osd         0.6  0.0 1323848 183024
ceph-osd         0.6  0.0 1131332 163780
ceph-osd         0.6  0.0 1127076 164620
ceph-osd         0.6  0.0 1256108 178456
ceph-osd         0.7  0.0 1178440 173652
ceph-osd         0.5  0.0 1089348 161160
2022/02/25-12:18:12: f10-h09-000-6049p.rdu2.scalelab.redhat.com ceph-osd         0.6  0.0 1398468 182616
ceph-osd         0.6  0.0 1294340 176968
ceph-osd         0.7  0.0 1434972 195980
ceph-osd         0.5  0.0 1112928 161704
ceph-osd         0.5  0.0 1098360 165712
ceph-osd         0.5  0.0 1165624 183212
ceph-osd         0.6  0.0 1266972 182480
ceph-osd         0.6  0.0 1125504 170276
ceph-osd         0.6  0.0 1116780 167812
ceph-osd         0.5  0.0 1126048 176052
ceph-osd         0.6  0.0 1177416 183164
ceph-osd         0.5  0.0 1093448 166964
ceph-osd         0.5  0.0 1116836 165656
ceph-osd         0.7  0.0 1333924 182580
ceph-osd         0.5  0.0 1183404 167964
ceph-osd         0.5  0.0 1115820 166976
ceph-osd         0.6  0.0 1093284 165048
ceph-osd         0.6  0.0 1102504 167052
ceph-osd         0.5  0.0 1088036 161372
ceph-osd         0.6  0.0 1097548 170648
ceph-osd         0.6  0.0 1303368 183828
ceph-osd         0.6  0.0 1094308 168220
ceph-osd         0.6  0.0 1153868 172332
ceph-osd         0.5  0.0 1093288 168376
2022/02/25-12:18:12: f10-h13-000-6049p.rdu2.scalelab.redhat.com ceph-osd         0.5  0.0 1090240 167508
ceph-osd         0.5  0.0 1093672 166276
ceph-osd         0.6  0.0 1361288 187828
ceph-osd         0.5  0.0 1104736 159004
ceph-osd         0.7  0.0 1339004 193300
ceph-osd         0.5  0.0 1131672 175240
ceph-osd         0.6  0.0 1140384 176128
ceph-osd         0.5  0.0 1193084 172344
ceph-osd         0.5  0.0 1121896 171424
ceph-osd         0.5  0.0 1087956 159644
ceph-osd         0.6  0.0 1323684 185688
ceph-osd         0.6  0.0 1095492 167084
ceph-osd         0.6  0.0 1118892 173692
ceph-osd         0.5  0.0 1090216 163368
ceph-osd         0.5  0.0 1132360 167656
ceph-osd         0.6  0.0 1309348 194096
ceph-osd         0.6  0.0 1249096 183772
ceph-osd         0.7  0.0 1332904 185740
ceph-osd         0.6  0.0 1141292 183036
ceph-osd         0.5  0.0 1094316 167296
ceph-osd         0.6  0.0 1095212 171032
ceph-osd         0.6  0.0 1222184 175212
ceph-osd         0.6  0.0 1153868 172512
ceph-osd         0.6  0.0 1126056 173600
2022/02/25-12:18:13: f10-h17-000-6049p.rdu2.scalelab.redhat.com ceph-osd         0.6  0.0 1172160 172356
ceph-osd         0.6  0.0 1234984 184932
ceph-osd         0.6  0.0 1100980 171336
ceph-osd         0.5  0.0 1096548 172604
ceph-osd         0.6  0.0 1123044 175612
ceph-osd         0.6  0.0 1174732 181720
ceph-osd         0.5  0.0 1089252 165164
ceph-osd         0.5  0.0 1095876 169388
ceph-osd         0.5  0.0 1091316 165424
ceph-osd         0.5  0.0 1131040 170200
ceph-osd         0.6  0.0 1271624 180908
ceph-osd         0.5  0.0 1164968 178492
ceph-osd         0.7  0.0 1159848 192132
ceph-osd         0.5  0.0 1092424 166316
ceph-osd         0.5  0.0 1096364 170276
ceph-osd         0.5  0.0 1151656 171756
ceph-osd         0.6  0.0 1087148 160172
ceph-osd         0.7  0.0 1222316 186916
ceph-osd         0.6  0.0 1152684 174360
ceph-osd         0.6  0.0 1184428 176672
ceph-osd         0.7  0.0 1190576 178464
ceph-osd         0.5  0.0 1092268 165604
ceph-osd         0.6  0.0 1103528 173096
ceph-osd         0.6  0.0 1216328 178196
2022/02/25-12:18:13: f10-h21-000-6049p.rdu2.scalelab.redhat.com ceph-osd         0.5  0.0 1090240 165124
ceph-osd         0.6  0.0 1133604 175256
ceph-osd         0.6  0.0 1142204 189816
ceph-osd         0.6  0.0 1171504 176020
ceph-osd         0.5  0.0 1114104 175684
ceph-osd         0.5  0.0 1091720 169640
ceph-osd         0.6  0.0 1214112 186164
ceph-osd         0.5  0.0 1092928 167828
ceph-osd         0.5  0.0 1110016 169048
ceph-osd         0.6  0.0 1101484 170380
ceph-osd         0.5  0.0 1093284 166040
ceph-osd         0.5  0.0 1099588 174184
ceph-osd         0.6  0.0 1237676 176192
ceph-osd         0.5  0.0 1166156 175108
ceph-osd         0.6  0.0 1212072 181268
ceph-osd         0.6  0.0 1269420 181288
ceph-osd         0.7  0.0 1374888 184064
ceph-osd         0.6  0.0 1099436 165768
ceph-osd         0.7  0.0 1137320 187400
ceph-osd         0.5  0.0 1097252 162972
ceph-osd         0.7  0.0 1368904 194996
ceph-osd         0.6  0.0 1271624 180444
ceph-osd         0.5  0.0 1090216 161028
ceph-osd         0.6  0.0 1195848 180868
2022/02/25-12:18:13: f10-h25-000-6049p.rdu2.scalelab.redhat.com ceph-osd         0.6  0.0 1089188 160072
ceph-osd         0.6  0.0 1174060 170116
ceph-osd         0.6  0.0 1092260 166104
ceph-osd         0.8  0.0 1148584 195900
ceph-osd         0.7  0.0 1156768 184312
ceph-osd         0.6  0.0 1092260 165472
ceph-osd         0.8  0.0 1306272 200812
ceph-osd         0.6  0.0 1153704 168644
ceph-osd         0.6  0.0 1101472 164980
ceph-osd         0.6  0.0 1108640 173320
ceph-osd         0.6  0.0 1090208 162188
ceph-osd         0.5  0.0 1088164 162640
ceph-osd         0.6  0.0 1138344 169564
ceph-osd         0.7  0.0 1376928 183768
ceph-osd         0.6  0.0 1303200 177624
ceph-osd         0.6  0.0 1108384 175260
ceph-osd         0.7  0.0 1138340 188044
ceph-osd         0.5  0.0 1096352 159572
ceph-osd         0.6  0.0 1360548 184036
ceph-osd         0.6  0.0 1188516 170340
ceph-osd         0.6  0.0 1158820 172748
ceph-osd         0.6  0.0 1119048 164964
ceph-osd         0.6  0.0 1213092 179240
ceph-osd         0.6  0.0 1197732 177544
2022/02/25-12:18:13: f11-h01-000-6049p.rdu2.scalelab.redhat.com ceph-osd         0.6  0.0 1113748 176088
ceph-osd         0.6  0.0 1349708 196276
ceph-osd         0.6  0.0 1150188 176244
ceph-osd         0.5  0.0 1129520 168820
ceph-osd         0.5  0.0 1118032 170356
ceph-osd         0.6  0.0 1401092 204972
ceph-osd         0.5  0.0 1096480 172556
ceph-osd         0.5  0.0 1117504 176740
ceph-osd         0.6  0.0 1182720 176288
ceph-osd         0.5  0.0 1122984 172056
ceph-osd         0.6  0.0 1190728 177840
ceph-osd         0.5  0.0 1090380 164960
ceph-osd         0.6  0.0 1280840 186608
ceph-osd         0.6  0.0 1299116 186620
ceph-osd         0.5  0.0 1098408 169904
ceph-osd         0.6  0.0 1139532 187420
ceph-osd         0.6  0.0 1095336 169496
ceph-osd         0.7  0.0 1241772 202744
ceph-osd         0.6  0.0 1135276 172328
ceph-osd         0.6  0.0 1341092 184536
ceph-osd         0.6  0.0 1163080 182316
ceph-osd         0.7  0.0 1246888 188680
ceph-osd         0.7  0.0 1193636 196440
ceph-osd         0.5  0.0 1104712 168352
2022/02/25-12:18:13: f11-h05-000-6049p.rdu2.scalelab.redhat.com ceph-osd         0.5  0.0 1094148 167772
ceph-osd         0.5  0.0 1117144 178840
ceph-osd         0.6  0.0 1100048 174908
ceph-osd         0.5  0.0 1150608 175792
ceph-osd         0.6  0.0 1152900 186328
ceph-osd         0.7  0.0 1365312 192200
ceph-osd         0.6  0.0 1221412 181380
ceph-osd         0.6  0.0 1189128 179616
ceph-osd         0.6  0.0 1236052 187704
ceph-osd         0.5  0.0 1107624 168728
ceph-osd         0.5  0.0 1094320 172436
ceph-osd         0.6  0.0 1181348 184352
ceph-osd         0.5  0.0 1123144 176912
ceph-osd         0.5  0.0 1139368 177836
ceph-osd         0.5  0.0 1138352 186788
ceph-osd         0.6  0.0 1124008 171132
ceph-osd         0.6  0.0 1098408 171196
ceph-osd         0.6  0.0 1125028 170060
ceph-osd         0.6  0.0 1147556 172372
ceph-osd         0.7  0.0 1339044 192868
ceph-osd         0.6  0.0 1094468 170584
ceph-osd         0.6  0.0 1133228 176008
ceph-osd         0.6  0.0 1321636 186676
ceph-osd         0.5  0.0 1094312 171248
2022/02/25-12:18:14: f11-h09-000-6049p.rdu2.scalelab.redhat.com ceph-osd         0.6  0.0 1174284 182652
ceph-osd         0.5  0.0 1092692 171104
ceph-osd         0.6  0.0 1114340 181144
ceph-osd         0.5  0.0 1101564 166924
ceph-osd         0.6  0.0 1205236 178868
ceph-osd         0.5  0.0 1096964 175724
ceph-osd         0.5  0.0 1107736 176872
ceph-osd         0.5  0.0 1105148 172460
ceph-osd         0.6  0.0 1196916 180680
ceph-osd         0.6  0.0 1101480 178696
ceph-osd         0.5  0.0 1094316 173196
ceph-osd         0.6  0.0 1462948 192916
ceph-osd         0.6  0.0 1225384 187852
ceph-osd         0.5  0.0 1125028 179036
ceph-osd         0.6  0.0 1093288 173208
ceph-osd         0.6  0.0 1115816 178536
ceph-osd         0.6  0.0 1278792 194004
ceph-osd         0.7  0.0 1154728 190792
ceph-osd         0.7  0.0 1310380 186924
ceph-osd         0.5  0.0 1090084 166804
ceph-osd         0.5  0.0 1091240 163436
ceph-osd         0.6  0.0 1253200 184076
ceph-osd         0.7  0.0 1321636 204396
ceph-osd         0.6  0.0 1171116 188692
2022/02/25-12:18:14: f11-h13-000-6049p.rdu2.scalelab.redhat.com ceph-osd         0.6  0.0 1117928 174296
ceph-osd         0.6  0.0 1099812 178440
ceph-osd         0.6  0.0 1314996 194204
ceph-osd         0.6  0.0 1317416 184972
ceph-osd         0.6  0.0 1140452 197216
ceph-osd         0.5  0.0 1130700 171232
ceph-osd         0.5  0.0 1109824 172208
ceph-osd         0.5  0.0 1090692 167684
ceph-osd         0.5  0.0 1095276 171924
ceph-osd         0.6  0.0 1247836 198648
ceph-osd         0.8  0.0 1216172 204520
ceph-osd         0.5  0.0 1139368 179092
ceph-osd         0.6  0.0 1113772 179740
ceph-osd         0.5  0.0 1106476 172164
ceph-osd         0.7  0.0 1149604 195280
ceph-osd         0.6  0.0 1106596 175228
ceph-osd         0.8  0.0 1308196 204768
ceph-osd         0.6  0.0 1128264 170340
ceph-osd         0.6  0.0 1098408 176672
ceph-osd         0.6  0.0 1126060 185412
ceph-osd         0.6  0.0 1140388 204984
ceph-osd         0.6  0.0 1158828 180684
ceph-osd         0.6  0.0 1260360 183472
ceph-osd         0.6  0.0 1255080 186212
2022/02/25-12:18:14: f11-h17-000-6049p.rdu2.scalelab.redhat.com ceph-osd         0.6  0.0 1193744 201236
ceph-osd         0.6  0.0 1132664 177840
ceph-osd         0.5  0.0 1118680 175488
ceph-osd         0.6  0.0 1157360 186152
ceph-osd         0.5  0.0 1099460 176072
ceph-osd         0.5  0.0 1139124 175028
ceph-osd         0.6  0.0 1151888 185660
ceph-osd         0.5  0.0 1091812 171000
ceph-osd         0.5  0.0 1094916 172024
ceph-osd         0.5  0.0 1119912 176812
ceph-osd         0.5  0.0 1125032 178796
ceph-osd         0.6  0.0 1163948 187276
ceph-osd         0.6  0.0 1169068 184804
ceph-osd         0.6  0.0 1288876 186368
ceph-osd         0.5  0.0 1141416 172012
ceph-osd         0.6  0.0 1139368 176760
ceph-osd         0.6  0.0 1115980 174648
ceph-osd         0.5  0.0 1096520 171540
ceph-osd         0.6  0.0 1094472 171880
ceph-osd         0.6  0.0 1357484 188764
ceph-osd         0.5  0.0 1091236 165820
ceph-osd         0.6  0.0 1255084 188276
ceph-osd         0.6  0.0 1126060 181324
ceph-osd         0.6  0.0 1198632 175112

Site2 buckets (rgw):
2022/02/25-12:18:34:         "bucket": "mycontainers1",
        "num_shards": 11,
                "num_objects": 222578
        "bucket": "mycontainers3",
        "num_shards": 11,
        "bucket": "mycontainers4",
        "num_shards": 11,
        "bucket": "mycontainers2",
        "num_shards": 11,
        "bucket": "mycontainers5",
        "num_shards": 11,

Cluster status
  cluster:
    id:     ffdc49e2-9622-11ec-9f52-ac1f6b2d5d2a
    health: HEALTH_WARN
            clock skew detected on mon.f13-h26-b08-5039ms, mon.f13-h26-b07-5039ms
 
  services:
    mon: 3 daemons, quorum f13-h26-b04-5039ms.rdu2.scalelab.redhat.com,f13-h26-b08-5039ms,f13-h26-b07-5039ms (age 115m)
    mgr: f13-h26-b04-5039ms.rdu2.scalelab.redhat.com.uyhevq(active, since 52m), standbys: f13-h26-b07-5039ms.iweveu, f13-h26-b08-5039ms.nhdqye
    osd: 288 osds: 288 up (since 60m), 288 in (since 64m)
    rgw: 12 daemons active (12 hosts, 1 zones)
 
  data:
    pools:   7 pools, 9729 pgs
    objects: 309.35k objects, 4.3 GiB
    usage:   44 TiB used, 524 TiB / 567 TiB avail
    pgs:     9729 active+clean
 
  io:
    client:   83 MiB/s rd, 278 MiB/s wr, 85.15k op/s rd, 204.24k op/s wr
 
2022/02/25-12:18:35: ceph df detail --- RAW STORAGE ---
CLASS     SIZE    AVAIL    USED  RAW USED  %RAW USED
hdd    567 TiB  524 TiB  44 TiB    44 TiB       7.70
TOTAL  567 TiB  524 TiB  44 TiB    44 TiB       7.70
 
--- POOLS ---
POOL                       ID   PGS   STORED   (DATA)  (OMAP)  OBJECTS     USED   (DATA)  (OMAP)  %USED  MAX AVAIL  QUOTA OBJECTS  QUOTA BYTES    DIRTY  USED COMPR  UNDER COMPR
device_health_metrics       1     1      0 B      0 B     0 B        0      0 B      0 B     0 B      0    165 TiB            N/A          N/A        0         0 B          0 B
default.rgw.control         6   256      0 B      0 B     0 B        8      0 B      0 B     0 B      0    165 TiB            N/A          N/A        8         0 B          0 B
default.rgw.buckets.data    7  8192  7.9 GiB  7.9 GiB     0 B  309.09k   12 GiB   12 GiB     0 B      0    330 TiB            N/A          N/A  309.09k         0 B          0 B
default.rgw.buckets.index   8   512      0 B      0 B     0 B       55      0 B      0 B     0 B      0    165 TiB            N/A          N/A       55         0 B          0 B
default.rgw.log             9   256  3.6 KiB  3.6 KiB     0 B      177  408 KiB  408 KiB     0 B      0    165 TiB            N/A          N/A      177         0 B          0 B
default.rgw.meta           10   256  3.2 KiB  3.2 KiB     0 B       15  168 KiB  168 KiB     0 B      0    165 TiB            N/A          N/A       15         0 B          0 B
.rgw.root                  11   256  1.3 KiB  1.3 KiB     0 B        4   48 KiB   48 KiB     0 B      0    165 TiB            N/A          N/A        4         0 B          0 B

Site2 pool PG counts:
pool 1 'device_health_metrics' replicated size 3 min_size 2 crush_rule 0 object_hash rjenkins pg_num 1 pgp_num 1 autoscale_mode on last_change 861 flags hashpspool stripe_width 0 pg_num_min 1 application mgr_devicehealth,rgw
pool 6 'default.rgw.control' replicated size 3 min_size 2 crush_rule 0 object_hash rjenkins pg_num 256 pgp_num 256 autoscale_mode on last_change 862 flags hashpspool stripe_width 0 pg_num_min 256 application rgw
pool 7 'default.rgw.buckets.data' erasure profile myprofile size 6 min_size 5 crush_rule 1 object_hash rjenkins pg_num 8192 pgp_num 8192 autoscale_mode on last_change 878 lfor 0/0/876 flags hashpspool stripe_width 16384 pg_num_min 8192 application rgw
pool 8 'default.rgw.buckets.index' replicated size 3 min_size 2 crush_rule 0 object_hash rjenkins pg_num 512 pgp_num 512 autoscale_mode on last_change 864 flags hashpspool stripe_width 0 pg_num_min 512 application rgw
pool 9 'default.rgw.log' replicated size 3 min_size 2 crush_rule 0 object_hash rjenkins pg_num 256 pgp_num 256 autoscale_mode on last_change 865 flags hashpspool stripe_width 0 pg_num_min 256 application rgw
pool 10 'default.rgw.meta' replicated size 3 min_size 2 crush_rule 0 object_hash rjenkins pg_num 256 pgp_num 256 autoscale_mode on last_change 866 flags hashpspool stripe_width 0 pg_num_min 256 application rgw
pool 11 '.rgw.root' replicated size 3 min_size 2 crush_rule 0 object_hash rjenkins pg_num 256 pgp_num 256 autoscale_mode on last_change 867 flags hashpspool stripe_width 0 pg_num_min 256 application rgw


Site2 buckets df
2022/02/25-12:18:35: POOL                       ID   PGS   STORED  OBJECTS     USED  %USED  MAX AVAIL
default.rgw.control         6   256      0 B        8      0 B      0    165 TiB
default.rgw.buckets.data    7  8192  7.9 GiB  309.09k   12 GiB      0    330 TiB
default.rgw.buckets.index   8   512      0 B       55      0 B      0    165 TiB
default.rgw.log             9   256  3.6 KiB      177  408 KiB      0    165 TiB
default.rgw.meta           10   256  3.2 KiB       15  168 KiB      0    165 TiB

OSD/RGW free:
2022/02/25-12:18:35: f10-h01-000-6049p.rdu2.scalelab.redhat.com                total        used        free      shared  buff/cache   available
Mem:          376Gi       9.8Gi       358Gi       4.0Gi       7.9Gi       360Gi
Swap:            0B          0B          0B

Ceph osd df:
2022/02/25-12:18:36: ID   CLASS  WEIGHT   REWEIGHT  SIZE     RAW USE  DATA     OMAP  META     AVAIL    %USE  VAR   PGS  STATUS
264    hdd  1.97049   1.00000  2.0 TiB  155 GiB  110 MiB   0 B  109 MiB  1.8 TiB  7.70  1.00  203      up
265    hdd  1.97049   1.00000  2.0 TiB  155 GiB  109 MiB   0 B  107 MiB  1.8 TiB  7.70  1.00  189      up
266    hdd  1.97049   1.00000  2.0 TiB  155 GiB  109 MiB   0 B  109 MiB  1.8 TiB  7.70  1.00  192      up
267    hdd  1.97049   1.00000  2.0 TiB  155 GiB  111 MiB   0 B   99 MiB  1.8 TiB  7.70  1.00  204      up
268    hdd  1.97049   1.00000  2.0 TiB  155 GiB  109 MiB   0 B  102 MiB  1.8 TiB  7.70  1.00  179      up
269    hdd  1.97049   1.00000  2.0 TiB  155 GiB  102 MiB   0 B   84 MiB  1.8 TiB  7.70  1.00  167      up
270    hdd  1.97049   1.00000  2.0 TiB  155 GiB  113 MiB   0 B  100 MiB  1.8 TiB  7.70  1.00  205      up
271    hdd  1.97049   1.00000  2.0 TiB  155 GiB  110 MiB   0 B  108 MiB  1.8 TiB  7.70  1.00  190      up
272    hdd  1.97049   1.00000  2.0 TiB  155 GiB  110 MiB   0 B  103 MiB  1.8 TiB  7.70  1.00  188      up
273    hdd  1.97049   1.00000  2.0 TiB  155 GiB  103 MiB   0 B   91 MiB  1.8 TiB  7.70  1.00  168      up
274    hdd  1.97049   1.00000  2.0 TiB  155 GiB  107 MiB   0 B  104 MiB  1.8 TiB  7.70  1.00  180      up
275    hdd  1.97049   1.00000  2.0 TiB  155 GiB  105 MiB   0 B   93 MiB  1.8 TiB  7.70  1.00  168      up
276    hdd  1.97049   1.00000  2.0 TiB  155 GiB  105 MiB   0 B  171 MiB  1.8 TiB  7.70  1.00  173      up
277    hdd  1.97049   1.00000  2.0 TiB  155 GiB  107 MiB   0 B  104 MiB  1.8 TiB  7.70  1.00  186      up
278    hdd  1.97049   1.00000  2.0 TiB  155 GiB  112 MiB   0 B  110 MiB  1.8 TiB  7.70  1.00  200      up
279    hdd  1.97049   1.00000  2.0 TiB  155 GiB  110 MiB   0 B  108 MiB  1.8 TiB  7.70  1.00  182      up
280    hdd  1.97049   1.00000  2.0 TiB  155 GiB  109 MiB   0 B  107 MiB  1.8 TiB  7.70  1.00  191      up
281    hdd  1.97049   1.00000  2.0 TiB  155 GiB  116 MiB   0 B  104 MiB  1.8 TiB  7.70  1.00  202      up
282    hdd  1.97049   1.00000  2.0 TiB  155 GiB  104 MiB   0 B   86 MiB  1.8 TiB  7.70  1.00  171      up
283    hdd  1.97049   1.00000  2.0 TiB  155 GiB  102 MiB   0 B   84 MiB  1.8 TiB  7.70  1.00  168      up
284    hdd  1.97049   1.00000  2.0 TiB  155 GiB  113 MiB   0 B  112 MiB  1.8 TiB  7.70  1.00  201      up
285    hdd  1.97049   1.00000  2.0 TiB  155 GiB  111 MiB   0 B  103 MiB  1.8 TiB  7.70  1.00  188      up
286    hdd  1.97049   1.00000  2.0 TiB  155 GiB  108 MiB   0 B   99 MiB  1.8 TiB  7.70  1.00  183      up
287    hdd  1.97049   1.00000  2.0 TiB  155 GiB  105 MiB   0 B   92 MiB  1.8 TiB  7.70  1.00  175      up
  9    hdd  1.97049   1.00000  2.0 TiB  155 GiB  106 MiB   0 B   99 MiB  1.8 TiB  7.70  1.00  178      up
 17    hdd  1.97049   1.00000  2.0 TiB  155 GiB  109 MiB   0 B  109 MiB  1.8 TiB  7.70  1.00  190      up
 24    hdd  1.97049   1.00000  2.0 TiB  155 GiB  112 MiB   0 B  113 MiB  1.8 TiB  7.70  1.00  216      up
 34    hdd  1.97049   1.00000  2.0 TiB  155 GiB  104 MiB   0 B   92 MiB  1.8 TiB  7.70  1.00  176      up
 43    hdd  1.97049   1.00000  2.0 TiB  155 GiB  116 MiB   0 B  111 MiB  1.8 TiB  7.70  1.00  213      up
 53    hdd  1.97049   1.00000  2.0 TiB  155 GiB  111 MiB   0 B  105 MiB  1.8 TiB  7.70  1.00  206      up
 61    hdd  1.97049   1.00000  2.0 TiB  155 GiB  110 MiB   0 B  110 MiB  1.8 TiB  7.70  1.00  195      up
 71    hdd  1.97049   1.00000  2.0 TiB  155 GiB  105 MiB   0 B   93 MiB  1.8 TiB  7.70  1.00  172      up
 81    hdd  1.97049   1.00000  2.0 TiB  155 GiB  109 MiB   0 B  107 MiB  1.8 TiB  7.70  1.00  185      up
 92    hdd  1.97049   1.00000  2.0 TiB  155 GiB  108 MiB   0 B  102 MiB  1.8 TiB  7.70  1.00  185      up
102    hdd  1.97049   1.00000  2.0 TiB  155 GiB  104 MiB   0 B  184 MiB  1.8 TiB  7.70  1.00  170      up
112    hdd  1.97049   1.00000  2.0 TiB  155 GiB  108 MiB   0 B  103 MiB  1.8 TiB  7.70  1.00  176      up
122    hdd  1.97049   1.00000  2.0 TiB  155 GiB  108 MiB   0 B  104 MiB  1.8 TiB  7.70  1.00  179      up
132    hdd  1.97049   1.00000  2.0 TiB  155 GiB  111 MiB   0 B  105 MiB  1.8 TiB  7.70  1.00  215      up
142    hdd  1.97049   1.00000  2.0 TiB  155 GiB  110 MiB   0 B  180 MiB  1.8 TiB  7.70  1.00  193      up
151    hdd  1.97049   1.00000  2.0 TiB  155 GiB  107 MiB   0 B  102 MiB  1.8 TiB  7.70  1.00  187      up
161    hdd  1.97049   1.00000  2.0 TiB  155 GiB  110 MiB   0 B  180 MiB  1.8 TiB  7.70  1.00  198      up
171    hdd  1.97049   1.00000  2.0 TiB  155 GiB  108 MiB   0 B  102 MiB  1.8 TiB  7.70  1.00  176      up
181    hdd  1.97049   1.00000  2.0 TiB  155 GiB  104 MiB   0 B   94 MiB  1.8 TiB  7.70  1.00  163      up
191    hdd  1.97049   1.00000  2.0 TiB  155 GiB  107 MiB   0 B  103 MiB  1.8 TiB  7.70  1.00  187      up
201    hdd  1.97049   1.00000  2.0 TiB  155 GiB  103 MiB   0 B   92 MiB  1.8 TiB  7.70  1.00  170      up
211    hdd  1.97049   1.00000  2.0 TiB  155 GiB  113 MiB   0 B  103 MiB  1.8 TiB  7.70  1.00  208      up
221    hdd  1.97049   1.00000  2.0 TiB  155 GiB  109 MiB   0 B  108 MiB  1.8 TiB  7.70  1.00  183      up
231    hdd  1.97049   1.00000  2.0 TiB  155 GiB  112 MiB   0 B  180 MiB  1.8 TiB  7.70  1.00  195      up
  3    hdd  1.97049   1.00000  2.0 TiB  155 GiB  108 MiB   0 B  107 MiB  1.8 TiB  7.70  1.00  177      up
 13    hdd  1.97049   1.00000  2.0 TiB  155 GiB  106 MiB   0 B   96 MiB  1.8 TiB  7.70  1.00  175      up
 22    hdd  1.97049   1.00000  2.0 TiB  155 GiB  105 MiB   0 B  104 MiB  1.8 TiB  7.70  1.00  179      up
 31    hdd  1.97049   1.00000  2.0 TiB  155 GiB  107 MiB   0 B  102 MiB  1.8 TiB  7.70  1.00  181      up
 42    hdd  1.97049   1.00000  2.0 TiB  155 GiB  107 MiB   0 B   96 MiB  1.8 TiB  7.70  1.00  180      up
 51    hdd  1.97049   1.00000  2.0 TiB  155 GiB  113 MiB   0 B  102 MiB  1.8 TiB  7.70  1.00  204      up
 62    hdd  1.97049   1.00000  2.0 TiB  155 GiB  112 MiB   0 B  100 MiB  1.8 TiB  7.70  1.00  192      up
 72    hdd  1.97049   1.00000  2.0 TiB  155 GiB  109 MiB   0 B   97 MiB  1.8 TiB  7.70  1.00  198      up
 82    hdd  1.97049   1.00000  2.0 TiB  155 GiB  108 MiB   0 B  103 MiB  1.8 TiB  7.70  1.00  182      up
 91    hdd  1.97049   1.00000  2.0 TiB  155 GiB  110 MiB   0 B  109 MiB  1.8 TiB  7.70  1.00  185      up
101    hdd  1.97049   1.00000  2.0 TiB  155 GiB  107 MiB   0 B  108 MiB  1.8 TiB  7.70  1.00  188      up
111    hdd  1.97049   1.00000  2.0 TiB  155 GiB  112 MiB   0 B  101 MiB  1.8 TiB  7.70  1.00  197      up
121    hdd  1.97049   1.00000  2.0 TiB  155 GiB  107 MiB   0 B  108 MiB  1.8 TiB  7.70  1.00  184      up
131    hdd  1.97049   1.00000  2.0 TiB  155 GiB  107 MiB   0 B  101 MiB  1.8 TiB  7.70  1.00  187      up
141    hdd  1.97049   1.00000  2.0 TiB  155 GiB  104 MiB   0 B  178 MiB  1.8 TiB  7.70  1.00  184      up
152    hdd  1.97049   1.00000  2.0 TiB  155 GiB  110 MiB   0 B  110 MiB  1.8 TiB  7.70  1.00  196      up
162    hdd  1.97049   1.00000  2.0 TiB  155 GiB  109 MiB   0 B  109 MiB  1.8 TiB  7.70  1.00  185      up
172    hdd  1.97049   1.00000  2.0 TiB  155 GiB  103 MiB   0 B   96 MiB  1.8 TiB  7.70  1.00  157      up
182    hdd  1.97049   1.00000  2.0 TiB  155 GiB  104 MiB   0 B  172 MiB  1.8 TiB  7.70  1.00  164      up
192    hdd  1.97049   1.00000  2.0 TiB  155 GiB  111 MiB   0 B  191 MiB  1.8 TiB  7.70  1.00  199      up
202    hdd  1.97049   1.00000  2.0 TiB  155 GiB  110 MiB   0 B  108 MiB  1.8 TiB  7.70  1.00  189      up
212    hdd  1.97049   1.00000  2.0 TiB  155 GiB  107 MiB   0 B  101 MiB  1.8 TiB  7.70  1.00  178      up
222    hdd  1.97049   1.00000  2.0 TiB  155 GiB  102 MiB   0 B   86 MiB  1.8 TiB  7.70  1.00  161      up
232    hdd  1.97049   1.00000  2.0 TiB  155 GiB  107 MiB   0 B  101 MiB  1.8 TiB  7.70  1.00  180      up
  2    hdd  1.97049   1.00000  2.0 TiB  155 GiB  111 MiB   0 B  100 MiB  1.8 TiB  7.70  1.00  191      up
 11    hdd  1.97049   1.00000  2.0 TiB  155 GiB  106 MiB   0 B  101 MiB  1.8 TiB  7.70  1.00  177      up
 20    hdd  1.97049   1.00000  2.0 TiB  155 GiB  112 MiB   0 B  101 MiB  1.8 TiB  7.70  1.00  205      up
 32    hdd  1.97049   1.00000  2.0 TiB  155 GiB  107 MiB   0 B  106 MiB  1.8 TiB  7.70  1.00  183      up
 44    hdd  1.97049   1.00000  2.0 TiB  155 GiB  111 MiB   0 B  190 MiB  1.8 TiB  7.70  1.00  184      up
 54    hdd  1.97049   1.00000  2.0 TiB  155 GiB  106 MiB   0 B  101 MiB  1.8 TiB  7.70  1.00  176      up
 65    hdd  1.97049   1.00000  2.0 TiB  155 GiB  113 MiB   0 B  113 MiB  1.8 TiB  7.70  1.00  202      up
 74    hdd  1.97049   1.00000  2.0 TiB  155 GiB  106 MiB   0 B  100 MiB  1.8 TiB  7.70  1.00  191      up
 84    hdd  1.97049   1.00000  2.0 TiB  155 GiB  108 MiB   0 B  102 MiB  1.8 TiB  7.70  1.00  188      up
 94    hdd  1.97049   1.00000  2.0 TiB  155 GiB  112 MiB   0 B  101 MiB  1.8 TiB  7.70  1.00  214      up
104    hdd  1.97049   1.00000  2.0 TiB  155 GiB  110 MiB   0 B  110 MiB  1.8 TiB  7.70  1.00  197      up
114    hdd  1.97049   1.00000  2.0 TiB  155 GiB  110 MiB   0 B  110 MiB  1.8 TiB  7.70  1.00  191      up
124    hdd  1.97049   1.00000  2.0 TiB  155 GiB  102 MiB   0 B   91 MiB  1.8 TiB  7.70  1.00  164      up
134    hdd  1.97049   1.00000  2.0 TiB  155 GiB  112 MiB   0 B  102 MiB  1.8 TiB  7.70  1.00  203      up
144    hdd  1.97049   1.00000  2.0 TiB  155 GiB  112 MiB   0 B  101 MiB  1.8 TiB  7.70  1.00  205      up
154    hdd  1.97049   1.00000  2.0 TiB  155 GiB  109 MiB   0 B  109 MiB  1.8 TiB  7.70  1.00  194      up
164    hdd  1.97049   1.00000  2.0 TiB  155 GiB  105 MiB   0 B   94 MiB  1.8 TiB  7.70  1.00  165      up
174    hdd  1.97049   1.00000  2.0 TiB  155 GiB  106 MiB   0 B  101 MiB  1.8 TiB  7.70  1.00  186      up
184    hdd  1.97049   1.00000  2.0 TiB  155 GiB  104 MiB   0 B   93 MiB  1.8 TiB  7.70  1.00  172      up
194    hdd  1.97049   1.00000  2.0 TiB  155 GiB  114 MiB   0 B  103 MiB  1.8 TiB  7.70  1.00  200      up
204    hdd  1.97049   1.00000  2.0 TiB  155 GiB  110 MiB   0 B  110 MiB  1.8 TiB  7.70  1.00  180      up
214    hdd  1.97049   1.00000  2.0 TiB  155 GiB  106 MiB   0 B  100 MiB  1.8 TiB  7.70  1.00  181      up
224    hdd  1.97049   1.00000  2.0 TiB  155 GiB  107 MiB   0 B  181 MiB  1.8 TiB  7.70  1.00  190      up
234    hdd  1.97049   1.00000  2.0 TiB  155 GiB  109 MiB   0 B  109 MiB  1.8 TiB  7.70  1.00  200      up
  7    hdd  1.97049   1.00000  2.0 TiB  155 GiB  113 MiB   0 B  113 MiB  1.8 TiB  7.70  1.00  198      up
 14    hdd  1.97049   1.00000  2.0 TiB  155 GiB  105 MiB   0 B   99 MiB  1.8 TiB  7.70  1.00  181      up
 21    hdd  1.97049   1.00000  2.0 TiB  155 GiB  108 MiB   0 B  183 MiB  1.8 TiB  7.70  1.00  181      up
 30    hdd  1.97049   1.00000  2.0 TiB  155 GiB  109 MiB   0 B  104 MiB  1.8 TiB  7.70  1.00  191      up
 40    hdd  1.97049   1.00000  2.0 TiB  155 GiB  114 MiB   0 B  108 MiB  1.8 TiB  7.70  1.00  215      up
 50    hdd  1.97049   1.00000  2.0 TiB  155 GiB  109 MiB   0 B  110 MiB  1.8 TiB  7.70  1.00  187      up
 60    hdd  1.97049   1.00000  2.0 TiB  155 GiB  109 MiB   0 B  108 MiB  1.8 TiB  7.70  1.00  185      up
 70    hdd  1.97049   1.00000  2.0 TiB  155 GiB  106 MiB   0 B  104 MiB  1.8 TiB  7.70  1.00  177      up
 80    hdd  1.97049   1.00000  2.0 TiB  155 GiB  115 MiB   0 B  114 MiB  1.8 TiB  7.70  1.00  207      up
 90    hdd  1.97049   1.00000  2.0 TiB  155 GiB  113 MiB   0 B  106 MiB  1.8 TiB  7.70  1.00  206      up
100    hdd  1.97049   1.00000  2.0 TiB  155 GiB  105 MiB   0 B   99 MiB  1.8 TiB  7.70  1.00  167      up
110    hdd  1.97049   1.00000  2.0 TiB  155 GiB  109 MiB   0 B  110 MiB  1.8 TiB  7.70  1.00  195      up
120    hdd  1.97049   1.00000  2.0 TiB  155 GiB  103 MiB   0 B   92 MiB  1.8 TiB  7.70  1.00  171      up
130    hdd  1.97049   1.00000  2.0 TiB  155 GiB  111 MiB   0 B  112 MiB  1.8 TiB  7.70  1.00  198      up
140    hdd  1.97049   1.00000  2.0 TiB  155 GiB  109 MiB   0 B   99 MiB  1.8 TiB  7.70  1.00  200      up
150    hdd  1.97049   1.00000  2.0 TiB  155 GiB  107 MiB   0 B  102 MiB  1.8 TiB  7.70  1.00  185      up
160    hdd  1.97049   1.00000  2.0 TiB  155 GiB  109 MiB   0 B  109 MiB  1.8 TiB  7.70  1.00  193      up
170    hdd  1.97049   1.00000  2.0 TiB  155 GiB  108 MiB   0 B  107 MiB  1.8 TiB  7.70  1.00  187      up
180    hdd  1.97049   1.00000  2.0 TiB  155 GiB  105 MiB   0 B   99 MiB  1.8 TiB  7.70  1.00  180      up
190    hdd  1.97049   1.00000  2.0 TiB  155 GiB  107 MiB   0 B   96 MiB  1.8 TiB  7.70  1.00  174      up
200    hdd  1.97049   1.00000  2.0 TiB  155 GiB  104 MiB   0 B  166 MiB  1.8 TiB  7.70  1.00  173      up
210    hdd  1.97049   1.00000  2.0 TiB  155 GiB  112 MiB   0 B  112 MiB  1.8 TiB  7.70  1.00  197      up
220    hdd  1.97049   1.00000  2.0 TiB  155 GiB  110 MiB   0 B  110 MiB  1.8 TiB  7.70  1.00  198      up
230    hdd  1.97049   1.00000  2.0 TiB  155 GiB  106 MiB   0 B   99 MiB  1.8 TiB  7.70  1.00  174      up
  1    hdd  1.97049   1.00000  2.0 TiB  155 GiB  108 MiB   0 B  102 MiB  1.8 TiB  7.70  1.00  174      up
 12    hdd  1.97049   1.00000  2.0 TiB  155 GiB  111 MiB   0 B  111 MiB  1.8 TiB  7.70  1.00  195      up
 25    hdd  1.97049   1.00000  2.0 TiB  155 GiB  110 MiB   0 B  110 MiB  1.8 TiB  7.70  1.00  193      up
 33    hdd  1.97049   1.00000  2.0 TiB  155 GiB  108 MiB   0 B  103 MiB  1.8 TiB  7.70  1.00  194      up
 41    hdd  1.97049   1.00000  2.0 TiB  155 GiB  106 MiB   0 B  174 MiB  1.8 TiB  7.70  1.00  188      up
 52    hdd  1.97049   1.00000  2.0 TiB  155 GiB  106 MiB   0 B   95 MiB  1.8 TiB  7.70  1.00  168      up
 63    hdd  1.97049   1.00000  2.0 TiB  155 GiB  113 MiB   0 B  101 MiB  1.8 TiB  7.70  1.00  197      up
 73    hdd  1.97049   1.00000  2.0 TiB  155 GiB  107 MiB   0 B  102 MiB  1.8 TiB  7.70  1.00  171      up
 83    hdd  1.97049   1.00000  2.0 TiB  155 GiB  106 MiB   0 B   99 MiB  1.8 TiB  7.70  1.00  175      up
 93    hdd  1.97049   1.00000  2.0 TiB  155 GiB  107 MiB   0 B  101 MiB  1.8 TiB  7.70  1.00  195      up
103    hdd  1.97049   1.00000  2.0 TiB  155 GiB  108 MiB   0 B  108 MiB  1.8 TiB  7.70  1.00  199      up
113    hdd  1.97049   1.00000  2.0 TiB  155 GiB  108 MiB   0 B  178 MiB  1.8 TiB  7.70  1.00  180      up
123    hdd  1.97049   1.00000  2.0 TiB  155 GiB  111 MiB   0 B  111 MiB  1.8 TiB  7.70  1.00  192      up
133    hdd  1.97049   1.00000  2.0 TiB  155 GiB  109 MiB   0 B  109 MiB  1.8 TiB  7.70  1.00  187      up
143    hdd  1.97049   1.00000  2.0 TiB  155 GiB  113 MiB   0 B  103 MiB  1.8 TiB  7.70  1.00  204      up
153    hdd  1.97049   1.00000  2.0 TiB  155 GiB  107 MiB   0 B  101 MiB  1.8 TiB  7.70  1.00  186      up
163    hdd  1.97049   1.00000  2.0 TiB  155 GiB  105 MiB   0 B   95 MiB  1.8 TiB  7.70  1.00  171      up
173    hdd  1.97049   1.00000  2.0 TiB  155 GiB  108 MiB   0 B  103 MiB  1.8 TiB  7.70  1.00  176      up
183    hdd  1.97049   1.00000  2.0 TiB  155 GiB  109 MiB   0 B  110 MiB  1.8 TiB  7.70  1.00  187      up
193    hdd  1.97049   1.00000  2.0 TiB  155 GiB  109 MiB   0 B  110 MiB  1.8 TiB  7.70  1.00  200      up
203    hdd  1.97049   1.00000  2.0 TiB  155 GiB  111 MiB   0 B  100 MiB  1.8 TiB  7.70  1.00  196      up
213    hdd  1.97049   1.00000  2.0 TiB  155 GiB  105 MiB   0 B   99 MiB  1.8 TiB  7.70  1.00  178      up
223    hdd  1.97049   1.00000  2.0 TiB  155 GiB  108 MiB   0 B  103 MiB  1.8 TiB  7.70  1.00  180      up
233    hdd  1.97049   1.00000  2.0 TiB  155 GiB  108 MiB   0 B  102 MiB  1.8 TiB  7.70  1.00  190      up
240    hdd  1.97049   1.00000  2.0 TiB  155 GiB  104 MiB   0 B   96 MiB  1.8 TiB  7.70  1.00  166      up
241    hdd  1.97049   1.00000  2.0 TiB  155 GiB  106 MiB   0 B   98 MiB  1.8 TiB  7.70  1.00  191      up
242    hdd  1.97049   1.00000  2.0 TiB  155 GiB  109 MiB   0 B  107 MiB  1.8 TiB  7.70  1.00  180      up
243    hdd  1.97049   1.00000  2.0 TiB  155 GiB  113 MiB   0 B  192 MiB  1.8 TiB  7.70  1.00  199      up
244    hdd  1.97049   1.00000  2.0 TiB  155 GiB  114 MiB   0 B  108 MiB  1.8 TiB  7.70  1.00  210      up
245    hdd  1.97049   1.00000  2.0 TiB  155 GiB  113 MiB   0 B  111 MiB  1.8 TiB  7.70  1.00  186      up
246    hdd  1.97049   1.00000  2.0 TiB  155 GiB  109 MiB   0 B  188 MiB  1.8 TiB  7.70  1.00  183      up
247    hdd  1.97049   1.00000  2.0 TiB  155 GiB  108 MiB   0 B  102 MiB  1.8 TiB  7.70  1.00  189      up
248    hdd  1.97049   1.00000  2.0 TiB  155 GiB  106 MiB   0 B   98 MiB  1.8 TiB  7.70  1.00  171      up
249    hdd  1.97049   1.00000  2.0 TiB  155 GiB  110 MiB   0 B  109 MiB  1.8 TiB  7.70  1.00  209      up
250    hdd  1.97049   1.00000  2.0 TiB  155 GiB  107 MiB   0 B  104 MiB  1.8 TiB  7.70  1.00  169      up
251    hdd  1.97049   1.00000  2.0 TiB  155 GiB  105 MiB   0 B   99 MiB  1.8 TiB  7.70  1.00  176      up
252    hdd  1.97049   1.00000  2.0 TiB  155 GiB  108 MiB   0 B  102 MiB  1.8 TiB  7.70  1.00  179      up
253    hdd  1.97049   1.00000  2.0 TiB  155 GiB  106 MiB   0 B   99 MiB  1.8 TiB  7.70  1.00  175      up
254    hdd  1.97049   1.00000  2.0 TiB  155 GiB  110 MiB   0 B  109 MiB  1.8 TiB  7.70  1.00  199      up
255    hdd  1.97049   1.00000  2.0 TiB  155 GiB  112 MiB   0 B  100 MiB  1.8 TiB  7.70  1.00  203      up
256    hdd  1.97049   1.00000  2.0 TiB  155 GiB  103 MiB   0 B  164 MiB  1.8 TiB  7.70  1.00  167      up
257    hdd  1.97049   1.00000  2.0 TiB  155 GiB  106 MiB   0 B   94 MiB  1.8 TiB  7.70  1.00  167      up
258    hdd  1.97049   1.00000  2.0 TiB  155 GiB  103 MiB   0 B   85 MiB  1.8 TiB  7.70  1.00  169      up
259    hdd  1.97049   1.00000  2.0 TiB  155 GiB  105 MiB   0 B   93 MiB  1.8 TiB  7.70  1.00  176      up
260    hdd  1.97049   1.00000  2.0 TiB  155 GiB  108 MiB   0 B  102 MiB  1.8 TiB  7.70  1.00  193      up
261    hdd  1.97049   1.00000  2.0 TiB  155 GiB  103 MiB   0 B   90 MiB  1.8 TiB  7.70  1.00  171      up
262    hdd  1.97049   1.00000  2.0 TiB  155 GiB  114 MiB   0 B  102 MiB  1.8 TiB  7.70  1.00  198      up
263    hdd  1.97049   1.00000  2.0 TiB  155 GiB  117 MiB   0 B  111 MiB  1.8 TiB  7.70  1.00  202      up
  8    hdd  1.97049   1.00000  2.0 TiB  155 GiB  115 MiB   0 B  109 MiB  1.8 TiB  7.70  1.00  207      up
 18    hdd  1.97049   1.00000  2.0 TiB  155 GiB  105 MiB   0 B   94 MiB  1.8 TiB  7.70  1.00  166      up
 28    hdd  1.97049   1.00000  2.0 TiB  155 GiB  110 MiB   0 B  184 MiB  1.8 TiB  7.70  1.00  199      up
 38    hdd  1.97049   1.00000  2.0 TiB  155 GiB  108 MiB   0 B  103 MiB  1.8 TiB  7.70  1.00  194      up
 47    hdd  1.97049   1.00000  2.0 TiB  155 GiB  107 MiB   0 B  185 MiB  1.8 TiB  7.70  1.00  194      up
 57    hdd  1.97049   1.00000  2.0 TiB  155 GiB  111 MiB   0 B  110 MiB  1.8 TiB  7.70  1.00  202      up
 68    hdd  1.97049   1.00000  2.0 TiB  155 GiB  107 MiB   0 B  107 MiB  1.8 TiB  7.70  1.00  185      up
 79    hdd  1.97049   1.00000  2.0 TiB  155 GiB  113 MiB   0 B  102 MiB  1.8 TiB  7.70  1.00  207      up
 89    hdd  1.97049   1.00000  2.0 TiB  155 GiB  115 MiB   0 B  195 MiB  1.8 TiB  7.70  1.00  204      up
 99    hdd  1.97049   1.00000  2.0 TiB  155 GiB  104 MiB   0 B   92 MiB  1.8 TiB  7.70  1.00  170      up
109    hdd  1.97049   1.00000  2.0 TiB  155 GiB  110 MiB   0 B  111 MiB  1.8 TiB  7.70  1.00  199      up
118    hdd  1.97049   1.00000  2.0 TiB  155 GiB  113 MiB   0 B  103 MiB  1.8 TiB  7.70  1.00  207      up
128    hdd  1.97049   1.00000  2.0 TiB  155 GiB  107 MiB   0 B  103 MiB  1.8 TiB  7.70  1.00  184      up
138    hdd  1.97049   1.00000  2.0 TiB  155 GiB  108 MiB   0 B  103 MiB  1.8 TiB  7.70  1.00  181      up
148    hdd  1.97049   1.00000  2.0 TiB  155 GiB  107 MiB   0 B  102 MiB  1.8 TiB  7.70  1.00  185      up
158    hdd  1.97049   1.00000  2.0 TiB  155 GiB  107 MiB   0 B  182 MiB  1.8 TiB  7.70  1.00  193      up
168    hdd  1.97049   1.00000  2.0 TiB  155 GiB  103 MiB   0 B   97 MiB  1.8 TiB  7.70  1.00  173      up
178    hdd  1.97049   1.00000  2.0 TiB  155 GiB  109 MiB   0 B  109 MiB  1.8 TiB  7.70  1.00  192      up
188    hdd  1.97049   1.00000  2.0 TiB  155 GiB  107 MiB   0 B  102 MiB  1.8 TiB  7.70  1.00  178      up
198    hdd  1.97049   1.00000  2.0 TiB  155 GiB  108 MiB   0 B  103 MiB  1.8 TiB  7.70  1.00  180      up
208    hdd  1.97049   1.00000  2.0 TiB  155 GiB  108 MiB   0 B  102 MiB  1.8 TiB  7.70  1.00  174      up
218    hdd  1.97049   1.00000  2.0 TiB  155 GiB  111 MiB   0 B  100 MiB  1.8 TiB  7.70  1.00  189      up
228    hdd  1.97049   1.00000  2.0 TiB  155 GiB  108 MiB   0 B  103 MiB  1.8 TiB  7.70  1.00  188      up
238    hdd  1.97049   1.00000  2.0 TiB  155 GiB  109 MiB   0 B  108 MiB  1.8 TiB  7.70  1.00  188      up
  4    hdd  1.97049   1.00000  2.0 TiB  155 GiB  110 MiB   0 B  104 MiB  1.8 TiB  7.70  1.00  183      up
 15    hdd  1.97049   1.00000  2.0 TiB  155 GiB  111 MiB   0 B  112 MiB  1.8 TiB  7.70  1.00  203      up
 26    hdd  1.97049   1.00000  2.0 TiB  155 GiB  105 MiB   0 B   94 MiB  1.8 TiB  7.70  1.00  175      up
 36    hdd  1.97049   1.00000  2.0 TiB  155 GiB  110 MiB   0 B  109 MiB  1.8 TiB  7.70  1.00  190      up
 49    hdd  1.97049   1.00000  2.0 TiB  155 GiB  106 MiB   0 B   95 MiB  1.8 TiB  7.70  1.00  186      up
 58    hdd  1.97049   1.00000  2.0 TiB  155 GiB  113 MiB   0 B  114 MiB  1.8 TiB  7.70  1.00  209      up
 67    hdd  1.97049   1.00000  2.0 TiB  155 GiB  103 MiB   0 B   91 MiB  1.8 TiB  7.70  1.00  186      up
 77    hdd  1.97049   1.00000  2.0 TiB  155 GiB  108 MiB   0 B  101 MiB  1.8 TiB  7.70  1.00  174      up
 87    hdd  1.97049   1.00000  2.0 TiB  155 GiB  107 MiB   0 B  101 MiB  1.8 TiB  7.70  1.00  185      up
 98    hdd  1.97049   1.00000  2.0 TiB  155 GiB  111 MiB   0 B  110 MiB  1.8 TiB  7.70  1.00  189      up
108    hdd  1.97049   1.00000  2.0 TiB  155 GiB  105 MiB   0 B   95 MiB  1.8 TiB  7.70  1.00  178      up
119    hdd  1.97049   1.00000  2.0 TiB  155 GiB  109 MiB   0 B  109 MiB  1.8 TiB  7.70  1.00  198      up
129    hdd  1.97049   1.00000  2.0 TiB  155 GiB  109 MiB   0 B  109 MiB  1.8 TiB  7.70  1.00  199      up
139    hdd  1.97049   1.00000  2.0 TiB  155 GiB  106 MiB   0 B  100 MiB  1.8 TiB  7.70  1.00  171      up
149    hdd  1.97049   1.00000  2.0 TiB  155 GiB  114 MiB   0 B  103 MiB  1.8 TiB  7.70  1.00  203      up
159    hdd  1.97049   1.00000  2.0 TiB  155 GiB  108 MiB   0 B  103 MiB  1.8 TiB  7.70  1.00  175      up
169    hdd  1.97049   1.00000  2.0 TiB  155 GiB  111 MiB   0 B  111 MiB  1.8 TiB  7.70  1.00  193      up
179    hdd  1.97049   1.00000  2.0 TiB  155 GiB  110 MiB   0 B  111 MiB  1.8 TiB  7.70  1.00  196      up
189    hdd  1.97049   1.00000  2.0 TiB  155 GiB  109 MiB   0 B  104 MiB  1.8 TiB  7.70  1.00  188      up
199    hdd  1.97049   1.00000  2.0 TiB  155 GiB  109 MiB   0 B  110 MiB  1.8 TiB  7.70  1.00  190      up
209    hdd  1.97049   1.00000  2.0 TiB  155 GiB  113 MiB   0 B  103 MiB  1.8 TiB  7.70  1.00  207      up
219    hdd  1.97049   1.00000  2.0 TiB  155 GiB  107 MiB   0 B  106 MiB  1.8 TiB  7.70  1.00  194      up
229    hdd  1.97049   1.00000  2.0 TiB  155 GiB  111 MiB   0 B  112 MiB  1.8 TiB  7.70  1.00  198      up
239    hdd  1.97049   1.00000  2.0 TiB  155 GiB  106 MiB   0 B  175 MiB  1.8 TiB  7.70  1.00  181      up
  6    hdd  1.97049   1.00000  2.0 TiB  155 GiB  102 MiB   0 B   85 MiB  1.8 TiB  7.70  1.00  165      up
 19    hdd  1.97049   1.00000  2.0 TiB  155 GiB  110 MiB   0 B  110 MiB  1.8 TiB  7.70  1.00  195      up
 29    hdd  1.97049   1.00000  2.0 TiB  155 GiB  113 MiB   0 B  107 MiB  1.8 TiB  7.70  1.00  206      up
 39    hdd  1.97049   1.00000  2.0 TiB  155 GiB  110 MiB   0 B   99 MiB  1.8 TiB  7.70  1.00  198      up
 48    hdd  1.97049   1.00000  2.0 TiB  155 GiB  106 MiB   0 B  180 MiB  1.8 TiB  7.70  1.00  178      up
 59    hdd  1.97049   1.00000  2.0 TiB  155 GiB  108 MiB   0 B  103 MiB  1.8 TiB  7.70  1.00  188      up
 69    hdd  1.97049   1.00000  2.0 TiB  155 GiB  104 MiB   0 B   93 MiB  1.8 TiB  7.70  1.00  165      up
 78    hdd  1.97049   1.00000  2.0 TiB  155 GiB  112 MiB   0 B  112 MiB  1.8 TiB  7.70  1.00  201      up
 88    hdd  1.97049   1.00000  2.0 TiB  155 GiB  109 MiB   0 B  187 MiB  1.8 TiB  7.70  1.00  202      up
 97    hdd  1.97049   1.00000  2.0 TiB  155 GiB  118 MiB   0 B  111 MiB  1.8 TiB  7.70  1.00  212      up
106    hdd  1.97049   1.00000  2.0 TiB  155 GiB  108 MiB   0 B  108 MiB  1.8 TiB  7.70  1.00  195      up
116    hdd  1.97049   1.00000  2.0 TiB  155 GiB  109 MiB   0 B  109 MiB  1.8 TiB  7.70  1.00  195      up
126    hdd  1.97049   1.00000  2.0 TiB  155 GiB  107 MiB   0 B  102 MiB  1.8 TiB  7.70  1.00  179      up
136    hdd  1.97049   1.00000  2.0 TiB  155 GiB   99 MiB   0 B   94 MiB  1.8 TiB  7.70  1.00  150      up
146    hdd  1.97049   1.00000  2.0 TiB  155 GiB  109 MiB   0 B  109 MiB  1.8 TiB  7.70  1.00  195      up
156    hdd  1.97049   1.00000  2.0 TiB  155 GiB  110 MiB   0 B  110 MiB  1.8 TiB  7.70  1.00  197      up
166    hdd  1.97049   1.00000  2.0 TiB  155 GiB  107 MiB   0 B  101 MiB  1.8 TiB  7.70  1.00  175      up
176    hdd  1.97049   1.00000  2.0 TiB  155 GiB  109 MiB   0 B  103 MiB  1.8 TiB  7.70  1.00  183      up
186    hdd  1.97049   1.00000  2.0 TiB  155 GiB  110 MiB   0 B  111 MiB  1.8 TiB  7.70  1.00  203      up
196    hdd  1.97049   1.00000  2.0 TiB  155 GiB  104 MiB   0 B   99 MiB  1.8 TiB  7.70  1.00  166      up
206    hdd  1.97049   1.00000  2.0 TiB  155 GiB  110 MiB   0 B  100 MiB  1.8 TiB  7.70  1.00  195      up
216    hdd  1.97049   1.00000  2.0 TiB  155 GiB  111 MiB   0 B  110 MiB  1.8 TiB  7.70  1.00  188      up
226    hdd  1.97049   1.00000  2.0 TiB  155 GiB  113 MiB   0 B  102 MiB  1.8 TiB  7.70  1.00  198      up
236    hdd  1.97049   1.00000  2.0 TiB  155 GiB  111 MiB   0 B  110 MiB  1.8 TiB  7.70  1.00  193      up
  0    hdd  1.97049   1.00000  2.0 TiB  155 GiB  104 MiB   0 B   99 MiB  1.8 TiB  7.70  1.00  174      up
 10    hdd  1.97049   1.00000  2.0 TiB  155 GiB  109 MiB   0 B  109 MiB  1.8 TiB  7.70  1.00  189      up
 23    hdd  1.97049   1.00000  2.0 TiB  155 GiB  109 MiB   0 B  109 MiB  1.8 TiB  7.70  1.00  188      up
 35    hdd  1.97049   1.00000  2.0 TiB  155 GiB  100 MiB   0 B   89 MiB  1.8 TiB  7.70  1.00  166      up
 45    hdd  1.97049   1.00000  2.0 TiB  155 GiB  112 MiB   0 B  102 MiB  1.8 TiB  7.70  1.00  210      up
 55    hdd  1.97049   1.00000  2.0 TiB  155 GiB  106 MiB   0 B  184 MiB  1.8 TiB  7.70  1.00  179      up
 64    hdd  1.97049   1.00000  2.0 TiB  155 GiB  107 MiB   0 B  254 MiB  1.8 TiB  7.70  1.00  183      up
 75    hdd  1.97049   1.00000  2.0 TiB  155 GiB  106 MiB   0 B  101 MiB  1.8 TiB  7.70  1.00  176      up
 85    hdd  1.97049   1.00000  2.0 TiB  155 GiB  107 MiB   0 B  105 MiB  1.8 TiB  7.70  1.00  177      up
 95    hdd  1.97049   1.00000  2.0 TiB  155 GiB  113 MiB   0 B  102 MiB  1.8 TiB  7.70  1.00  192      up
105    hdd  1.97049   1.00000  2.0 TiB  155 GiB  110 MiB   0 B  111 MiB  1.8 TiB  7.70  1.00  195      up
115    hdd  1.97049   1.00000  2.0 TiB  155 GiB  108 MiB   0 B  104 MiB  1.8 TiB  7.70  1.00  184      up
125    hdd  1.97049   1.00000  2.0 TiB  155 GiB  114 MiB   0 B  189 MiB  1.8 TiB  7.70  1.00  208      up
135    hdd  1.97049   1.00000  2.0 TiB  155 GiB  104 MiB   0 B   93 MiB  1.8 TiB  7.70  1.00  164      up
145    hdd  1.97049   1.00000  2.0 TiB  155 GiB  107 MiB   0 B  101 MiB  1.8 TiB  7.70  1.00  171      up
155    hdd  1.97049   1.00000  2.0 TiB  155 GiB  105 MiB   0 B   99 MiB  1.8 TiB  7.70  1.00  172      up
165    hdd  1.97049   1.00000  2.0 TiB  155 GiB  109 MiB   0 B  109 MiB  1.8 TiB  7.70  1.00  177      up
175    hdd  1.97049   1.00000  2.0 TiB  155 GiB  107 MiB   0 B  187 MiB  1.8 TiB  7.70  1.00  176      up
185    hdd  1.97049   1.00000  2.0 TiB  155 GiB  111 MiB   0 B  181 MiB  1.8 TiB  7.70  1.00  203      up
195    hdd  1.97049   1.00000  2.0 TiB  155 GiB  109 MiB   0 B  110 MiB  1.8 TiB  7.70  1.00  197      up
205    hdd  1.97049   1.00000  2.0 TiB  155 GiB  112 MiB   0 B  101 MiB  1.8 TiB  7.70  1.00  204      up
215    hdd  1.97049   1.00000  2.0 TiB  155 GiB  108 MiB   0 B  103 MiB  1.8 TiB  7.70  1.00  188      up
225    hdd  1.97049   1.00000  2.0 TiB  155 GiB  107 MiB   0 B  180 MiB  1.8 TiB  7.70  1.00  166      up
235    hdd  1.97049   1.00000  2.0 TiB  155 GiB  107 MiB   0 B  180 MiB  1.8 TiB  7.70  1.00  189      up
  5    hdd  1.97049   1.00000  2.0 TiB  155 GiB  108 MiB   0 B  101 MiB  1.8 TiB  7.70  1.00  180      up
 16    hdd  1.97049   1.00000  2.0 TiB  155 GiB  113 MiB   0 B  104 MiB  1.8 TiB  7.70  1.00  202      up
 27    hdd  1.97049   1.00000  2.0 TiB  155 GiB  108 MiB   0 B  103 MiB  1.8 TiB  7.70  1.00  173      up
 37    hdd  1.97049   1.00000  2.0 TiB  155 GiB  109 MiB   0 B  103 MiB  1.8 TiB  7.70  1.00  188      up
 46    hdd  1.97049   1.00000  2.0 TiB  155 GiB  105 MiB   0 B   94 MiB  1.8 TiB  7.70  1.00  173      up
 56    hdd  1.97049   1.00000  2.0 TiB  155 GiB  105 MiB   0 B   94 MiB  1.8 TiB  7.70  1.00  173      up
 66    hdd  1.97049   1.00000  2.0 TiB  155 GiB  103 MiB   0 B   96 MiB  1.8 TiB  7.70  1.00  160      up
 76    hdd  1.97049   1.00000  2.0 TiB  155 GiB  107 MiB   0 B  101 MiB  1.8 TiB  7.70  1.00  184      up
 86    hdd  1.97049   1.00000  2.0 TiB  155 GiB  113 MiB   0 B  102 MiB  1.8 TiB  7.70  1.00  196      up
 96    hdd  1.97049   1.00000  2.0 TiB  155 GiB   98 MiB   0 B   92 MiB  1.8 TiB  7.70  1.00  159      up
107    hdd  1.97049   1.00000  2.0 TiB  155 GiB  107 MiB   0 B  177 MiB  1.8 TiB  7.70  1.00  186      up
117    hdd  1.97049   1.00000  2.0 TiB  155 GiB  104 MiB   0 B   98 MiB  1.8 TiB  7.70  1.00  166      up
127    hdd  1.97049   1.00000  2.0 TiB  155 GiB  109 MiB   0 B  109 MiB  1.8 TiB  7.70  1.00  197      up
137    hdd  1.97049   1.00000  2.0 TiB  155 GiB  114 MiB   0 B  105 MiB  1.8 TiB  7.70  1.00  211      up
147    hdd  1.97049   1.00000  2.0 TiB  155 GiB  107 MiB   0 B  101 MiB  1.8 TiB  7.70  1.00  186      up
157    hdd  1.97049   1.00000  2.0 TiB  155 GiB  113 MiB   0 B  103 MiB  1.8 TiB  7.70  1.00  204      up
167    hdd  1.97049   1.00000  2.0 TiB  155 GiB  104 MiB   0 B   94 MiB  1.8 TiB  7.70  1.00  174      up
177    hdd  1.97049   1.00000  2.0 TiB  155 GiB  107 MiB   0 B  101 MiB  1.8 TiB  7.70  1.00  170      up
187    hdd  1.97049   1.00000  2.0 TiB  155 GiB  108 MiB   0 B  103 MiB  1.8 TiB  7.70  1.00  178      up
197    hdd  1.97049   1.00000  2.0 TiB  155 GiB  112 MiB   0 B  112 MiB  1.8 TiB  7.70  1.00  186      up
207    hdd  1.97049   1.00000  2.0 TiB  155 GiB  111 MiB   0 B  113 MiB  1.8 TiB  7.70  1.00  191      up
217    hdd  1.97049   1.00000  2.0 TiB  155 GiB  108 MiB   0 B  103 MiB  1.8 TiB  7.70  1.00  188      up
227    hdd  1.97049   1.00000  2.0 TiB  155 GiB  111 MiB   0 B  100 MiB  1.8 TiB  7.70  1.00  189      up
237    hdd  1.97049   1.00000  2.0 TiB  155 GiB  107 MiB   0 B  101 MiB  1.8 TiB  7.70  1.00  175      up
                        TOTAL  567 TiB   44 TiB   30 GiB   0 B   31 GiB  524 TiB  7.70                   
MIN/MAX VAR: 1.00/1.00  STDDEV: 0
2022/02/25-12:19:40: \n osd_memory_targets: osd.1: 4294967296
osd.2: 4294967296
osd.3: 4294967296
osd.4: 4294967296
osd.5: 4294967296
osd.6: 4294967296
osd.7: 4294967296
osd.8: 4294967296
osd.9: 4294967296
osd.10: 4294967296
osd.11: 4294967296
osd.12: 4294967296
osd.13: 4294967296
osd.14: 4294967296
osd.15: 4294967296
osd.16: 4294967296
osd.17: 4294967296
osd.18: 4294967296
osd.19: 4294967296
osd.20: 4294967296
osd.21: 4294967296
osd.22: 4294967296
osd.23: 4294967296
osd.24: 4294967296
osd.25: 4294967296
osd.26: 4294967296
osd.27: 4294967296
osd.28: 4294967296
osd.29: 4294967296
osd.30: 4294967296
osd.31: 4294967296
osd.32: 4294967296
osd.33: 4294967296
osd.34: 4294967296
osd.35: 4294967296
osd.36: 4294967296
osd.37: 4294967296
osd.38: 4294967296
osd.39: 4294967296
osd.40: 4294967296
osd.41: 4294967296
osd.42: 4294967296
osd.43: 4294967296
osd.44: 4294967296
osd.45: 4294967296
osd.46: 4294967296
osd.47: 4294967296
osd.48: 4294967296
osd.49: 4294967296
osd.50: 4294967296
osd.51: 4294967296
osd.52: 4294967296
osd.53: 4294967296
osd.54: 4294967296
osd.55: 4294967296
osd.56: 4294967296
osd.57: 4294967296
osd.58: 4294967296
osd.59: 4294967296
osd.60: 4294967296
osd.61: 4294967296
osd.62: 4294967296
osd.63: 4294967296
osd.64: 4294967296
osd.65: 4294967296
osd.66: 4294967296
osd.67: 4294967296
osd.68: 4294967296
osd.69: 4294967296
osd.70: 4294967296
osd.71: 4294967296
osd.72: 4294967296
osd.73: 4294967296
osd.74: 4294967296
osd.75: 4294967296
osd.76: 4294967296
osd.77: 4294967296
osd.78: 4294967296
osd.79: 4294967296
osd.80: 4294967296
osd.81: 4294967296
osd.82: 4294967296
osd.83: 4294967296
osd.84: 4294967296
osd.85: 4294967296
osd.86: 4294967296
osd.87: 4294967296
osd.88: 4294967296
osd.89: 4294967296
osd.90: 4294967296
osd.91: 4294967296
osd.92: 4294967296
osd.93: 4294967296
osd.94: 4294967296
osd.95: 4294967296
osd.96: 4294967296
osd.97: 4294967296
osd.98: 4294967296
osd.99: 4294967296
osd.100: 4294967296
osd.101: 4294967296
osd.102: 4294967296
osd.103: 4294967296
osd.104: 4294967296
osd.105: 4294967296
osd.106: 4294967296
osd.107: 4294967296
osd.108: 4294967296
osd.109: 4294967296
osd.110: 4294967296
osd.111: 4294967296
osd.112: 4294967296
osd.113: 4294967296
osd.114: 4294967296
osd.115: 4294967296
osd.116: 4294967296
osd.117: 4294967296
osd.118: 4294967296
osd.119: 4294967296
osd.120: 4294967296
osd.121: 4294967296
osd.122: 4294967296
osd.123: 4294967296
osd.124: 4294967296
osd.125: 4294967296
osd.126: 4294967296
osd.127: 4294967296
osd.128: 4294967296
osd.129: 4294967296
osd.130: 4294967296
osd.131: 4294967296
osd.132: 4294967296
osd.133: 4294967296
osd.134: 4294967296
osd.135: 4294967296
osd.136: 4294967296
osd.137: 4294967296
osd.138: 4294967296
osd.139: 4294967296
osd.140: 4294967296
osd.141: 4294967296
osd.142: 4294967296
osd.143: 4294967296
osd.144: 4294967296
osd.145: 4294967296
osd.146: 4294967296
osd.147: 4294967296
osd.148: 4294967296
osd.149: 4294967296
osd.150: 4294967296
osd.151: 4294967296
osd.152: 4294967296
osd.153: 4294967296
osd.154: 4294967296
osd.155: 4294967296
osd.156: 4294967296
osd.157: 4294967296
osd.158: 4294967296
osd.159: 4294967296
osd.160: 4294967296
osd.161: 4294967296
osd.162: 4294967296
osd.163: 4294967296
osd.164: 4294967296
osd.165: 4294967296
osd.166: 4294967296
osd.167: 4294967296
osd.168: 4294967296
osd.169: 4294967296
osd.170: 4294967296
osd.171: 4294967296
osd.172: 4294967296
osd.173: 4294967296
osd.174: 4294967296
osd.175: 4294967296
osd.176: 4294967296
osd.177: 4294967296
osd.178: 4294967296
osd.179: 4294967296
osd.180: 4294967296
osd.181: 4294967296
osd.182: 4294967296
osd.183: 4294967296
osd.184: 4294967296
osd.185: 4294967296
osd.186: 4294967296
osd.187: 4294967296
osd.188: 4294967296
osd.189: 4294967296
osd.190: 4294967296
osd.191: 4294967296
osd.192: 4294967296
osd.193: 4294967296
osd.194: 4294967296
osd.195: 4294967296
osd.196: 4294967296
osd.197: 4294967296
osd.198: 4294967296
osd.199: 4294967296
osd.200: 4294967296
osd.201: 4294967296
osd.202: 4294967296
osd.203: 4294967296
osd.204: 4294967296
osd.205: 4294967296
osd.206: 4294967296
osd.207: 4294967296
osd.208: 4294967296
osd.209: 4294967296
osd.210: 4294967296
osd.211: 4294967296
osd.212: 4294967296
osd.213: 4294967296
osd.214: 4294967296
osd.215: 4294967296
osd.216: 4294967296
osd.217: 4294967296
osd.218: 4294967296
osd.219: 4294967296
osd.220: 4294967296
osd.221: 4294967296
osd.222: 4294967296
osd.223: 4294967296
osd.224: 4294967296
osd.225: 4294967296
osd.226: 4294967296
osd.227: 4294967296
osd.228: 4294967296
osd.229: 4294967296
osd.230: 4294967296
osd.231: 4294967296
osd.232: 4294967296
osd.233: 4294967296
osd.234: 4294967296
osd.235: 4294967296
osd.236: 4294967296
osd.237: 4294967296
osd.238: 4294967296
osd.239: 4294967296
osd.240: 4294967296
osd.241: 4294967296
osd.242: 4294967296
osd.243: 4294967296
osd.244: 4294967296
osd.245: 4294967296
osd.246: 4294967296
osd.247: 4294967296
osd.248: 4294967296
osd.249: 4294967296
osd.250: 4294967296
osd.251: 4294967296
osd.252: 4294967296
osd.253: 4294967296
osd.254: 4294967296
osd.255: 4294967296
osd.256: 4294967296
osd.257: 4294967296
osd.258: 4294967296
osd.259: 4294967296
osd.260: 4294967296
osd.261: 4294967296
osd.262: 4294967296
osd.263: 4294967296
osd.264: 4294967296
osd.265: 4294967296
osd.266: 4294967296
osd.267: 4294967296
osd.268: 4294967296
osd.269: 4294967296
osd.270: 4294967296
osd.271: 4294967296
osd.272: 4294967296
osd.273: 4294967296
osd.274: 4294967296
osd.275: 4294967296
osd.276: 4294967296
osd.277: 4294967296
osd.278: 4294967296
osd.279: 4294967296
osd.280: 4294967296
osd.281: 4294967296
osd.282: 4294967296
osd.283: 4294967296
osd.284: 4294967296
osd.285: 4294967296
osd.286: 4294967296
osd.287: 4294967296
osd.288: 4294967296

PG Autoscale:
POOL                         SIZE  TARGET SIZE  RATE  RAW CAPACITY   RATIO  TARGET RATIO  EFFECTIVE RATIO  BIAS  PG_NUM  NEW PG_NUM  AUTOSCALE  
device_health_metrics          0                 3.0        567.4T  0.0000                                  1.0       1              on         
default.rgw.control            0                 3.0        567.4T  0.0000                                  1.0     256              on         
default.rgw.buckets.data   31085M                1.5        567.4T  0.0001                                  1.0    8192              on         
default.rgw.buckets.index      0                 3.0        567.4T  0.0000                                  1.0     512              on         
default.rgw.log             3702                 3.0        567.4T  0.0000                                  1.0     256              on         
default.rgw.meta            3327                 3.0        567.4T  0.0000                                  1.0     256              on         
.rgw.root                   1323                 3.0        567.4T  0.0000                                  1.0     256              on         

RGW netstat & qlen/qactive ...
f10-h01-000-6049p.rdu2.scalelab.redhat.com
Proto Recv-Q Send-Q Local Address           Foreign Address         State       PID/Program name    
tcp        0      0 172.17.36.220:8080      0.0.0.0:*               LISTEN      3454627/radosgw     
        "qlen": 213,
        "qactive": 213,
f10-h05-000-6049p.rdu2.scalelab.redhat.com
Proto Recv-Q Send-Q Local Address           Foreign Address         State       PID/Program name    
tcp        0      0 172.17.36.178:8080      0.0.0.0:*               LISTEN      3813589/radosgw     
        "qlen": 124,
        "qactive": 124,
f10-h09-000-6049p.rdu2.scalelab.redhat.com
Proto Recv-Q Send-Q Local Address           Foreign Address         State       PID/Program name    
tcp        0      0 172.17.39.213:8080      0.0.0.0:*               LISTEN      3842892/radosgw     
        "qlen": 111,
        "qactive": 111,
f10-h13-000-6049p.rdu2.scalelab.redhat.com
Proto Recv-Q Send-Q Local Address           Foreign Address         State       PID/Program name    
tcp        0      0 172.17.39.109:8080      0.0.0.0:*               LISTEN      3867702/radosgw     
        "qlen": 37,
        "qactive": 37,
f10-h17-000-6049p.rdu2.scalelab.redhat.com
Proto Recv-Q Send-Q Local Address           Foreign Address         State       PID/Program name    
tcp        0      0 172.17.36.9:8080        0.0.0.0:*               LISTEN      3832793/radosgw     
        "qlen": 235,
        "qactive": 235,
f10-h21-000-6049p.rdu2.scalelab.redhat.com
Proto Recv-Q Send-Q Local Address           Foreign Address         State       PID/Program name    
tcp        0      0 172.17.38.57:8080       0.0.0.0:*               LISTEN      3823378/radosgw     
        "qlen": 93,
        "qactive": 93,
f10-h25-000-6049p.rdu2.scalelab.redhat.com
Proto Recv-Q Send-Q Local Address           Foreign Address         State       PID/Program name    
tcp        0      0 172.17.36.180:8080      0.0.0.0:*               LISTEN      3795528/radosgw     
        "qlen": 229,
        "qactive": 229,
f11-h01-000-6049p.rdu2.scalelab.redhat.com
Proto Recv-Q Send-Q Local Address           Foreign Address         State       PID/Program name    
tcp        0      0 172.17.39.208:8080      0.0.0.0:*               LISTEN      3880870/radosgw     
        "qlen": 199,
        "qactive": 199,
f11-h05-000-6049p.rdu2.scalelab.redhat.com
Proto Recv-Q Send-Q Local Address           Foreign Address         State       PID/Program name    
tcp        0      0 172.17.39.190:8080      0.0.0.0:*               LISTEN      3799890/radosgw     
        "qlen": 42,
        "qactive": 42,
f11-h09-000-6049p.rdu2.scalelab.redhat.com
Proto Recv-Q Send-Q Local Address           Foreign Address         State       PID/Program name    
tcp        0      0 172.17.38.145:8080      0.0.0.0:*               LISTEN      3841563/radosgw     
        "qlen": 299,
        "qactive": 299,
f11-h13-000-6049p.rdu2.scalelab.redhat.com
Proto Recv-Q Send-Q Local Address           Foreign Address         State       PID/Program name    
tcp        0      0 172.17.36.186:8080      0.0.0.0:*               LISTEN      3731914/radosgw     
        "qlen": 187,
        "qactive": 187,
f11-h17-000-6049p.rdu2.scalelab.redhat.com
Proto Recv-Q Send-Q Local Address           Foreign Address         State       PID/Program name    
tcp        0      0 172.17.36.13:8080       0.0.0.0:*               LISTEN      3823723/radosgw     
        "qlen": 235,
        "qactive": 235,

--------------------------------------------------------

2022/02/25-12:24:54: RESHARD Queue Length 10
2022/02/25-12:24:54: RESHARD List [
    {
        "time": "2022-02-25T12:24:40.181659Z",
        "tenant": "",
        "bucket_name": "mycontainers1",
        "bucket_id": "36ce1f81-b567-438d-b34a-9dc84f541614.51098.1",
        "old_num_shards": 11,
        "tentative_new_num_shards": 107
    }
]

LA: 2022/02/25-12:24:55:   11.63, 7.94, 3.84

RGW stats:          proc   %cpu %mem  vsz    rss     memused       memlimit
f10-h01-000-6049p.rdu2.scalelab.redhat.com   radosgw 60.4 0.0 5717852 315964   65710338048   9223372036854771712
f10-h05-000-6049p.rdu2.scalelab.redhat.com   radosgw 62.0 0.0 5637872 375424   72537518080   9223372036854771712
f10-h09-000-6049p.rdu2.scalelab.redhat.com   radosgw 62.2 0.0 5503220 249856   69394935808   9223372036854771712
f10-h13-000-6049p.rdu2.scalelab.redhat.com   radosgw 60.7 0.0 5453936 212628   67977728000   9223372036854771712
f10-h17-000-6049p.rdu2.scalelab.redhat.com   radosgw 61.2 0.0 5675968 333420   68770770944   9223372036854771712
f10-h21-000-6049p.rdu2.scalelab.redhat.com   radosgw 62.6 0.0 5514072 252540   67148898304   9223372036854771712
f10-h25-000-6049p.rdu2.scalelab.redhat.com   radosgw 60.4 0.0 5737124 300292   69863497728   9223372036854771712
f11-h01-000-6049p.rdu2.scalelab.redhat.com   radosgw 62.9 0.0 5520300 256608   71795068928   9223372036854771712
f11-h05-000-6049p.rdu2.scalelab.redhat.com   radosgw 61.2 0.0 5452360 213344   65360105472   9223372036854771712
f11-h09-000-6049p.rdu2.scalelab.redhat.com   radosgw 63.6 0.0 5674160 356892   67654864896   9223372036854771712
f11-h13-000-6049p.rdu2.scalelab.redhat.com   radosgw 64.9 0.0 5518092 257272   79375458304   9223372036854771712
f11-h17-000-6049p.rdu2.scalelab.redhat.com   radosgw 61.8 0.0 5655420 368996   65897213952   9223372036854771712

OSD: 
2022/02/25-12:25:01: f10-h01-000-6049p.rdu2.scalelab.redhat.com ceph-osd         3.0  0.2 2449220 984432
ceph-osd         3.0  0.2 2439848 959140
ceph-osd         2.7  0.2 2428744 969936
ceph-osd         3.2  0.2 2449064 1122308
ceph-osd         2.7  0.2 2437800 899464
ceph-osd         2.4  0.3 2209452 1345100
ceph-osd         3.0  0.2 2435752 1115924
ceph-osd         2.9  0.2 2424488 1003904
ceph-osd         2.9  0.2 2440876 910900
ceph-osd         2.4  0.3 2199208 1335812
ceph-osd         2.8  0.2 2445128 933508
ceph-osd         2.6  0.3 2203308 1325644
ceph-osd        14.1  0.3 2352680 1424544
ceph-osd         2.9  0.2 2441892 913096
ceph-osd         3.0  0.2 2439844 1081812
ceph-osd         3.0  0.2 2448036 912052
ceph-osd         3.0  0.2 2447012 1039208
ceph-osd         3.3  0.2 2454180 1130740
ceph-osd         2.5  0.3 2208420 1343276
ceph-osd         2.4  0.3 2210476 1344056
ceph-osd         3.2  0.2 2441900 1120484
ceph-osd         2.7  0.2 2421420 930280
ceph-osd         2.7  0.2 2429764 1112080
ceph-osd         2.6  0.2 2425512 1057864
2022/02/25-12:25:01: f10-h05-000-6049p.rdu2.scalelab.redhat.com ceph-osd         6.0  0.3 2409992 1468340
ceph-osd         2.2  0.2 2467836 1074672
ceph-osd         2.1  0.2 2433368 890868
ceph-osd         2.8  0.2 2456212 1150408
ceph-osd         6.4  0.3 2443128 1232952
ceph-osd         2.1  0.2 2427032 922444
ceph-osd         6.5  0.3 2434964 1295908
ceph-osd         2.5  0.2 2437252 976080
ceph-osd         2.4  0.2 2436656 1088992
ceph-osd         2.4  0.3 2449944 1401572
ceph-osd         2.5  0.2 2449064 928396
ceph-osd         2.3  0.3 2440016 1388704
ceph-osd         2.6  0.2 2442056 1130088
ceph-osd         2.5  0.2 2435752 1140276
ceph-osd         6.4  0.3 2449064 1231444
ceph-osd         2.6  0.2 2431660 1135052
ceph-osd         2.3  0.2 2434724 1033396
ceph-osd         2.7  0.2 2444964 1149516
ceph-osd         2.5  0.2 2444104 1050216
ceph-osd         2.4  0.2 2426692 1036608
ceph-osd         2.2  0.2 2434724 1014000
ceph-osd         2.7  0.2 2448044 953924
ceph-osd         2.5  0.2 2443080 1076476
ceph-osd         2.4  0.2 2430788 903716
2022/02/25-12:25:01: f10-h09-000-6049p.rdu2.scalelab.redhat.com ceph-osd         2.5  0.2 2452164 933768
ceph-osd         2.4  0.2 2429956 1079068
ceph-osd         2.5  0.2 2451804 931552
ceph-osd         2.0  0.3 2245472 1360488
ceph-osd         2.3  0.2 2429560 1116316
ceph-osd         5.9  0.3 2422248 1483544
ceph-osd         2.6  0.2 2447644 1064980
ceph-osd         2.4  0.2 2439296 928608
ceph-osd         2.2  0.3 2161260 1298468
ceph-osd         5.9  0.3 2337960 1426116
ceph-osd         6.1  0.2 2519880 1143432
ceph-osd         2.3  0.2 2427720 887072
ceph-osd         2.2  0.2 2431652 1087204
ceph-osd         2.3  0.2 2450084 1050312
ceph-osd         2.0  0.3 2112172 1246288
ceph-osd         2.2  0.2 2431660 1140144
ceph-osd         2.4  0.2 2443940 899708
ceph-osd         2.4  0.2 2440872 906000
ceph-osd         2.2  0.2 2421284 1066432
ceph-osd         2.6  0.2 2436940 1123768
ceph-osd         2.4  0.2 2440008 1023924
ceph-osd         2.4  0.2 2431652 972384
ceph-osd         2.4  0.2 2445132 1088272
ceph-osd         2.4  0.2 2431656 956248
2022/02/25-12:25:02: f10-h13-000-6049p.rdu2.scalelab.redhat.com ceph-osd         2.3  0.2 2419392 1012808
ceph-osd         2.2  0.2 2425896 1117476
ceph-osd         2.6  0.2 2450824 1010624
ceph-osd         2.1  0.3 2205536 1341468
ceph-osd         2.6  0.2 2451068 1083840
ceph-osd         2.4  0.2 2443416 1084280
ceph-osd         2.4  0.2 2442912 981976
ceph-osd         2.2  0.3 2185340 1343184
ceph-osd         2.3  0.2 2437736 1113340
ceph-osd         2.1  0.2 2424276 1015308
ceph-osd         2.7  0.2 2456228 1071496
ceph-osd         2.3  0.2 2431812 938116
ceph-osd         2.8  0.2 2450092 1129100
ceph-osd         2.4  0.2 2439848 1141968
ceph-osd         2.2  0.2 2428744 1111480
ceph-osd         6.4  0.3 2453412 1184360
ceph-osd         2.4  0.2 2441032 966076
ceph-osd         2.5  0.2 2445992 948280
ceph-osd        15.7  0.2 2467180 1172192
ceph-osd         2.3  0.2 2435756 1068004
ceph-osd         2.5  0.2 2423340 1129968
ceph-osd         2.5  0.2 2435624 1150612
ceph-osd         2.3  0.2 2425676 1131220
ceph-osd         2.7  0.2 2443944 1138036
2022/02/25-12:25:02: f10-h17-000-6049p.rdu2.scalelab.redhat.com ceph-osd         2.1  0.2 2430656 1033200
ceph-osd         2.6  0.2 2446376 1021652
ceph-osd         2.3  0.2 2434228 1032716
ceph-osd         2.4  0.2 2435940 1035380
ceph-osd         2.5  0.2 2442980 1051928
ceph-osd         2.5  0.2 2444492 1038864
ceph-osd         2.1  0.2 2426596 890396
ceph-osd         2.3  0.2 2433220 1002884
ceph-osd         2.3  0.2 2428660 940496
ceph-osd         2.2  0.2 2430496 1019988
ceph-osd         2.3  0.2 2443080 1053980
ceph-osd         6.0  0.3 2405032 1467176
ceph-osd        12.9  0.3 2537128 1343796
ceph-osd         2.3  0.2 2429768 1003140
ceph-osd         2.5  0.2 2439852 1036148
ceph-osd         2.2  0.2 2434728 1033436
ceph-osd         2.2  0.2 2415276 951436
ceph-osd         2.8  0.2 2441900 1157392
ceph-osd         2.5  0.2 2442924 958708
ceph-osd         2.4  0.2 2437804 929572
ceph-osd         2.8  0.2 2451120 1086588
ceph-osd         2.3  0.2 2432684 1043864
ceph-osd         2.6  0.2 2424488 1142528
ceph-osd         2.8  0.2 2448200 1147584
2022/02/25-12:25:02: f10-h21-000-6049p.rdu2.scalelab.redhat.com ceph-osd         2.2  0.2 2428608 1119348
ceph-osd         2.4  0.2 2439204 982264
ceph-osd         5.9  0.2 2519484 1121888
ceph-osd         2.5  0.2 2440240 1027020
ceph-osd         2.4  0.2 2438136 1041712
ceph-osd         2.4  0.2 2430088 980104
ceph-osd         2.5  0.2 2431648 1133316
ceph-osd         2.3  0.2 2431296 907000
ceph-osd         2.2  0.2 2434048 1058664
ceph-osd         2.3  0.2 2437804 1064680
ceph-osd         2.2  0.2 2426532 909496
ceph-osd         2.4  0.2 2437956 1044168
ceph-osd         2.3  0.2 2423468 994260
ceph-osd         2.2  0.2 2437964 1105336
ceph-osd         2.5  0.2 2449064 1091640
ceph-osd         2.4  0.2 2445996 959648
ceph-osd         2.6  0.2 2436776 1029388
ceph-osd         2.4  0.2 2423468 940752
ceph-osd        13.8  0.3 2534768 1344872
ceph-osd         2.2  0.2 2428452 1045052
ceph-osd         2.7  0.2 2454344 1085180
ceph-osd         2.4  0.2 2444104 1091120
ceph-osd         2.1  0.2 2433704 1041104
ceph-osd         2.6  0.2 2450248 935620
2022/02/25-12:25:02: f10-h25-000-6049p.rdu2.scalelab.redhat.com ceph-osd         2.2  0.3 2192036 1322820
ceph-osd         2.6  0.2 2443820 1134320
ceph-osd         2.5  0.2 2432676 1124612
ceph-osd        13.8  0.3 2478696 1192664
ceph-osd         2.8  0.2 2474656 1127364
ceph-osd         2.5  0.2 2428580 930060
ceph-osd        13.8  0.2 2535200 1136656
ceph-osd         2.5  0.2 2452136 974148
ceph-osd         2.4  0.2 2435744 1033664
ceph-osd         2.7  0.2 2434720 1055572
ceph-osd         2.4  0.3 2247328 1368464
ceph-osd         2.2  0.3 2421412 1375016
ceph-osd         2.6  0.2 2436776 1141804
ceph-osd         2.5  0.2 2440864 1053708
ceph-osd         2.6  0.2 2438816 1039076
ceph-osd         2.8  0.2 2444704 1118020
ceph-osd        16.6  0.3 2382436 1416124
ceph-osd         2.3  0.3 2212512 1354312
ceph-osd         2.4  0.3 2220708 1345200
ceph-osd         2.5  0.3 2215588 1346336
ceph-osd         2.6  0.2 2430628 934016
ceph-osd         2.4  0.3 2201416 1324528
ceph-osd         2.7  0.2 2443940 1056928
ceph-osd         2.7  0.2 2429604 1146908
2022/02/25-12:25:02: f11-h01-000-6049p.rdu2.scalelab.redhat.com ceph-osd         2.4  0.2 2434708 1009252
ceph-osd         2.6  0.2 2446412 1144440
ceph-osd         2.3  0.2 2466028 928252
ceph-osd         2.0  0.2 2424880 1085400
ceph-osd         2.3  0.2 2432848 891084
ceph-osd         6.2  0.2 2526484 1132764
ceph-osd         2.3  0.3 2222880 1364728
ceph-osd         2.4  0.2 2423104 1013028
ceph-osd         2.3  0.3 2233344 1374008
ceph-osd         2.3  0.2 2442920 1047780
ceph-osd         2.2  0.2 2428744 1079620
ceph-osd         2.2  0.2 2430796 1072368
ceph-osd         2.5  0.2 2444104 985052
ceph-osd         2.4  0.2 2449068 988328
ceph-osd         2.3  0.2 2437800 954648
ceph-osd         6.5  0.3 2423108 1317468
ceph-osd         2.4  0.2 2434728 991472
ceph-osd         6.4  0.2 2526892 1131532
ceph-osd         2.4  0.2 2434732 1000584
ceph-osd         2.4  0.2 2447012 946396
ceph-osd         2.7  0.2 2446152 1086216
ceph-osd         2.7  0.2 2445992 1140680
ceph-osd         6.6  0.3 2427028 1366772
ceph-osd         2.2  0.2 2428744 1013020
2022/02/25-12:25:03: f11-h05-000-6049p.rdu2.scalelab.redhat.com ceph-osd         2.1  0.2 2433540 1053176
ceph-osd         2.3  0.2 2443224 1007980
ceph-osd         2.3  0.2 2433296 990152
ceph-osd         2.1  0.2 2441872 1052972
ceph-osd         2.5  0.2 2440068 1141096
ceph-osd         2.5  0.2 2446656 1078084
ceph-osd         2.2  0.2 2445092 1131444
ceph-osd         2.4  0.2 2437384 978204
ceph-osd         2.5  0.2 2452564 1013056
ceph-osd         2.3  0.2 2428584 904944
ceph-osd         2.3  0.2 2427568 969700
ceph-osd         2.5  0.2 2438820 1120548
ceph-osd         2.3  0.2 2433864 974392
ceph-osd         2.4  0.2 2436776 1013084
ceph-osd         6.0  0.3 2429728 1514664
ceph-osd         2.3  0.2 2436776 1066536
ceph-osd         2.3  0.2 2431656 967940
ceph-osd         2.3  0.2 2430628 914740
ceph-osd         2.2  0.2 2436772 1053128
ceph-osd         2.7  0.2 2447012 1119920
ceph-osd         2.3  0.2 2429764 1057648
ceph-osd         2.4  0.2 2428588 1117316
ceph-osd         2.3  0.2 2444964 1146604
ceph-osd         2.4  0.2 2442920 948432
2022/02/25-12:25:03: f11-h09-000-6049p.rdu2.scalelab.redhat.com ceph-osd         2.5  0.2 2434828 1003340
ceph-osd         2.3  0.2 2418772 1038072
ceph-osd         2.2  0.2 2435300 1083140
ceph-osd         2.0  0.3 2093820 1206060
ceph-osd         2.4  0.2 2426868 1004632
ceph-osd         2.4  0.2 2432260 1002600
ceph-osd         2.2  0.2 2437912 1101924
ceph-osd         2.1  0.2 2429180 884972
ceph-osd         2.5  0.2 2431860 1103812
ceph-osd         2.4  0.2 2432680 965460
ceph-osd         2.1  0.3 2210476 1334444
ceph-osd         2.4  0.2 2442916 953256
ceph-osd         2.4  0.2 2444968 935284
ceph-osd         2.5  0.2 2436772 1102108
ceph-osd         2.4  0.2 2431656 1061504
ceph-osd         2.5  0.2 2427560 1125124
ceph-osd         2.6  0.2 2446152 1028732
ceph-osd        16.7  0.3 2457376 1528088
ceph-osd         2.5  0.2 2447020 943684
ceph-osd         2.1  0.3 2118180 1266740
ceph-osd         2.0  0.3 2157224 1296804
ceph-osd         2.6  0.2 2446160 1080320
ceph-osd         6.4  0.3 2434980 1212056
ceph-osd         2.7  0.2 2436780 1151268
2022/02/25-12:25:03: f11-h13-000-6049p.rdu2.scalelab.redhat.com ceph-osd         2.3  0.2 2432744 1023248
ceph-osd         2.6  0.2 2458660 1007392
ceph-osd         2.5  0.2 2444468 1042684
ceph-osd         2.5  0.2 2443816 935164
ceph-osd         6.7  0.3 2428116 1363756
ceph-osd         2.1  0.3 2248908 1355528
ceph-osd         2.2  0.2 2425664 1047108
ceph-osd         2.3  0.2 2432132 1051300
ceph-osd         2.4  0.2 2429548 902692
ceph-osd         6.7  0.3 2473564 1552680
ceph-osd        14.1  0.3 2433508 1316928
ceph-osd         2.5  0.2 2428584 1000120
ceph-osd         2.6  0.2 2438828 1144972
ceph-osd         2.5  0.2 2433580 917820
ceph-osd        15.7  0.3 2352356 1441028
ceph-osd         2.5  0.2 2431652 987340
ceph-osd        17.8  0.2 2536676 1156612
ceph-osd         2.2  0.3 2250568 1360580
ceph-osd         2.7  0.2 2432680 1108336
ceph-osd         6.6  0.3 2399916 1450056
ceph-osd        10.4  0.3 2567844 1360760
ceph-osd         2.6  0.2 2444972 1092584
ceph-osd         2.5  0.2 2447176 1080372
ceph-osd         2.7  0.2 2441896 1071276
2022/02/25-12:25:03: f11-h17-000-6049p.rdu2.scalelab.redhat.com ceph-osd         5.9  0.3 2524944 1350568
ceph-osd         2.1  0.3 2211960 1342428
ceph-osd         2.3  0.2 2439640 962216
ceph-osd         2.5  0.2 2437360 1155976
ceph-osd         2.2  0.2 2440900 928568
ceph-osd         2.3  0.2 2435508 1091300
ceph-osd         2.4  0.2 2429840 1127020
ceph-osd         2.1  0.3 2213092 1349920
ceph-osd         2.3  0.2 2430212 1058228
ceph-osd         2.4  0.2 2440872 1092372
ceph-osd         2.5  0.2 2437800 967024
ceph-osd         2.4  0.2 2453164 1013904
ceph-osd         2.3  0.2 2447020 1101448
ceph-osd         2.3  0.2 2445996 972560
ceph-osd         2.1  0.2 2432680 1065656
ceph-osd         2.3  0.2 2429608 1094544
ceph-osd         2.4  0.2 2441036 955468
ceph-osd         2.2  0.2 2429768 1020396
ceph-osd         2.3  0.2 2435912 1096312
ceph-osd         2.4  0.2 2444972 1040604
ceph-osd         2.2  0.3 2197156 1321944
ceph-osd         2.6  0.2 2452140 1150412
ceph-osd         2.4  0.2 2432684 1065304
ceph-osd         2.1  0.3 2121256 1263292

Site2 buckets (rgw):
2022/02/25-12:26:11:         "bucket": "mycontainers1",
        "num_shards": 11,
                "num_objects": 5646401
        "bucket": "mycontainers3",
        "num_shards": 11,
        "bucket": "mycontainers4",
        "num_shards": 11,
        "bucket": "mycontainers2",
        "num_shards": 11,
        "bucket": "mycontainers5",
        "num_shards": 11,

Cluster status
  cluster:
    id:     ffdc49e2-9622-11ec-9f52-ac1f6b2d5d2a
    health: HEALTH_WARN
            clock skew detected on mon.f13-h26-b07-5039ms
            0 slow ops, oldest one blocked for 61 sec, osd.44 has slow ops
 
  services:
    mon: 3 daemons, quorum f13-h26-b04-5039ms.rdu2.scalelab.redhat.com,f13-h26-b08-5039ms,f13-h26-b07-5039ms (age 2h)
    mgr: f13-h26-b04-5039ms.rdu2.scalelab.redhat.com.uyhevq(active, since 60m), standbys: f13-h26-b07-5039ms.iweveu, f13-h26-b08-5039ms.nhdqye
    osd: 288 osds: 288 up (since 68m), 288 in (since 72m); 11 remapped pgs
    rgw: 12 daemons active (12 hosts, 1 zones)
 
  data:
    pools:   7 pools, 9729 pgs
    objects: 6.39M objects, 89 GiB
    usage:   44 TiB used, 524 TiB / 567 TiB avail
    pgs:     207/38312361 objects misplaced (0.001%)
             9728 active+clean
             1    active+recovering+undersized+remapped
 
  io:
    client:   64 MiB/s rd, 215 MiB/s wr, 65.87k op/s rd, 158.05k op/s wr
    recovery: 411 KiB/s, 33 objects/s
 
2022/02/25-12:26:11: ceph df detail --- RAW STORAGE ---
CLASS     SIZE    AVAIL    USED  RAW USED  %RAW USED
hdd    567 TiB  524 TiB  44 TiB    44 TiB       7.74
TOTAL  567 TiB  524 TiB  44 TiB    44 TiB       7.74
 
--- POOLS ---
POOL                       ID   PGS   STORED   (DATA)   (OMAP)  OBJECTS     USED   (DATA)   (OMAP)  %USED  MAX AVAIL  QUOTA OBJECTS  QUOTA BYTES  DIRTY  USED COMPR  UNDER COMPR
device_health_metrics       1     1      0 B      0 B      0 B        0      0 B      0 B      0 B      0    165 TiB            N/A          N/A      0         0 B          0 B
default.rgw.control         6   256      0 B      0 B      0 B        8      0 B      0 B      0 B      0    165 TiB            N/A          N/A      8         0 B          0 B
default.rgw.buckets.data    7  8192  164 GiB  164 GiB      0 B    6.39M  245 GiB  245 GiB      0 B   0.05    330 TiB            N/A          N/A  6.39M         0 B          0 B
default.rgw.buckets.index   8   512  1.2 GiB      0 B  1.2 GiB       55  3.7 GiB      0 B  3.7 GiB      0    165 TiB            N/A          N/A     55         0 B          0 B
default.rgw.log             9   256  4.7 KiB  3.6 KiB  1.1 KiB      177  411 KiB  408 KiB  3.3 KiB      0    165 TiB            N/A          N/A    177         0 B          0 B
default.rgw.meta           10   256  5.3 KiB  3.2 KiB  2.0 KiB       15  174 KiB  168 KiB  6.1 KiB      0    165 TiB            N/A          N/A     15         0 B          0 B
.rgw.root                  11   256  1.3 KiB  1.3 KiB      0 B        4   48 KiB   48 KiB      0 B      0    165 TiB            N/A          N/A      4         0 B          0 B

Site2 pool PG counts:
pool 1 'device_health_metrics' replicated size 3 min_size 2 crush_rule 0 object_hash rjenkins pg_num 1 pgp_num 1 autoscale_mode on last_change 861 flags hashpspool stripe_width 0 pg_num_min 1 application mgr_devicehealth,rgw
pool 6 'default.rgw.control' replicated size 3 min_size 2 crush_rule 0 object_hash rjenkins pg_num 256 pgp_num 256 autoscale_mode on last_change 862 flags hashpspool stripe_width 0 pg_num_min 256 application rgw
pool 7 'default.rgw.buckets.data' erasure profile myprofile size 6 min_size 5 crush_rule 1 object_hash rjenkins pg_num 8192 pgp_num 8192 autoscale_mode on last_change 878 lfor 0/0/876 flags hashpspool stripe_width 16384 pg_num_min 8192 application rgw
pool 8 'default.rgw.buckets.index' replicated size 3 min_size 2 crush_rule 0 object_hash rjenkins pg_num 512 pgp_num 512 autoscale_mode on last_change 864 flags hashpspool stripe_width 0 pg_num_min 512 application rgw
pool 9 'default.rgw.log' replicated size 3 min_size 2 crush_rule 0 object_hash rjenkins pg_num 256 pgp_num 256 autoscale_mode on last_change 865 flags hashpspool stripe_width 0 pg_num_min 256 application rgw
pool 10 'default.rgw.meta' replicated size 3 min_size 2 crush_rule 0 object_hash rjenkins pg_num 256 pgp_num 256 autoscale_mode on last_change 866 flags hashpspool stripe_width 0 pg_num_min 256 application rgw
pool 11 '.rgw.root' replicated size 3 min_size 2 crush_rule 0 object_hash rjenkins pg_num 256 pgp_num 256 autoscale_mode on last_change 867 flags hashpspool stripe_width 0 pg_num_min 256 application rgw


Site2 buckets df
2022/02/25-12:26:12: POOL                       ID   PGS   STORED  OBJECTS     USED  %USED  MAX AVAIL
default.rgw.control         6   256      0 B        8      0 B      0    165 TiB
default.rgw.buckets.data    7  8192  164 GiB    6.39M  245 GiB   0.05    330 TiB
default.rgw.buckets.index   8   512  1.2 GiB       55  3.7 GiB      0    165 TiB
default.rgw.log             9   256  4.7 KiB      177  411 KiB      0    165 TiB
default.rgw.meta           10   256  5.3 KiB       15  174 KiB      0    165 TiB

OSD/RGW free:
2022/02/25-12:26:12: f10-h01-000-6049p.rdu2.scalelab.redhat.com                total        used        free      shared  buff/cache   available
Mem:          376Gi        32Gi       300Gi       4.1Gi        43Gi       337Gi
Swap:            0B          0B          0B

Ceph osd df:
2022/02/25-12:26:12: ID   CLASS  WEIGHT   REWEIGHT  SIZE     RAW USE  DATA      OMAP     META      AVAIL    %USE  VAR   PGS  STATUS
264    hdd  1.97049   1.00000  2.0 TiB  156 GiB   972 MiB      0 B   506 MiB  1.8 TiB  7.74  1.00  203      up
265    hdd  1.97049   1.00000  2.0 TiB  156 GiB   965 MiB    2 KiB   487 MiB  1.8 TiB  7.74  1.00  189      up
266    hdd  1.97049   1.00000  2.0 TiB  156 GiB   978 MiB      0 B   509 MiB  1.8 TiB  7.74  1.00  192      up
267    hdd  1.97049   1.00000  2.0 TiB  156 GiB   1.0 GiB      0 B   605 MiB  1.8 TiB  7.74  1.00  200      up
268    hdd  1.97049   1.00000  2.0 TiB  156 GiB   942 MiB      0 B   457 MiB  1.8 TiB  7.74  1.00  179      up
269    hdd  1.97049   1.00000  2.0 TiB  156 GiB   871 MiB    2 KiB   355 MiB  1.8 TiB  7.74  1.00  169      up
270    hdd  1.97049   1.00000  2.0 TiB  156 GiB   1.0 GiB      0 B   609 MiB  1.8 TiB  7.74  1.00  201      up
271    hdd  1.97049   1.00000  2.0 TiB  156 GiB   992 MiB      0 B   536 MiB  1.8 TiB  7.74  1.00  190      up
272    hdd  1.97049   1.00000  2.0 TiB  156 GiB   947 MiB    2 KiB   456 MiB  1.8 TiB  7.74  1.00  188      up
273    hdd  1.97049   1.00000  2.0 TiB  156 GiB   863 MiB    1 KiB   352 MiB  1.8 TiB  7.74  1.00  171      up
274    hdd  1.97049   1.00000  2.0 TiB  156 GiB   948 MiB      0 B   475 MiB  1.8 TiB  7.74  1.00  180      up
275    hdd  1.97049   1.00000  2.0 TiB  156 GiB   859 MiB      0 B   336 MiB  1.8 TiB  7.74  1.00  171      up
276    hdd  1.97049   1.00000  2.0 TiB  156 GiB   864 MiB  109 MiB  1004 MiB  1.8 TiB  7.74  1.00  173      up
277    hdd  1.97049   1.00000  2.0 TiB  156 GiB   944 MiB      0 B   460 MiB  1.8 TiB  7.74  1.00  186      up
278    hdd  1.97049   1.00000  2.0 TiB  156 GiB   1.0 GiB      0 B   581 MiB  1.8 TiB  7.74  1.00  200      up
279    hdd  1.97049   1.00000  2.0 TiB  156 GiB   943 MiB      0 B   450 MiB  1.8 TiB  7.74  1.00  182      up
280    hdd  1.97049   1.00000  2.0 TiB  156 GiB  1004 MiB    2 KiB   546 MiB  1.8 TiB  7.74  1.00  191      up
281    hdd  1.97049   1.00000  2.0 TiB  156 GiB   1.0 GiB      0 B   608 MiB  1.8 TiB  7.74  1.00  201      up
282    hdd  1.97049   1.00000  2.0 TiB  156 GiB   863 MiB      0 B   344 MiB  1.8 TiB  7.74  1.00  172      up
283    hdd  1.97049   1.00000  2.0 TiB  156 GiB   865 MiB      0 B   349 MiB  1.8 TiB  7.74  1.00  168      up
284    hdd  1.97049   1.00000  2.0 TiB  156 GiB   1.0 GiB      0 B   600 MiB  1.8 TiB  7.74  1.00  201      up
285    hdd  1.97049   1.00000  2.0 TiB  156 GiB   962 MiB      0 B   477 MiB  1.8 TiB  7.74  1.00  188      up
286    hdd  1.97049   1.00000  2.0 TiB  156 GiB   928 MiB      0 B   428 MiB  1.8 TiB  7.74  1.00  183      up
287    hdd  1.97049   1.00000  2.0 TiB  156 GiB   898 MiB      0 B   396 MiB  1.8 TiB  7.74  1.00  175      up
  9    hdd  1.97049   1.00000  2.0 TiB  156 GiB   902 MiB      0 B   392 MiB  1.8 TiB  7.74  1.00  178      up
 17    hdd  1.97049   1.00000  2.0 TiB  156 GiB   983 MiB    2 KiB   522 MiB  1.8 TiB  7.74  1.00  190      up
 24    hdd  1.97049   1.00000  2.0 TiB  156 GiB   1.0 GiB    1 KiB   609 MiB  1.8 TiB  7.75  1.00  216      up
 34    hdd  1.97049   1.00000  2.0 TiB  156 GiB   883 MiB    2 KiB   379 MiB  1.8 TiB  7.74  1.00  178      up
 43    hdd  1.97049   1.00000  2.0 TiB  156 GiB   1.0 GiB      0 B   619 MiB  1.8 TiB  7.74  1.00  210      up
 53    hdd  1.97049   1.00000  2.0 TiB  156 GiB  1009 MiB    2 KiB   560 MiB  1.8 TiB  7.74  1.00  206      up
 61    hdd  1.97049   1.00000  2.0 TiB  156 GiB  1005 MiB      0 B   551 MiB  1.8 TiB  7.74  1.00  195      up
 71    hdd  1.97049   1.00000  2.0 TiB  156 GiB   878 MiB    2 KiB   371 MiB  1.8 TiB  7.74  1.00  174      up
 81    hdd  1.97049   1.00000  2.0 TiB  156 GiB   957 MiB    2 KiB   480 MiB  1.8 TiB  7.74  1.00  185      up
 92    hdd  1.97049   1.00000  2.0 TiB  156 GiB   944 MiB      0 B   455 MiB  1.8 TiB  7.74  1.00  185      up
102    hdd  1.97049   1.00000  2.0 TiB  156 GiB   887 MiB  107 MiB   1.0 GiB  1.8 TiB  7.74  1.00  171      up
112    hdd  1.97049   1.00000  2.0 TiB  156 GiB   903 MiB    2 KiB   400 MiB  1.8 TiB  7.74  1.00  176      up
122    hdd  1.97049   1.00000  2.0 TiB  156 GiB   941 MiB      0 B   459 MiB  1.8 TiB  7.74  1.00  179      up
132    hdd  1.97049   1.00000  2.0 TiB  156 GiB   1.0 GiB    2 KiB   611 MiB  1.8 TiB  7.74  1.00  211      up
142    hdd  1.97049   1.00000  2.0 TiB  156 GiB   992 MiB  102 MiB   1.2 GiB  1.8 TiB  7.74  1.00  193      up
151    hdd  1.97049   1.00000  2.0 TiB  156 GiB   964 MiB    1 KiB   493 MiB  1.8 TiB  7.74  1.00  187      up
161    hdd  1.97049   1.00000  2.0 TiB  156 GiB  1016 MiB  152 MiB   932 MiB  1.8 TiB  7.74  1.00  198      up
171    hdd  1.97049   1.00000  2.0 TiB  156 GiB   907 MiB    2 KiB   419 MiB  1.8 TiB  7.74  1.00  176      up
181    hdd  1.97049   1.00000  2.0 TiB  156 GiB   875 MiB    1 KiB   362 MiB  1.8 TiB  7.74  1.00  165      up
191    hdd  1.97049   1.00000  2.0 TiB  156 GiB   944 MiB    2 KiB   461 MiB  1.8 TiB  7.74  1.00  187      up
201    hdd  1.97049   1.00000  2.0 TiB  156 GiB   871 MiB    2 KiB   362 MiB  1.8 TiB  7.74  1.00  172      up
211    hdd  1.97049   1.00000  2.0 TiB  156 GiB   1.0 GiB    2 KiB   602 MiB  1.8 TiB  7.74  1.00  205      up
221    hdd  1.97049   1.00000  2.0 TiB  156 GiB   930 MiB    2 KiB   441 MiB  1.8 TiB  7.74  1.00  183      up
231    hdd  1.97049   1.00000  2.0 TiB  156 GiB   990 MiB  102 MiB   1.2 GiB  1.8 TiB  7.74  1.00  195      up
  3    hdd  1.97049   1.00000  2.0 TiB  156 GiB   930 MiB    1 KiB   448 MiB  1.8 TiB  7.74  1.00  177      up
 13    hdd  1.97049   1.00000  2.0 TiB  156 GiB   883 MiB    1 KiB   372 MiB  1.8 TiB  7.74  1.00  175      up
 22    hdd  1.97049   1.00000  2.0 TiB  156 GiB   886 MiB      0 B   373 MiB  1.8 TiB  7.74  1.00  179      up
 31    hdd  1.97049   1.00000  2.0 TiB  156 GiB   936 MiB    1 KiB   458 MiB  1.8 TiB  7.74  1.00  181      up
 42    hdd  1.97049   1.00000  2.0 TiB  156 GiB   901 MiB    2 KiB   393 MiB  1.8 TiB  7.74  1.00  180      up
 51    hdd  1.97049   1.00000  2.0 TiB  156 GiB   1.0 GiB    2 KiB   603 MiB  1.8 TiB  7.74  1.00  204      up
 62    hdd  1.97049   1.00000  2.0 TiB  156 GiB   996 MiB      0 B   530 MiB  1.8 TiB  7.74  1.00  192      up
 72    hdd  1.97049   1.00000  2.0 TiB  156 GiB   972 MiB    2 KiB   513 MiB  1.8 TiB  7.74  1.00  198      up
 82    hdd  1.97049   1.00000  2.0 TiB  156 GiB   905 MiB    2 KiB   411 MiB  1.8 TiB  7.74  1.00  182      up
 91    hdd  1.97049   1.00000  2.0 TiB  156 GiB   966 MiB    1 KiB   498 MiB  1.8 TiB  7.74  1.00  185      up
101    hdd  1.97049   1.00000  2.0 TiB  156 GiB   958 MiB      0 B   479 MiB  1.8 TiB  7.74  1.00  188      up
111    hdd  1.97049   1.00000  2.0 TiB  156 GiB   1.0 GiB    2 KiB   595 MiB  1.8 TiB  7.74  1.00  197      up
121    hdd  1.97049   1.00000  2.0 TiB  156 GiB   953 MiB      0 B   469 MiB  1.8 TiB  7.74  1.00  184      up
131    hdd  1.97049   1.00000  2.0 TiB  156 GiB   929 MiB    2 KiB   438 MiB  1.8 TiB  7.74  1.00  187      up
141    hdd  1.97049   1.00000  2.0 TiB  156 GiB   893 MiB  107 MiB   1.0 GiB  1.8 TiB  7.74  1.00  184      up
152    hdd  1.97049   1.00000  2.0 TiB  156 GiB  1006 MiB      0 B   548 MiB  1.8 TiB  7.74  1.00  196      up
162    hdd  1.97049   1.00000  2.0 TiB  156 GiB   951 MiB    2 KiB   468 MiB  1.8 TiB  7.74  1.00  185      up
172    hdd  1.97049   1.00000  2.0 TiB  156 GiB   848 MiB      0 B   316 MiB  1.8 TiB  7.74  1.00  157      up
182    hdd  1.97049   1.00000  2.0 TiB  156 GiB   867 MiB  108 MiB  1015 MiB  1.8 TiB  7.74  1.00  164      up
192    hdd  1.97049   1.00000  2.0 TiB  156 GiB   959 MiB  103 MiB   1.1 GiB  1.8 TiB  7.74  1.00  199      up
202    hdd  1.97049   1.00000  2.0 TiB  156 GiB   937 MiB    2 KiB   450 MiB  1.8 TiB  7.74  1.00  189      up
212    hdd  1.97049   1.00000  2.0 TiB  156 GiB   910 MiB      0 B   420 MiB  1.8 TiB  7.74  1.00  178      up
222    hdd  1.97049   1.00000  2.0 TiB  156 GiB   811 MiB      0 B   569 MiB  1.8 TiB  7.73  1.00  161      up
232    hdd  1.97049   1.00000  2.0 TiB  156 GiB   931 MiB      0 B   436 MiB  1.8 TiB  7.74  1.00  180      up
  2    hdd  1.97049   1.00000  2.0 TiB  156 GiB   962 MiB    2 KiB   489 MiB  1.8 TiB  7.74  1.00  191      up
 11    hdd  1.97049   1.00000  2.0 TiB  156 GiB   923 MiB      0 B   439 MiB  1.8 TiB  7.74  1.00  177      up
 20    hdd  1.97049   1.00000  2.0 TiB  156 GiB   1.0 GiB      0 B   603 MiB  1.8 TiB  7.74  1.00  204      up
 32    hdd  1.97049   1.00000  2.0 TiB  156 GiB   956 MiB      0 B   481 MiB  1.8 TiB  7.74  1.00  183      up
 44    hdd  1.97049   1.00000  2.0 TiB  156 GiB   969 MiB  103 MiB   1.1 GiB  1.8 TiB  7.74  1.00  184      up
 54    hdd  1.97049   1.00000  2.0 TiB  156 GiB   896 MiB    1 KiB   390 MiB  1.8 TiB  7.74  1.00  176      up
 65    hdd  1.97049   1.00000  2.0 TiB  156 GiB   1.0 GiB      0 B   614 MiB  1.8 TiB  7.75  1.00  202      up
 74    hdd  1.97049   1.00000  2.0 TiB  156 GiB   935 MiB      0 B   446 MiB  1.8 TiB  7.74  1.00  191      up
 84    hdd  1.97049   1.00000  2.0 TiB  156 GiB   924 MiB      0 B   437 MiB  1.8 TiB  7.74  1.00  188      up
 94    hdd  1.97049   1.00000  2.0 TiB  156 GiB   1.0 GiB    1 KiB   607 MiB  1.8 TiB  7.74  1.00  211      up
104    hdd  1.97049   1.00000  2.0 TiB  156 GiB  1003 MiB      0 B   544 MiB  1.8 TiB  7.74  1.00  197      up
114    hdd  1.97049   1.00000  2.0 TiB  156 GiB   979 MiB      0 B   509 MiB  1.8 TiB  7.74  1.00  191      up
124    hdd  1.97049   1.00000  2.0 TiB  156 GiB   858 MiB      0 B   328 MiB  1.8 TiB  7.74  1.00  166      up
134    hdd  1.97049   1.00000  2.0 TiB  156 GiB   1.0 GiB    2 KiB   577 MiB  1.8 TiB  7.74  1.00  203      up
144    hdd  1.97049   1.00000  2.0 TiB  156 GiB   1.0 GiB      0 B   591 MiB  1.8 TiB  7.74  1.00  205      up
154    hdd  1.97049   1.00000  2.0 TiB  156 GiB   972 MiB      0 B   495 MiB  1.8 TiB  7.74  1.00  194      up
164    hdd  1.97049   1.00000  2.0 TiB  156 GiB   858 MiB      0 B   339 MiB  1.8 TiB  7.74  1.00  167      up
174    hdd  1.97049   1.00000  2.0 TiB  156 GiB   927 MiB    3 KiB   434 MiB  1.8 TiB  7.74  1.00  186      up
184    hdd  1.97049   1.00000  2.0 TiB  156 GiB   883 MiB      0 B   373 MiB  1.8 TiB  7.74  1.00  172      up
194    hdd  1.97049   1.00000  2.0 TiB  156 GiB  1009 MiB      0 B   555 MiB  1.8 TiB  7.74  1.00  200      up
204    hdd  1.97049   1.00000  2.0 TiB  156 GiB   931 MiB    1 KiB   436 MiB  1.8 TiB  7.74  1.00  180      up
214    hdd  1.97049   1.00000  2.0 TiB  156 GiB   921 MiB      0 B   422 MiB  1.8 TiB  7.74  1.00  181      up
224    hdd  1.97049   1.00000  2.0 TiB  156 GiB   975 MiB  103 MiB   1.2 GiB  1.8 TiB  7.74  1.00  190      up
234    hdd  1.97049   1.00000  2.0 TiB  156 GiB   964 MiB      0 B   496 MiB  1.8 TiB  7.74  1.00  200      up
  7    hdd  1.97049   1.00000  2.0 TiB  156 GiB  1020 MiB      0 B   568 MiB  1.8 TiB  7.74  1.00  198      up
 14    hdd  1.97049   1.00000  2.0 TiB  156 GiB   892 MiB      0 B   382 MiB  1.8 TiB  7.74  1.00  182      up
 21    hdd  1.97049   1.00000  2.0 TiB  156 GiB   927 MiB  105 MiB   1.1 GiB  1.8 TiB  7.74  1.00  181      up
 30    hdd  1.97049   1.00000  2.0 TiB  156 GiB   967 MiB    1 KiB   499 MiB  1.8 TiB  7.74  1.00  191      up
 40    hdd  1.97049   1.00000  2.0 TiB  156 GiB   1.0 GiB    2 KiB   619 MiB  1.8 TiB  7.74  1.00  212      up
 50    hdd  1.97049   1.00000  2.0 TiB  156 GiB   967 MiB    1 KiB   487 MiB  1.8 TiB  7.74  1.00  187      up
 60    hdd  1.97049   1.00000  2.0 TiB  156 GiB   948 MiB      0 B   470 MiB  1.8 TiB  7.74  1.00  185      up
 70    hdd  1.97049   1.00000  2.0 TiB  156 GiB   883 MiB    1 KiB   372 MiB  1.8 TiB  7.74  1.00  177      up
 80    hdd  1.97049   1.00000  2.0 TiB  156 GiB   1.0 GiB      0 B   627 MiB  1.8 TiB  7.74  1.00  204      up
 90    hdd  1.97049   1.00000  2.0 TiB  156 GiB   1.0 GiB      0 B   616 MiB  1.8 TiB  7.74  1.00  204      up
100    hdd  1.97049   1.00000  2.0 TiB  156 GiB   885 MiB      0 B   372 MiB  1.8 TiB  7.74  1.00  168      up
110    hdd  1.97049   1.00000  2.0 TiB  156 GiB  1000 MiB    1 KiB   543 MiB  1.8 TiB  7.74  1.00  195      up
120    hdd  1.97049   1.00000  2.0 TiB  156 GiB   879 MiB    2 KiB   374 MiB  1.8 TiB  7.74  1.00  173      up
130    hdd  1.97049   1.00000  2.0 TiB  156 GiB  1000 MiB      0 B   541 MiB  1.8 TiB  7.74  1.00  198      up
140    hdd  1.97049   1.00000  2.0 TiB  156 GiB   997 MiB    2 KiB   543 MiB  1.8 TiB  7.74  1.00  200      up
150    hdd  1.97049   1.00000  2.0 TiB  156 GiB   931 MiB    2 KiB   441 MiB  1.8 TiB  7.74  1.00  185      up
160    hdd  1.97049   1.00000  2.0 TiB  156 GiB   985 MiB      0 B   525 MiB  1.8 TiB  7.74  1.00  193      up
170    hdd  1.97049   1.00000  2.0 TiB  156 GiB   957 MiB      0 B   481 MiB  1.8 TiB  7.74  1.00  187      up
180    hdd  1.97049   1.00000  2.0 TiB  156 GiB   879 MiB    2 KiB   362 MiB  1.8 TiB  7.74  1.00  181      up
190    hdd  1.97049   1.00000  2.0 TiB  156 GiB   889 MiB    2 KiB   377 MiB  1.8 TiB  7.74  1.00  174      up
200    hdd  1.97049   1.00000  2.0 TiB  156 GiB   886 MiB  108 MiB   1.0 GiB  1.8 TiB  7.74  1.00  175      up
210    hdd  1.97049   1.00000  2.0 TiB  156 GiB   988 MiB      0 B   524 MiB  1.8 TiB  7.74  1.00  197      up
220    hdd  1.97049   1.00000  2.0 TiB  156 GiB  1000 MiB      0 B   546 MiB  1.8 TiB  7.74  1.00  198      up
230    hdd  1.97049   1.00000  2.0 TiB  156 GiB   883 MiB      0 B   368 MiB  1.8 TiB  7.74  1.00  174      up
