2022/02/26-13:35:05: runIOworkload.sh - Created logfile: ./RESULTS/runIOworkload.sh_20220226-133504.log
Runtime Environment:
Linux f10-h29-b02-5039ms.rdu2.scalelab.redhat.com 4.18.0-348.el8.x86_64 #1 SMP Mon Oct 4 12:17:22 EDT 2021 x86_64 x86_64 x86_64 GNU/Linux
Red Hat Enterprise Linux release 8.5 (Ootpa)
ceph version 16.2.0-152.el8cp (e456e8b705cb2f4a779689a0d80b122bcb0d67c9) pacific (stable)
2022/02/26-13:35:05: > runmode=containerized
Key Variable Values:
2022/02/26-13:35:05: > pollinterval=300
2022/02/26-13:35:05: > RESULTSDIR=./RESULTS
Cluster variable settings:
2022/02/26-13:35:05: > MONhostname=f13-h26-b04-5039ms.rdu2.scalelab.redhat.com
2022/02/26-13:35:05: > RGWhostname=f10-h01-000-6049p.rdu2.scalelab.redhat.com
2022/02/26-13:35:05: ---------------------------------
2022/02/26-13:35:05: BEGIN /root/git_repo/DFGRGWtest/RGWtest/measure.xml contents:
<?xml version="1.0" encoding="UTF-8" ?>
<workload name="hybridSS" description="RGW testing">


<!-- Initialization -->
  <storage type="s3" config="timeout=900000;accesskey=W9ABUUVT9ELGCEODRROS;secretkey=3FSC6yeUC5OwBb3BAq0Y8SZA0Z3ICArDOSyMlDdH;endpoint=http://localhost:5000;path_style_access=true"/>
  <auth type="none"/>

  <workflow>

<!-- Use operation mix & object sizes as defined in vars.shinc	 -->

    <workstage name="MAIN">
        <work name="hybrid" workers="1988" runtime="3600" >
            <operation name="writeOP" type="write" ratio="36" config="containers=u(1,2);objects=u(1,75000000);sizes=h(1|2|25,2|4|40,4|8|25,8|256|10)KB" />
            <operation name="deleteOP" type="delete" ratio="5" config="containers=u(1,2);objects=u(1,75000000);sizes=h(1|2|25,2|4|40,4|8|25,8|256|10)KB" />
	    <operation name="readOP" type="read" ratio="44" config="containers=u(3,5);objects=u(1,75000000);hashCheck=true" />
            <operation name="listOP" type="list" ratio="15" config="containers=u(3,5);objects=u(1,75000000);hashCheck=true" />
        </work>
    </workstage>

  </workflow>

</workload>
2022/02/26-13:35:05: END /root/git_repo/DFGRGWtest/RGWtest/measure.xml
2022/02/26-13:35:06: 
CLASS     SIZE    AVAIL    USED  RAW USED  %RAW USED
TOTAL  567 TiB  510 TiB  58 TiB    58 TiB      10.18
POOL                       ID   PGS   STORED  OBJECTS     USED  %USED  MAX AVAIL
GC: 2022/02/26-13:35:07: Pending GC's == 1
2022/02/26-13:35:07: START: poll backgrd process
2022/02/26-13:35:08: ** POLL started

ceph balancer status
{
    "active": true,
    "last_optimize_duration": "0:00:00.118048",
    "last_optimize_started": "Sat Feb 26 13:34:31 2022",
    "mode": "upmap",
    "optimize_result": "Unable to find further optimization, or pool(s) pg_num is decreasing, or distribution is already perfect",
    "plans": []
}
2022/02/26-13:35:09: POLL backgrd processID 1315252
2022/02/26-13:35:09: START: cosbench launched
2022/02/26-13:35:09: OSD Settings:      "bluefs_buffered_io": "true",
    "bluestore_cache_trim_max_skip_pinned": "1000",
    "bluestore_rocksdb_options": "compression=kNoCompression,max_write_buffer_number=4,min_write_buffer_number_to_merge=1,recycle_log_file_num=4,write_buffer_size=268435456,writable_file_max_buffer_size=0,compaction_readahead_size=2097152,max_background_compactions=2,max_total_wal_size=1073741824",
    "bluestore_rocksdb_options_annex": "",
    "debug_objclass": "0/5",
    "log_to_file": "true",
    "mon_cluster_log_to_file": "true",
    "osd_crush_initial_weight": "-1.000000",
    "osd_deep_scrub_interval": "604800.000000",
    "osd_deep_scrub_large_omap_object_key_threshold": "200000",
    "osd_delete_sleep": "0.000000",
    "osd_delete_sleep_hdd": "5.000000",
    "osd_delete_sleep_hybrid": "1.000000",
    "osd_delete_sleep_ssd": "1.000000",
    "osd_max_backfills": "1",
    "osd_max_scrubs": "1",
    "osd_memory_target": "4294967296",
    "osd_memory_target_autotune": "true",
    "osd_memory_target_cgroup_limit_ratio": "0.800000",
    "osd_op_thread_timeout": "15",
    "osd_recovery_max_omap_entries_per_chunk": "8096",
    "osd_scrub_auto_repair": "false",
    "osd_scrub_auto_repair_num_errors": "5",
    "osd_scrub_begin_hour": "0",
    "osd_scrub_during_recovery": "false",
    "osd_scrub_end_hour": "0",
    "osd_scrub_max_interval": "604800.000000",
    "osd_scrub_sleep": "0.000000",
    "rocksdb_cache_size": "536870912",
2022/02/26-13:35:09: RGW Settings:      "debug_ms": "0/0",
    "debug_rgw": "1/5",
    "debug_rgw_sync": "1/5",
    "log_to_file": "true",
    "mon_cluster_log_to_file": "true",
    "rgw_dynamic_resharding": "true",
    "rgw_frontend_defaults": "beast ssl_certificate=config://rgw/cert/$realm/$zone.crt ssl_private_key=config://rgw/cert/$realm/$zone.key",
    "rgw_frontends": "beast endpoint=172.17.36.220:8080",
    "rgw_gc_max_concurrent_io": "10",
    "rgw_gc_max_deferred": "50",
    "rgw_gc_max_deferred_entries_size": "3072",
    "rgw_gc_max_objs": "32",
    "rgw_gc_max_queue_size": "134213632",
    "rgw_gc_max_trim_chunk": "16",
    "rgw_gc_obj_min_wait": "7200",
    "rgw_gc_processor_max_time": "3600",
    "rgw_gc_processor_period": "3600",
    "rgw_max_concurrent_requests": "2048",
    "rgw_override_bucket_index_max_shards": "0",
    "rgw_run_sync_thread": "true",
    "rgw_thread_pool_size": "1024",
2022/02/26-13:35:10: Accepted with ID: w13
2022/02/26-13:35:10: COSbench jobID is: w13 - Started

OSD swapon -s ...
f11-h01-000-6049p.rdu2.scalelab.redhat.com | CHANGED | rc=0 | (stdout) 
f11-h13-000-6049p.rdu2.scalelab.redhat.com | CHANGED | rc=0 | (stdout) 
f11-h05-000-6049p.rdu2.scalelab.redhat.com | CHANGED | rc=0 | (stdout) 
f11-h17-000-6049p.rdu2.scalelab.redhat.com | CHANGED | rc=0 | (stdout) 
f11-h09-000-6049p.rdu2.scalelab.redhat.com | CHANGED | rc=0 | (stdout) 
f10-h13-000-6049p.rdu2.scalelab.redhat.com | CHANGED | rc=0 | (stdout) 
f10-h01-000-6049p.rdu2.scalelab.redhat.com | CHANGED | rc=0 | (stdout) 
f10-h17-000-6049p.rdu2.scalelab.redhat.com | CHANGED | rc=0 | (stdout) 
f10-h05-000-6049p.rdu2.scalelab.redhat.com | CHANGED | rc=0 | (stdout) 
f10-h09-000-6049p.rdu2.scalelab.redhat.com | CHANGED | rc=0 | (stdout) 
f10-h25-000-6049p.rdu2.scalelab.redhat.com | CHANGED | rc=0 | (stdout) 
f10-h21-000-6049p.rdu2.scalelab.redhat.com | CHANGED | rc=0 | (stdout) 

2022/02/26-13:35:14: %RAW USED 10.18; Pending GCs 

--------------------------------------------------------

2022/02/26-13:35:18: RESHARD Queue Length 1
2022/02/26-13:35:18: RESHARD List []

LA: 2022/02/26-13:35:18:   2.93, 1.01, 0.82

RGW stats:          proc   %cpu %mem  vsz    rss     memused       memlimit
f10-h01-000-6049p.rdu2.scalelab.redhat.com   radosgw 66.8 0.0 5769152 309808   369903882240   9223372036854771712
f10-h05-000-6049p.rdu2.scalelab.redhat.com   radosgw 67.3 0.0 5811776 243188   371619651584   9223372036854771712
f10-h09-000-6049p.rdu2.scalelab.redhat.com   radosgw 66.0 0.0 5682352 245040   371589656576   9223372036854771712
f10-h13-000-6049p.rdu2.scalelab.redhat.com   radosgw 66.6 0.1 5900604 423808   377481453568   9223372036854771712
f10-h17-000-6049p.rdu2.scalelab.redhat.com   radosgw 65.6 0.0 5769596 331012   376652242944   9223372036854771712
f10-h21-000-6049p.rdu2.scalelab.redhat.com   radosgw 65.2 0.0 5730640 312256   376149749760   9223372036854771712
f10-h25-000-6049p.rdu2.scalelab.redhat.com   radosgw 65.8 0.0 5718320 229204   383938314240   9223372036854771712
f11-h01-000-6049p.rdu2.scalelab.redhat.com   radosgw 66.1 0.0 5767004 326576   380401131520   9223372036854771712
f11-h05-000-6049p.rdu2.scalelab.redhat.com   radosgw 65.2 0.0 5663400 226892   370146320384   9223372036854771712
f11-h09-000-6049p.rdu2.scalelab.redhat.com   radosgw 66.5 0.0 5676644 329276   369016193024   9223372036854771712
f11-h13-000-6049p.rdu2.scalelab.redhat.com   radosgw 64.8 0.0 5827152 240120   374529024000   9223372036854771712
f11-h17-000-6049p.rdu2.scalelab.redhat.com   radosgw 65.2 0.0 5757576 217924   366229278720   9223372036854771712

OSD: 
2022/02/26-13:35:25: f10-h01-000-6049p.rdu2.scalelab.redhat.com ceph-osd        16.6  0.9 6123396 3749384
ceph-osd        17.0  1.0 5883648 4146792
ceph-osd        11.5  1.0 5878656 4169500
ceph-osd        15.6  1.0 6087360 4115952
ceph-osd        10.9  1.0 5856976 4043268
ceph-osd        11.0  1.0 5735140 4021584
ceph-osd        12.6  0.9 5831144 3791820
ceph-osd        11.4  1.0 5822520 4232264
ceph-osd        14.1  1.0 5950068 4054776
ceph-osd        12.8  1.0 5884632 4101500
ceph-osd        11.4  1.0 5832008 4026920
ceph-osd        12.6  0.9 5767164 3880324
ceph-osd        16.6  1.0 6131032 4023352
ceph-osd        14.5  1.0 5973372 4101600
ceph-osd        16.1  1.0 6185692 4128308
ceph-osd        12.4  1.0 5779444 4161668
ceph-osd        13.9  1.0 5866660 4164132
ceph-osd        14.0  1.0 6101644 4037712
ceph-osd        12.6  1.0 5982172 4068460
ceph-osd        12.1  1.0 5994204 4062440
ceph-osd        13.7  0.9 5974636 3911932
ceph-osd        12.4  1.0 5884948 4007020
ceph-osd        13.8  1.0 6162220 4202328
ceph-osd        12.2  0.9 5924208 3732280
2022/02/26-13:35:25: f10-h05-000-6049p.rdu2.scalelab.redhat.com ceph-osd        12.9  0.9 5900456 3761028
ceph-osd        13.1  1.0 5938420 4071188
ceph-osd        13.0  1.0 5880328 4094040
ceph-osd        17.8  1.0 6334140 4068072
ceph-osd        12.2  1.0 5805352 4133456
ceph-osd        14.4  0.9 5889552 3873500
ceph-osd        15.2  1.0 6075564 4021440
ceph-osd        15.3  1.0 6024756 4174260
ceph-osd        13.2  1.0 5820704 4130312
ceph-osd        12.9  1.0 5867088 4121124
ceph-osd        14.1  1.0 6039216 4152388
ceph-osd        16.1  1.0 6087536 4013604
ceph-osd        15.5  0.9 6188960 3912340
ceph-osd        15.6  0.9 5982728 3825744
ceph-osd        12.6  1.0 5846928 4155252
ceph-osd        16.3  0.9 6211372 3641184
ceph-osd        17.7  1.0 6121740 4092892
ceph-osd        14.5  1.0 6091516 4112008
ceph-osd        16.8  0.9 6116808 3905648
ceph-osd        15.3  0.9 6141044 3862088
ceph-osd        15.1  0.9 5996780 3836588
ceph-osd        13.9  0.9 5888764 3899904
ceph-osd        15.8  0.9 6090856 3593836
ceph-osd        13.3  0.9 5855412 3893088
2022/02/26-13:35:25: f10-h09-000-6049p.rdu2.scalelab.redhat.com ceph-osd        16.8  0.9 6110868 3824312
ceph-osd        16.0  1.0 6113364 4022752
ceph-osd        14.3  1.0 5984700 3970064
ceph-osd        14.6  0.9 6331264 3865232
ceph-osd        16.3  1.0 6208616 4013552
ceph-osd        14.9  1.0 5874080 4065812
ceph-osd        12.8  0.9 5842220 3855904
ceph-osd        12.9  0.9 5684784 3741600
ceph-osd        12.1  1.0 5855340 4148860
ceph-osd        13.2  1.0 5831216 4108868
ceph-osd        14.0  1.0 5834664 4207756
ceph-osd        12.9  0.9 6060392 3867536
ceph-osd        10.1  1.0 5922492 3990856
ceph-osd        14.6  0.9 6165956 3788932
ceph-osd        13.7  0.9 5854060 3905852
ceph-osd        16.0  0.9 6199940 3915244
ceph-osd        15.2  0.9 5972892 3752724
ceph-osd        15.6  1.0 5866200 3957132
ceph-osd        14.4  0.9 6093764 3892860
ceph-osd        15.6  0.9 6196148 3912492
ceph-osd        11.4  1.0 6123592 4092852
ceph-osd        15.4  0.9 6054764 3913544
ceph-osd        15.4  0.9 5952828 3831272
ceph-osd        14.8  1.0 5904496 4074640
2022/02/26-13:35:25: f10-h13-000-6049p.rdu2.scalelab.redhat.com ceph-osd        16.8  1.0 6047096 4135920
ceph-osd        10.6  1.0 5889088 4100516
ceph-osd        13.8  1.0 6127040 4193168
ceph-osd        14.0  0.8 5990288 3270420
ceph-osd        18.3  1.0 6146780 3956012
ceph-osd        14.8  1.0 5997816 3966136
ceph-osd        13.2  1.0 5841192 4185036
ceph-osd        15.5  1.0 6086308 4054024
ceph-osd        16.2  0.9 6011752 3800912
ceph-osd        12.8  1.0 6232900 4096236
ceph-osd        16.7  0.9 6040532 3886792
ceph-osd        17.2  1.0 6224940 4084372
ceph-osd        14.7  0.8 6099924 3409492
ceph-osd        13.5  1.0 5961352 4109336
ceph-osd        12.7  1.0 5810848 4105244
ceph-osd        12.3  1.0 5823492 4169624
ceph-osd        12.4  1.0 5860232 4084088
ceph-osd        12.5  1.0 5855248 4128184
ceph-osd        13.1  0.9 5799324 3618816
ceph-osd        13.2  0.9 6031308 3861816
ceph-osd        13.2  1.0 5988772 3949448
ceph-osd        13.8  1.0 6068464 4071008
ceph-osd        14.3  1.0 6059972 4145228
ceph-osd        14.5  1.0 6077136 4124808
2022/02/26-13:35:26: f10-h17-000-6049p.rdu2.scalelab.redhat.com ceph-osd        11.8  1.0 5847752 4182480
ceph-osd        16.4  1.0 6099400 4216940
ceph-osd        14.5  1.0 6019300 3988952
ceph-osd        14.1  1.0 5900220 4158704
ceph-osd        15.0  1.0 5878804 4120816
ceph-osd        14.1  1.0 5940780 4130656
ceph-osd        16.5  1.0 6054940 4179412
ceph-osd        14.1  1.0 5909020 4155364
ceph-osd        12.6  1.0 6000788 4201044
ceph-osd        16.6  1.0 5992960 4108748
ceph-osd        13.4  0.8 5920632 3306684
ceph-osd        13.2  1.0 5906848 4175256
ceph-osd        19.0  0.9 5958168 3732496
ceph-osd        16.2  1.0 6033224 3974724
ceph-osd        13.8  1.0 5867220 4081164
ceph-osd        12.8  0.9 5909608 3915112
ceph-osd        13.9  1.0 6007492 4120756
ceph-osd        15.7  1.0 6002364 4015528
ceph-osd        15.6  1.0 6034956 4072040
ceph-osd        12.2  1.0 5932724 4068712
ceph-osd        13.3  1.0 5948120 4094160
ceph-osd        12.7  1.0 5978092 4093888
ceph-osd        13.2  1.0 6042600 4014128
ceph-osd        13.8  0.9 5990528 3890116
2022/02/26-13:35:26: f10-h21-000-6049p.rdu2.scalelab.redhat.com ceph-osd        12.8  0.9 5926608 3886892
ceph-osd        15.9  1.0 5993844 4170192
ceph-osd        12.0  0.9 5920500 3933648
ceph-osd        13.9  1.0 5956840 4125640
ceph-osd        11.8  1.0 5894248 3984800
ceph-osd        11.8  1.0 5891296 4024916
ceph-osd        11.0  1.0 6050536 4183280
ceph-osd        12.7  1.0 5952992 4002036
ceph-osd        12.4  0.9 5955624 3688040
ceph-osd        12.5  0.9 5990068 3913840
ceph-osd        12.1  1.0 5888724 4185912
ceph-osd        13.7  1.0 6028188 4175864
ceph-osd        13.6  1.0 6088700 4066788
ceph-osd        11.2  1.0 5993356 4156724
ceph-osd        16.8  0.9 6124856 3727760
ceph-osd        15.2  1.0 5998652 4048320
ceph-osd        14.7  1.0 6023912 4056568
ceph-osd        13.6  1.0 5910196 4002596
ceph-osd        15.1  0.9 5974416 3816400
ceph-osd        11.3  1.0 5836652 4023444
ceph-osd        13.5  1.0 5792672 4144008
ceph-osd        13.0  1.0 6027344 4001004
ceph-osd        13.9  0.9 5876488 3877012
ceph-osd        14.8  1.0 5823320 4062364
2022/02/26-13:35:26: f10-h25-000-6049p.rdu2.scalelab.redhat.com ceph-osd        14.0  1.0 6168308 4106928
ceph-osd        13.4  0.9 6104964 3805076
ceph-osd        15.1  1.0 5935484 3978448
ceph-osd        15.0  1.0 5888504 4116128
ceph-osd        13.5  0.9 5926592 3841520
ceph-osd        12.3  0.8 5887420 3502804
ceph-osd        15.8  1.0 5943176 4050228
ceph-osd        12.8  1.0 5899800 4062560
ceph-osd        12.2  1.0 5902216 4123904
ceph-osd        15.6  0.9 6316640 3908212
ceph-osd        11.0  1.0 5826512 3993856
ceph-osd        13.4  0.9 5981164 3815628
ceph-osd        12.2  0.9 5749480 3774212
ceph-osd        15.1  1.0 5933776 4121488
ceph-osd        11.6  1.0 5846896 3964864
ceph-osd        15.0  1.0 6045352 4177732
ceph-osd        14.6  1.0 6056108 3994916
ceph-osd        11.1  1.0 5760976 3947664
ceph-osd        13.2  1.0 6126836 4163836
ceph-osd        14.2  0.8 5922076 3237600
ceph-osd        13.1  0.9 5966588 3615216
ceph-osd        16.1  0.9 6371600 3765628
ceph-osd        13.7  1.0 5970364 4023264
ceph-osd        13.2  0.9 5966860 3906612
2022/02/26-13:35:26: f11-h01-000-6049p.rdu2.scalelab.redhat.com ceph-osd        14.1  1.0 6172420 4034128
ceph-osd        15.1  1.0 6157476 4076424
ceph-osd        13.4  1.0 5840116 4159860
ceph-osd        12.2  1.0 6028384 4141312
ceph-osd        11.8  1.0 5866200 4005664
ceph-osd        15.6  1.0 6040396 4133084
ceph-osd        13.6  1.0 5905584 3966092
ceph-osd        10.6  1.0 5819760 4058328
ceph-osd        15.3  1.0 6005784 4104016
ceph-osd        12.7  1.0 5934384 4016760
ceph-osd        12.3  1.0 5905656 3985468
ceph-osd        12.9  0.9 6103124 3943308
ceph-osd        15.7  1.0 5870896 4126596
ceph-osd        13.3  1.0 6013724 4035412
ceph-osd        13.4  1.0 5844688 4105208
ceph-osd        14.8  0.9 5955164 3666768
ceph-osd        14.1  1.0 5966544 3995444
ceph-osd        13.0  1.0 5912604 4034188
ceph-osd        15.5  1.0 6008580 4134200
ceph-osd        14.3  1.0 5961892 3985792
ceph-osd        16.9  1.0 5906304 4158612
ceph-osd        14.0  1.0 6056696 4002616
ceph-osd        11.8  0.8 5818620 3406536
ceph-osd        13.2  1.0 5903488 4166420
2022/02/26-13:35:26: f11-h05-000-6049p.rdu2.scalelab.redhat.com ceph-osd        13.6  1.0 5952060 4006988
ceph-osd        14.4  0.9 5924320 3928628
ceph-osd        13.4  0.9 6102152 3561120
ceph-osd        11.9  0.9 6010784 3661748
ceph-osd        12.6  0.9 5995476 3829580
ceph-osd        13.6  1.0 6007968 4019156
ceph-osd        12.6  1.0 5929764 4071816
ceph-osd        12.4  0.9 5847448 3923224
ceph-osd        13.9  0.8 6110364 3196356
ceph-osd        13.4  1.0 6152112 4036884
ceph-osd        11.8  1.0 5794040 4090004
ceph-osd        17.1  1.0 6132556 4223088
ceph-osd        14.2  1.0 5830928 4087232
ceph-osd        13.5  1.0 6031072 4044972
ceph-osd        15.2  1.0 6019408 4183768
ceph-osd        13.5  0.9 5974984 3825336
ceph-osd        14.5  0.9 6007504 3909660
ceph-osd        12.5  1.0 6105212 4006556
ceph-osd        15.0  1.0 6061132 4173460
ceph-osd        14.7  1.0 6067852 3985128
ceph-osd        13.4  1.0 5817060 4003180
ceph-osd        11.0  0.9 5628004 3930784
ceph-osd        15.1  1.0 5945300 4178844
ceph-osd        13.7  0.9 5904048 3901548
2022/02/26-13:35:27: f11-h09-000-6049p.rdu2.scalelab.redhat.com ceph-osd        14.6  1.0 5911380 4091760
ceph-osd        14.7  1.0 5995212 3953280
ceph-osd        15.2  1.0 6219524 4198952
ceph-osd        11.8  1.0 5761188 4079704
ceph-osd        14.2  0.9 6088100 3918988
ceph-osd        12.7  1.0 5974324 4192816
ceph-osd        12.8  0.9 6013464 3913828
ceph-osd        10.8  1.0 5840252 4024724
ceph-osd        13.9  0.9 6068148 3763272
ceph-osd        16.0  0.9 5981488 3732400
ceph-osd        12.4  0.9 5890796 3937544
ceph-osd        14.9  1.0 6137148 4095636
ceph-osd        14.2  0.9 5960584 3799804
ceph-osd        14.2  0.9 5962556 3780644
ceph-osd        16.1  1.0 6121184 3993860
ceph-osd        11.5  1.0 5966600 4176888
ceph-osd        18.8  1.0 6145856 4044256
ceph-osd        16.1  1.0 6004064 4033940
ceph-osd        15.1  0.9 5953228 3898496
ceph-osd        12.3  1.0 5974220 3960272
ceph-osd        13.4  0.8 5985160 3424376
ceph-osd        14.0  1.0 5944232 4132396
ceph-osd        18.6  1.0 5945428 4132260
ceph-osd        14.8  1.0 6303492 4161784
2022/02/26-13:35:27: f11-h13-000-6049p.rdu2.scalelab.redhat.com ceph-osd        14.7  0.9 6019592 3881220
ceph-osd        12.5  1.0 5908460 4076404
ceph-osd        14.5  1.0 5944532 4191628
ceph-osd        13.6  0.9 5983824 3625732
ceph-osd        14.6  1.0 6062124 4098560
ceph-osd        11.6  1.0 6001180 4126480
ceph-osd        10.8  1.0 5826656 3958332
ceph-osd        10.9  1.0 5938348 4089368
ceph-osd        11.5  1.0 5940868 4187752
ceph-osd        13.1  1.0 5858020 4132160
ceph-osd        15.4  0.9 6082100 3917672
ceph-osd        13.9  1.0 5861688 4186424
ceph-osd        13.2  0.9 6077148 3901540
ceph-osd        12.7  1.0 6026836 4040180
ceph-osd        14.4  1.0 6085300 4122348
ceph-osd        12.9  1.0 5806036 4078840
ceph-osd        16.9  0.9 5952996 3881612
ceph-osd        14.8  0.8 6164320 3321004
ceph-osd        13.4  1.0 5951288 4213912
ceph-osd        13.9  1.0 6192268 3962480
ceph-osd        11.3  1.0 5799380 4126836
ceph-osd        11.1  0.9 5830548 3582092
ceph-osd        13.6  1.0 6032264 4011220
ceph-osd        11.5  1.0 5876464 4168200
2022/02/26-13:35:27: f11-h17-000-6049p.rdu2.scalelab.redhat.com ceph-osd        12.6  0.9 6080784 3826392
ceph-osd        12.4  1.0 6114368 4045704
ceph-osd        14.4  1.0 6121632 4206260
ceph-osd        15.2  1.0 6018384 4013632
ceph-osd        13.9  1.0 6034276 3975784
ceph-osd        13.8  0.9 6035980 3889164
ceph-osd        13.2  0.9 6009784 3874100
ceph-osd        12.2  1.0 6123820 3960024
ceph-osd        12.3  1.0 5927236 4141160
ceph-osd        14.2  1.0 5926624 4191584
ceph-osd        12.7  1.0 5891848 4064172
ceph-osd        14.5  1.0 5900436 4099896
ceph-osd        13.3  0.8 6028508 3277064
ceph-osd        10.9  1.0 5775452 4190044
ceph-osd        11.0  0.9 5983312 3755956
ceph-osd        12.3  1.0 5970624 4097104
ceph-osd        13.6  1.0 5963404 4109760
ceph-osd        14.5  0.8 6257512 3183220
ceph-osd        13.4  1.0 5940064 4106640
ceph-osd        12.3  1.0 5963108 3978672
ceph-osd        12.2  1.0 5913652 4039268
ceph-osd        14.3  0.9 5883820 3720920
ceph-osd        13.0  0.9 5977580 3583068
ceph-osd        16.9  0.9 5996936 3861968

Site2 buckets (rgw):
2022/02/26-13:35:31:         "bucket": "mycontainers1",
        "num_shards": 1453,
                "num_objects": 74987086
        "bucket": "mycontainers3",
        "num_shards": 1061,
                "num_objects": 74993175
        "bucket": "mycontainers4",
        "num_shards": 1493,
                "num_objects": 74994897
        "bucket": "mycontainers2",
        "num_shards": 1171,
                "num_objects": 74984824
        "bucket": "mycontainers5",
        "num_shards": 1087,
                "num_objects": 74995309

Cluster status
  cluster:
    id:     ffdc49e2-9622-11ec-9f52-ac1f6b2d5d2a
    health: HEALTH_WARN
            nobackfill,norebalance,norecover,noscrub,nodeep-scrub flag(s) set
 
  services:
    mon: 3 daemons, quorum f13-h26-b04-5039ms.rdu2.scalelab.redhat.com,f13-h26-b08-5039ms,f13-h26-b07-5039ms (age 27h)
    mgr: f13-h26-b04-5039ms.rdu2.scalelab.redhat.com.uyhevq(active, since 26h), standbys: f13-h26-b07-5039ms.iweveu, f13-h26-b08-5039ms.nhdqye
    osd: 288 osds: 288 up (since 26h), 288 in (since 26h); 524 remapped pgs
         flags nobackfill,norebalance,norecover,noscrub,nodeep-scrub
    rgw: 12 daemons active (12 hosts, 1 zones)
 
  data:
    pools:   7 pools, 9729 pgs
    objects: 374.99M objects, 5.1 TiB
    usage:   58 TiB used, 510 TiB / 567 TiB avail
    pgs:     23605364/2249918964 objects misplaced (1.049%)
             9205 active+clean
             433  active+remapped+backfill_wait
             91   active+remapped+backfilling
 
  io:
    client:   193 MiB/s rd, 111 MiB/s wr, 109.19k op/s rd, 90.58k op/s wr
 
2022/02/26-13:35:32: ceph df detail --- RAW STORAGE ---
CLASS     SIZE    AVAIL    USED  RAW USED  %RAW USED
hdd    567 TiB  510 TiB  58 TiB    58 TiB      10.18
TOTAL  567 TiB  510 TiB  58 TiB    58 TiB      10.18
 
--- POOLS ---
POOL                       ID   PGS   STORED   (DATA)   (OMAP)  OBJECTS     USED   (DATA)   (OMAP)  %USED  MAX AVAIL  QUOTA OBJECTS  QUOTA BYTES    DIRTY  USED COMPR  UNDER COMPR
device_health_metrics       1     1      0 B      0 B      0 B      315      0 B      0 B      0 B      0    160 TiB            N/A          N/A      315         0 B          0 B
default.rgw.control         6   256      0 B      0 B      0 B        8      0 B      0 B      0 B      0    160 TiB            N/A          N/A        8         0 B          0 B
default.rgw.buckets.data    7  8192  9.4 TiB  9.4 TiB      0 B  374.98M   14 TiB   14 TiB      0 B   2.85    320 TiB            N/A          N/A  374.98M         0 B          0 B
default.rgw.buckets.index   8   512  108 GiB      0 B  108 GiB    7.39k  323 GiB      0 B  323 GiB   0.07    160 TiB            N/A          N/A    7.39k         0 B          0 B
default.rgw.log             9   256  3.5 MiB   59 KiB  3.4 MiB      406   13 MiB  2.7 MiB   10 MiB      0    160 TiB            N/A          N/A      406         0 B          0 B
default.rgw.meta           10   256  498 KiB  3.2 KiB  495 KiB       15  1.6 MiB  168 KiB  1.4 MiB      0    160 TiB            N/A          N/A       15         0 B          0 B
.rgw.root                  11   256  1.3 KiB  1.3 KiB      0 B        4   48 KiB   48 KiB      0 B      0    160 TiB            N/A          N/A        4         0 B          0 B

Site2 pool PG counts:
pool 1 'device_health_metrics' replicated size 3 min_size 2 crush_rule 0 object_hash rjenkins pg_num 1 pgp_num 1 autoscale_mode on last_change 861 flags hashpspool stripe_width 0 pg_num_min 1 application mgr_devicehealth,rgw
pool 6 'default.rgw.control' replicated size 3 min_size 2 crush_rule 0 object_hash rjenkins pg_num 256 pgp_num 256 autoscale_mode on last_change 862 flags hashpspool stripe_width 0 pg_num_min 256 application rgw
pool 7 'default.rgw.buckets.data' erasure profile myprofile size 6 min_size 5 crush_rule 1 object_hash rjenkins pg_num 8192 pgp_num 8192 autoscale_mode on last_change 878 lfor 0/0/876 flags hashpspool stripe_width 16384 pg_num_min 8192 application rgw
pool 8 'default.rgw.buckets.index' replicated size 3 min_size 2 crush_rule 0 object_hash rjenkins pg_num 512 pgp_num 512 autoscale_mode on last_change 864 flags hashpspool stripe_width 0 pg_num_min 512 application rgw
pool 9 'default.rgw.log' replicated size 3 min_size 2 crush_rule 0 object_hash rjenkins pg_num 256 pgp_num 256 autoscale_mode on last_change 865 flags hashpspool stripe_width 0 pg_num_min 256 application rgw
pool 10 'default.rgw.meta' replicated size 3 min_size 2 crush_rule 0 object_hash rjenkins pg_num 256 pgp_num 256 autoscale_mode on last_change 866 flags hashpspool stripe_width 0 pg_num_min 256 application rgw
pool 11 '.rgw.root' replicated size 3 min_size 2 crush_rule 0 object_hash rjenkins pg_num 256 pgp_num 256 autoscale_mode on last_change 867 flags hashpspool stripe_width 0 pg_num_min 256 application rgw


Site2 buckets df
2022/02/26-13:35:32: POOL                       ID   PGS   STORED  OBJECTS     USED  %USED  MAX AVAIL
default.rgw.control         6   256      0 B        8      0 B      0    160 TiB
default.rgw.buckets.data    7  8192  9.4 TiB  374.98M   14 TiB   2.85    320 TiB
default.rgw.buckets.index   8   512  108 GiB    7.39k  323 GiB   0.07    160 TiB
default.rgw.log             9   256  3.5 MiB      406   13 MiB      0    160 TiB
default.rgw.meta           10   256  498 KiB       15  1.6 MiB      0    160 TiB

OSD/RGW free:
2022/02/26-13:35:33: f10-h01-000-6049p.rdu2.scalelab.redhat.com                total        used        free      shared  buff/cache   available
Mem:          376Gi        97Gi        15Gi       4.2Gi       263Gi       272Gi
Swap:            0B          0B          0B

Ceph osd df:
2022/02/26-13:35:33: ID   CLASS  WEIGHT   REWEIGHT  SIZE     RAW USE  DATA    OMAP      META     AVAIL    %USE   VAR   PGS  STATUS
264    hdd  1.97049   1.00000  2.0 TiB  207 GiB  52 GiB   2.0 GiB   12 GiB  1.8 TiB  10.26  1.01  203      up
265    hdd  1.97049   1.00000  2.0 TiB  206 GiB  51 GiB   1.9 GiB   12 GiB  1.8 TiB  10.23  1.00  189      up
266    hdd  1.97049   1.00000  2.0 TiB  207 GiB  52 GiB   515 MiB   12 GiB  1.8 TiB  10.26  1.01  192      up
267    hdd  1.97049   1.00000  2.0 TiB  208 GiB  53 GiB   1.5 GiB   12 GiB  1.8 TiB  10.33  1.01  193      up
268    hdd  1.97049   1.00000  2.0 TiB  205 GiB  50 GiB   590 MiB   12 GiB  1.8 TiB  10.17  1.00  179      up
269    hdd  1.97049   1.00000  2.0 TiB  203 GiB  47 GiB   515 MiB   11 GiB  1.8 TiB  10.04  0.99  175      up
270    hdd  1.97049   1.00000  2.0 TiB  208 GiB  53 GiB   650 MiB   12 GiB  1.8 TiB  10.32  1.01  193      up
271    hdd  1.97049   1.00000  2.0 TiB  208 GiB  53 GiB   164 MiB   12 GiB  1.8 TiB  10.30  1.01  190      up
272    hdd  1.97049   1.00000  2.0 TiB  205 GiB  50 GiB   746 MiB   11 GiB  1.8 TiB  10.17  1.00  188      up
273    hdd  1.97049   1.00000  2.0 TiB  203 GiB  47 GiB   591 MiB   11 GiB  1.8 TiB  10.04  0.99  177      up
274    hdd  1.97049   1.00000  2.0 TiB  206 GiB  50 GiB   238 MiB   11 GiB  1.8 TiB  10.19  1.00  180      up
275    hdd  1.97049   1.00000  2.0 TiB  203 GiB  47 GiB   471 MiB   11 GiB  1.8 TiB  10.04  0.99  177      up
276    hdd  1.97049   1.00000  2.0 TiB  203 GiB  47 GiB   1.3 GiB   11 GiB  1.8 TiB  10.04  0.99  180      up
277    hdd  1.97049   1.00000  2.0 TiB  205 GiB  50 GiB   1.1 GiB   12 GiB  1.8 TiB  10.17  1.00  186      up
278    hdd  1.97049   1.00000  2.0 TiB  208 GiB  53 GiB   2.0 GiB   12 GiB  1.8 TiB  10.32  1.01  195      up
279    hdd  1.97049   1.00000  2.0 TiB  205 GiB  50 GiB   288 MiB   12 GiB  1.8 TiB  10.17  1.00  182      up
280    hdd  1.97049   1.00000  2.0 TiB  208 GiB  53 GiB   671 MiB   12 GiB  1.8 TiB  10.32  1.01  190      up
281    hdd  1.97049   1.00000  2.0 TiB  208 GiB  53 GiB  1012 MiB   12 GiB  1.8 TiB  10.32  1.01  193      up
282    hdd  1.97049   1.00000  2.0 TiB  203 GiB  47 GiB   999 MiB   11 GiB  1.8 TiB  10.04  0.99  178      up
283    hdd  1.97049   1.00000  2.0 TiB  202 GiB  47 GiB   856 MiB   11 GiB  1.8 TiB  10.03  0.98  174      up
284    hdd  1.97049   1.00000  2.0 TiB  208 GiB  53 GiB   869 MiB   12 GiB  1.8 TiB  10.32  1.01  193      up
285    hdd  1.97049   1.00000  2.0 TiB  206 GiB  51 GiB   722 MiB   12 GiB  1.8 TiB  10.21  1.00  188      up
286    hdd  1.97049   1.00000  2.0 TiB  204 GiB  49 GiB   1.3 GiB   11 GiB  1.8 TiB  10.12  0.99  183      up
287    hdd  1.97049   1.00000  2.0 TiB  203 GiB  47 GiB   947 MiB   11 GiB  1.8 TiB  10.04  0.99  175      up
  9    hdd  1.97049   1.00000  2.0 TiB  204 GiB  48 GiB   1.7 GiB   11 GiB  1.8 TiB  10.09  0.99  181      up
 17    hdd  1.97049   1.00000  2.0 TiB  207 GiB  51 GiB   601 MiB   12 GiB  1.8 TiB  10.24  1.01  190      up
 24    hdd  1.97049   1.00000  2.0 TiB  208 GiB  53 GiB   2.0 GiB   12 GiB  1.8 TiB  10.33  1.01  208      up
 34    hdd  1.97049   1.00000  2.0 TiB  204 GiB  48 GiB   1.8 GiB   11 GiB  1.8 TiB  10.09  0.99  184      up
 43    hdd  1.97049   1.00000  2.0 TiB  208 GiB  53 GiB   1.4 GiB   12 GiB  1.8 TiB  10.33  1.01  202      up
 53    hdd  1.97049   1.00000  2.0 TiB  208 GiB  53 GiB   2.1 GiB   12 GiB  1.8 TiB  10.33  1.01  204      up
 61    hdd  1.97049   1.00000  2.0 TiB  208 GiB  53 GiB   1.3 GiB   12 GiB  1.8 TiB  10.33  1.01  194      up
 71    hdd  1.97049   1.00000  2.0 TiB  203 GiB  48 GiB   1.4 GiB   11 GiB  1.8 TiB  10.08  0.99  181      up
 81    hdd  1.97049   1.00000  2.0 TiB  206 GiB  51 GiB   955 MiB   12 GiB  1.8 TiB  10.21  1.00  185      up
 92    hdd  1.97049   1.00000  2.0 TiB  205 GiB  50 GiB   723 MiB   12 GiB  1.8 TiB  10.17  1.00  185      up
102    hdd  1.97049   1.00000  2.0 TiB  203 GiB  48 GiB   1.1 GiB   11 GiB  1.8 TiB  10.09  0.99  178      up
112    hdd  1.97049   1.00000  2.0 TiB  203 GiB  48 GiB   1.3 GiB   11 GiB  1.8 TiB  10.09  0.99  177      up
122    hdd  1.97049   1.00000  2.0 TiB  205 GiB  50 GiB   972 MiB   11 GiB  1.8 TiB  10.16  1.00  179      up
132    hdd  1.97049   1.00000  2.0 TiB  208 GiB  53 GiB   1.8 GiB   12 GiB  1.8 TiB  10.33  1.01  204      up
142    hdd  1.97049   1.00000  2.0 TiB  208 GiB  53 GiB   210 MiB   12 GiB  1.8 TiB  10.30  1.01  193      up
151    hdd  1.97049   1.00000  2.0 TiB  206 GiB  51 GiB   1.4 GiB   12 GiB  1.8 TiB  10.20  1.00  187      up
161    hdd  1.97049   1.00000  2.0 TiB  208 GiB  53 GiB   1.5 GiB   12 GiB  1.8 TiB  10.33  1.01  194      up
171    hdd  1.97049   1.00000  2.0 TiB  203 GiB  48 GiB   873 MiB   11 GiB  1.8 TiB  10.08  0.99  178      up
181    hdd  1.97049   1.00000  2.0 TiB  203 GiB  48 GiB   525 MiB   11 GiB  1.8 TiB  10.08  0.99  172      up
191    hdd  1.97049   1.00000  2.0 TiB  206 GiB  50 GiB   1.3 GiB   11 GiB  1.8 TiB  10.19  1.00  187      up
201    hdd  1.97049   1.00000  2.0 TiB  203 GiB  48 GiB   1.4 GiB   11 GiB  1.8 TiB  10.08  0.99  178      up
211    hdd  1.97049   1.00000  2.0 TiB  209 GiB  53 GiB   1.4 GiB   12 GiB  1.8 TiB  10.33  1.01  197      up
221    hdd  1.97049   1.00000  2.0 TiB  205 GiB  49 GiB   1.5 GiB   11 GiB  1.8 TiB  10.14  1.00  183      up
231    hdd  1.97049   1.00000  2.0 TiB  208 GiB  53 GiB   843 MiB   12 GiB  1.8 TiB  10.32  1.01  195      up
  3    hdd  1.97049   1.00000  2.0 TiB  205 GiB  50 GiB   1.3 GiB   11 GiB  1.8 TiB  10.16  1.00  177      up
 13    hdd  1.97049   1.00000  2.0 TiB  201 GiB  46 GiB   1.8 GiB   11 GiB  1.8 TiB   9.97  0.98  175      up
 22    hdd  1.97049   1.00000  2.0 TiB  202 GiB  46 GiB   1.4 GiB   11 GiB  1.8 TiB  10.00  0.98  179      up
 31    hdd  1.97049   1.00000  2.0 TiB  205 GiB  50 GiB   1.0 GiB   12 GiB  1.8 TiB  10.16  1.00  181      up
 42    hdd  1.97049   1.00000  2.0 TiB  203 GiB  47 GiB   1.8 GiB   11 GiB  1.8 TiB  10.04  0.99  180      up
 51    hdd  1.97049   1.00000  2.0 TiB  208 GiB  53 GiB   1.8 GiB   12 GiB  1.8 TiB  10.33  1.01  196      up
 62    hdd  1.97049   1.00000  2.0 TiB  208 GiB  53 GiB   623 MiB   12 GiB  1.8 TiB  10.32  1.01  192      up
 72    hdd  1.97049   1.00000  2.0 TiB  207 GiB  52 GiB   1.8 GiB   12 GiB  1.8 TiB  10.27  1.01  198      up
 82    hdd  1.97049   1.00000  2.0 TiB  203 GiB  48 GiB   1.2 GiB   11 GiB  1.8 TiB  10.05  0.99  182      up
 91    hdd  1.97049   1.00000  2.0 TiB  206 GiB  51 GiB   1.0 GiB   12 GiB  1.8 TiB  10.23  1.00  185      up
101    hdd  1.97049   1.00000  2.0 TiB  206 GiB  50 GiB   1.7 GiB   11 GiB  1.8 TiB  10.19  1.00  188      up
111    hdd  1.97049   1.00000  2.0 TiB  208 GiB  53 GiB   765 MiB   12 GiB  1.8 TiB  10.33  1.01  193      up
121    hdd  1.97049   1.00000  2.0 TiB  205 GiB  50 GiB   1.5 GiB   12 GiB  1.8 TiB  10.17  1.00  184      up
131    hdd  1.97049   1.00000  2.0 TiB  204 GiB  49 GiB   2.3 GiB   11 GiB  1.8 TiB  10.10  0.99  187      up
141    hdd  1.97049   1.00000  2.0 TiB  202 GiB  47 GiB   1.7 GiB   11 GiB  1.8 TiB  10.03  0.98  184      up
152    hdd  1.97049   1.00000  2.0 TiB  208 GiB  53 GiB   426 MiB   12 GiB  1.8 TiB  10.33  1.01  195      up
162    hdd  1.97049   1.00000  2.0 TiB  206 GiB  50 GiB   509 MiB   11 GiB  1.8 TiB  10.19  1.00  185      up
172    hdd  1.97049   1.00000  2.0 TiB  200 GiB  45 GiB   691 MiB   11 GiB  1.8 TiB   9.93  0.97  162      up
182    hdd  1.97049   1.00000  2.0 TiB  201 GiB  46 GiB   1.1 GiB   11 GiB  1.8 TiB   9.95  0.98  164      up
192    hdd  1.97049   1.00000  2.0 TiB  206 GiB  51 GiB   1.7 GiB   12 GiB  1.8 TiB  10.23  1.00  199      up
202    hdd  1.97049   1.00000  2.0 TiB  205 GiB  49 GiB   607 MiB   11 GiB  1.8 TiB  10.14  1.00  189      up
212    hdd  1.97049   1.00000  2.0 TiB  203 GiB  48 GiB   313 MiB   11 GiB  1.8 TiB  10.07  0.99  178      up
222    hdd  1.97049   1.00000  2.0 TiB  200 GiB  45 GiB   1.2 GiB   11 GiB  1.8 TiB   9.91  0.97  169      up
232    hdd  1.97049   1.00000  2.0 TiB  205 GiB  49 GiB   1.6 GiB   12 GiB  1.8 TiB  10.14  1.00  180      up
  2    hdd  1.97049   1.00000  2.0 TiB  206 GiB  51 GiB   2.1 GiB   12 GiB  1.8 TiB  10.22  1.00  191      up
 11    hdd  1.97049   1.00000  2.0 TiB  204 GiB  49 GiB   224 MiB   11 GiB  1.8 TiB  10.13  0.99  177      up
 20    hdd  1.97049   1.00000  2.0 TiB  209 GiB  53 GiB   1.3 GiB   12 GiB  1.8 TiB  10.35  1.02  197      up
 32    hdd  1.97049   1.00000  2.0 TiB  206 GiB  51 GiB   901 MiB   12 GiB  1.8 TiB  10.20  1.00  183      up
 44    hdd  1.97049   1.00000  2.0 TiB  207 GiB  52 GiB   720 MiB   12 GiB  1.8 TiB  10.25  1.01  184      up
 54    hdd  1.97049   1.00000  2.0 TiB  204 GiB  49 GiB   1.1 GiB   11 GiB  1.8 TiB  10.10  0.99  180      up
 65    hdd  1.97049   1.00000  2.0 TiB  209 GiB  54 GiB   714 MiB   12 GiB  1.8 TiB  10.35  1.02  195      up
 74    hdd  1.97049   1.00000  2.0 TiB  204 GiB  49 GiB   1.2 GiB   11 GiB  1.8 TiB  10.13  0.99  191      up
 84    hdd  1.97049   1.00000  2.0 TiB  204 GiB  49 GiB   2.1 GiB   11 GiB  1.8 TiB  10.11  0.99  188      up
 94    hdd  1.97049   1.00000  2.0 TiB  208 GiB  53 GiB   1.1 GiB   12 GiB  1.8 TiB  10.33  1.01  203      up
104    hdd  1.97049   1.00000  2.0 TiB  208 GiB  53 GiB   2.3 GiB   12 GiB  1.8 TiB  10.30  1.01  197      up
114    hdd  1.97049   1.00000  2.0 TiB  207 GiB  52 GiB   933 MiB   12 GiB  1.8 TiB  10.27  1.01  191      up
124    hdd  1.97049   1.00000  2.0 TiB  204 GiB  48 GiB   927 MiB   11 GiB  1.8 TiB  10.09  0.99  177      up
134    hdd  1.97049   1.00000  2.0 TiB  209 GiB  54 GiB   2.0 GiB   12 GiB  1.8 TiB  10.35  1.02  200      up
144    hdd  1.97049   1.00000  2.0 TiB  208 GiB  53 GiB   1.5 GiB   12 GiB  1.8 TiB  10.33  1.01  200      up
154    hdd  1.97049   1.00000  2.0 TiB  207 GiB  51 GiB   686 MiB   12 GiB  1.8 TiB  10.24  1.01  194      up
164    hdd  1.97049   1.00000  2.0 TiB  204 GiB  48 GiB   1.0 GiB   11 GiB  1.8 TiB  10.09  0.99  178      up
174    hdd  1.97049   1.00000  2.0 TiB  204 GiB  49 GiB   1.5 GiB   11 GiB  1.8 TiB  10.10  0.99  187      up
184    hdd  1.97049   1.00000  2.0 TiB  203 GiB  48 GiB   1.6 GiB   11 GiB  1.8 TiB  10.07  0.99  178      up
194    hdd  1.97049   1.00000  2.0 TiB  208 GiB  53 GiB   1.6 GiB   12 GiB  1.8 TiB  10.32  1.01  197      up
204    hdd  1.97049   1.00000  2.0 TiB  204 GiB  49 GiB   992 MiB   11 GiB  1.8 TiB  10.13  0.99  180      up
214    hdd  1.97049   1.00000  2.0 TiB  204 GiB  49 GiB   1.5 GiB   11 GiB  1.8 TiB  10.10  0.99  181      up
224    hdd  1.97049   1.00000  2.0 TiB  207 GiB  51 GiB   824 MiB   12 GiB  1.8 TiB  10.25  1.01  190      up
234    hdd  1.97049   1.00000  2.0 TiB  207 GiB  51 GiB   783 MiB   12 GiB  1.8 TiB  10.24  1.01  200      up
  7    hdd  1.97049   1.00000  2.0 TiB  208 GiB  53 GiB   795 MiB   12 GiB  1.8 TiB  10.33  1.01  194      up
 14    hdd  1.97049   1.00000  2.0 TiB  203 GiB  48 GiB   1.4 GiB   11 GiB  1.8 TiB  10.07  0.99  186      up
 21    hdd  1.97049   1.00000  2.0 TiB  204 GiB  49 GiB   1.4 GiB   11 GiB  1.8 TiB  10.13  0.99  181      up
 30    hdd  1.97049   1.00000  2.0 TiB  207 GiB  51 GiB   1.1 GiB   12 GiB  1.8 TiB  10.24  1.01  191      up
 40    hdd  1.97049   1.00000  2.0 TiB  208 GiB  53 GiB   1.1 GiB   12 GiB  1.8 TiB  10.33  1.01  204      up
 50    hdd  1.97049   1.00000  2.0 TiB  206 GiB  51 GiB   1.4 GiB   12 GiB  1.8 TiB  10.23  1.00  187      up
 60    hdd  1.97049   1.00000  2.0 TiB  206 GiB  50 GiB   524 MiB   11 GiB  1.8 TiB  10.19  1.00  185      up
 70    hdd  1.97049   1.00000  2.0 TiB  203 GiB  48 GiB   813 MiB   11 GiB  1.8 TiB  10.06  0.99  180      up
 80    hdd  1.97049   1.00000  2.0 TiB  208 GiB  53 GiB   801 MiB   12 GiB  1.8 TiB  10.33  1.01  196      up
 90    hdd  1.97049   1.00000  2.0 TiB  208 GiB  53 GiB   927 MiB   12 GiB  1.8 TiB  10.33  1.01  196      up
100    hdd  1.97049   1.00000  2.0 TiB  203 GiB  48 GiB   720 MiB   11 GiB  1.8 TiB  10.06  0.99  172      up
110    hdd  1.97049   1.00000  2.0 TiB  208 GiB  52 GiB   1.5 GiB   12 GiB  1.8 TiB  10.29  1.01  195      up
120    hdd  1.97049   1.00000  2.0 TiB  203 GiB  48 GiB   1.4 GiB   11 GiB  1.8 TiB  10.05  0.99  177      up
130    hdd  1.97049   1.00000  2.0 TiB  208 GiB  53 GiB   1.3 GiB   12 GiB  1.8 TiB  10.31  1.01  198      up
140    hdd  1.97049   1.00000  2.0 TiB  208 GiB  53 GiB   1.0 GiB   12 GiB  1.8 TiB  10.32  1.01  199      up
150    hdd  1.97049   1.00000  2.0 TiB  204 GiB  49 GiB   2.3 GiB   11 GiB  1.8 TiB  10.13  0.99  185      up
160    hdd  1.97049   1.00000  2.0 TiB  208 GiB  53 GiB   1.3 GiB   12 GiB  1.8 TiB  10.31  1.01  193      up
170    hdd  1.97049   1.00000  2.0 TiB  206 GiB  51 GiB   1.0 GiB   12 GiB  1.8 TiB  10.22  1.00  187      up
180    hdd  1.97049   1.00000  2.0 TiB  203 GiB  48 GiB   1.9 GiB   11 GiB  1.8 TiB  10.06  0.99  185      up
190    hdd  1.97049   1.00000  2.0 TiB  203 GiB  48 GiB   760 MiB   11 GiB  1.8 TiB  10.05  0.99  178      up
200    hdd  1.97049   1.00000  2.0 TiB  203 GiB  48 GiB   1.5 GiB   11 GiB  1.8 TiB  10.05  0.99  178      up
210    hdd  1.97049   1.00000  2.0 TiB  208 GiB  52 GiB   1.3 GiB   12 GiB  1.8 TiB  10.29  1.01  197      up
220    hdd  1.97049   1.00000  2.0 TiB  208 GiB  53 GiB   1.3 GiB   12 GiB  1.8 TiB  10.33  1.01  198      up
230    hdd  1.97049   1.00000  2.0 TiB  203 GiB  48 GiB   1.5 GiB   11 GiB  1.8 TiB  10.05  0.99  178      up
  1    hdd  1.97049   1.00000  2.0 TiB  204 GiB  49 GiB   565 MiB   11 GiB  1.8 TiB  10.11  0.99  174      up
 12    hdd  1.97049   1.00000  2.0 TiB  208 GiB  53 GiB   753 MiB   12 GiB  1.8 TiB  10.32  1.01  195      up
 25    hdd  1.97049   1.00000  2.0 TiB  208 GiB  53 GiB   1.0 GiB   12 GiB  1.8 TiB  10.30  1.01  193      up
 33    hdd  1.97049   1.00000  2.0 TiB  206 GiB  51 GiB   1.5 GiB   12 GiB  1.8 TiB  10.22  1.00  194      up
 41    hdd  1.97049   1.00000  2.0 TiB  204 GiB  49 GiB   1.4 GiB   11 GiB  1.8 TiB  10.13  0.99  188      up
 52    hdd  1.97049   1.00000  2.0 TiB  203 GiB  48 GiB   333 MiB   11 GiB  1.8 TiB  10.07  0.99  172      up
 63    hdd  1.97049   1.00000  2.0 TiB  208 GiB  53 GiB   516 MiB   12 GiB  1.8 TiB  10.33  1.01  195      up
 73    hdd  1.97049   1.00000  2.0 TiB  203 GiB  48 GiB   580 MiB   11 GiB  1.8 TiB  10.07  0.99  171      up
 83    hdd  1.97049   1.00000  2.0 TiB  203 GiB  48 GiB   1.4 GiB   11 GiB  1.8 TiB  10.07  0.99  179      up
 93    hdd  1.97049   1.00000  2.0 TiB  206 GiB  51 GiB   746 MiB   12 GiB  1.8 TiB  10.20  1.00  195      up
103    hdd  1.97049   1.00000  2.0 TiB  207 GiB  52 GiB   1.4 GiB   12 GiB  1.8 TiB  10.26  1.01  199      up
113    hdd  1.97049   1.00000  2.0 TiB  206 GiB  50 GiB   1.1 GiB   11 GiB  1.8 TiB  10.19  1.00  180      up
123    hdd  1.97049   1.00000  2.0 TiB  209 GiB  53 GiB   314 MiB   12 GiB  1.8 TiB  10.34  1.02  191      up
133    hdd  1.97049   1.00000  2.0 TiB  207 GiB  52 GiB   299 MiB   12 GiB  1.8 TiB  10.27  1.01  187      up
143    hdd  1.97049   1.00000  2.0 TiB  209 GiB  53 GiB   231 MiB   12 GiB  1.8 TiB  10.33  1.01  193      up
153    hdd  1.97049   1.00000  2.0 TiB  206 GiB  50 GiB   993 MiB   11 GiB  1.8 TiB  10.19  1.00  186      up
163    hdd  1.97049   1.00000  2.0 TiB  203 GiB  48 GiB   1.1 GiB   11 GiB  1.8 TiB  10.07  0.99  174      up
173    hdd  1.97049   1.00000  2.0 TiB  203 GiB  48 GiB   1.2 GiB   11 GiB  1.8 TiB  10.06  0.99  179      up
183    hdd  1.97049   1.00000  2.0 TiB  205 GiB  50 GiB   535 MiB   12 GiB  1.8 TiB  10.18  1.00  187      up
193    hdd  1.97049   1.00000  2.0 TiB  208 GiB  53 GiB   902 MiB   12 GiB  1.8 TiB  10.33  1.01  199      up
203    hdd  1.97049   1.00000  2.0 TiB  207 GiB  52 GiB   1.7 GiB   12 GiB  1.8 TiB  10.27  1.01  196      up
213    hdd  1.97049   1.00000  2.0 TiB  204 GiB  48 GiB   475 MiB   11 GiB  1.8 TiB  10.09  0.99  178      up
223    hdd  1.97049   1.00000  2.0 TiB  203 GiB  48 GiB   2.1 GiB   11 GiB  1.8 TiB  10.07  0.99  181      up
233    hdd  1.97049   1.00000  2.0 TiB  206 GiB  51 GiB   1.3 GiB   12 GiB  1.8 TiB  10.23  1.00  190      up
240    hdd  1.97049   1.00000  2.0 TiB  202 GiB  47 GiB   1.6 GiB   11 GiB  1.8 TiB  10.00  0.98  173      up
241    hdd  1.97049   1.00000  2.0 TiB  204 GiB  49 GiB   1.1 GiB   11 GiB  1.8 TiB  10.13  0.99  191      up
242    hdd  1.97049   1.00000  2.0 TiB  204 GiB  49 GiB   1.4 GiB   11 GiB  1.8 TiB  10.13  0.99  180      up
243    hdd  1.97049   1.00000  2.0 TiB  207 GiB  51 GiB   1.0 GiB   12 GiB  1.8 TiB  10.24  1.01  199      up
244    hdd  1.97049   1.00000  2.0 TiB  208 GiB  53 GiB   355 MiB   12 GiB  1.8 TiB  10.33  1.01  199      up
245    hdd  1.97049   1.00000  2.0 TiB  206 GiB  51 GiB   608 MiB   12 GiB  1.8 TiB  10.20  1.00  186      up
246    hdd  1.97049   1.00000  2.0 TiB  206 GiB  50 GiB   1.3 GiB   12 GiB  1.8 TiB  10.19  1.00  183      up
247    hdd  1.97049   1.00000  2.0 TiB  207 GiB  52 GiB   1.3 GiB   12 GiB  1.8 TiB  10.26  1.01  189      up
248    hdd  1.97049   1.00000  2.0 TiB  202 GiB  47 GiB   755 MiB   11 GiB  1.8 TiB  10.01  0.98  171      up
249    hdd  1.97049   1.00000  2.0 TiB  208 GiB  53 GiB   2.1 GiB   12 GiB  1.8 TiB  10.33  1.01  207      up
250    hdd  1.97049   1.00000  2.0 TiB  202 GiB  47 GiB   355 MiB   11 GiB  1.8 TiB  10.01  0.98  171      up
251    hdd  1.97049   1.00000  2.0 TiB  202 GiB  47 GiB   1.3 GiB   11 GiB  1.8 TiB  10.00  0.98  177      up
252    hdd  1.97049   1.00000  2.0 TiB  204 GiB  49 GiB   673 MiB   11 GiB  1.8 TiB  10.13  0.99  179      up
253    hdd  1.97049   1.00000  2.0 TiB  202 GiB  47 GiB   1.5 GiB   11 GiB  1.8 TiB  10.01  0.98  175      up
254    hdd  1.97049   1.00000  2.0 TiB  208 GiB  53 GiB   429 MiB   12 GiB  1.8 TiB  10.33  1.01  197      up
255    hdd  1.97049   1.00000  2.0 TiB  208 GiB  53 GiB   1.3 GiB   12 GiB  1.8 TiB  10.33  1.01  195      up
256    hdd  1.97049   1.00000  2.0 TiB  202 GiB  46 GiB   1.7 GiB   11 GiB  1.8 TiB   9.99  0.98  175      up
257    hdd  1.97049   1.00000  2.0 TiB  202 GiB  46 GiB   561 MiB   11 GiB  1.8 TiB   9.99  0.98  169      up
258    hdd  1.97049   1.00000  2.0 TiB  202 GiB  46 GiB   1.1 GiB   11 GiB  1.8 TiB  10.00  0.98  173      up
259    hdd  1.97049   1.00000  2.0 TiB  202 GiB  46 GiB   1.0 GiB   11 GiB  1.8 TiB  10.00  0.98  181      up
260    hdd  1.97049   1.00000  2.0 TiB  206 GiB  51 GiB   888 MiB   12 GiB  1.8 TiB  10.20  1.00  193      up
261    hdd  1.97049   1.00000  2.0 TiB  202 GiB  46 GiB   2.0 GiB   11 GiB  1.8 TiB   9.99  0.98  178      up
262    hdd  1.97049   1.00000  2.0 TiB  208 GiB  53 GiB   1.4 GiB   12 GiB  1.8 TiB  10.32  1.01  196      up
263    hdd  1.97049   1.00000  2.0 TiB  208 GiB  53 GiB   662 MiB   12 GiB  1.8 TiB  10.33  1.01  191      up
  8    hdd  1.97049   1.00000  2.0 TiB  208 GiB  53 GiB   826 MiB   12 GiB  1.8 TiB  10.33  1.01  195      up
 18    hdd  1.97049   1.00000  2.0 TiB  203 GiB  48 GiB   1.8 GiB   11 GiB  1.8 TiB  10.08  0.99  179      up
 28    hdd  1.97049   1.00000  2.0 TiB  208 GiB  53 GiB   1.5 GiB   12 GiB  1.8 TiB  10.32  1.01  192      up
 38    hdd  1.97049   1.00000  2.0 TiB  208 GiB  52 GiB   903 MiB   12 GiB  1.8 TiB  10.29  1.01  194      up
 47    hdd  1.97049   1.00000  2.0 TiB  205 GiB  50 GiB   1.0 GiB   12 GiB  1.8 TiB  10.17  1.00  194      up
 57    hdd  1.97049   1.00000  2.0 TiB  208 GiB  52 GiB   1.8 GiB   12 GiB  1.8 TiB  10.29  1.01  202      up
 68    hdd  1.97049   1.00000  2.0 TiB  206 GiB  51 GiB   1.5 GiB   12 GiB  1.8 TiB  10.20  1.00  185      up
 79    hdd  1.97049   1.00000  2.0 TiB  208 GiB  53 GiB   1.1 GiB   12 GiB  1.8 TiB  10.33  1.01  204      up
 89    hdd  1.97049   1.00000  2.0 TiB  208 GiB  53 GiB   377 MiB   12 GiB  1.8 TiB  10.33  1.01  193      up
 99    hdd  1.97049   1.00000  2.0 TiB  203 GiB  48 GiB   857 MiB   11 GiB  1.8 TiB  10.08  0.99  183      up
109    hdd  1.97049   1.00000  2.0 TiB  208 GiB  53 GiB   968 MiB   12 GiB  1.8 TiB  10.30  1.01  199      up
118    hdd  1.97049   1.00000  2.0 TiB  208 GiB  53 GiB   1.6 GiB   12 GiB  1.8 TiB  10.33  1.01  196      up
128    hdd  1.97049   1.00000  2.0 TiB  205 GiB  50 GiB  1009 MiB   12 GiB  1.8 TiB  10.17  1.00  184      up
138    hdd  1.97049   1.00000  2.0 TiB  203 GiB  48 GiB   1.1 GiB   11 GiB  1.8 TiB  10.09  0.99  182      up
148    hdd  1.97049   1.00000  2.0 TiB  205 GiB  49 GiB   914 MiB   11 GiB  1.8 TiB  10.14  1.00  185      up
158    hdd  1.97049   1.00000  2.0 TiB  206 GiB  50 GiB   2.1 GiB   12 GiB  1.8 TiB  10.18  1.00  193      up
168    hdd  1.97049   1.00000  2.0 TiB  203 GiB  48 GiB   1.1 GiB   11 GiB  1.8 TiB  10.08  0.99  183      up
178    hdd  1.97049   1.00000  2.0 TiB  208 GiB  53 GiB   211 MiB   12 GiB  1.8 TiB  10.30  1.01  192      up
188    hdd  1.97049   1.00000  2.0 TiB  203 GiB  48 GiB   638 MiB   11 GiB  1.8 TiB  10.07  0.99  182      up
198    hdd  1.97049   1.00000  2.0 TiB  203 GiB  48 GiB   790 MiB   11 GiB  1.8 TiB  10.08  0.99  181      up
208    hdd  1.97049   1.00000  2.0 TiB  203 GiB  48 GiB   933 MiB   11 GiB  1.8 TiB  10.08  0.99  176      up
218    hdd  1.97049   1.00000  2.0 TiB  207 GiB  52 GiB   1.5 GiB   12 GiB  1.8 TiB  10.26  1.01  189      up
228    hdd  1.97049   1.00000  2.0 TiB  207 GiB  52 GiB   1.1 GiB   12 GiB  1.8 TiB  10.26  1.01  188      up
238    hdd  1.97049   1.00000  2.0 TiB  206 GiB  51 GiB   619 MiB   12 GiB  1.8 TiB  10.23  1.00  188      up
  4    hdd  1.97049   1.00000  2.0 TiB  205 GiB  50 GiB   677 MiB   11 GiB  1.8 TiB  10.17  1.00  183      up
 15    hdd  1.97049   1.00000  2.0 TiB  208 GiB  53 GiB   896 MiB   12 GiB  1.8 TiB  10.33  1.01  201      up
 26    hdd  1.97049   1.00000  2.0 TiB  204 GiB  48 GiB   964 MiB   11 GiB  1.8 TiB  10.09  0.99  179      up
 36    hdd  1.97049   1.00000  2.0 TiB  206 GiB  51 GiB   1.7 GiB   11 GiB  1.8 TiB  10.23  1.00  190      up
 49    hdd  1.97049   1.00000  2.0 TiB  204 GiB  48 GiB   2.0 GiB   11 GiB  1.8 TiB  10.09  0.99  190      up
 58    hdd  1.97049   1.00000  2.0 TiB  208 GiB  53 GiB   1.6 GiB   12 GiB  1.8 TiB  10.33  1.01  203      up
 67    hdd  1.97049   1.00000  2.0 TiB  203 GiB  48 GiB   1.4 GiB   11 GiB  1.8 TiB  10.08  0.99  190      up
 77    hdd  1.97049   1.00000  2.0 TiB  204 GiB  49 GiB   371 MiB   11 GiB  1.8 TiB  10.10  0.99  174      up
 87    hdd  1.97049   1.00000  2.0 TiB  205 GiB  49 GiB   1.5 GiB   11 GiB  1.8 TiB  10.14  1.00  185      up
 98    hdd  1.97049   1.00000  2.0 TiB  206 GiB  51 GiB   931 MiB   11 GiB  1.8 TiB  10.22  1.00  189      up
108    hdd  1.97049   1.00000  2.0 TiB  204 GiB  48 GiB   1.5 GiB   11 GiB  1.8 TiB  10.09  0.99  183      up
119    hdd  1.97049   1.00000  2.0 TiB  208 GiB  52 GiB   1.5 GiB   12 GiB  1.8 TiB  10.29  1.01  198      up
129    hdd  1.97049   1.00000  2.0 TiB  207 GiB  52 GiB   1.5 GiB   12 GiB  1.8 TiB  10.28  1.01  199      up
139    hdd  1.97049   1.00000  2.0 TiB  203 GiB  48 GiB   750 MiB   11 GiB  1.8 TiB  10.08  0.99  176      up
149    hdd  1.97049   1.00000  2.0 TiB  208 GiB  53 GiB   615 MiB   12 GiB  1.8 TiB  10.33  1.01  192      up
159    hdd  1.97049   1.00000  2.0 TiB  204 GiB  49 GiB   1.1 GiB   11 GiB  1.8 TiB  10.13  0.99  175      up
169    hdd  1.97049   1.00000  2.0 TiB  207 GiB  52 GiB   905 MiB   12 GiB  1.8 TiB  10.26  1.01  193      up
179    hdd  1.97049   1.00000  2.0 TiB  207 GiB  52 GiB   1.2 GiB   12 GiB  1.8 TiB  10.27  1.01  196      up
189    hdd  1.97049   1.00000  2.0 TiB  206 GiB  50 GiB   1.4 GiB   12 GiB  1.8 TiB  10.19  1.00  188      up
199    hdd  1.97049   1.00000  2.0 TiB  207 GiB  51 GiB   665 MiB   12 GiB  1.8 TiB  10.24  1.01  190      up
209    hdd  1.97049   1.00000  2.0 TiB  208 GiB  53 GiB   1.7 GiB   12 GiB  1.8 TiB  10.33  1.01  200      up
219    hdd  1.97049   1.00000  2.0 TiB  207 GiB  52 GiB   1.2 GiB   12 GiB  1.8 TiB  10.25  1.01  194      up
229    hdd  1.97049   1.00000  2.0 TiB  208 GiB  53 GiB   1.2 GiB   12 GiB  1.8 TiB  10.30  1.01  198      up
239    hdd  1.97049   1.00000  2.0 TiB  203 GiB  48 GiB   1.1 GiB   11 GiB  1.8 TiB  10.08  0.99  185      up
  6    hdd  1.97049   1.00000  2.0 TiB  200 GiB  45 GiB  1010 MiB   11 GiB  1.8 TiB   9.94  0.98  173      up
 19    hdd  1.97049   1.00000  2.0 TiB  207 GiB  51 GiB   1.8 GiB   12 GiB  1.8 TiB  10.25  1.01  195      up
 29    hdd  1.97049   1.00000  2.0 TiB  208 GiB  53 GiB   477 MiB   12 GiB  1.8 TiB  10.33  1.01  198      up
 39    hdd  1.97049   1.00000  2.0 TiB  208 GiB  53 GiB   1.7 GiB   12 GiB  1.8 TiB  10.30  1.01  198      up
 48    hdd  1.97049   1.00000  2.0 TiB  203 GiB  47 GiB   2.0 GiB   11 GiB  1.8 TiB  10.04  0.99  178      up
 59    hdd  1.97049   1.00000  2.0 TiB  206 GiB  51 GiB   1.5 GiB   12 GiB  1.8 TiB  10.20  1.00  188      up
 69    hdd  1.97049   1.00000  2.0 TiB  201 GiB  45 GiB   1.7 GiB   11 GiB  1.8 TiB   9.94  0.98  170      up
 78    hdd  1.97049   1.00000  2.0 TiB  209 GiB  53 GiB   751 MiB   12 GiB  1.8 TiB  10.35  1.02  198      up
 88    hdd  1.97049   1.00000  2.0 TiB  207 GiB  52 GiB   2.3 GiB   12 GiB  1.8 TiB  10.27  1.01  202      up
 97    hdd  1.97049   1.00000  2.0 TiB  209 GiB  53 GiB   1.2 GiB   12 GiB  1.8 TiB  10.34  1.02  202      up
106    hdd  1.97049   1.00000  2.0 TiB  207 GiB  52 GiB   1.2 GiB   12 GiB  1.8 TiB  10.27  1.01  195      up
116    hdd  1.97049   1.00000  2.0 TiB  208 GiB  53 GiB   1.7 GiB   12 GiB  1.8 TiB  10.33  1.01  195      up
126    hdd  1.97049   1.00000  2.0 TiB  203 GiB  48 GiB   998 MiB   11 GiB  1.8 TiB  10.07  0.99  179      up
136    hdd  1.97049   1.00000  2.0 TiB  200 GiB  45 GiB   870 MiB   11 GiB  1.8 TiB   9.93  0.98  166      up
146    hdd  1.97049   1.00000  2.0 TiB  208 GiB  52 GiB   1.3 GiB   12 GiB  1.8 TiB  10.28  1.01  195      up
156    hdd  1.97049   1.00000  2.0 TiB  207 GiB  52 GiB   759 MiB   12 GiB  1.8 TiB  10.27  1.01  197      up
166    hdd  1.97049   1.00000  2.0 TiB  203 GiB  48 GiB   961 MiB   11 GiB  1.8 TiB  10.07  0.99  175      up
176    hdd  1.97049   1.00000  2.0 TiB  204 GiB  49 GiB   304 MiB   11 GiB  1.8 TiB  10.13  0.99  183      up
186    hdd  1.97049   1.00000  2.0 TiB  209 GiB  54 GiB   1.3 GiB   12 GiB  1.8 TiB  10.35  1.02  198      up
196    hdd  1.97049   1.00000  2.0 TiB  201 GiB  46 GiB   1.0 GiB   11 GiB  1.8 TiB   9.95  0.98  169      up
206    hdd  1.97049   1.00000  2.0 TiB  206 GiB  51 GiB   1.3 GiB   12 GiB  1.8 TiB  10.20  1.00  195      up
216    hdd  1.97049   1.00000  2.0 TiB  205 GiB  50 GiB   575 MiB   12 GiB  1.8 TiB  10.17  1.00  188      up
226    hdd  1.97049   1.00000  2.0 TiB  209 GiB  53 GiB   889 MiB   12 GiB  1.8 TiB  10.33  1.01  193      up
236    hdd  1.97049   1.00000  2.0 TiB  209 GiB  54 GiB   1.1 GiB   12 GiB  1.8 TiB  10.35  1.02  192      up
  0    hdd  1.97049   1.00000  2.0 TiB  203 GiB  47 GiB   1.6 GiB   11 GiB  1.8 TiB  10.04  0.99  179      up
 10    hdd  1.97049   1.00000  2.0 TiB  207 GiB  52 GiB   456 MiB   12 GiB  1.8 TiB  10.27  1.01  189      up
 23    hdd  1.97049   1.00000  2.0 TiB  207 GiB  52 GiB   699 MiB   12 GiB  1.8 TiB  10.26  1.01  188      up
 35    hdd  1.97049   1.00000  2.0 TiB  203 GiB  47 GiB   1.6 GiB   11 GiB  1.8 TiB  10.04  0.99  173      up
 45    hdd  1.97049   1.00000  2.0 TiB  208 GiB  53 GiB   714 MiB   12 GiB  1.8 TiB  10.33  1.01  202      up
 55    hdd  1.97049   1.00000  2.0 TiB  203 GiB  47 GiB   1.7 GiB   11 GiB  1.8 TiB  10.04  0.99  184      up
 64    hdd  1.97049   1.00000  2.0 TiB  205 GiB  50 GiB   813 MiB   11 GiB  1.8 TiB  10.16  1.00  183      up
 75    hdd  1.97049   1.00000  2.0 TiB  203 GiB  48 GiB   325 MiB   11 GiB  1.8 TiB  10.07  0.99  176      up
 85    hdd  1.97049   1.00000  2.0 TiB  203 GiB  47 GiB   930 MiB   11 GiB  1.8 TiB  10.04  0.99  178      up
 95    hdd  1.97049   1.00000  2.0 TiB  208 GiB  53 GiB   309 MiB   12 GiB  1.8 TiB  10.33  1.01  190      up
105    hdd  1.97049   1.00000  2.0 TiB  208 GiB  53 GiB   1.3 GiB   12 GiB  1.8 TiB  10.33  1.01  195      up
115    hdd  1.97049   1.00000  2.0 TiB  206 GiB  50 GiB   1.3 GiB   12 GiB  1.8 TiB  10.19  1.00  184      up
125    hdd  1.97049   1.00000  2.0 TiB  208 GiB  53 GiB   1.7 GiB   12 GiB  1.8 TiB  10.33  1.01  197      up
135    hdd  1.97049   1.00000  2.0 TiB  202 GiB  47 GiB   893 MiB   11 GiB  1.8 TiB  10.03  0.99  172      up
145    hdd  1.97049   1.00000  2.0 TiB  202 GiB  47 GiB   619 MiB   11 GiB  1.8 TiB  10.03  0.99  172      up
155    hdd  1.97049   1.00000  2.0 TiB  202 GiB  47 GiB   355 MiB   11 GiB  1.8 TiB  10.03  0.99  172      up
165    hdd  1.97049   1.00000  2.0 TiB  205 GiB  50 GiB   884 MiB   11 GiB  1.8 TiB  10.16  1.00  177      up
175    hdd  1.97049   1.00000  2.0 TiB  203 GiB  48 GiB   923 MiB   11 GiB  1.8 TiB  10.08  0.99  176      up
185    hdd  1.97049   1.00000  2.0 TiB  209 GiB  54 GiB   1.7 GiB   12 GiB  1.8 TiB  10.35  1.02  200      up
195    hdd  1.97049   1.00000  2.0 TiB  207 GiB  52 GiB   544 MiB   12 GiB  1.8 TiB  10.27  1.01  197      up
205    hdd  1.97049   1.00000  2.0 TiB  208 GiB  53 GiB   737 MiB   12 GiB  1.8 TiB  10.33  1.01  193      up
215    hdd  1.97049   1.00000  2.0 TiB  205 GiB  50 GiB   865 MiB   11 GiB  1.8 TiB  10.18  1.00  188      up
225    hdd  1.97049   1.00000  2.0 TiB  202 GiB  47 GiB   1.3 GiB   11 GiB  1.8 TiB  10.03  0.99  174      up
235    hdd  1.97049   1.00000  2.0 TiB  206 GiB  51 GiB   1.5 GiB   12 GiB  1.8 TiB  10.20  1.00  189      up
  5    hdd  1.97049   1.00000  2.0 TiB  203 GiB  48 GiB   1.8 GiB   11 GiB  1.8 TiB  10.07  0.99  180      up
 16    hdd  1.97049   1.00000  2.0 TiB  209 GiB  54 GiB   1.4 GiB   12 GiB  1.8 TiB  10.35  1.02  192      up
 27    hdd  1.97049   1.00000  2.0 TiB  203 GiB  48 GiB   965 MiB   11 GiB  1.8 TiB  10.07  0.99  173      up
 37    hdd  1.97049   1.00000  2.0 TiB  206 GiB  51 GiB   1.3 GiB   12 GiB  1.8 TiB  10.22  1.00  188      up
 46    hdd  1.97049   1.00000  2.0 TiB  202 GiB  46 GiB   1.9 GiB   11 GiB  1.8 TiB   9.99  0.98  174      up
 56    hdd  1.97049   1.00000  2.0 TiB  202 GiB  46 GiB   1.1 GiB   11 GiB  1.8 TiB   9.99  0.98  173      up
 66    hdd  1.97049   1.00000  2.0 TiB  202 GiB  46 GiB   771 MiB   11 GiB  1.8 TiB   9.99  0.98  165      up
 76    hdd  1.97049   1.00000  2.0 TiB  204 GiB  49 GiB   1.2 GiB   11 GiB  1.8 TiB  10.13  0.99  184      up
 86    hdd  1.97049   1.00000  2.0 TiB  208 GiB  53 GiB   1.5 GiB   12 GiB  1.8 TiB  10.33  1.01  193      up
 96    hdd  1.97049   1.00000  2.0 TiB  201 GiB  46 GiB   1.8 GiB   11 GiB  1.8 TiB   9.98  0.98  176      up
107    hdd  1.97049   1.00000  2.0 TiB  204 GiB  49 GiB   1.3 GiB   11 GiB  1.8 TiB  10.13  0.99  186      up
117    hdd  1.97049   1.00000  2.0 TiB  201 GiB  46 GiB   1.2 GiB   11 GiB  1.8 TiB   9.99  0.98  170      up
127    hdd  1.97049   1.00000  2.0 TiB  206 GiB  51 GiB   1.4 GiB   12 GiB  1.8 TiB  10.23  1.00  197      up
137    hdd  1.97049   1.00000  2.0 TiB  208 GiB  53 GiB   1.3 GiB   12 GiB  1.8 TiB  10.33  1.01  200      up
147    hdd  1.97049   1.00000  2.0 TiB  206 GiB  50 GiB   1.4 GiB   11 GiB  1.8 TiB  10.18  1.00  186      up
157    hdd  1.97049   1.00000  2.0 TiB  208 GiB  53 GiB   1.1 GiB   12 GiB  1.8 TiB  10.33  1.01  199      up
167    hdd  1.97049   1.00000  2.0 TiB  201 GiB  46 GiB   1.4 GiB   11 GiB  1.8 TiB   9.98  0.98  176      up
177    hdd  1.97049   1.00000  2.0 TiB  202 GiB  47 GiB   540 MiB   11 GiB  1.8 TiB  10.01  0.98  170      up
187    hdd  1.97049   1.00000  2.0 TiB  203 GiB  48 GiB   1.3 GiB   11 GiB  1.8 TiB  10.05  0.99  178      up
197    hdd  1.97049   1.00000  2.0 TiB  206 GiB  51 GiB   607 MiB   12 GiB  1.8 TiB  10.20  1.00  186      up
207    hdd  1.97049   1.00000  2.0 TiB  207 GiB  52 GiB   1.1 GiB   12 GiB  1.8 TiB  10.27  1.01  191      up
217    hdd  1.97049   1.00000  2.0 TiB  203 GiB  48 GiB   947 MiB   11 GiB  1.8 TiB  10.08  0.99  188      up
227    hdd  1.97049   1.00000  2.0 TiB  207 GiB  51 GiB   464 MiB   12 GiB  1.8 TiB  10.24  1.01  189      up
237    hdd  1.97049   1.00000  2.0 TiB  203 GiB  47 GiB   834 MiB   10 GiB  1.8 TiB  10.04  0.99  175      up
                        TOTAL  567 TiB   58 TiB  14 TiB   323 GiB  3.2 TiB  510 TiB  10.18                   
MIN/MAX VAR: 0.97/1.02  STDDEV: 0.12
2022/02/26-13:36:37: \n osd_memory_targets: osd.1: 4294967296
osd.2: 4294967296
osd.3: 4294967296
osd.4: 4294967296
osd.5: 4294967296
osd.6: 4294967296
osd.7: 4294967296
osd.8: 4294967296
osd.9: 4294967296
osd.10: 4294967296
osd.11: 4294967296
osd.12: 4294967296
osd.13: 4294967296
osd.14: 4294967296
osd.15: 4294967296
osd.16: 4294967296
osd.17: 4294967296
osd.18: 4294967296
osd.19: 4294967296
osd.20: 4294967296
osd.21: 4294967296
osd.22: 4294967296
osd.23: 4294967296
osd.24: 4294967296
osd.25: 4294967296
osd.26: 4294967296
osd.27: 4294967296
osd.28: 4294967296
osd.29: 4294967296
osd.30: 4294967296
osd.31: 4294967296
osd.32: 4294967296
osd.33: 4294967296
osd.34: 4294967296
osd.35: 4294967296
osd.36: 4294967296
osd.37: 4294967296
osd.38: 4294967296
osd.39: 4294967296
osd.40: 4294967296
osd.41: 4294967296
osd.42: 4294967296
osd.43: 4294967296
osd.44: 4294967296
osd.45: 4294967296
osd.46: 4294967296
osd.47: 4294967296
osd.48: 4294967296
osd.49: 4294967296
osd.50: 4294967296
osd.51: 4294967296
osd.52: 4294967296
osd.53: 4294967296
osd.54: 4294967296
osd.55: 4294967296
osd.56: 4294967296
osd.57: 4294967296
osd.58: 4294967296
osd.59: 4294967296
osd.60: 4294967296
osd.61: 4294967296
osd.62: 4294967296
osd.63: 4294967296
osd.64: 4294967296
osd.65: 4294967296
osd.66: 4294967296
osd.67: 4294967296
osd.68: 4294967296
osd.69: 4294967296
osd.70: 4294967296
osd.71: 4294967296
osd.72: 4294967296
osd.73: 4294967296
osd.74: 4294967296
osd.75: 4294967296
osd.76: 4294967296
osd.77: 4294967296
osd.78: 4294967296
osd.79: 4294967296
osd.80: 4294967296
osd.81: 4294967296
osd.82: 4294967296
osd.83: 4294967296
osd.84: 4294967296
osd.85: 4294967296
osd.86: 4294967296
osd.87: 4294967296
osd.88: 4294967296
osd.89: 4294967296
osd.90: 4294967296
osd.91: 4294967296
osd.92: 4294967296
osd.93: 4294967296
osd.94: 4294967296
osd.95: 4294967296
osd.96: 4294967296
osd.97: 4294967296
osd.98: 4294967296
osd.99: 4294967296
osd.100: 4294967296
osd.101: 4294967296
osd.102: 4294967296
osd.103: 4294967296
osd.104: 4294967296
osd.105: 4294967296
osd.106: 4294967296
osd.107: 4294967296
osd.108: 4294967296
osd.109: 4294967296
osd.110: 4294967296
osd.111: 4294967296
osd.112: 4294967296
osd.113: 4294967296
osd.114: 4294967296
osd.115: 4294967296
osd.116: 4294967296
osd.117: 4294967296
osd.118: 4294967296
osd.119: 4294967296
osd.120: 4294967296
osd.121: 4294967296
osd.122: 4294967296
osd.123: 4294967296
osd.124: 4294967296
osd.125: 4294967296
osd.126: 4294967296
osd.127: 4294967296
osd.128: 4294967296
osd.129: 4294967296
osd.130: 4294967296
osd.131: 4294967296
osd.132: 4294967296
osd.133: 4294967296
osd.134: 4294967296
osd.135: 4294967296
osd.136: 4294967296
osd.137: 4294967296
osd.138: 4294967296
osd.139: 4294967296
osd.140: 4294967296
osd.141: 4294967296
osd.142: 4294967296
osd.143: 4294967296
osd.144: 4294967296
osd.145: 4294967296
osd.146: 4294967296
osd.147: 4294967296
osd.148: 4294967296
osd.149: 4294967296
osd.150: 4294967296
osd.151: 4294967296
osd.152: 4294967296
osd.153: 4294967296
osd.154: 4294967296
osd.155: 4294967296
osd.156: 4294967296
osd.157: 4294967296
osd.158: 4294967296
osd.159: 4294967296
osd.160: 4294967296
osd.161: 4294967296
osd.162: 4294967296
osd.163: 4294967296
osd.164: 4294967296
osd.165: 4294967296
osd.166: 4294967296
osd.167: 4294967296
osd.168: 4294967296
osd.169: 4294967296
osd.170: 4294967296
osd.171: 4294967296
osd.172: 4294967296
osd.173: 4294967296
osd.174: 4294967296
osd.175: 4294967296
osd.176: 4294967296
osd.177: 4294967296
osd.178: 4294967296
osd.179: 4294967296
osd.180: 4294967296
osd.181: 4294967296
osd.182: 4294967296
osd.183: 4294967296
osd.184: 4294967296
osd.185: 4294967296
osd.186: 4294967296
osd.187: 4294967296
osd.188: 4294967296
osd.189: 4294967296
osd.190: 4294967296
osd.191: 4294967296
osd.192: 4294967296
osd.193: 4294967296
osd.194: 4294967296
osd.195: 4294967296
osd.196: 4294967296
osd.197: 4294967296
osd.198: 4294967296
osd.199: 4294967296
osd.200: 4294967296
osd.201: 4294967296
osd.202: 4294967296
osd.203: 4294967296
osd.204: 4294967296
osd.205: 4294967296
osd.206: 4294967296
osd.207: 4294967296
osd.208: 4294967296
osd.209: 4294967296
osd.210: 4294967296
osd.211: 4294967296
osd.212: 4294967296
osd.213: 4294967296
osd.214: 4294967296
osd.215: 4294967296
osd.216: 4294967296
osd.217: 4294967296
osd.218: 4294967296
osd.219: 4294967296
osd.220: 4294967296
osd.221: 4294967296
osd.222: 4294967296
osd.223: 4294967296
osd.224: 4294967296
osd.225: 4294967296
osd.226: 4294967296
osd.227: 4294967296
osd.228: 4294967296
osd.229: 4294967296
osd.230: 4294967296
osd.231: 4294967296
osd.232: 4294967296
osd.233: 4294967296
osd.234: 4294967296
osd.235: 4294967296
osd.236: 4294967296
osd.237: 4294967296
osd.238: 4294967296
osd.239: 4294967296
osd.240: 4294967296
osd.241: 4294967296
osd.242: 4294967296
osd.243: 4294967296
osd.244: 4294967296
osd.245: 4294967296
osd.246: 4294967296
osd.247: 4294967296
osd.248: 4294967296
osd.249: 4294967296
osd.250: 4294967296
osd.251: 4294967296
osd.252: 4294967296
osd.253: 4294967296
osd.254: 4294967296
osd.255: 4294967296
osd.256: 4294967296
osd.257: 4294967296
osd.258: 4294967296
osd.259: 4294967296
osd.260: 4294967296
osd.261: 4294967296
osd.262: 4294967296
osd.263: 4294967296
osd.264: 4294967296
osd.265: 4294967296
osd.266: 4294967296
osd.267: 4294967296
osd.268: 4294967296
osd.269: 4294967296
osd.270: 4294967296
osd.271: 4294967296
osd.272: 4294967296
osd.273: 4294967296
osd.274: 4294967296
osd.275: 4294967296
osd.276: 4294967296
osd.277: 4294967296
osd.278: 4294967296
osd.279: 4294967296
osd.280: 4294967296
osd.281: 4294967296
osd.282: 4294967296
osd.283: 4294967296
osd.284: 4294967296
osd.285: 4294967296
osd.286: 4294967296
osd.287: 4294967296
osd.288: 4294967296

PG Autoscale:
POOL                         SIZE  TARGET SIZE  RATE  RAW CAPACITY   RATIO  TARGET RATIO  EFFECTIVE RATIO  BIAS  PG_NUM  NEW PG_NUM  AUTOSCALE  
device_health_metrics      410.6k                3.0        567.4T  0.0000                                  1.0       1              on         
default.rgw.control            0                 3.0        567.4T  0.0000                                  1.0     256              on         
default.rgw.buckets.data    9616G                1.5        567.4T  0.0248                                  1.0    8192              on         
default.rgw.buckets.index  107.6G                3.0        567.4T  0.0006                                  1.0     512              on         
default.rgw.log             3547k                3.0        567.4T  0.0000                                  1.0     256              on         
default.rgw.meta           550.4k                3.0        567.4T  0.0000                                  1.0     256              on         
.rgw.root                   1323                 3.0        567.4T  0.0000                                  1.0     256              on         

RGW netstat & qlen/qactive ...
f10-h01-000-6049p.rdu2.scalelab.redhat.com
Proto Recv-Q Send-Q Local Address           Foreign Address         State       PID/Program name    
tcp        0      0 172.17.36.220:8080      0.0.0.0:*               LISTEN      3454627/radosgw     
        "qlen": 69,
        "qactive": 69,
f10-h05-000-6049p.rdu2.scalelab.redhat.com
Proto Recv-Q Send-Q Local Address           Foreign Address         State       PID/Program name    
tcp        0      0 172.17.36.178:8080      0.0.0.0:*               LISTEN      3813589/radosgw     
        "qlen": 66,
        "qactive": 66,
f10-h09-000-6049p.rdu2.scalelab.redhat.com
Proto Recv-Q Send-Q Local Address           Foreign Address         State       PID/Program name    
tcp        0      0 172.17.39.213:8080      0.0.0.0:*               LISTEN      3842892/radosgw     
        "qlen": 66,
        "qactive": 66,
f10-h13-000-6049p.rdu2.scalelab.redhat.com
Proto Recv-Q Send-Q Local Address           Foreign Address         State       PID/Program name    
tcp        0      0 172.17.39.109:8080      0.0.0.0:*               LISTEN      3867702/radosgw     
        "qlen": 108,
        "qactive": 108,
f10-h17-000-6049p.rdu2.scalelab.redhat.com
Proto Recv-Q Send-Q Local Address           Foreign Address         State       PID/Program name    
tcp        0      0 172.17.36.9:8080        0.0.0.0:*               LISTEN      3832793/radosgw     
        "qlen": 117,
        "qactive": 117,
f10-h21-000-6049p.rdu2.scalelab.redhat.com
Proto Recv-Q Send-Q Local Address           Foreign Address         State       PID/Program name    
tcp        0      0 172.17.38.57:8080       0.0.0.0:*               LISTEN      3823378/radosgw     
        "qlen": 434,
        "qactive": 434,
f10-h25-000-6049p.rdu2.scalelab.redhat.com
Proto Recv-Q Send-Q Local Address           Foreign Address         State       PID/Program name    
tcp        0      0 172.17.36.180:8080      0.0.0.0:*               LISTEN      3795528/radosgw     
        "qlen": 101,
        "qactive": 101,
f11-h01-000-6049p.rdu2.scalelab.redhat.com
Proto Recv-Q Send-Q Local Address           Foreign Address         State       PID/Program name    
tcp        0      0 172.17.39.208:8080      0.0.0.0:*               LISTEN      3880870/radosgw     
        "qlen": 377,
        "qactive": 377,
f11-h05-000-6049p.rdu2.scalelab.redhat.com
Proto Recv-Q Send-Q Local Address           Foreign Address         State       PID/Program name    
tcp        0      0 172.17.39.190:8080      0.0.0.0:*               LISTEN      3799890/radosgw     
        "qlen": 172,
        "qactive": 172,
f11-h09-000-6049p.rdu2.scalelab.redhat.com
Proto Recv-Q Send-Q Local Address           Foreign Address         State       PID/Program name    
tcp        0      0 172.17.38.145:8080      0.0.0.0:*               LISTEN      3841563/radosgw     
        "qlen": 289,
        "qactive": 289,
f11-h13-000-6049p.rdu2.scalelab.redhat.com
Proto Recv-Q Send-Q Local Address           Foreign Address         State       PID/Program name    
tcp        0      0 172.17.36.186:8080      0.0.0.0:*               LISTEN      3731914/radosgw     
        "qlen": 74,
        "qactive": 74,
f11-h17-000-6049p.rdu2.scalelab.redhat.com
Proto Recv-Q Send-Q Local Address           Foreign Address         State       PID/Program name    
tcp        0      0 172.17.36.13:8080       0.0.0.0:*               LISTEN      3823723/radosgw     
        "qlen": 93,
        "qactive": 93,

--------------------------------------------------------

2022/02/26-13:41:58: RESHARD Queue Length 1
2022/02/26-13:41:58: RESHARD List []

LA: 2022/02/26-13:41:58:   16.27, 12.10, 6.17

RGW stats:          proc   %cpu %mem  vsz    rss     memused       memlimit
f10-h01-000-6049p.rdu2.scalelab.redhat.com   radosgw 67.7 0.0 5747996 285972   379525156864   9223372036854771712
f10-h05-000-6049p.rdu2.scalelab.redhat.com   radosgw 68.1 0.0 5753984 260800   358507999232   9223372036854771712
f10-h09-000-6049p.rdu2.scalelab.redhat.com   radosgw 66.9 0.0 5761816 267156   375055847424   9223372036854771712
f10-h13-000-6049p.rdu2.scalelab.redhat.com   radosgw 67.4 0.1 5829396 423544   380996296704   9223372036854771712
f10-h17-000-6049p.rdu2.scalelab.redhat.com   radosgw 66.5 0.0 5857832 326964   375101870080   9223372036854771712
f10-h21-000-6049p.rdu2.scalelab.redhat.com   radosgw 66.1 0.0 5824552 321328   375891369984   9223372036854771712
f10-h25-000-6049p.rdu2.scalelab.redhat.com   radosgw 66.6 0.0 5648144 252632   383849099264   9223372036854771712
f11-h01-000-6049p.rdu2.scalelab.redhat.com   radosgw 66.9 0.0 5658644 312540   379189968896   9223372036854771712
f11-h05-000-6049p.rdu2.scalelab.redhat.com   radosgw 66.1 0.0 5662884 252740   365883109376   9223372036854771712
f11-h09-000-6049p.rdu2.scalelab.redhat.com   radosgw 67.3 0.0 5796872 318000   376616931328   9223372036854771712
f11-h13-000-6049p.rdu2.scalelab.redhat.com   radosgw 65.7 0.0 5686800 251240   362869088256   9223372036854771712
f11-h17-000-6049p.rdu2.scalelab.redhat.com   radosgw 66.0 0.0 5841684 260356   375275143168   9223372036854771712

OSD: 
2022/02/26-13:42:06: f10-h01-000-6049p.rdu2.scalelab.redhat.com ceph-osd        16.8  1.0 6123396 4090892
ceph-osd        17.1  0.9 5916416 3677540
ceph-osd        11.7  1.0 5878656 4050748
ceph-osd        15.8  0.9 6087360 3944928
ceph-osd        11.0  1.0 5856976 4054040
ceph-osd        11.1  0.9 5735140 3762344
ceph-osd        12.8  1.0 5831144 3989308
ceph-osd        11.6  1.0 5888056 4035304
ceph-osd        14.3  1.0 5950068 4091828
ceph-osd        12.9  1.0 5884632 4062164
ceph-osd        11.5  1.0 5963080 4031700
ceph-osd        12.7  0.9 5865468 3835464
ceph-osd        16.7  1.0 6131032 4162056
ceph-osd        14.7  0.9 5973372 3715788
ceph-osd        16.2  0.9 6185692 3895468
ceph-osd        12.5  1.0 5779444 4027296
ceph-osd        14.1  1.0 5866660 4117036
ceph-osd        14.2  1.0 6101644 4054224
ceph-osd        12.7  1.0 5982172 4097504
ceph-osd        12.2  1.0 5994204 4094636
ceph-osd        13.8  1.0 5974636 4228324
ceph-osd        12.6  0.9 5884948 3875884
ceph-osd        14.0  0.9 6162220 3929076
ceph-osd        12.3  1.0 5924208 3972816
2022/02/26-13:42:07: f10-h05-000-6049p.rdu2.scalelab.redhat.com ceph-osd        13.1  1.0 5900456 4085140
ceph-osd        13.2  0.9 5938420 3834412
ceph-osd        13.2  1.0 5880328 4109024
ceph-osd        18.0  1.0 6334140 4051880
ceph-osd        12.3  1.0 5805352 4011428
ceph-osd        14.6  1.0 5889552 4120080
ceph-osd        15.4  1.0 6075564 4077592
ceph-osd        15.4  1.0 6024756 4162468
ceph-osd        13.3  1.0 5820704 4053104
ceph-osd        13.0  1.0 5899856 4181868
ceph-osd        14.2  1.0 6039216 4162628
ceph-osd        16.3  1.0 6087536 4129852
ceph-osd        15.7  1.0 6188960 4127340
ceph-osd        15.7  1.0 5982728 4105864
ceph-osd        12.7  1.0 5846928 4064016
ceph-osd        16.5  1.0 6211372 4133068
ceph-osd        17.9  1.0 6121740 3962332
ceph-osd        14.6  1.0 6091516 4110776
ceph-osd        17.0  1.0 6116808 4160764
ceph-osd        15.5  1.0 6141044 4007680
ceph-osd        15.2  1.0 6029548 4023756
ceph-osd        14.1  0.9 5888764 3837276
ceph-osd        15.9  0.9 6090856 3925536
ceph-osd        13.5  1.0 5855412 4058164
2022/02/26-13:42:07: f10-h09-000-6049p.rdu2.scalelab.redhat.com ceph-osd        16.9  1.0 6110868 4091936
ceph-osd        16.1  1.0 6113364 3956820
ceph-osd        14.4  1.0 5984700 4096196
ceph-osd        14.7  1.0 6331264 4099284
ceph-osd        16.4  1.0 6208616 4171448
ceph-osd        15.1  1.0 5874080 4213880
ceph-osd        12.9  1.0 5842220 3962168
ceph-osd        13.1  0.9 5848624 3902080
ceph-osd        12.2  0.9 5855340 3715460
ceph-osd        13.3  1.0 5896752 4046252
ceph-osd        14.2  1.0 5834664 4059584
ceph-osd        13.0  0.9 6060392 3902520
ceph-osd        10.2  1.0 5922492 4009852
ceph-osd        14.7  1.0 6165956 4180436
ceph-osd        13.8  0.9 5854060 3888624
ceph-osd        16.2  0.9 6199940 3812704
ceph-osd        15.3  0.9 5972892 3929128
ceph-osd        15.7  1.0 5866200 4081716
ceph-osd        14.6  0.9 6093764 3892764
ceph-osd        15.8  1.0 6196148 4148920
ceph-osd        11.6  1.0 6123592 4049332
ceph-osd        15.5  1.0 6054764 4095736
ceph-osd        15.5  1.0 5952828 4114096
ceph-osd        15.0  1.0 5904496 3963296
2022/02/26-13:42:07: f10-h13-000-6049p.rdu2.scalelab.redhat.com ceph-osd        16.9  1.0 6047096 4184496
ceph-osd        10.7  0.9 5889088 3848048
ceph-osd        14.0  1.0 6127040 4057680
ceph-osd        14.2  1.0 5990288 4068168
ceph-osd        18.5  1.0 6146780 4123532
ceph-osd        15.0  1.0 6030584 4196804
ceph-osd        13.3  0.9 5841192 3835400
ceph-osd        15.7  0.9 6119076 3706312
ceph-osd        16.3  1.0 6011752 4099608
ceph-osd        12.9  1.0 6232900 4049236
ceph-osd        16.8  1.0 6040532 4080500
ceph-osd        17.4  0.9 6224940 3936256
ceph-osd        14.8  1.0 6099924 4084312
ceph-osd        13.6  1.0 5961352 4083656
ceph-osd        12.8  1.0 5810848 4076576
ceph-osd        12.4  0.9 5823492 3898864
ceph-osd        12.6  1.0 5893000 4141712
ceph-osd        12.6  1.0 5855248 4091704
ceph-osd        13.2  0.9 5930396 3810956
ceph-osd        13.3  1.0 6031308 4103588
ceph-osd        13.3  0.8 5988772 3526884
ceph-osd        13.9  1.0 6101232 4078008
ceph-osd        14.5  1.0 6059972 4122728
ceph-osd        14.6  1.0 6077136 4025612
2022/02/26-13:42:07: f10-h17-000-6049p.rdu2.scalelab.redhat.com ceph-osd        11.9  1.0 5847752 3969364
ceph-osd        16.5  1.0 6099400 3984684
ceph-osd        14.7  1.0 6019300 3994940
ceph-osd        14.3  0.9 5900220 3728432
ceph-osd        15.1  0.9 6009876 3838020
ceph-osd        14.3  1.0 5940780 4103664
ceph-osd        16.7  1.0 6054940 3978564
ceph-osd        14.3  1.0 5909020 4068716
ceph-osd        12.7  1.0 6000788 4158564
ceph-osd        16.7  0.9 5992960 3922444
ceph-osd        13.5  1.0 5920632 4087364
ceph-osd        13.3  1.0 5906848 4065896
ceph-osd        19.1  0.9 5958168 3893924
ceph-osd        16.3  1.0 6033224 4146644
ceph-osd        13.9  1.0 5932756 4186452
ceph-osd        12.9  1.0 5909608 4080236
ceph-osd        14.0  1.0 6007492 4055884
ceph-osd        15.9  0.9 6002364 3874440
ceph-osd        15.8  1.0 6034956 4142872
ceph-osd        12.3  0.9 5932724 3891648
ceph-osd        13.4  0.9 5948120 3936372
ceph-osd        12.9  1.0 5978092 4055876
ceph-osd        13.3  1.0 6042600 4045148
ceph-osd        14.0  1.0 5990528 4056008
2022/02/26-13:42:07: f10-h21-000-6049p.rdu2.scalelab.redhat.com ceph-osd        12.9  1.0 5926608 4074268
ceph-osd        16.1  1.0 5993844 4180456
ceph-osd        12.2  1.0 5920500 4220856
ceph-osd        14.0  1.0 5956840 4108012
ceph-osd        11.9  0.9 5927016 3861536
ceph-osd        11.9  1.0 5989600 4064576
ceph-osd        11.1  0.9 6050536 3943668
ceph-osd        12.9  1.0 5952992 4107764
ceph-osd        12.6  1.0 5955624 3955948
ceph-osd        12.6  1.0 5990068 4048068
ceph-osd        12.2  1.0 5923548 4075576
ceph-osd        13.8  0.9 6028188 3839224
ceph-osd        13.7  1.0 6088700 4122668
ceph-osd        11.4  1.0 5993356 4001940
ceph-osd        16.9  1.0 6124856 4092864
ceph-osd        15.4  1.0 5998652 4158148
ceph-osd        14.8  1.0 6023912 4148708
ceph-osd        13.8  0.8 6012596 3498624
ceph-osd        15.3  0.9 5974416 3743920
ceph-osd        11.5  1.0 5836652 4056700
ceph-osd        13.7  1.0 5792672 4055524
ceph-osd        13.1  0.9 6027344 3758448
ceph-osd        14.0  0.9 5876488 3895112
ceph-osd        14.9  0.9 6118232 3777372
2022/02/26-13:42:08: f10-h25-000-6049p.rdu2.scalelab.redhat.com ceph-osd        14.2  1.0 6168308 3957532
ceph-osd        13.5  1.0 6104964 3990180
ceph-osd        15.2  0.9 5935484 3803008
ceph-osd        15.1  1.0 5888504 4070196
ceph-osd        13.7  0.9 5926592 3834396
ceph-osd        12.4  1.0 5887420 4057564
ceph-osd        15.9  0.9 5943176 3850572
ceph-osd        12.9  1.0 5899800 4058716
ceph-osd        12.3  1.0 5902216 4094420
ceph-osd        15.7  1.0 6316640 4095420
ceph-osd        11.1  0.9 5826512 3650908
ceph-osd        13.5  1.0 5981164 4071600
ceph-osd        12.3  1.0 5782248 3973948
ceph-osd        15.2  1.0 5933776 4179692
ceph-osd        11.7  1.0 5846896 3975640
ceph-osd        15.2  1.0 6045352 4034452
ceph-osd        14.8  1.0 6056108 4100268
ceph-osd        11.2  1.0 5892048 4178268
ceph-osd        13.3  1.0 6126836 4137984
ceph-osd        14.3  0.9 5922076 3662464
ceph-osd        13.2  1.0 5966588 4102260
ceph-osd        16.2  0.9 6371600 3841016
ceph-osd        13.8  1.0 5970364 4116804
ceph-osd        13.3  1.0 5966860 4097744
2022/02/26-13:42:08: f11-h01-000-6049p.rdu2.scalelab.redhat.com ceph-osd        14.2  1.0 6172420 4207760
ceph-osd        15.3  1.0 6157476 4142920
ceph-osd        13.6  1.0 5840116 4066404
ceph-osd        12.3  1.0 6028384 4103160
ceph-osd        11.9  1.0 5866200 4099044
ceph-osd        15.7  0.9 6040396 3922748
ceph-osd        13.7  0.9 5971120 3906204
ceph-osd        10.7  0.9 5885296 3844344
ceph-osd        15.5  1.0 6005784 4136684
ceph-osd        12.8  1.0 5934384 3967984
ceph-osd        12.4  1.0 5905656 4056860
ceph-osd        13.1  1.0 6103124 4048252
ceph-osd        15.9  0.9 5870896 3874624
ceph-osd        13.4  0.9 6013724 3875908
ceph-osd        13.6  1.0 5844688 4072940
ceph-osd        15.0  1.0 5955164 4103024
ceph-osd        14.3  0.9 5966544 3883764
ceph-osd        13.1  1.0 5912604 4107656
ceph-osd        15.6  1.0 6008580 4032372
ceph-osd        14.4  0.9 5961892 3866112
ceph-osd        17.1  1.0 5939072 4062184
ceph-osd        14.2  1.0 6089464 3961312
ceph-osd        11.9  0.9 5949692 3591332
ceph-osd        13.3  1.0 5903488 4060408
2022/02/26-13:42:08: f11-h05-000-6049p.rdu2.scalelab.redhat.com ceph-osd        13.8  1.0 5952060 4116056
ceph-osd        14.6  0.9 5924320 3876856
ceph-osd        13.6  0.9 6102152 3824684
ceph-osd        12.0  0.9 6010784 3875524
ceph-osd        12.8  1.0 5995476 4136360
ceph-osd        13.7  1.0 6007968 4070132
ceph-osd        12.7  1.0 5995300 4077520
ceph-osd        12.5  0.9 5847448 3847668
ceph-osd        14.0  1.0 6110364 3949560
ceph-osd        13.5  1.0 6152112 4060432
ceph-osd        12.0  1.0 5794040 4076536
ceph-osd        17.3  0.9 6132556 3901452
ceph-osd        14.3  1.0 5830928 4105668
ceph-osd        13.7  0.9 6031072 3908640
ceph-osd        15.3  0.9 6019408 3651320
ceph-osd        13.7  1.0 5974984 3966496
ceph-osd        14.6  1.0 6007504 4084644
ceph-osd        12.6  1.0 6105212 4002372
ceph-osd        15.2  1.0 6061132 4006692
ceph-osd        14.9  0.9 6067852 3846552
ceph-osd        13.5  1.0 5817060 4234964
ceph-osd        11.1  1.0 5824612 4147980
ceph-osd        15.2  0.9 5945300 3890960
ceph-osd        13.9  0.9 6002352 3887552
2022/02/26-13:42:08: f11-h09-000-6049p.rdu2.scalelab.redhat.com ceph-osd        14.7  0.9 5944148 3563332
ceph-osd        14.8  1.0 5995212 4070340
ceph-osd        15.3  1.0 6219524 4076204
ceph-osd        11.9  0.9 5892260 3815088
ceph-osd        14.3  1.0 6088100 3949016
ceph-osd        12.8  0.9 5974324 3920588
ceph-osd        13.0  0.9 6013464 3854824
ceph-osd        10.9  1.0 5840252 3952524
ceph-osd        14.0  1.0 6068148 4200976
ceph-osd        16.2  1.0 5981488 3962748
ceph-osd        12.6  1.0 5890796 4047772
ceph-osd        15.1  1.0 6137148 4122276
ceph-osd        14.3  1.0 5960584 4073264
ceph-osd        14.3  1.0 5962556 4077756
ceph-osd        16.2  1.0 6121184 4044452
ceph-osd        11.7  0.9 5966600 3872736
ceph-osd        18.9  1.0 6145856 4104864
ceph-osd        16.3  1.0 6069600 4166564
ceph-osd        15.3  0.9 5953228 3931032
ceph-osd        12.4  0.9 5974220 3735656
ceph-osd        13.5  1.0 5985160 4081108
ceph-osd        14.1  1.0 5944232 4106332
ceph-osd        18.7  0.9 5945428 3879848
ceph-osd        15.0  1.0 6303492 4083376
2022/02/26-13:42:08: f11-h13-000-6049p.rdu2.scalelab.redhat.com ceph-osd        14.8  1.0 6019592 4095632
ceph-osd        12.7  1.0 5908460 4080928
ceph-osd        14.7  1.0 5944532 4087004
ceph-osd        13.7  1.0 5983824 4059824
ceph-osd        14.7  0.9 6062124 3851048
ceph-osd        11.8  1.0 6001180 4032140
ceph-osd        10.9  1.0 5826656 4076284
ceph-osd        11.0  1.0 5938348 4105472
ceph-osd        11.6  1.0 5940868 4108896
ceph-osd        13.3  1.0 5858020 4123336
ceph-osd        15.5  1.0 6082100 4094124
ceph-osd        14.0  0.9 5894456 3850896
ceph-osd        13.3  1.0 6077148 4171172
ceph-osd        12.8  1.0 6026836 4100536
ceph-osd        14.5  0.9 6085300 3829756
ceph-osd        13.0  0.9 5937108 3823212
ceph-osd        17.0  1.0 5952996 4110088
ceph-osd        14.9  1.0 6164320 4100444
ceph-osd        13.5  1.0 6016824 4097584
ceph-osd        14.0  1.0 6192268 4113668
ceph-osd        11.4  1.0 5799380 4053968
ceph-osd        11.2  1.0 5830548 4026936
ceph-osd        13.7  1.0 6032264 4113088
ceph-osd        11.6  1.0 5942000 4146956
2022/02/26-13:42:09: f11-h17-000-6049p.rdu2.scalelab.redhat.com ceph-osd        12.7  1.0 6080784 3999288
ceph-osd        12.5  0.9 6114368 3921508
ceph-osd        14.5  1.0 6121632 4059352
ceph-osd        15.3  1.0 6018384 4230744
ceph-osd        14.0  1.0 6034276 4091000
ceph-osd        14.0  1.0 6035980 4075716
ceph-osd        13.3  0.9 6009784 3835088
ceph-osd        12.3  1.0 6123820 4112820
ceph-osd        12.4  1.0 5927236 4044920
ceph-osd        14.4  1.0 5926624 4069460
ceph-osd        12.8  0.9 5924616 3876848
ceph-osd        14.6  1.0 5900436 4022884
ceph-osd        13.4  1.0 6028508 3987824
ceph-osd        11.0  1.0 5808220 4158048
ceph-osd        11.2  0.9 5983312 3890388
ceph-osd        12.4  0.9 5970624 3881388
ceph-osd        13.7  0.9 5963404 3944788
ceph-osd        14.6  1.0 6257512 4162120
ceph-osd        13.6  0.9 5940064 3829576
ceph-osd        12.4  0.9 5963108 3657772
ceph-osd        12.3  1.0 5913652 4084724
ceph-osd        14.4  1.0 5883820 4064644
ceph-osd        13.1  0.9 6010348 3746028
ceph-osd        17.1  1.0 5996936 4220492

Site2 buckets (rgw):
2022/02/26-13:42:12:         "bucket": "mycontainers1",
        "num_shards": 1453,
                "num_objects": 74767029
        "bucket": "mycontainers3",
        "num_shards": 1061,
                "num_objects": 74993175
        "bucket": "mycontainers4",
        "num_shards": 1493,
                "num_objects": 74994897
        "bucket": "mycontainers2",
        "num_shards": 1171,
                "num_objects": 74766288
        "bucket": "mycontainers5",
        "num_shards": 1087,
                "num_objects": 74995309

Cluster status
  cluster:
    id:     ffdc49e2-9622-11ec-9f52-ac1f6b2d5d2a
    health: HEALTH_WARN
            nobackfill,norebalance,norecover,noscrub,nodeep-scrub flag(s) set
 
  services:
    mon: 3 daemons, quorum f13-h26-b04-5039ms.rdu2.scalelab.redhat.com,f13-h26-b08-5039ms,f13-h26-b07-5039ms (age 27h)
    mgr: f13-h26-b04-5039ms.rdu2.scalelab.redhat.com.uyhevq(active, since 26h), standbys: f13-h26-b07-5039ms.iweveu, f13-h26-b08-5039ms.nhdqye
    osd: 288 osds: 288 up (since 26h), 288 in (since 26h); 524 remapped pgs
         flags nobackfill,norebalance,norecover,noscrub,nodeep-scrub
    rgw: 12 daemons active (12 hosts, 1 zones)
 
  data:
    pools:   7 pools, 9729 pgs
    objects: 374.55M objects, 5.1 TiB
    usage:   58 TiB used, 510 TiB / 567 TiB avail
    pgs:     23577518/2247291612 objects misplaced (1.049%)
             9205 active+clean
             433  active+remapped+backfill_wait
             91   active+remapped+backfilling
 
  io:
    client:   203 MiB/s rd, 116 MiB/s wr, 115.08k op/s rd, 95.00k op/s wr
 
2022/02/26-13:42:12: ceph df detail --- RAW STORAGE ---
CLASS     SIZE    AVAIL    USED  RAW USED  %RAW USED
hdd    567 TiB  510 TiB  58 TiB    58 TiB      10.18
TOTAL  567 TiB  510 TiB  58 TiB    58 TiB      10.18
 
--- POOLS ---
POOL                       ID   PGS   STORED   (DATA)   (OMAP)  OBJECTS     USED   (DATA)   (OMAP)  %USED  MAX AVAIL  QUOTA OBJECTS  QUOTA BYTES    DIRTY  USED COMPR  UNDER COMPR
device_health_metrics       1     1  846 KiB      0 B  846 KiB      315  2.5 MiB      0 B  2.5 MiB      0    160 TiB            N/A          N/A      315         0 B          0 B
default.rgw.control         6   256      0 B      0 B      0 B        8      0 B      0 B      0 B      0    160 TiB            N/A          N/A        8         0 B          0 B
default.rgw.buckets.data    7  8192  9.4 TiB  9.4 TiB      0 B  374.54M   14 TiB   14 TiB      0 B   2.85    320 TiB            N/A          N/A  374.54M         0 B          0 B
default.rgw.buckets.index   8   512  107 GiB      0 B  107 GiB    7.39k  322 GiB      0 B  322 GiB   0.07    160 TiB            N/A          N/A    7.39k         0 B          0 B
default.rgw.log             9   256  3.0 MiB   59 KiB  2.9 MiB      406   12 MiB  2.7 MiB  8.8 MiB      0    160 TiB            N/A          N/A      406         0 B          0 B
default.rgw.meta           10   256  587 KiB  3.2 KiB  584 KiB       15  1.9 MiB  168 KiB  1.7 MiB      0    160 TiB            N/A          N/A       15         0 B          0 B
.rgw.root                  11   256  1.3 KiB  1.3 KiB      0 B        4   48 KiB   48 KiB      0 B      0    160 TiB            N/A          N/A        4         0 B          0 B

Site2 pool PG counts:
pool 1 'device_health_metrics' replicated size 3 min_size 2 crush_rule 0 object_hash rjenkins pg_num 1 pgp_num 1 autoscale_mode on last_change 861 flags hashpspool stripe_width 0 pg_num_min 1 application mgr_devicehealth,rgw
pool 6 'default.rgw.control' replicated size 3 min_size 2 crush_rule 0 object_hash rjenkins pg_num 256 pgp_num 256 autoscale_mode on last_change 862 flags hashpspool stripe_width 0 pg_num_min 256 application rgw
pool 7 'default.rgw.buckets.data' erasure profile myprofile size 6 min_size 5 crush_rule 1 object_hash rjenkins pg_num 8192 pgp_num 8192 autoscale_mode on last_change 878 lfor 0/0/876 flags hashpspool stripe_width 16384 pg_num_min 8192 application rgw
pool 8 'default.rgw.buckets.index' replicated size 3 min_size 2 crush_rule 0 object_hash rjenkins pg_num 512 pgp_num 512 autoscale_mode on last_change 864 flags hashpspool stripe_width 0 pg_num_min 512 application rgw
pool 9 'default.rgw.log' replicated size 3 min_size 2 crush_rule 0 object_hash rjenkins pg_num 256 pgp_num 256 autoscale_mode on last_change 865 flags hashpspool stripe_width 0 pg_num_min 256 application rgw
pool 10 'default.rgw.meta' replicated size 3 min_size 2 crush_rule 0 object_hash rjenkins pg_num 256 pgp_num 256 autoscale_mode on last_change 866 flags hashpspool stripe_width 0 pg_num_min 256 application rgw
pool 11 '.rgw.root' replicated size 3 min_size 2 crush_rule 0 object_hash rjenkins pg_num 256 pgp_num 256 autoscale_mode on last_change 867 flags hashpspool stripe_width 0 pg_num_min 256 application rgw


Site2 buckets df
2022/02/26-13:42:13: POOL                       ID   PGS   STORED  OBJECTS     USED  %USED  MAX AVAIL
default.rgw.control         6   256      0 B        8      0 B      0    160 TiB
default.rgw.buckets.data    7  8192  9.4 TiB  374.54M   14 TiB   2.85    320 TiB
default.rgw.buckets.index   8   512  107 GiB    7.39k  322 GiB   0.07    160 TiB
default.rgw.log             9   256  3.0 MiB      406   12 MiB      0    160 TiB
default.rgw.meta           10   256  587 KiB       15  1.9 MiB      0    160 TiB

OSD/RGW free:
2022/02/26-13:42:13: f10-h01-000-6049p.rdu2.scalelab.redhat.com                total        used        free      shared  buff/cache   available
Mem:          376Gi        96Gi       7.2Gi       4.1Gi       272Gi       273Gi
Swap:            0B          0B          0B

Ceph osd df:
2022/02/26-13:42:13: ID   CLASS  WEIGHT   REWEIGHT  SIZE     RAW USE  DATA    OMAP      META     AVAIL    %USE   VAR   PGS  STATUS
264    hdd  1.97049   1.00000  2.0 TiB  207 GiB  52 GiB   2.0 GiB   12 GiB  1.8 TiB  10.25  1.01  203      up
265    hdd  1.97049   1.00000  2.0 TiB  206 GiB  51 GiB   1.9 GiB   12 GiB  1.8 TiB  10.23  1.00  189      up
266    hdd  1.97049   1.00000  2.0 TiB  207 GiB  52 GiB   520 MiB   12 GiB  1.8 TiB  10.25  1.01  192      up
267    hdd  1.97049   1.00000  2.0 TiB  208 GiB  53 GiB   1.5 GiB   12 GiB  1.8 TiB  10.33  1.01  193      up
268    hdd  1.97049   1.00000  2.0 TiB  205 GiB  50 GiB   597 MiB   12 GiB  1.8 TiB  10.17  1.00  179      up
269    hdd  1.97049   1.00000  2.0 TiB  203 GiB  47 GiB   519 MiB   11 GiB  1.8 TiB  10.04  0.99  175      up
270    hdd  1.97049   1.00000  2.0 TiB  208 GiB  53 GiB   657 MiB   12 GiB  1.8 TiB  10.31  1.01  193      up
271    hdd  1.97049   1.00000  2.0 TiB  208 GiB  53 GiB   166 MiB   12 GiB  1.8 TiB  10.30  1.01  190      up
272    hdd  1.97049   1.00000  2.0 TiB  205 GiB  50 GiB   751 MiB   11 GiB  1.8 TiB  10.17  1.00  188      up
273    hdd  1.97049   1.00000  2.0 TiB  203 GiB  47 GiB   592 MiB   11 GiB  1.8 TiB  10.04  0.99  177      up
274    hdd  1.97049   1.00000  2.0 TiB  205 GiB  50 GiB   210 MiB   12 GiB  1.8 TiB  10.18  1.00  180      up
275    hdd  1.97049   1.00000  2.0 TiB  203 GiB  47 GiB   478 MiB   11 GiB  1.8 TiB  10.04  0.99  177      up
276    hdd  1.97049   1.00000  2.0 TiB  203 GiB  47 GiB   1.3 GiB   11 GiB  1.8 TiB  10.04  0.99  180      up
277    hdd  1.97049   1.00000  2.0 TiB  205 GiB  50 GiB   1.2 GiB   11 GiB  1.8 TiB  10.17  1.00  186      up
278    hdd  1.97049   1.00000  2.0 TiB  208 GiB  53 GiB   2.1 GiB   12 GiB  1.8 TiB  10.32  1.01  195      up
279    hdd  1.97049   1.00000  2.0 TiB  205 GiB  50 GiB   219 MiB   12 GiB  1.8 TiB  10.17  1.00  182      up
280    hdd  1.97049   1.00000  2.0 TiB  208 GiB  53 GiB   676 MiB   12 GiB  1.8 TiB  10.31  1.01  190      up
281    hdd  1.97049   1.00000  2.0 TiB  208 GiB  53 GiB   965 MiB   12 GiB  1.8 TiB  10.32  1.01  193      up
282    hdd  1.97049   1.00000  2.0 TiB  203 GiB  47 GiB  1011 MiB   11 GiB  1.8 TiB  10.04  0.99  178      up
283    hdd  1.97049   1.00000  2.0 TiB  202 GiB  47 GiB   864 MiB   11 GiB  1.8 TiB  10.02  0.98  174      up
284    hdd  1.97049   1.00000  2.0 TiB  208 GiB  53 GiB   876 MiB   12 GiB  1.8 TiB  10.32  1.01  193      up
285    hdd  1.97049   1.00000  2.0 TiB  206 GiB  51 GiB   728 MiB   12 GiB  1.8 TiB  10.21  1.00  188      up
286    hdd  1.97049   1.00000  2.0 TiB  204 GiB  49 GiB   1.3 GiB   12 GiB  1.8 TiB  10.11  0.99  183      up
287    hdd  1.97049   1.00000  2.0 TiB  203 GiB  47 GiB   962 MiB   11 GiB  1.8 TiB  10.04  0.99  175      up
  9    hdd  1.97049   1.00000  2.0 TiB  204 GiB  48 GiB   1.7 GiB   12 GiB  1.8 TiB  10.09  0.99  181      up
 17    hdd  1.97049   1.00000  2.0 TiB  207 GiB  51 GiB   605 MiB   12 GiB  1.8 TiB  10.24  1.01  190      up
 24    hdd  1.97049   1.00000  2.0 TiB  208 GiB  53 GiB   2.0 GiB   12 GiB  1.8 TiB  10.33  1.01  208      up
 34    hdd  1.97049   1.00000  2.0 TiB  204 GiB  48 GiB   1.8 GiB   11 GiB  1.8 TiB  10.09  0.99  184      up
 43    hdd  1.97049   1.00000  2.0 TiB  208 GiB  53 GiB   1.4 GiB   12 GiB  1.8 TiB  10.33  1.01  202      up
 53    hdd  1.97049   1.00000  2.0 TiB  208 GiB  53 GiB   2.1 GiB   12 GiB  1.8 TiB  10.33  1.01  204      up
 61    hdd  1.97049   1.00000  2.0 TiB  208 GiB  53 GiB   1.4 GiB   12 GiB  1.8 TiB  10.33  1.01  194      up
 71    hdd  1.97049   1.00000  2.0 TiB  203 GiB  48 GiB   1.4 GiB   11 GiB  1.8 TiB  10.08  0.99  181      up
 81    hdd  1.97049   1.00000  2.0 TiB  206 GiB  51 GiB   903 MiB   12 GiB  1.8 TiB  10.21  1.00  185      up
 92    hdd  1.97049   1.00000  2.0 TiB  205 GiB  50 GiB   701 MiB   12 GiB  1.8 TiB  10.17  1.00  185      up
102    hdd  1.97049   1.00000  2.0 TiB  203 GiB  48 GiB   1.1 GiB   11 GiB  1.8 TiB  10.08  0.99  178      up
112    hdd  1.97049   1.00000  2.0 TiB  203 GiB  48 GiB   1.3 GiB   11 GiB  1.8 TiB  10.08  0.99  177      up
122    hdd  1.97049   1.00000  2.0 TiB  205 GiB  50 GiB   949 MiB   11 GiB  1.8 TiB  10.15  1.00  179      up
132    hdd  1.97049   1.00000  2.0 TiB  208 GiB  53 GiB   1.8 GiB   12 GiB  1.8 TiB  10.33  1.01  204      up
142    hdd  1.97049   1.00000  2.0 TiB  208 GiB  53 GiB   212 MiB   12 GiB  1.8 TiB  10.30  1.01  193      up
151    hdd  1.97049   1.00000  2.0 TiB  206 GiB  51 GiB   1.4 GiB   12 GiB  1.8 TiB  10.20  1.00  187      up
161    hdd  1.97049   1.00000  2.0 TiB  208 GiB  53 GiB   1.6 GiB   13 GiB  1.8 TiB  10.33  1.01  194      up
171    hdd  1.97049   1.00000  2.0 TiB  203 GiB  48 GiB   880 MiB   11 GiB  1.8 TiB  10.08  0.99  178      up
181    hdd  1.97049   1.00000  2.0 TiB  203 GiB  48 GiB   496 MiB   11 GiB  1.8 TiB  10.08  0.99  172      up
191    hdd  1.97049   1.00000  2.0 TiB  206 GiB  50 GiB   1.3 GiB   12 GiB  1.8 TiB  10.18  1.00  187      up
201    hdd  1.97049   1.00000  2.0 TiB  203 GiB  48 GiB   1.4 GiB   11 GiB  1.8 TiB  10.08  0.99  178      up
211    hdd  1.97049   1.00000  2.0 TiB  208 GiB  53 GiB   1.4 GiB   13 GiB  1.8 TiB  10.33  1.01  197      up
221    hdd  1.97049   1.00000  2.0 TiB  205 GiB  49 GiB   1.5 GiB   12 GiB  1.8 TiB  10.14  1.00  183      up
231    hdd  1.97049   1.00000  2.0 TiB  208 GiB  53 GiB   849 MiB   12 GiB  1.8 TiB  10.31  1.01  195      up
  3    hdd  1.97049   1.00000  2.0 TiB  205 GiB  50 GiB   1.2 GiB   11 GiB  1.8 TiB  10.15  1.00  177      up
 13    hdd  1.97049   1.00000  2.0 TiB  201 GiB  46 GiB   1.8 GiB   11 GiB  1.8 TiB   9.97  0.98  175      up
 22    hdd  1.97049   1.00000  2.0 TiB  202 GiB  46 GiB   1.4 GiB   11 GiB  1.8 TiB   9.99  0.98  179      up
 31    hdd  1.97049   1.00000  2.0 TiB  205 GiB  50 GiB   1.0 GiB   12 GiB  1.8 TiB  10.15  1.00  181      up
 42    hdd  1.97049   1.00000  2.0 TiB  203 GiB  47 GiB   1.8 GiB   11 GiB  1.8 TiB  10.04  0.99  180      up
 51    hdd  1.97049   1.00000  2.0 TiB  208 GiB  53 GiB   1.9 GiB   12 GiB  1.8 TiB  10.33  1.01  196      up
 62    hdd  1.97049   1.00000  2.0 TiB  208 GiB  53 GiB   631 MiB   12 GiB  1.8 TiB  10.32  1.01  192      up
 72    hdd  1.97049   1.00000  2.0 TiB  207 GiB  52 GiB   1.9 GiB   12 GiB  1.8 TiB  10.27  1.01  198      up
 82    hdd  1.97049   1.00000  2.0 TiB  203 GiB  48 GiB   1.2 GiB   11 GiB  1.8 TiB  10.05  0.99  182      up
 91    hdd  1.97049   1.00000  2.0 TiB  206 GiB  51 GiB   1.0 GiB   12 GiB  1.8 TiB  10.23  1.00  185      up
101    hdd  1.97049   1.00000  2.0 TiB  205 GiB  50 GiB   1.7 GiB   12 GiB  1.8 TiB  10.18  1.00  188      up
111    hdd  1.97049   1.00000  2.0 TiB  208 GiB  53 GiB   696 MiB   12 GiB  1.8 TiB  10.33  1.01  193      up
121    hdd  1.97049   1.00000  2.0 TiB  205 GiB  50 GiB   1.5 GiB   12 GiB  1.8 TiB  10.17  1.00  184      up
131    hdd  1.97049   1.00000  2.0 TiB  204 GiB  48 GiB   2.3 GiB   11 GiB  1.8 TiB  10.10  0.99  187      up
141    hdd  1.97049   1.00000  2.0 TiB  202 GiB  47 GiB   1.7 GiB   11 GiB  1.8 TiB  10.02  0.98  184      up
152    hdd  1.97049   1.00000  2.0 TiB  208 GiB  53 GiB   397 MiB   12 GiB  1.8 TiB  10.33  1.01  195      up
162    hdd  1.97049   1.00000  2.0 TiB  205 GiB  50 GiB   512 MiB   12 GiB  1.8 TiB  10.18  1.00  185      up
172    hdd  1.97049   1.00000  2.0 TiB  200 GiB  45 GiB   697 MiB   11 GiB  1.8 TiB   9.92  0.97  162      up
182    hdd  1.97049   1.00000  2.0 TiB  201 GiB  46 GiB   1.1 GiB   11 GiB  1.8 TiB   9.95  0.98  164      up
192    hdd  1.97049   1.00000  2.0 TiB  206 GiB  51 GiB   1.7 GiB   12 GiB  1.8 TiB  10.23  1.00  199      up
202    hdd  1.97049   1.00000  2.0 TiB  205 GiB  49 GiB   613 MiB   12 GiB  1.8 TiB  10.14  1.00  189      up
212    hdd  1.97049   1.00000  2.0 TiB  203 GiB  48 GiB   317 MiB   11 GiB  1.8 TiB  10.07  0.99  178      up
222    hdd  1.97049   1.00000  2.0 TiB  200 GiB  45 GiB   1.2 GiB   11 GiB  1.8 TiB   9.91  0.97  169      up
232    hdd  1.97049   1.00000  2.0 TiB  205 GiB  49 GiB   1.7 GiB   12 GiB  1.8 TiB  10.14  1.00  180      up
  2    hdd  1.97049   1.00000  2.0 TiB  206 GiB  51 GiB   2.1 GiB   12 GiB  1.8 TiB  10.21  1.00  191      up
 11    hdd  1.97049   1.00000  2.0 TiB  204 GiB  49 GiB   193 MiB   11 GiB  1.8 TiB  10.13  0.99  177      up
 20    hdd  1.97049   1.00000  2.0 TiB  209 GiB  53 GiB   1.3 GiB   12 GiB  1.8 TiB  10.34  1.02  197      up
 32    hdd  1.97049   1.00000  2.0 TiB  206 GiB  51 GiB   801 MiB   12 GiB  1.8 TiB  10.20  1.00  183      up
 44    hdd  1.97049   1.00000  2.0 TiB  207 GiB  51 GiB   727 MiB   12 GiB  1.8 TiB  10.24  1.01  184      up
 54    hdd  1.97049   1.00000  2.0 TiB  204 GiB  48 GiB   1.0 GiB   11 GiB  1.8 TiB  10.10  0.99  180      up
 65    hdd  1.97049   1.00000  2.0 TiB  209 GiB  54 GiB   721 MiB   12 GiB  1.8 TiB  10.35  1.02  195      up
 74    hdd  1.97049   1.00000  2.0 TiB  204 GiB  49 GiB   1.1 GiB   11 GiB  1.8 TiB  10.12  0.99  191      up
 84    hdd  1.97049   1.00000  2.0 TiB  204 GiB  49 GiB   2.2 GiB   11 GiB  1.8 TiB  10.11  0.99  188      up
 94    hdd  1.97049   1.00000  2.0 TiB  208 GiB  53 GiB   1.1 GiB   12 GiB  1.8 TiB  10.33  1.01  203      up
104    hdd  1.97049   1.00000  2.0 TiB  208 GiB  53 GiB   2.3 GiB   12 GiB  1.8 TiB  10.30  1.01  197      up
114    hdd  1.97049   1.00000  2.0 TiB  207 GiB  52 GiB   940 MiB   12 GiB  1.8 TiB  10.27  1.01  191      up
124    hdd  1.97049   1.00000  2.0 TiB  204 GiB  48 GiB   890 MiB   11 GiB  1.8 TiB  10.09  0.99  177      up
134    hdd  1.97049   1.00000  2.0 TiB  209 GiB  53 GiB   2.0 GiB   12 GiB  1.8 TiB  10.34  1.02  200      up
144    hdd  1.97049   1.00000  2.0 TiB  208 GiB  53 GiB   1.5 GiB   13 GiB  1.8 TiB  10.33  1.01  200      up
154    hdd  1.97049   1.00000  2.0 TiB  207 GiB  51 GiB   694 MiB   12 GiB  1.8 TiB  10.24  1.01  194      up
164    hdd  1.97049   1.00000  2.0 TiB  204 GiB  48 GiB  1014 MiB   11 GiB  1.8 TiB  10.09  0.99  178      up
174    hdd  1.97049   1.00000  2.0 TiB  204 GiB  49 GiB   1.5 GiB   11 GiB  1.8 TiB  10.10  0.99  187      up
184    hdd  1.97049   1.00000  2.0 TiB  203 GiB  48 GiB   1.5 GiB   11 GiB  1.8 TiB  10.07  0.99  178      up
194    hdd  1.97049   1.00000  2.0 TiB  208 GiB  53 GiB   1.6 GiB   12 GiB  1.8 TiB  10.32  1.01  197      up
204    hdd  1.97049   1.00000  2.0 TiB  204 GiB  49 GiB   970 MiB   11 GiB  1.8 TiB  10.13  0.99  180      up
214    hdd  1.97049   1.00000  2.0 TiB  204 GiB  48 GiB   1.3 GiB   11 GiB  1.8 TiB  10.10  0.99  181      up
224    hdd  1.97049   1.00000  2.0 TiB  207 GiB  51 GiB   832 MiB   12 GiB  1.8 TiB  10.24  1.01  190      up
234    hdd  1.97049   1.00000  2.0 TiB  207 GiB  51 GiB   757 MiB   12 GiB  1.8 TiB  10.24  1.01  200      up
  7    hdd  1.97049   1.00000  2.0 TiB  208 GiB  53 GiB   800 MiB   13 GiB  1.8 TiB  10.33  1.01  194      up
 14    hdd  1.97049   1.00000  2.0 TiB  203 GiB  48 GiB   1.4 GiB   11 GiB  1.8 TiB  10.06  0.99  186      up
 21    hdd  1.97049   1.00000  2.0 TiB  204 GiB  49 GiB   1.4 GiB   12 GiB  1.8 TiB  10.12  0.99  181      up
 30    hdd  1.97049   1.00000  2.0 TiB  207 GiB  51 GiB   1.1 GiB   12 GiB  1.8 TiB  10.24  1.01  191      up
