2022/02/28-19:00:47: runIOworkload.sh - Created logfile: ./RESULTS/runIOworkload.sh_20220228-190045.log
Runtime Environment:
Linux f10-h29-b02-5039ms.rdu2.scalelab.redhat.com 4.18.0-348.el8.x86_64 #1 SMP Mon Oct 4 12:17:22 EDT 2021 x86_64 x86_64 x86_64 GNU/Linux
Red Hat Enterprise Linux release 8.5 (Ootpa)
ceph version 16.2.7-72.el8cp (2098204aaa2e5db139a9223b08829c833ed7058b) pacific (stable)
2022/02/28-19:00:47: > runmode=containerized
Key Variable Values:
2022/02/28-19:00:47: > pollinterval=300
2022/02/28-19:00:47: > RESULTSDIR=./RESULTS
Cluster variable settings:
2022/02/28-19:00:47: > MONhostname=f13-h26-b04-5039ms.rdu2.scalelab.redhat.com
2022/02/28-19:00:47: > RGWhostname=f10-h01-000-6049p.rdu2.scalelab.redhat.com
2022/02/28-19:00:47: ---------------------------------
2022/02/28-19:00:47: BEGIN /root/git_repo/DFGRGWtest/RGWtest/measure.xml contents:
<?xml version="1.0" encoding="UTF-8" ?>
<workload name="hybridSS" description="RGW testing">


<!-- Initialization -->
  <storage type="s3" config="timeout=900000;accesskey=W9ABUUVT9ELGCEODRROS;secretkey=3FSC6yeUC5OwBb3BAq0Y8SZA0Z3ICArDOSyMlDdH;endpoint=http://localhost:5000;path_style_access=true"/>
  <auth type="none"/>

  <workflow>

<!-- Use operation mix & object sizes as defined in vars.shinc	 -->

    <workstage name="MAIN">
        <work name="hybrid" workers="1988" runtime="3600" >
            <operation name="writeOP" type="write" ratio="36" config="containers=u(1,2);objects=u(1,75000000);sizes=h(1|2|25,2|4|40,4|8|25,8|256|10)KB" />
            <operation name="deleteOP" type="delete" ratio="5" config="containers=u(1,2);objects=u(1,75000000);sizes=h(1|2|25,2|4|40,4|8|25,8|256|10)KB" />
	    <operation name="readOP" type="read" ratio="44" config="containers=u(3,5);objects=u(1,75000000);hashCheck=true" />
            <operation name="listOP" type="list" ratio="15" config="containers=u(3,5);objects=u(1,75000000);hashCheck=true" />
        </work>
    </workstage>

  </workflow>

</workload>
2022/02/28-19:00:47: END /root/git_repo/DFGRGWtest/RGWtest/measure.xml
2022/02/28-19:00:48: 
CLASS     SIZE    AVAIL    USED  RAW USED  %RAW USED
TOTAL  567 TiB  510 TiB  57 TiB    57 TiB      10.10
POOL                       ID   PGS   STORED  OBJECTS     USED  %USED  MAX AVAIL
GC: 2022/02/28-19:00:48: Pending GC's == 1
2022/02/28-19:00:48: START: poll backgrd process
2022/02/28-19:00:50: ** POLL started

ceph balancer status
{
    "active": true,
    "last_optimize_duration": "0:00:00.122571",
    "last_optimize_started": "Mon Feb 28 19:00:25 2022",
    "mode": "upmap",
    "optimize_result": "Unable to find further optimization, or pool(s) pg_num is decreasing, or distribution is already perfect",
    "plans": []
}
2022/02/28-19:00:50: POLL backgrd processID 2165950
2022/02/28-19:00:50: START: cosbench launched
2022/02/28-19:00:51: OSD Settings:      "bluefs_buffered_io": "true",
    "bluestore_cache_trim_max_skip_pinned": "1000",
    "bluestore_rocksdb_options": "compression=kNoCompression,max_write_buffer_number=4,min_write_buffer_number_to_merge=1,recycle_log_file_num=4,write_buffer_size=268435456,writable_file_max_buffer_size=0,compaction_readahead_size=2097152,max_background_compactions=2,max_total_wal_size=1073741824",
    "bluestore_rocksdb_options_annex": "",
    "debug_objclass": "0/5",
    "log_to_file": "true",
    "mon_cluster_log_to_file": "true",
    "osd_crush_initial_weight": "-1.000000",
    "osd_deep_scrub_interval": "604800.000000",
    "osd_deep_scrub_large_omap_object_key_threshold": "200000",
    "osd_delete_sleep": "0.000000",
    "osd_delete_sleep_hdd": "5.000000",
    "osd_delete_sleep_hybrid": "1.000000",
    "osd_delete_sleep_ssd": "1.000000",
    "osd_max_backfills": "1",
    "osd_max_scrubs": "1",
    "osd_memory_target": "11683794359",
    "osd_memory_target_autotune": "false",
    "osd_memory_target_cgroup_limit_ratio": "0.800000",
    "osd_op_thread_timeout": "15",
    "osd_recovery_max_omap_entries_per_chunk": "8096",
    "osd_scrub_auto_repair": "false",
    "osd_scrub_auto_repair_num_errors": "5",
    "osd_scrub_begin_hour": "0",
    "osd_scrub_during_recovery": "false",
    "osd_scrub_end_hour": "0",
    "osd_scrub_max_interval": "604800.000000",
    "osd_scrub_sleep": "0.000000",
    "rocksdb_cache_size": "536870912",
2022/02/28-19:00:51: RGW Settings:      "debug_ms": "0/0",
    "debug_rgw": "1/5",
    "debug_rgw_sync": "1/5",
    "log_to_file": "true",
    "mon_cluster_log_to_file": "true",
    "rgw_dynamic_resharding": "true",
    "rgw_frontend_defaults": "beast ssl_certificate=config://rgw/cert/$realm/$zone.crt ssl_private_key=config://rgw/cert/$realm/$zone.key",
    "rgw_frontends": "beast endpoint=172.17.36.220:8080",
    "rgw_gc_max_concurrent_io": "10",
    "rgw_gc_max_deferred": "50",
    "rgw_gc_max_deferred_entries_size": "3072",
    "rgw_gc_max_objs": "32",
    "rgw_gc_max_queue_size": "134213632",
    "rgw_gc_max_trim_chunk": "16",
    "rgw_gc_obj_min_wait": "7200",
    "rgw_gc_processor_max_time": "3600",
    "rgw_gc_processor_period": "3600",
    "rgw_max_concurrent_requests": "2048",
    "rgw_override_bucket_index_max_shards": "0",
    "rgw_run_sync_thread": "true",
    "rgw_thread_pool_size": "1024",
2022/02/28-19:00:52: Accepted with ID: w15
2022/02/28-19:00:52: COSbench jobID is: w15 - Started

OSD swapon -s ...
f11-h09-000-6049p.rdu2.scalelab.redhat.com | CHANGED | rc=0 | (stdout) 
f11-h17-000-6049p.rdu2.scalelab.redhat.com | CHANGED | rc=0 | (stdout) 
f11-h13-000-6049p.rdu2.scalelab.redhat.com | CHANGED | rc=0 | (stdout) 
f11-h05-000-6049p.rdu2.scalelab.redhat.com | CHANGED | rc=0 | (stdout) 
f11-h01-000-6049p.rdu2.scalelab.redhat.com | CHANGED | rc=0 | (stdout) 
f10-h01-000-6049p.rdu2.scalelab.redhat.com | CHANGED | rc=0 | (stdout) 
f10-h05-000-6049p.rdu2.scalelab.redhat.com | CHANGED | rc=0 | (stdout) 
f10-h13-000-6049p.rdu2.scalelab.redhat.com | CHANGED | rc=0 | (stdout) 
f10-h09-000-6049p.rdu2.scalelab.redhat.com | CHANGED | rc=0 | (stdout) 
f10-h21-000-6049p.rdu2.scalelab.redhat.com | CHANGED | rc=0 | (stdout) 
f10-h25-000-6049p.rdu2.scalelab.redhat.com | CHANGED | rc=0 | (stdout) 
f10-h17-000-6049p.rdu2.scalelab.redhat.com | CHANGED | rc=0 | (stdout) 

2022/02/28-19:00:56: %RAW USED 10.10; Pending GCs 

--------------------------------------------------------

2022/02/28-19:00:59: RESHARD Queue Length 1
2022/02/28-19:00:59: RESHARD List []

LA: 2022/02/28-19:00:59:   4.27, 1.86, 1.28

RGW stats:          proc   %cpu %mem  vsz    rss     memused       memlimit
f10-h01-000-6049p.rdu2.scalelab.redhat.com   radosgw 0.6 0.0 9670228 210724   363210981376   9223372036854771712
f10-h05-000-6049p.rdu2.scalelab.redhat.com   radosgw 0.6 0.0 9684748 203844   151606214656   9223372036854771712
f10-h09-000-6049p.rdu2.scalelab.redhat.com   radosgw 0.6 0.0 9730960 232480   176123834368   9223372036854771712
f10-h13-000-6049p.rdu2.scalelab.redhat.com   radosgw 0.6 0.0 9700112 220288   147294752768   9223372036854771712
f10-h17-000-6049p.rdu2.scalelab.redhat.com   radosgw 0.7 0.0 9709268 231448   167036755968   9223372036854771712
f10-h21-000-6049p.rdu2.scalelab.redhat.com   radosgw 0.7 0.0 9649656 205280   134542422016   9223372036854771712
f10-h25-000-6049p.rdu2.scalelab.redhat.com   radosgw 0.7 0.0 9701568 232456   158719496192   9223372036854771712
f11-h01-000-6049p.rdu2.scalelab.redhat.com   radosgw 0.7 0.0 9798596 235088   132141539328   9223372036854771712
f11-h05-000-6049p.rdu2.scalelab.redhat.com   radosgw 0.8 0.0 9670780 213296   123759718400   9223372036854771712
f11-h09-000-6049p.rdu2.scalelab.redhat.com   radosgw 0.8 0.0 10024172 284620   145047060480   9223372036854771712
f11-h13-000-6049p.rdu2.scalelab.redhat.com   radosgw 0.8 0.0 9649672 207260   153217900544   9223372036854771712
f11-h17-000-6049p.rdu2.scalelab.redhat.com   radosgw 0.8 0.0 9675868 220356   132059545600   9223372036854771712

OSD: 
2022/02/28-19:01:06: f10-h01-000-6049p.rdu2.scalelab.redhat.com ceph-osd        35.5  1.1 6095308 4419620
ceph-osd        36.9  1.0 6219480 4162384
ceph-osd        27.8  1.1 6005832 4464684
ceph-osd        37.5  1.2 6250128 4994924
ceph-osd        27.0  1.1 5977852 4382232
ceph-osd        27.5  1.0 6027304 3958724
ceph-osd        30.1  1.1 5954316 4691716
ceph-osd        29.6  1.2 6037148 4836364
ceph-osd        30.2  1.1 5955820 4396060
ceph-osd        27.9  1.0 6069372 4012044
ceph-osd        29.3  1.0 6033172 4173292
ceph-osd        30.3  1.1 6088652 4534456
ceph-osd        32.4  0.8 6120052 3480712
ceph-osd        32.5  1.0 6104128 4148548
ceph-osd        35.0  1.1 6167124 4593700
ceph-osd        28.3  1.1 5995216 4460412
ceph-osd        30.1  1.2 5999380 4922528
ceph-osd        32.6  1.1 6111168 4716596
ceph-osd        28.2  1.0 6215824 4133764
ceph-osd        28.6  1.0 6385980 3955232
ceph-osd        31.3  1.3 6461848 5383668
ceph-osd        28.5  1.0 6064064 4176744
ceph-osd        30.4  1.0 6243112 4180616
ceph-osd        27.9  1.1 6183416 4359332
2022/02/28-19:01:06: f10-h05-000-6049p.rdu2.scalelab.redhat.com ceph-osd         4.4  0.7 3909740 2953192
ceph-osd         3.3  0.5 3373144 2176036
ceph-osd         2.8  0.5 2991708 1994068
ceph-osd         4.6  0.5 3301924 2256200
ceph-osd         3.1  0.5 3029004 2070948
ceph-osd         1.9  0.3 2215104 1221216
ceph-osd         3.4  0.6 3496480 2375536
ceph-osd         3.4  0.6 3393596 2398028
ceph-osd         3.2  0.5 3356964 2350348
ceph-osd         4.1  0.6 3372608 2387592
ceph-osd         4.2  0.7 4100736 3061384
ceph-osd         3.7  0.5 3494132 2062448
ceph-osd         4.0  0.8 4552316 3191400
ceph-osd         3.9  0.6 3575472 2401028
ceph-osd         2.5  0.3 2472312 1469444
ceph-osd         3.9  0.6 3390588 2375744
ceph-osd         2.3  0.3 2520708 1513552
ceph-osd         3.2  0.5 3257056 2072212
ceph-osd         3.4  0.5 3340872 2047048
ceph-osd         2.0  0.3 2194628 1197604
ceph-osd         3.9  0.6 3429540 2486324
ceph-osd         3.2  0.5 3213468 2152044
ceph-osd         2.4  0.5 3192168 2193832
ceph-osd         4.3  0.6 3561544 2545608
2022/02/28-19:01:06: f10-h09-000-6049p.rdu2.scalelab.redhat.com ceph-osd         2.8  0.4 2820720 1825200
ceph-osd         3.3  0.5 3328060 2341796
ceph-osd         2.0  0.3 2572032 1577748
ceph-osd         5.1  0.6 3631680 2735436
ceph-osd         3.1  0.5 3283648 2306236
ceph-osd         5.7  0.8 4257928 3318140
ceph-osd         3.2  0.5 3272348 2280552
ceph-osd         4.8  0.7 3706548 2768920
ceph-osd         2.6  0.3 2397848 1392252
ceph-osd         2.3  0.3 2400324 1395988
ceph-osd         4.8  0.6 3878476 2405624
ceph-osd         2.9  0.4 2924072 1898072
ceph-osd         2.8  0.5 3107380 2113176
ceph-osd         2.6  0.3 2690596 1469032
ceph-osd         4.7  0.7 3771596 2883688
ceph-osd         2.5  0.4 2929284 1925624
ceph-osd         2.5  0.4 2753096 1744624
ceph-osd         5.0  0.6 3444296 2536400
ceph-osd         5.7  0.8 4338448 3391428
ceph-osd         2.1  0.3 2498160 1505220
ceph-osd         2.8  0.5 3087032 2084688
ceph-osd         4.1  0.7 4127808 2846552
ceph-osd         4.6  0.6 3653300 2444876
ceph-osd         2.7  0.5 3009060 2004132
2022/02/28-19:01:06: f10-h13-000-6049p.rdu2.scalelab.redhat.com ceph-osd         2.8  0.5 3069620 2013344
ceph-osd         2.2  0.3 2240620 1234956
ceph-osd         4.1  0.7 3988092 3008112
ceph-osd         4.1  0.7 3939384 2970532
ceph-osd         3.9  0.6 3693388 2481288
ceph-osd         4.0  0.6 3611268 2618852
ceph-osd         2.0  0.3 2249312 1240300
ceph-osd         2.5  0.4 2724388 1723584
ceph-osd         4.3  0.6 3660940 2671316
ceph-osd         2.3  0.3 2311716 1303292
ceph-osd         2.1  0.5 3157572 2150852
ceph-osd         3.6  0.6 3602560 2681752
ceph-osd         3.5  0.6 3574952 2589516
ceph-osd         2.6  0.3 2479376 1472976
ceph-osd         3.2  0.5 3065948 2111964
ceph-osd         4.3  0.6 3714960 2734028
ceph-osd         3.2  0.6 3630856 2657136
ceph-osd         2.8  0.4 2697472 1693400
ceph-osd         3.3  0.6 3480176 2516636
ceph-osd         4.0  0.5 3387520 2351392
ceph-osd         2.3  0.3 2537044 1529408
ceph-osd         2.2  0.4 2806544 1811540
ceph-osd         3.1  0.4 2820684 1819484
ceph-osd         2.8  0.4 2754660 1746172
2022/02/28-19:01:06: f10-h17-000-6049p.rdu2.scalelab.redhat.com ceph-osd         3.8  0.6 3531932 2554460
ceph-osd         3.2  0.5 3026412 2036108
ceph-osd         4.9  0.8 4190908 3223536
ceph-osd         3.6  0.6 3408980 2444556
ceph-osd         4.7  0.6 3589760 2653744
ceph-osd         3.7  0.4 3036244 1822788
ceph-osd         2.3  0.5 3140288 2136380
ceph-osd         3.2  0.4 2945524 1934424
ceph-osd         2.2  0.4 2626304 1618536
ceph-osd         3.9  0.6 3757676 2431320
ceph-osd         2.3  0.3 2361988 1348376
ceph-osd         2.5  0.3 2412156 1400032
ceph-osd         4.0  0.5 3371128 2038688
ceph-osd         4.9  0.7 3752588 2818500
ceph-osd         4.5  0.7 3936064 2926804
ceph-osd         3.1  0.5 3268960 2289924
ceph-osd         3.4  0.6 3351276 2372784
ceph-osd         2.2  0.3 2517604 1504072
ceph-osd         3.6  0.5 3150848 2102188
ceph-osd         3.4  0.6 3716744 2448548
ceph-osd         3.6  0.6 3485812 2560344
ceph-osd         3.3  0.5 3242140 2257444
ceph-osd         3.5  0.6 3741240 2733796
ceph-osd         3.5  0.5 3333224 2340632
2022/02/28-19:01:07: f10-h21-000-6049p.rdu2.scalelab.redhat.com ceph-osd         2.8  0.4 2813488 1838500
ceph-osd         2.8  0.4 2764908 1681036
ceph-osd         1.8  0.2 2119204 1108988
ceph-osd         4.4  0.6 3532868 2552684
ceph-osd         2.9  0.5 3186828 1987312
ceph-osd         2.2  0.3 2577976 1491396
ceph-osd         4.0  0.8 4195872 3220696
ceph-osd         1.9  0.4 2875472 1863628
ceph-osd         3.3  0.5 3317284 2338900
ceph-osd         2.1  0.3 2244772 1234880
ceph-osd         2.4  0.4 2629820 1616380
ceph-osd         3.6  0.4 3058236 1774876
ceph-osd         3.8  0.5 3327620 2337604
ceph-osd         3.7  0.7 3909176 2975456
ceph-osd         3.8  0.6 3377896 2440772
ceph-osd         2.3  0.3 2336528 1320784
ceph-osd         3.8  0.6 3373124 2386136
ceph-osd         3.4  0.5 3299272 2341852
ceph-osd         2.1  0.4 2742824 1720176
ceph-osd         3.8  0.6 3356688 2376996
ceph-osd         2.9  0.4 2826096 1812968
ceph-osd         3.3  0.5 2914376 1974948
ceph-osd         3.5  0.5 3195576 2265664
ceph-osd         2.2  0.4 2770644 1756148
2022/02/28-19:01:07: f10-h25-000-6049p.rdu2.scalelab.redhat.com ceph-osd         4.8  0.6 3926592 2728360
ceph-osd         2.0  0.2 2157632 1145004
ceph-osd         2.3  0.3 2453580 1433328
ceph-osd         2.4  0.3 2469148 1463168
ceph-osd         4.7  0.6 3800732 2663364
ceph-osd         2.0  0.5 3048520 2028980
ceph-osd         2.0  0.3 2594032 1576740
ceph-osd         2.5  0.5 2999844 1989796
ceph-osd         5.6  0.7 3785884 2794636
ceph-osd         3.0  0.4 2931440 1886284
ceph-osd         5.1  0.5 3360880 2169632
ceph-osd         4.6  0.6 3588836 2467196
ceph-osd         2.3  0.3 2347088 1326308
ceph-osd         5.2  0.7 3813164 2806180
ceph-osd         3.5  0.5 3357824 2357840
ceph-osd         3.6  0.7 3943176 2955696
ceph-osd         4.4  0.6 3448348 2469652
ceph-osd         4.6  0.6 3594128 2622888
ceph-osd         5.1  0.6 3472544 2490012
ceph-osd         4.8  0.6 3610312 2398772
ceph-osd         2.8  0.4 2866400 1850332
ceph-osd         5.2  0.5 3274820 2279452
ceph-osd         4.5  0.6 3661344 2678704
ceph-osd         3.0  0.6 3554852 2505156
2022/02/28-19:01:07: f11-h01-000-6049p.rdu2.scalelab.redhat.com ceph-osd         2.4  0.5 3187832 2185860
ceph-osd         3.4  0.5 3394284 2272360
ceph-osd         1.8  0.3 2422304 1397888
ceph-osd         2.9  0.4 2897120 1882624
ceph-osd         2.4  0.4 2713216 1690296
ceph-osd         2.6  0.4 2652396 1634864
ceph-osd         2.9  0.4 2882196 1921516
ceph-osd         4.7  0.6 3528264 2423868
ceph-osd         3.1  0.4 2903268 1904244
ceph-osd         2.6  0.4 2662532 1644876
ceph-osd         2.9  0.4 2965704 1966488
ceph-osd         2.5  0.3 2479388 1458552
ceph-osd         4.8  0.7 3973892 2971384
ceph-osd         4.0  0.5 3092548 2018104
ceph-osd         4.3  0.5 3220008 2246464
ceph-osd         3.0  0.5 3111536 2106816
ceph-osd         2.9  0.5 3214188 2281772
ceph-osd         3.1  0.4 2798116 1829344
ceph-osd         3.6  0.6 3510468 2504060
ceph-osd         3.0  0.4 2793288 1721480
ceph-osd         3.7  0.6 3446688 2454276
ceph-osd         2.1  0.3 2571320 1541620
ceph-osd         1.8  0.3 2411112 1414792
ceph-osd         2.7  0.4 2683460 1690376
2022/02/28-19:01:07: f11-h05-000-6049p.rdu2.scalelab.redhat.com ceph-osd         2.3  0.3 2561932 1570504
ceph-osd         2.7  0.5 3131348 2162276
ceph-osd         2.9  0.4 2798320 1807272
ceph-osd         3.5  0.6 3540020 2590556
ceph-osd         3.2  0.5 3095608 2102776
ceph-osd         2.9  0.4 2878528 1786000
ceph-osd         2.3  0.3 2347696 1359988
ceph-osd         2.1  0.3 2256964 1256588
ceph-osd         3.8  0.6 3415604 2430136
ceph-osd         2.2  0.3 2394208 1397348
ceph-osd         3.6  0.5 3249988 2228108
ceph-osd         4.2  0.5 3166756 2199868
ceph-osd         3.4  0.4 2764876 1857576
ceph-osd         2.1  0.3 2445912 1443380
ceph-osd         3.1  0.4 2699460 1708692
ceph-osd         2.2  0.3 2493164 1500132
ceph-osd         2.3  0.4 2708608 1718576
ceph-osd         2.5  0.3 2530456 1467216
ceph-osd         1.9  0.3 2515572 1524772
ceph-osd         2.4  0.3 2374180 1379952
ceph-osd         3.8  0.5 3144900 2176376
ceph-osd         3.0  0.5 3155908 2147572
ceph-osd         3.0  0.5 3090608 2048728
ceph-osd         2.8  0.6 3400428 2404100
2022/02/28-19:01:07: f11-h09-000-6049p.rdu2.scalelab.redhat.com ceph-osd         3.1  0.4 2975348 1955060
ceph-osd         3.3  0.4 2856532 1881036
ceph-osd         4.2  0.6 3442404 2473484
ceph-osd         4.6  0.6 3446332 2456168
ceph-osd         1.9  0.3 2411136 1417704
ceph-osd         3.5  0.6 3479076 2475392
ceph-osd         2.2  0.4 2647704 1654608
ceph-osd         2.6  0.3 2531560 1495668
ceph-osd         2.9  0.4 2812536 1827580
ceph-osd         4.5  0.7 3771552 2829768
ceph-osd         3.5  0.5 3019296 2024176
ceph-osd         5.8  0.6 3744388 2758684
ceph-osd         5.4  0.7 3747008 2783556
ceph-osd         3.1  0.4 3016852 1722272
ceph-osd         2.8  0.4 2636328 1645584
ceph-osd         3.1  0.5 3189284 2199940
ceph-osd         3.2  0.6 3387940 2455420
ceph-osd         2.3  0.3 2407972 1407712
ceph-osd         3.3  0.4 2973204 1955192
ceph-osd         4.4  0.5 3210220 2185620
ceph-osd         2.3  0.5 2993880 1999380
ceph-osd         2.0  0.4 2855008 1854296
ceph-osd         3.6  0.7 4076784 3096336
ceph-osd         3.3  0.5 3014180 2057344
2022/02/28-19:01:08: f11-h13-000-6049p.rdu2.scalelab.redhat.com ceph-osd         3.9  0.6 3485840 2521860
ceph-osd         2.5  0.4 2775676 1581728
ceph-osd         3.4  0.4 3212368 1737556
ceph-osd         1.8  0.3 2414664 1411980
ceph-osd         3.3  0.4 2743864 1793628
ceph-osd         3.8  0.6 3617532 2393456
ceph-osd         3.1  0.5 3181688 2134820
ceph-osd         3.5  0.5 3093556 2102552
ceph-osd         2.5  0.6 3616968 2624408
ceph-osd         3.3  0.5 3056860 2091520
ceph-osd         2.9  0.4 2616864 1660256
ceph-osd         1.9  0.3 2488180 1491028
ceph-osd         4.0  0.5 3258040 2236248
ceph-osd         3.0  0.5 2973904 2006312
ceph-osd         2.6  0.4 2766468 1780308
ceph-osd         4.0  0.4 2847268 1748232
ceph-osd         2.1  0.4 2963924 1965872
ceph-osd         3.8  0.4 3075716 1751484
ceph-osd         4.9  0.5 3221896 2217420
ceph-osd         3.9  0.6 3722808 2716444
ceph-osd         3.0  0.5 3014184 2059984
ceph-osd         2.1  0.3 2408096 1352284
ceph-osd         2.3  0.3 2425908 1421776
ceph-osd         4.5  0.4 3307076 1953632
2022/02/28-19:01:08: f11-h17-000-6049p.rdu2.scalelab.redhat.com ceph-osd         1.8  0.4 2683432 1679344
ceph-osd         4.9  0.5 3107396 2116608
ceph-osd         4.5  0.5 3155596 2081628
ceph-osd         4.1  0.5 3083380 2096200
ceph-osd         2.1  0.3 2285088 1286688
ceph-osd         2.6  0.4 2840376 1716928
ceph-osd         2.1  0.3 2315540 1312340
ceph-osd         3.3  0.5 3134880 2072868
ceph-osd         2.9  0.4 2867120 1868724
ceph-osd         2.1  0.3 2255424 1264792
ceph-osd         2.4  0.3 2294944 1296124
ceph-osd         4.6  0.5 3150500 2028212
ceph-osd         2.2  0.3 2283156 1268488
ceph-osd         4.5  0.5 3071780 2060144
ceph-osd         2.3  0.3 2275116 1267504
ceph-osd         3.0  0.6 3446308 2461660
ceph-osd         4.6  0.5 3172076 2250876
ceph-osd         4.8  0.5 3210384 2057460
ceph-osd         2.4  0.4 2757432 1816752
ceph-osd         1.5  0.2 2186952 1182060
ceph-osd         1.6  0.3 2185892 1192856
ceph-osd         1.4  0.2 2010660 1011544
ceph-osd         1.5  0.3 2321988 1317096
ceph-osd         2.9  0.4 2800160 1793080

Site2 buckets (rgw):
2022/02/28-19:01:12:         "bucket": "mycontainers1",
        "num_shards": 1453,
                "num_objects": 66710290
        "bucket": "mycontainers3",
        "num_shards": 1061,
                "num_objects": 74993175
        "bucket": "mycontainers4",
        "num_shards": 1493,
                "num_objects": 74994897
        "bucket": "mycontainers2",
        "num_shards": 1171,
                "num_objects": 66706711
        "bucket": "mycontainers5",
        "num_shards": 1087,
                "num_objects": 74995309

Cluster status
  cluster:
    id:     ffdc49e2-9622-11ec-9f52-ac1f6b2d5d2a
    health: HEALTH_OK
 
  services:
    mon: 3 daemons, quorum f13-h26-b04-5039ms.rdu2.scalelab.redhat.com,f13-h26-b08-5039ms,f13-h26-b07-5039ms (age 13h)
    mgr: f13-h26-b04-5039ms.rdu2.scalelab.redhat.com.uyhevq(active, since 13h), standbys: f13-h26-b08-5039ms.nhdqye, f13-h26-b07-5039ms.iweveu
    osd: 288 osds: 288 up (since 86m), 288 in (since 3d)
    rgw: 12 daemons active (12 hosts, 1 zones)
 
  data:
    pools:   7 pools, 9729 pgs
    objects: 358.43M objects, 4.9 TiB
    usage:   57 TiB used, 510 TiB / 567 TiB avail
    pgs:     9563 active+clean
             135  active+clean+scrubbing+deep
             31   active+clean+scrubbing
 
  io:
    client:   209 MiB/s rd, 121 MiB/s wr, 116.21k op/s rd, 98.26k op/s wr
 
 
2022/02/28-19:01:12: ceph df detail --- RAW STORAGE ---
CLASS     SIZE    AVAIL    USED  RAW USED  %RAW USED
hdd    567 TiB  510 TiB  57 TiB    57 TiB      10.10
TOTAL  567 TiB  510 TiB  57 TiB    57 TiB      10.10
 
--- POOLS ---
POOL                       ID   PGS   STORED   (DATA)   (OMAP)  OBJECTS     USED   (DATA)   (OMAP)  %USED  MAX AVAIL  QUOTA OBJECTS  QUOTA BYTES  DIRTY  USED COMPR  UNDER COMPR
device_health_metrics       1     1  2.5 MiB      0 B  2.5 MiB      315  7.4 MiB      0 B  7.4 MiB      0    160 TiB            N/A          N/A    N/A         0 B          0 B
default.rgw.control         6   256      0 B      0 B      0 B        8      0 B      0 B      0 B      0    160 TiB            N/A          N/A    N/A         0 B          0 B
default.rgw.buckets.data    7  8192  9.0 TiB  9.0 TiB      0 B  358.42M   13 TiB   13 TiB      0 B   2.73    321 TiB            N/A          N/A    N/A         0 B          0 B
default.rgw.buckets.index   8   512  123 GiB      0 B  123 GiB    7.39k  369 GiB      0 B  369 GiB   0.07    160 TiB            N/A          N/A    N/A         0 B          0 B
default.rgw.log             9   256  2.7 MiB   59 KiB  2.7 MiB      406   11 MiB  2.7 MiB  8.0 MiB      0    160 TiB            N/A          N/A    N/A         0 B          0 B
default.rgw.meta           10   256  1.3 MiB  3.6 KiB  1.3 MiB       17  4.2 MiB  192 KiB  4.0 MiB      0    160 TiB            N/A          N/A    N/A         0 B          0 B
.rgw.root                  11   256  1.3 KiB  1.3 KiB      0 B        4   48 KiB   48 KiB      0 B      0    160 TiB            N/A          N/A    N/A         0 B          0 B

Site2 pool PG counts:
pool 1 'device_health_metrics' replicated size 3 min_size 2 crush_rule 0 object_hash rjenkins pg_num 1 pgp_num 1 autoscale_mode on last_change 2043 flags hashpspool stripe_width 0 pg_num_min 1 application mgr_devicehealth,rgw
pool 6 'default.rgw.control' replicated size 3 min_size 2 crush_rule 0 object_hash rjenkins pg_num 256 pgp_num 256 autoscale_mode on last_change 862 flags hashpspool stripe_width 0 pg_num_min 256 application rgw
pool 7 'default.rgw.buckets.data' erasure profile myprofile size 6 min_size 5 crush_rule 1 object_hash rjenkins pg_num 8192 pgp_num 8192 autoscale_mode on last_change 878 lfor 0/0/876 flags hashpspool stripe_width 16384 pg_num_min 8192 application rgw
pool 8 'default.rgw.buckets.index' replicated size 3 min_size 2 crush_rule 0 object_hash rjenkins pg_num 512 pgp_num 512 autoscale_mode on last_change 864 flags hashpspool stripe_width 0 pg_num_min 512 application rgw
pool 9 'default.rgw.log' replicated size 3 min_size 2 crush_rule 0 object_hash rjenkins pg_num 256 pgp_num 256 autoscale_mode on last_change 865 flags hashpspool stripe_width 0 pg_num_min 256 application rgw
pool 10 'default.rgw.meta' replicated size 3 min_size 2 crush_rule 0 object_hash rjenkins pg_num 256 pgp_num 256 autoscale_mode on last_change 866 flags hashpspool stripe_width 0 pg_num_min 256 application rgw
pool 11 '.rgw.root' replicated size 3 min_size 2 crush_rule 0 object_hash rjenkins pg_num 256 pgp_num 256 autoscale_mode on last_change 867 flags hashpspool stripe_width 0 pg_num_min 256 application rgw


Site2 buckets df
2022/02/28-19:01:13: POOL                       ID   PGS   STORED  OBJECTS     USED  %USED  MAX AVAIL
default.rgw.control         6   256      0 B        8      0 B      0    160 TiB
default.rgw.buckets.data    7  8192  9.0 TiB  358.42M   13 TiB   2.73    321 TiB
default.rgw.buckets.index   8   512  123 GiB    7.39k  369 GiB   0.07    160 TiB
default.rgw.log             9   256  2.7 MiB      406   11 MiB      0    160 TiB
default.rgw.meta           10   256  1.3 MiB       17  4.2 MiB      0    160 TiB

OSD/RGW free:
2022/02/28-19:01:13: f10-h01-000-6049p.rdu2.scalelab.redhat.com                total        used        free      shared  buff/cache   available
Mem:          376Gi       105Gi        23Gi       4.1Gi       246Gi       264Gi
Swap:            0B          0B          0B

Ceph osd df:
2022/02/28-19:01:13: ID   CLASS  WEIGHT   REWEIGHT  SIZE     RAW USE  DATA    OMAP      META     AVAIL    %USE   VAR   PGS  STATUS
264    hdd  1.97049   1.00000  2.0 TiB  205 GiB  49 GiB   2.1 GiB   14 GiB  1.8 TiB  10.14  1.00  201      up
265    hdd  1.97049   1.00000  2.0 TiB  205 GiB  49 GiB   2.1 GiB   14 GiB  1.8 TiB  10.14  1.00  189      up
266    hdd  1.97049   1.00000  2.0 TiB  205 GiB  49 GiB   520 MiB   14 GiB  1.8 TiB  10.14  1.00  190      up
267    hdd  1.97049   1.00000  2.0 TiB  206 GiB  50 GiB   1.8 GiB   15 GiB  1.8 TiB  10.19  1.01  189      up
268    hdd  1.97049   1.00000  2.0 TiB  204 GiB  48 GiB   591 MiB   14 GiB  1.8 TiB  10.09  1.00  179      up
269    hdd  1.97049   1.00000  2.0 TiB  203 GiB  47 GiB   589 MiB   13 GiB  1.8 TiB  10.04  0.99  180      up
270    hdd  1.97049   1.00000  2.0 TiB  205 GiB  50 GiB   662 MiB   14 GiB  1.8 TiB  10.16  1.01  188      up
271    hdd  1.97049   1.00000  2.0 TiB  205 GiB  50 GiB   166 MiB   15 GiB  1.8 TiB  10.18  1.01  187      up
272    hdd  1.97049   1.00000  2.0 TiB  203 GiB  48 GiB   658 MiB   14 GiB  1.8 TiB  10.08  1.00  188      up
273    hdd  1.97049   1.00000  2.0 TiB  203 GiB  47 GiB   684 MiB   13 GiB  1.8 TiB  10.04  0.99  183      up
274    hdd  1.97049   1.00000  2.0 TiB  204 GiB  49 GiB   178 MiB   14 GiB  1.8 TiB  10.10  1.00  180      up
275    hdd  1.97049   1.00000  2.0 TiB  203 GiB  47 GiB   697 MiB   13 GiB  1.8 TiB  10.05  0.99  183      up
276    hdd  1.97049   1.00000  2.0 TiB  203 GiB  47 GiB   1.7 GiB   12 GiB  1.8 TiB  10.04  0.99  185      up
277    hdd  1.97049   1.00000  2.0 TiB  204 GiB  48 GiB   1.4 GiB   14 GiB  1.8 TiB  10.09  1.00  186      up
278    hdd  1.97049   1.00000  2.0 TiB  205 GiB  50 GiB   2.4 GiB   15 GiB  1.8 TiB  10.18  1.01  191      up
279    hdd  1.97049   1.00000  2.0 TiB  204 GiB  48 GiB   193 MiB   13 GiB  1.8 TiB  10.09  1.00  182      up
280    hdd  1.97049   1.00000  2.0 TiB  205 GiB  50 GiB   680 MiB   15 GiB  1.8 TiB  10.18  1.01  186      up
281    hdd  1.97049   1.00000  2.0 TiB  205 GiB  50 GiB   1.2 GiB   15 GiB  1.8 TiB  10.15  1.00  187      up
282    hdd  1.97049   1.00000  2.0 TiB  203 GiB  47 GiB   1.2 GiB   13 GiB  1.8 TiB  10.04  0.99  184      up
283    hdd  1.97049   1.00000  2.0 TiB  203 GiB  47 GiB   1.1 GiB   13 GiB  1.8 TiB  10.04  0.99  180      up
284    hdd  1.97049   1.00000  2.0 TiB  206 GiB  50 GiB   900 MiB   15 GiB  1.8 TiB  10.19  1.01  189      up
285    hdd  1.97049   1.00000  2.0 TiB  204 GiB  49 GiB   775 MiB   14 GiB  1.8 TiB  10.13  1.00  188      up
286    hdd  1.97049   1.00000  2.0 TiB  203 GiB  47 GiB   1.5 GiB   13 GiB  1.8 TiB  10.04  0.99  183      up
287    hdd  1.97049   1.00000  2.0 TiB  202 GiB  47 GiB   1.2 GiB   13 GiB  1.8 TiB  10.03  0.99  179      up
  9    hdd  1.97049   1.00000  2.0 TiB  203 GiB  48 GiB   2.0 GiB   13 GiB  1.8 TiB  10.06  1.00  185      up
 17    hdd  1.97049   1.00000  2.0 TiB  205 GiB  50 GiB   587 MiB   14 GiB  1.8 TiB  10.16  1.01  190      up
 24    hdd  1.97049   1.00000  2.0 TiB  206 GiB  51 GiB   2.4 GiB   14 GiB  1.8 TiB  10.21  1.01  206      up
 34    hdd  1.97049   1.00000  2.0 TiB  203 GiB  47 GiB   2.3 GiB   13 GiB  1.8 TiB  10.05  0.99  187      up
 43    hdd  1.97049   1.00000  2.0 TiB  206 GiB  51 GiB   1.7 GiB   14 GiB  1.8 TiB  10.20  1.01  199      up
 53    hdd  1.97049   1.00000  2.0 TiB  205 GiB  50 GiB   2.5 GiB   14 GiB  1.8 TiB  10.17  1.01  199      up
 61    hdd  1.97049   1.00000  2.0 TiB  205 GiB  50 GiB   1.6 GiB   14 GiB  1.8 TiB  10.17  1.01  189      up
 71    hdd  1.97049   1.00000  2.0 TiB  203 GiB  47 GiB   1.7 GiB   13 GiB  1.8 TiB  10.04  0.99  183      up
 81    hdd  1.97049   1.00000  2.0 TiB  204 GiB  49 GiB   998 MiB   13 GiB  1.8 TiB  10.13  1.00  185      up
 92    hdd  1.97049   1.00000  2.0 TiB  204 GiB  48 GiB   769 MiB   13 GiB  1.8 TiB  10.09  1.00  185      up
102    hdd  1.97049   1.00000  2.0 TiB  203 GiB  47 GiB   1.4 GiB   13 GiB  1.8 TiB  10.05  0.99  181      up
112    hdd  1.97049   1.00000  2.0 TiB  203 GiB  47 GiB   1.6 GiB   13 GiB  1.8 TiB  10.04  0.99  178      up
122    hdd  1.97049   1.00000  2.0 TiB  203 GiB  48 GiB   1.0 GiB   13 GiB  1.8 TiB  10.08  1.00  179      up
132    hdd  1.97049   1.00000  2.0 TiB  205 GiB  50 GiB   2.1 GiB   14 GiB  1.8 TiB  10.17  1.01  198      up
142    hdd  1.97049   1.00000  2.0 TiB  205 GiB  50 GiB   207 MiB   14 GiB  1.8 TiB  10.18  1.01  190      up
151    hdd  1.97049   1.00000  2.0 TiB  204 GiB  49 GiB   1.5 GiB   13 GiB  1.8 TiB  10.12  1.00  187      up
161    hdd  1.97049   1.00000  2.0 TiB  205 GiB  50 GiB   1.8 GiB   14 GiB  1.8 TiB  10.17  1.01  189      up
171    hdd  1.97049   1.00000  2.0 TiB  203 GiB  47 GiB   976 MiB   12 GiB  1.8 TiB  10.04  0.99  180      up
181    hdd  1.97049   1.00000  2.0 TiB  203 GiB  47 GiB   472 MiB   13 GiB  1.8 TiB  10.05  0.99  175      up
191    hdd  1.97049   1.00000  2.0 TiB  204 GiB  49 GiB   1.5 GiB   13 GiB  1.8 TiB  10.10  1.00  187      up
201    hdd  1.97049   1.00000  2.0 TiB  203 GiB  47 GiB   1.7 GiB   13 GiB  1.8 TiB  10.05  0.99  182      up
211    hdd  1.97049   1.00000  2.0 TiB  205 GiB  50 GiB   1.6 GiB   14 GiB  1.8 TiB  10.18  1.01  192      up
221    hdd  1.97049   1.00000  2.0 TiB  203 GiB  48 GiB   1.9 GiB   13 GiB  1.8 TiB  10.06  1.00  183      up
231    hdd  1.97049   1.00000  2.0 TiB  205 GiB  50 GiB   928 MiB   14 GiB  1.8 TiB  10.17  1.01  190      up
  3    hdd  1.97049   1.00000  2.0 TiB  203 GiB  48 GiB   1.5 GiB   13 GiB  1.8 TiB  10.07  1.00  177      up
 13    hdd  1.97049   1.00000  2.0 TiB  201 GiB  46 GiB   2.0 GiB   12 GiB  1.8 TiB   9.98  0.99  178      up
 22    hdd  1.97049   1.00000  2.0 TiB  202 GiB  47 GiB   1.6 GiB   12 GiB  1.8 TiB  10.01  0.99  184      up
 31    hdd  1.97049   1.00000  2.0 TiB  203 GiB  48 GiB   1.2 GiB   13 GiB  1.8 TiB  10.07  1.00  181      up
 42    hdd  1.97049   1.00000  2.0 TiB  202 GiB  47 GiB   2.1 GiB   12 GiB  1.8 TiB  10.03  0.99  185      up
 51    hdd  1.97049   1.00000  2.0 TiB  207 GiB  51 GiB   2.3 GiB   14 GiB  1.8 TiB  10.24  1.01  196      up
 62    hdd  1.97049   1.00000  2.0 TiB  206 GiB  51 GiB   618 MiB   14 GiB  1.8 TiB  10.21  1.01  191      up
 72    hdd  1.97049   1.00000  2.0 TiB  205 GiB  50 GiB   2.2 GiB   14 GiB  1.8 TiB  10.16  1.01  196      up
 82    hdd  1.97049   1.00000  2.0 TiB  202 GiB  47 GiB   1.4 GiB   13 GiB  1.8 TiB  10.03  0.99  186      up
 91    hdd  1.97049   1.00000  2.0 TiB  205 GiB  49 GiB   1.2 GiB   13 GiB  1.8 TiB  10.14  1.00  185      up
101    hdd  1.97049   1.00000  2.0 TiB  204 GiB  49 GiB   2.1 GiB   13 GiB  1.8 TiB  10.10  1.00  188      up
111    hdd  1.97049   1.00000  2.0 TiB  206 GiB  51 GiB   735 MiB   14 GiB  1.8 TiB  10.21  1.01  191      up
121    hdd  1.97049   1.00000  2.0 TiB  204 GiB  48 GiB   1.7 GiB   13 GiB  1.8 TiB  10.09  1.00  184      up
131    hdd  1.97049   1.00000  2.0 TiB  202 GiB  47 GiB   2.6 GiB   13 GiB  1.8 TiB  10.04  0.99  188      up
141    hdd  1.97049   1.00000  2.0 TiB  202 GiB  47 GiB   2.0 GiB   12 GiB  1.8 TiB  10.03  0.99  189      up
152    hdd  1.97049   1.00000  2.0 TiB  206 GiB  51 GiB   383 MiB   14 GiB  1.8 TiB  10.21  1.01  192      up
162    hdd  1.97049   1.00000  2.0 TiB  204 GiB  49 GiB   398 MiB   13 GiB  1.8 TiB  10.10  1.00  185      up
172    hdd  1.97049   1.00000  2.0 TiB  201 GiB  45 GiB   684 MiB   12 GiB  1.8 TiB   9.94  0.98  167      up
182    hdd  1.97049   1.00000  2.0 TiB  201 GiB  46 GiB   1.2 GiB   12 GiB  1.8 TiB   9.97  0.99  168      up
192    hdd  1.97049   1.00000  2.0 TiB  205 GiB  49 GiB   2.1 GiB   13 GiB  1.8 TiB  10.14  1.00  199      up
202    hdd  1.97049   1.00000  2.0 TiB  203 GiB  48 GiB   636 MiB   13 GiB  1.8 TiB  10.06  1.00  189      up
212    hdd  1.97049   1.00000  2.0 TiB  202 GiB  47 GiB   276 MiB   12 GiB  1.8 TiB  10.03  0.99  181      up
222    hdd  1.97049   1.00000  2.0 TiB  200 GiB  45 GiB   1.4 GiB   11 GiB  1.8 TiB   9.92  0.98  172      up
232    hdd  1.97049   1.00000  2.0 TiB  203 GiB  48 GiB   1.9 GiB   13 GiB  1.8 TiB  10.06  1.00  180      up
  2    hdd  1.97049   1.00000  2.0 TiB  204 GiB  49 GiB   2.5 GiB   13 GiB  1.8 TiB  10.13  1.00  191      up
 11    hdd  1.97049   1.00000  2.0 TiB  203 GiB  47 GiB   185 MiB   13 GiB  1.8 TiB  10.05  0.99  177      up
 20    hdd  1.97049   1.00000  2.0 TiB  206 GiB  50 GiB   1.6 GiB   14 GiB  1.8 TiB  10.19  1.01  192      up
 32    hdd  1.97049   1.00000  2.0 TiB  204 GiB  49 GiB   816 MiB   13 GiB  1.8 TiB  10.12  1.00  183      up
 44    hdd  1.97049   1.00000  2.0 TiB  205 GiB  50 GiB   820 MiB   14 GiB  1.8 TiB  10.16  1.01  184      up
 54    hdd  1.97049   1.00000  2.0 TiB  203 GiB  47 GiB   1.1 GiB   13 GiB  1.8 TiB  10.05  0.99  182      up
 65    hdd  1.97049   1.00000  2.0 TiB  205 GiB  50 GiB   799 MiB   14 GiB  1.8 TiB  10.17  1.01  189      up
 74    hdd  1.97049   1.00000  2.0 TiB  203 GiB  47 GiB   1.3 GiB   12 GiB  1.8 TiB  10.04  0.99  191      up
 84    hdd  1.97049   1.00000  2.0 TiB  203 GiB  47 GiB   2.7 GiB   13 GiB  1.8 TiB  10.05  0.99  189      up
 94    hdd  1.97049   1.00000  2.0 TiB  206 GiB  50 GiB   1.2 GiB   14 GiB  1.8 TiB  10.20  1.01  198      up
104    hdd  1.97049   1.00000  2.0 TiB  205 GiB  50 GiB   2.8 GiB   14 GiB  1.8 TiB  10.18  1.01  195      up
114    hdd  1.97049   1.00000  2.0 TiB  205 GiB  49 GiB   1.1 GiB   14 GiB  1.8 TiB  10.14  1.00  188      up
124    hdd  1.97049   1.00000  2.0 TiB  203 GiB  47 GiB   941 MiB   14 GiB  1.8 TiB  10.05  0.99  180      up
134    hdd  1.97049   1.00000  2.0 TiB  205 GiB  50 GiB   2.4 GiB   14 GiB  1.8 TiB  10.17  1.01  194      up
144    hdd  1.97049   1.00000  2.0 TiB  205 GiB  50 GiB   1.9 GiB   14 GiB  1.8 TiB  10.18  1.01  195      up
154    hdd  1.97049   1.00000  2.0 TiB  205 GiB  50 GiB   689 MiB   14 GiB  1.8 TiB  10.16  1.01  194      up
164    hdd  1.97049   1.00000  2.0 TiB  203 GiB  47 GiB   1.2 GiB   13 GiB  1.8 TiB  10.05  0.99  181      up
174    hdd  1.97049   1.00000  2.0 TiB  202 GiB  47 GiB   1.9 GiB   12 GiB  1.8 TiB  10.03  0.99  188      up
184    hdd  1.97049   1.00000  2.0 TiB  202 GiB  47 GiB   1.8 GiB   13 GiB  1.8 TiB  10.03  0.99  180      up
194    hdd  1.97049   1.00000  2.0 TiB  205 GiB  50 GiB   1.9 GiB   14 GiB  1.8 TiB  10.17  1.01  193      up
204    hdd  1.97049   1.00000  2.0 TiB  203 GiB  47 GiB   1.1 GiB   13 GiB  1.8 TiB  10.05  0.99  180      up
214    hdd  1.97049   1.00000  2.0 TiB  202 GiB  47 GiB   1.5 GiB   12 GiB  1.8 TiB  10.03  0.99  182      up
224    hdd  1.97049   1.00000  2.0 TiB  205 GiB  49 GiB   811 MiB   14 GiB  1.8 TiB  10.14  1.00  189      up
234    hdd  1.97049   1.00000  2.0 TiB  205 GiB  50 GiB   780 MiB   13 GiB  1.8 TiB  10.16  1.01  200      up
  7    hdd  1.97049   1.00000  2.0 TiB  205 GiB  50 GiB   835 MiB   14 GiB  1.8 TiB  10.18  1.01  189      up
 14    hdd  1.97049   1.00000  2.0 TiB  203 GiB  47 GiB   1.7 GiB   13 GiB  1.8 TiB  10.04  0.99  190      up
 21    hdd  1.97049   1.00000  2.0 TiB  203 GiB  47 GiB   1.6 GiB   13 GiB  1.8 TiB  10.05  0.99  181      up
 30    hdd  1.97049   1.00000  2.0 TiB  205 GiB  50 GiB   1.4 GiB   13 GiB  1.8 TiB  10.16  1.01  191      up
 40    hdd  1.97049   1.00000  2.0 TiB  205 GiB  50 GiB   1.3 GiB   14 GiB  1.8 TiB  10.17  1.01  198      up
 50    hdd  1.97049   1.00000  2.0 TiB  205 GiB  49 GiB   1.7 GiB   13 GiB  1.8 TiB  10.14  1.00  187      up
 60    hdd  1.97049   1.00000  2.0 TiB  204 GiB  49 GiB   510 MiB   13 GiB  1.8 TiB  10.10  1.00  185      up
 70    hdd  1.97049   1.00000  2.0 TiB  203 GiB  47 GiB   829 MiB   13 GiB  1.8 TiB  10.04  0.99  184      up
 80    hdd  1.97049   1.00000  2.0 TiB  205 GiB  50 GiB   874 MiB   14 GiB  1.8 TiB  10.17  1.01  191      up
 90    hdd  1.97049   1.00000  2.0 TiB  206 GiB  51 GiB   1.0 GiB   14 GiB  1.8 TiB  10.20  1.01  192      up
100    hdd  1.97049   1.00000  2.0 TiB  203 GiB  47 GiB   793 MiB   13 GiB  1.8 TiB  10.04  0.99  177      up
110    hdd  1.97049   1.00000  2.0 TiB  205 GiB  50 GiB   1.8 GiB   14 GiB  1.8 TiB  10.17  1.01  193      up
120    hdd  1.97049   1.00000  2.0 TiB  203 GiB  47 GiB   1.8 GiB   13 GiB  1.8 TiB  10.04  0.99  182      up
130    hdd  1.97049   1.00000  2.0 TiB  205 GiB  50 GiB   1.6 GiB   14 GiB  1.8 TiB  10.16  1.01  193      up
140    hdd  1.97049   1.00000  2.0 TiB  205 GiB  50 GiB   1.0 GiB   14 GiB  1.8 TiB  10.16  1.01  194      up
150    hdd  1.97049   1.00000  2.0 TiB  203 GiB  47 GiB   2.7 GiB   13 GiB  1.8 TiB  10.05  0.99  185      up
160    hdd  1.97049   1.00000  2.0 TiB  205 GiB  50 GiB   1.6 GiB   14 GiB  1.8 TiB  10.16  1.01  189      up
170    hdd  1.97049   1.00000  2.0 TiB  204 GiB  49 GiB   1.2 GiB   13 GiB  1.8 TiB  10.13  1.00  187      up
180    hdd  1.97049   1.00000  2.0 TiB  202 GiB  47 GiB   2.2 GiB   12 GiB  1.8 TiB  10.03  0.99  189      up
190    hdd  1.97049   1.00000  2.0 TiB  202 GiB  47 GiB   745 MiB   12 GiB  1.8 TiB  10.02  0.99  181      up
200    hdd  1.97049   1.00000  2.0 TiB  202 GiB  47 GiB   1.9 GiB   13 GiB  1.8 TiB  10.03  0.99  183      up
210    hdd  1.97049   1.00000  2.0 TiB  205 GiB  50 GiB   1.6 GiB   14 GiB  1.8 TiB  10.16  1.01  194      up
220    hdd  1.97049   1.00000  2.0 TiB  205 GiB  50 GiB   1.6 GiB   14 GiB  1.8 TiB  10.18  1.01  193      up
230    hdd  1.97049   1.00000  2.0 TiB  202 GiB  47 GiB   1.6 GiB   12 GiB  1.8 TiB  10.03  0.99  182      up
  1    hdd  1.97049   1.00000  2.0 TiB  203 GiB  47 GiB   527 MiB   13 GiB  1.8 TiB  10.05  0.99  175      up
 12    hdd  1.97049   1.00000  2.0 TiB  205 GiB  50 GiB   638 MiB   14 GiB  1.8 TiB  10.18  1.01  191      up
 25    hdd  1.97049   1.00000  2.0 TiB  205 GiB  50 GiB   1.3 GiB   14 GiB  1.8 TiB  10.15  1.01  189      up
 33    hdd  1.97049   1.00000  2.0 TiB  204 GiB  49 GiB   1.8 GiB   13 GiB  1.8 TiB  10.13  1.00  194      up
 41    hdd  1.97049   1.00000  2.0 TiB  203 GiB  47 GiB   1.7 GiB   13 GiB  1.8 TiB  10.04  0.99  188      up
 52    hdd  1.97049   1.00000  2.0 TiB  203 GiB  47 GiB   324 MiB   12 GiB  1.8 TiB  10.04  0.99  175      up
 63    hdd  1.97049   1.00000  2.0 TiB  205 GiB  50 GiB   502 MiB   14 GiB  1.8 TiB  10.18  1.01  190      up
 73    hdd  1.97049   1.00000  2.0 TiB  202 GiB  47 GiB   558 MiB   13 GiB  1.8 TiB  10.03  0.99  174      up
 83    hdd  1.97049   1.00000  2.0 TiB  202 GiB  47 GiB   1.8 GiB   13 GiB  1.8 TiB  10.03  0.99  182      up
 93    hdd  1.97049   1.00000  2.0 TiB  204 GiB  49 GiB   832 MiB   13 GiB  1.8 TiB  10.12  1.00  195      up
103    hdd  1.97049   1.00000  2.0 TiB  205 GiB  50 GiB   1.7 GiB   14 GiB  1.8 TiB  10.16  1.01  198      up
113    hdd  1.97049   1.00000  2.0 TiB  204 GiB  49 GiB   1.3 GiB   13 GiB  1.8 TiB  10.10  1.00  180      up
123    hdd  1.97049   1.00000  2.0 TiB  205 GiB  50 GiB   248 MiB   14 GiB  1.8 TiB  10.17  1.01  186      up
133    hdd  1.97049   1.00000  2.0 TiB  205 GiB  50 GiB   295 MiB   14 GiB  1.8 TiB  10.17  1.01  186      up
143    hdd  1.97049   1.00000  2.0 TiB  205 GiB  50 GiB   128 MiB   14 GiB  1.8 TiB  10.17  1.01  187      up
153    hdd  1.97049   1.00000  2.0 TiB  204 GiB  49 GiB   1.1 GiB   13 GiB  1.8 TiB  10.10  1.00  186      up
163    hdd  1.97049   1.00000  2.0 TiB  202 GiB  47 GiB   1.3 GiB   13 GiB  1.8 TiB  10.04  0.99  177      up
173    hdd  1.97049   1.00000  2.0 TiB  202 GiB  47 GiB   1.5 GiB   13 GiB  1.8 TiB  10.02  0.99  182      up
183    hdd  1.97049   1.00000  2.0 TiB  204 GiB  49 GiB   494 MiB   13 GiB  1.8 TiB  10.10  1.00  187      up
193    hdd  1.97049   1.00000  2.0 TiB  206 GiB  50 GiB  1011 MiB   14 GiB  1.8 TiB  10.19  1.01  195      up
203    hdd  1.97049   1.00000  2.0 TiB  205 GiB  50 GiB   1.9 GiB   14 GiB  1.8 TiB  10.16  1.01  194      up
213    hdd  1.97049   1.00000  2.0 TiB  202 GiB  47 GiB   461 MiB   13 GiB  1.8 TiB  10.04  0.99  180      up
223    hdd  1.97049   1.00000  2.0 TiB  202 GiB  47 GiB   2.4 GiB   13 GiB  1.8 TiB  10.02  0.99  184      up
233    hdd  1.97049   1.00000  2.0 TiB  205 GiB  49 GiB   1.5 GiB   13 GiB  1.8 TiB  10.15  1.00  190      up
240    hdd  1.97049   1.00000  2.0 TiB  202 GiB  47 GiB   1.8 GiB   13 GiB  1.8 TiB  10.00  0.99  178      up
241    hdd  1.97049   1.00000  2.0 TiB  203 GiB  47 GiB   1.2 GiB   13 GiB  1.8 TiB  10.05  0.99  191      up
242    hdd  1.97049   1.00000  2.0 TiB  203 GiB  47 GiB   1.5 GiB   13 GiB  1.8 TiB  10.04  0.99  180      up
243    hdd  1.97049   1.00000  2.0 TiB  205 GiB  50 GiB   1.2 GiB   13 GiB  1.8 TiB  10.15  1.00  198      up
244    hdd  1.97049   1.00000  2.0 TiB  205 GiB  50 GiB   349 MiB   14 GiB  1.8 TiB  10.17  1.01  194      up
245    hdd  1.97049   1.00000  2.0 TiB  204 GiB  49 GiB   572 MiB   13 GiB  1.8 TiB  10.12  1.00  186      up
246    hdd  1.97049   1.00000  2.0 TiB  204 GiB  49 GiB   1.6 GiB   13 GiB  1.8 TiB  10.10  1.00  183      up
247    hdd  1.97049   1.00000  2.0 TiB  205 GiB  49 GiB   1.5 GiB   14 GiB  1.8 TiB  10.14  1.00  187      up
248    hdd  1.97049   1.00000  2.0 TiB  202 GiB  47 GiB   811 MiB   13 GiB  1.8 TiB  10.01  0.99  175      up
249    hdd  1.97049   1.00000  2.0 TiB  206 GiB  50 GiB   2.5 GiB   14 GiB  1.8 TiB  10.19  1.01  203      up
250    hdd  1.97049   1.00000  2.0 TiB  202 GiB  47 GiB   352 MiB   12 GiB  1.8 TiB  10.02  0.99  177      up
251    hdd  1.97049   1.00000  2.0 TiB  202 GiB  47 GiB   1.6 GiB   12 GiB  1.8 TiB  10.02  0.99  182      up
252    hdd  1.97049   1.00000  2.0 TiB  203 GiB  47 GiB   639 MiB   13 GiB  1.8 TiB  10.05  0.99  179      up
253    hdd  1.97049   1.00000  2.0 TiB  202 GiB  47 GiB   1.9 GiB   13 GiB  1.8 TiB  10.01  0.99  180      up
254    hdd  1.97049   1.00000  2.0 TiB  206 GiB  50 GiB   322 MiB   14 GiB  1.8 TiB  10.19  1.01  193      up
255    hdd  1.97049   1.00000  2.0 TiB  206 GiB  50 GiB   1.6 GiB   14 GiB  1.8 TiB  10.20  1.01  191      up
256    hdd  1.97049   1.00000  2.0 TiB  202 GiB  47 GiB   2.0 GiB   13 GiB  1.8 TiB  10.00  0.99  180      up
257    hdd  1.97049   1.00000  2.0 TiB  202 GiB  47 GiB   459 MiB   13 GiB  1.8 TiB  10.00  0.99  173      up
258    hdd  1.97049   1.00000  2.0 TiB  202 GiB  47 GiB   1.1 GiB   13 GiB  1.8 TiB  10.01  0.99  178      up
259    hdd  1.97049   1.00000  2.0 TiB  202 GiB  47 GiB   1.1 GiB   12 GiB  1.8 TiB  10.01  0.99  186      up
260    hdd  1.97049   1.00000  2.0 TiB  204 GiB  49 GiB   932 MiB   13 GiB  1.8 TiB  10.12  1.00  193      up
261    hdd  1.97049   1.00000  2.0 TiB  202 GiB  47 GiB   2.3 GiB   13 GiB  1.8 TiB  10.00  0.99  183      up
262    hdd  1.97049   1.00000  2.0 TiB  205 GiB  50 GiB   1.7 GiB   14 GiB  1.8 TiB  10.18  1.01  192      up
263    hdd  1.97049   1.00000  2.0 TiB  205 GiB  50 GiB   684 MiB   14 GiB  1.8 TiB  10.16  1.01  185      up
  8    hdd  1.97049   1.00000  2.0 TiB  206 GiB  50 GiB   894 MiB   14 GiB  1.8 TiB  10.19  1.01  191      up
 18    hdd  1.97049   1.00000  2.0 TiB  203 GiB  47 GiB   2.1 GiB   13 GiB  1.8 TiB  10.04  0.99  181      up
 28    hdd  1.97049   1.00000  2.0 TiB  205 GiB  50 GiB   1.9 GiB   14 GiB  1.8 TiB  10.16  1.01  187      up
 38    hdd  1.97049   1.00000  2.0 TiB  205 GiB  50 GiB   889 MiB   14 GiB  1.8 TiB  10.16  1.01  191      up
 47    hdd  1.97049   1.00000  2.0 TiB  204 GiB  48 GiB   1.2 GiB   13 GiB  1.8 TiB  10.09  1.00  194      up
 57    hdd  1.97049   1.00000  2.0 TiB  205 GiB  50 GiB   2.1 GiB   14 GiB  1.8 TiB  10.17  1.01  200      up
 68    hdd  1.97049   1.00000  2.0 TiB  204 GiB  49 GiB   1.7 GiB   13 GiB  1.8 TiB  10.12  1.00  185      up
 79    hdd  1.97049   1.00000  2.0 TiB  206 GiB  50 GiB   1.3 GiB   14 GiB  1.8 TiB  10.19  1.01  200      up
 89    hdd  1.97049   1.00000  2.0 TiB  205 GiB  50 GiB   372 MiB   14 GiB  1.8 TiB  10.15  1.01  186      up
 99    hdd  1.97049   1.00000  2.0 TiB  203 GiB  47 GiB   850 MiB   13 GiB  1.8 TiB  10.05  0.99  186      up
109    hdd  1.97049   1.00000  2.0 TiB  206 GiB  50 GiB   1.2 GiB   14 GiB  1.8 TiB  10.18  1.01  197      up
118    hdd  1.97049   1.00000  2.0 TiB  205 GiB  50 GiB   1.9 GiB   14 GiB  1.8 TiB  10.17  1.01  191      up
128    hdd  1.97049   1.00000  2.0 TiB  204 GiB  48 GiB   1.1 GiB   13 GiB  1.8 TiB  10.09  1.00  184      up
138    hdd  1.97049   1.00000  2.0 TiB  203 GiB  47 GiB   1.2 GiB   13 GiB  1.8 TiB  10.05  0.99  185      up
148    hdd  1.97049   1.00000  2.0 TiB  203 GiB  48 GiB   1.1 GiB   13 GiB  1.8 TiB  10.06  1.00  185      up
158    hdd  1.97049   1.00000  2.0 TiB  204 GiB  49 GiB   2.3 GiB   13 GiB  1.8 TiB  10.10  1.00  193      up
168    hdd  1.97049   1.00000  2.0 TiB  203 GiB  47 GiB   1.1 GiB   13 GiB  1.8 TiB  10.04  0.99  186      up
178    hdd  1.97049   1.00000  2.0 TiB  205 GiB  50 GiB   204 MiB   14 GiB  1.8 TiB  10.17  1.01  189      up
188    hdd  1.97049   1.00000  2.0 TiB  203 GiB  47 GiB   662 MiB   13 GiB  1.8 TiB  10.04  0.99  186      up
198    hdd  1.97049   1.00000  2.0 TiB  203 GiB  47 GiB   812 MiB   13 GiB  1.8 TiB  10.04  0.99  184      up
208    hdd  1.97049   1.00000  2.0 TiB  202 GiB  47 GiB  1002 MiB   13 GiB  1.8 TiB  10.03  0.99  179      up
218    hdd  1.97049   1.00000  2.0 TiB  205 GiB  50 GiB   1.7 GiB   14 GiB  1.8 TiB  10.16  1.01  188      up
228    hdd  1.97049   1.00000  2.0 TiB  205 GiB  50 GiB   1.3 GiB   14 GiB  1.8 TiB  10.16  1.01  187      up
238    hdd  1.97049   1.00000  2.0 TiB  205 GiB  49 GiB   514 MiB   13 GiB  1.8 TiB  10.14  1.00  188      up
  4    hdd  1.97049   1.00000  2.0 TiB  204 GiB  48 GiB   666 MiB   13 GiB  1.8 TiB  10.09  1.00  183      up
 15    hdd  1.97049   1.00000  2.0 TiB  206 GiB  51 GiB   1.0 GiB   14 GiB  1.8 TiB  10.20  1.01  198      up
 26    hdd  1.97049   1.00000  2.0 TiB  202 GiB  47 GiB   992 MiB   12 GiB  1.8 TiB  10.02  0.99  180      up
 36    hdd  1.97049   1.00000  2.0 TiB  205 GiB  49 GiB   2.1 GiB   13 GiB  1.8 TiB  10.14  1.00  190      up
 49    hdd  1.97049   1.00000  2.0 TiB  202 GiB  47 GiB   2.4 GiB   13 GiB  1.8 TiB  10.03  0.99  192      up
 58    hdd  1.97049   1.00000  2.0 TiB  206 GiB  51 GiB   1.9 GiB   14 GiB  1.8 TiB  10.20  1.01  199      up
 67    hdd  1.97049   1.00000  2.0 TiB  202 GiB  47 GiB   1.7 GiB   13 GiB  1.8 TiB  10.03  0.99  192      up
 77    hdd  1.97049   1.00000  2.0 TiB  202 GiB  47 GiB   365 MiB   12 GiB  1.8 TiB  10.03  0.99  175      up
 87    hdd  1.97049   1.00000  2.0 TiB  203 GiB  48 GiB   1.8 GiB   13 GiB  1.8 TiB  10.06  1.00  185      up
 98    hdd  1.97049   1.00000  2.0 TiB  204 GiB  49 GiB   1.0 GiB   13 GiB  1.8 TiB  10.13  1.00  189      up
108    hdd  1.97049   1.00000  2.0 TiB  202 GiB  47 GiB   1.7 GiB   12 GiB  1.8 TiB  10.04  0.99  185      up
119    hdd  1.97049   1.00000  2.0 TiB  205 GiB  50 GiB   1.9 GiB   14 GiB  1.8 TiB  10.17  1.01  196      up
129    hdd  1.97049   1.00000  2.0 TiB  206 GiB  50 GiB   1.7 GiB   14 GiB  1.8 TiB  10.18  1.01  198      up
139    hdd  1.97049   1.00000  2.0 TiB  202 GiB  47 GiB   752 MiB   13 GiB  1.8 TiB  10.03  0.99  178      up
149    hdd  1.97049   1.00000  2.0 TiB  205 GiB  50 GiB   525 MiB   14 GiB  1.8 TiB  10.17  1.01  187      up
159    hdd  1.97049   1.00000  2.0 TiB  203 GiB  47 GiB   1.3 GiB   12 GiB  1.8 TiB  10.05  0.99  175      up
169    hdd  1.97049   1.00000  2.0 TiB  205 GiB  50 GiB   1.0 GiB   13 GiB  1.8 TiB  10.16  1.01  192      up
179    hdd  1.97049   1.00000  2.0 TiB  205 GiB  50 GiB   1.4 GiB   14 GiB  1.8 TiB  10.17  1.01  195      up
189    hdd  1.97049   1.00000  2.0 TiB  204 GiB  49 GiB   1.6 GiB   13 GiB  1.8 TiB  10.10  1.00  188      up
199    hdd  1.97049   1.00000  2.0 TiB  205 GiB  50 GiB   686 MiB   13 GiB  1.8 TiB  10.16  1.01  190      up
209    hdd  1.97049   1.00000  2.0 TiB  206 GiB  50 GiB   2.1 GiB   14 GiB  1.8 TiB  10.19  1.01  195      up
219    hdd  1.97049   1.00000  2.0 TiB  205 GiB  49 GiB   1.4 GiB   13 GiB  1.8 TiB  10.14  1.00  193      up
229    hdd  1.97049   1.00000  2.0 TiB  205 GiB  50 GiB   1.4 GiB   14 GiB  1.8 TiB  10.16  1.01  194      up
239    hdd  1.97049   1.00000  2.0 TiB  202 GiB  47 GiB   1.2 GiB   12 GiB  1.8 TiB  10.03  0.99  188      up
  6    hdd  1.97049   1.00000  2.0 TiB  201 GiB  46 GiB   1.1 GiB   12 GiB  1.8 TiB   9.95  0.99  177      up
 19    hdd  1.97049   1.00000  2.0 TiB  205 GiB  50 GiB   2.1 GiB   13 GiB  1.8 TiB  10.16  1.01  195      up
 29    hdd  1.97049   1.00000  2.0 TiB  206 GiB  51 GiB   408 MiB   14 GiB  1.8 TiB  10.21  1.01  196      up
 39    hdd  1.97049   1.00000  2.0 TiB  206 GiB  51 GiB   2.0 GiB   14 GiB  1.8 TiB  10.20  1.01  197      up
 48    hdd  1.97049   1.00000  2.0 TiB  203 GiB  47 GiB   2.4 GiB   13 GiB  1.8 TiB  10.05  0.99  184      up
 59    hdd  1.97049   1.00000  2.0 TiB  204 GiB  49 GiB   1.7 GiB   13 GiB  1.8 TiB  10.12  1.00  188      up
 69    hdd  1.97049   1.00000  2.0 TiB  201 GiB  46 GiB   1.9 GiB   12 GiB  1.8 TiB   9.96  0.99  174      up
 78    hdd  1.97049   1.00000  2.0 TiB  206 GiB  51 GiB   757 MiB   14 GiB  1.8 TiB  10.21  1.01  195      up
 88    hdd  1.97049   1.00000  2.0 TiB  205 GiB  50 GiB   2.7 GiB   14 GiB  1.8 TiB  10.18  1.01  201      up
 97    hdd  1.97049   1.00000  2.0 TiB  206 GiB  51 GiB   1.4 GiB   14 GiB  1.8 TiB  10.23  1.01  199      up
106    hdd  1.97049   1.00000  2.0 TiB  205 GiB  50 GiB   1.4 GiB   14 GiB  1.8 TiB  10.16  1.01  193      up
116    hdd  1.97049   1.00000  2.0 TiB  206 GiB  51 GiB   2.0 GiB   14 GiB  1.8 TiB  10.20  1.01  192      up
126    hdd  1.97049   1.00000  2.0 TiB  203 GiB  47 GiB   1.2 GiB   13 GiB  1.8 TiB  10.05  0.99  183      up
136    hdd  1.97049   1.00000  2.0 TiB  201 GiB  46 GiB   755 MiB   12 GiB  1.8 TiB   9.95  0.98  170      up
146    hdd  1.97049   1.00000  2.0 TiB  206 GiB  51 GiB   1.4 GiB   14 GiB  1.8 TiB  10.20  1.01  195      up
156    hdd  1.97049   1.00000  2.0 TiB  205 GiB  50 GiB   762 MiB   14 GiB  1.8 TiB  10.17  1.01  195      up
166    hdd  1.97049   1.00000  2.0 TiB  203 GiB  47 GiB   992 MiB   13 GiB  1.8 TiB  10.04  0.99  178      up
176    hdd  1.97049   1.00000  2.0 TiB  203 GiB  48 GiB   159 MiB   13 GiB  1.8 TiB  10.05  0.99  183      up
186    hdd  1.97049   1.00000  2.0 TiB  206 GiB  51 GiB   1.6 GiB   14 GiB  1.8 TiB  10.22  1.01  195      up
196    hdd  1.97049   1.00000  2.0 TiB  201 GiB  46 GiB   1.2 GiB   12 GiB  1.8 TiB   9.97  0.99  173      up
206    hdd  1.97049   1.00000  2.0 TiB  204 GiB  49 GiB   1.5 GiB   13 GiB  1.8 TiB  10.11  1.00  195      up
216    hdd  1.97049   1.00000  2.0 TiB  204 GiB  48 GiB   527 MiB   13 GiB  1.8 TiB  10.09  1.00  188      up
226    hdd  1.97049   1.00000  2.0 TiB  206 GiB  51 GiB   1.0 GiB   14 GiB  1.8 TiB  10.21  1.01  190      up
236    hdd  1.97049   1.00000  2.0 TiB  206 GiB  50 GiB   1.4 GiB   14 GiB  1.8 TiB  10.19  1.01  187      up
  0    hdd  1.97049   1.00000  2.0 TiB  202 GiB  47 GiB   1.9 GiB   13 GiB  1.8 TiB  10.02  0.99  182      up
 10    hdd  1.97049   1.00000  2.0 TiB  205 GiB  50 GiB   445 MiB   14 GiB  1.8 TiB  10.15  1.01  187      up
 23    hdd  1.97049   1.00000  2.0 TiB  205 GiB  50 GiB   732 MiB   14 GiB  1.8 TiB  10.16  1.01  186      up
 35    hdd  1.97049   1.00000  2.0 TiB  203 GiB  47 GiB   1.8 GiB   12 GiB  1.8 TiB  10.04  0.99  179      up
 45    hdd  1.97049   1.00000  2.0 TiB  205 GiB  50 GiB   692 MiB   14 GiB  1.8 TiB  10.18  1.01  198      up
 55    hdd  1.97049   1.00000  2.0 TiB  202 GiB  47 GiB   1.9 GiB   12 GiB  1.8 TiB  10.01  0.99  185      up
 64    hdd  1.97049   1.00000  2.0 TiB  203 GiB  48 GiB   834 MiB   13 GiB  1.8 TiB  10.07  1.00  183      up
 75    hdd  1.97049   1.00000  2.0 TiB  203 GiB  47 GiB   323 MiB   13 GiB  1.8 TiB  10.05  0.99  180      up
 85    hdd  1.97049   1.00000  2.0 TiB  202 GiB  47 GiB   1.0 GiB   12 GiB  1.8 TiB  10.03  0.99  183      up
 95    hdd  1.97049   1.00000  2.0 TiB  206 GiB  50 GiB   278 MiB   14 GiB  1.8 TiB  10.19  1.01  185      up
105    hdd  1.97049   1.00000  2.0 TiB  206 GiB  50 GiB   1.7 GiB   14 GiB  1.8 TiB  10.19  1.01  191      up
115    hdd  1.97049   1.00000  2.0 TiB  204 GiB  49 GiB   1.6 GiB   13 GiB  1.8 TiB  10.10  1.00  184      up
125    hdd  1.97049   1.00000  2.0 TiB  206 GiB  50 GiB   1.9 GiB   14 GiB  1.8 TiB  10.19  1.01  193      up
135    hdd  1.97049   1.00000  2.0 TiB  202 GiB  47 GiB   973 MiB   12 GiB  1.8 TiB  10.03  0.99  178      up
145    hdd  1.97049   1.00000  2.0 TiB  202 GiB  47 GiB   603 MiB   12 GiB  1.8 TiB  10.03  0.99  177      up
155    hdd  1.97049   1.00000  2.0 TiB  202 GiB  47 GiB   347 MiB   12 GiB  1.8 TiB  10.02  0.99  177      up
165    hdd  1.97049   1.00000  2.0 TiB  203 GiB  48 GiB   986 MiB   13 GiB  1.8 TiB  10.07  1.00  177      up
175    hdd  1.97049   1.00000  2.0 TiB  202 GiB  47 GiB   1.1 GiB   13 GiB  1.8 TiB  10.03  0.99  177      up
185    hdd  1.97049   1.00000  2.0 TiB  205 GiB  50 GiB   2.0 GiB   14 GiB  1.8 TiB  10.16  1.01  193      up
195    hdd  1.97049   1.00000  2.0 TiB  205 GiB  50 GiB   535 MiB   14 GiB  1.8 TiB  10.16  1.01  195      up
205    hdd  1.97049   1.00000  2.0 TiB  205 GiB  50 GiB   740 MiB   14 GiB  1.8 TiB  10.16  1.01  187      up
215    hdd  1.97049   1.00000  2.0 TiB  204 GiB  49 GiB   888 MiB   13 GiB  1.8 TiB  10.10  1.00  188      up
225    hdd  1.97049   1.00000  2.0 TiB  202 GiB  47 GiB   1.5 GiB   12 GiB  1.8 TiB  10.03  0.99  179      up
235    hdd  1.97049   1.00000  2.0 TiB  204 GiB  49 GiB   1.8 GiB   13 GiB  1.8 TiB  10.12  1.00  189      up
  5    hdd  1.97049   1.00000  2.0 TiB  202 GiB  47 GiB   2.2 GiB   12 GiB  1.8 TiB  10.03  0.99  182      up
 16    hdd  1.97049   1.00000  2.0 TiB  206 GiB  51 GiB   1.7 GiB   14 GiB  1.8 TiB  10.20  1.01  188      up
 27    hdd  1.97049   1.00000  2.0 TiB  202 GiB  47 GiB   1.0 GiB   12 GiB  1.8 TiB  10.03  0.99  176      up
 37    hdd  1.97049   1.00000  2.0 TiB  204 GiB  49 GiB   1.5 GiB   13 GiB  1.8 TiB  10.13  1.00  188      up
 46    hdd  1.97049   1.00000  2.0 TiB  202 GiB  47 GiB   2.2 GiB   12 GiB  1.8 TiB  10.00  0.99  179      up
 56    hdd  1.97049   1.00000  2.0 TiB  202 GiB  47 GiB   1.3 GiB   12 GiB  1.8 TiB  10.00  0.99  177      up
 66    hdd  1.97049   1.00000  2.0 TiB  202 GiB  47 GiB   881 MiB   12 GiB  1.8 TiB  10.00  0.99  169      up
 76    hdd  1.97049   1.00000  2.0 TiB  203 GiB  47 GiB   1.4 GiB   12 GiB  1.8 TiB  10.04  0.99  184      up
 86    hdd  1.97049   1.00000  2.0 TiB  206 GiB  51 GiB   1.7 GiB   14 GiB  1.8 TiB  10.21  1.01  189      up
 96    hdd  1.97049   1.00000  2.0 TiB  202 GiB  46 GiB   2.1 GiB   12 GiB  1.8 TiB   9.99  0.99  181      up
107    hdd  1.97049   1.00000  2.0 TiB  203 GiB  47 GiB   1.3 GiB   13 GiB  1.8 TiB  10.05  0.99  186      up
117    hdd  1.97049   1.00000  2.0 TiB  202 GiB  46 GiB   1.3 GiB   12 GiB  1.8 TiB   9.99  0.99  174      up
127    hdd  1.97049   1.00000  2.0 TiB  205 GiB  49 GiB   1.8 GiB   13 GiB  1.8 TiB  10.15  1.00  197      up
137    hdd  1.97049   1.00000  2.0 TiB  206 GiB  51 GiB   1.6 GiB   14 GiB  1.8 TiB  10.20  1.01  197      up
147    hdd  1.97049   1.00000  2.0 TiB  204 GiB  49 GiB   1.6 GiB   13 GiB  1.8 TiB  10.10  1.00  186      up
157    hdd  1.97049   1.00000  2.0 TiB  206 GiB  50 GiB   1.1 GiB   14 GiB  1.8 TiB  10.19  1.01  195      up
167    hdd  1.97049   1.00000  2.0 TiB  202 GiB  46 GiB   1.8 GiB   12 GiB  1.8 TiB  10.00  0.99  182      up
177    hdd  1.97049   1.00000  2.0 TiB  202 GiB  47 GiB   536 MiB   12 GiB  1.8 TiB  10.02  0.99  175      up
187    hdd  1.97049   1.00000  2.0 TiB  202 GiB  47 GiB   1.6 GiB   13 GiB  1.8 TiB  10.03  0.99  182      up
197    hdd  1.97049   1.00000  2.0 TiB  204 GiB  49 GiB   589 MiB   13 GiB  1.8 TiB  10.12  1.00  186      up
207    hdd  1.97049   1.00000  2.0 TiB  206 GiB  50 GiB   1.2 GiB   14 GiB  1.8 TiB  10.19  1.01  191      up
217    hdd  1.97049   1.00000  2.0 TiB  202 GiB  47 GiB  1002 MiB   12 GiB  1.8 TiB  10.03  0.99  190      up
227    hdd  1.97049   1.00000  2.0 TiB  205 GiB  50 GiB   470 MiB   13 GiB  1.8 TiB  10.16  1.01  189      up
237    hdd  1.97049   1.00000  2.0 TiB  202 GiB  47 GiB   859 MiB   13 GiB  1.8 TiB  10.03  0.99  179      up
                        TOTAL  567 TiB   57 TiB  14 TiB   369 GiB  3.7 TiB  510 TiB  10.10                   
MIN/MAX VAR: 0.98/1.01  STDDEV: 0.07
2022/02/28-19:02:18: \n osd_memory_targets: osd.1: 11683794359
osd.2: 11683794359
osd.3: 11683794359
osd.4: 11683794359
osd.5: 11683794359
osd.6: 11683794359
osd.7: 11683794359
osd.8: 11683794359
osd.9: 11683794359
osd.10: 11683794359
osd.11: 11683794359
osd.12: 11683794359
osd.13: 11683794359
osd.14: 11683794359
osd.15: 11683794359
osd.16: 11683794359
osd.17: 11683794359
osd.18: 11683794359
osd.19: 11683794359
osd.20: 11683794359
osd.21: 11683794359
osd.22: 11683794359
osd.23: 11683794359
osd.24: 11683794359
osd.25: 11683794359
osd.26: 11683794359
osd.27: 11683794359
osd.28: 11683794359
osd.29: 11683794359
osd.30: 11683794359
osd.31: 11683794359
osd.32: 11683794359
osd.33: 11683794359
osd.34: 11683794359
osd.35: 11683794359
osd.36: 11683794359
osd.37: 11683794359
osd.38: 11683794359
osd.39: 11683794359
osd.40: 11683794359
osd.41: 11683794359
osd.42: 11683794359
osd.43: 11683794359
osd.44: 11683794359
osd.45: 11683794359
osd.46: 11683794359
osd.47: 11683794359
osd.48: 11683794359
osd.49: 11683794359
osd.50: 11683794359
osd.51: 11683794359
osd.52: 11683794359
osd.53: 11683794359
osd.54: 11683794359
osd.55: 11683794359
osd.56: 11683794359
osd.57: 11683794359
osd.58: 11683794359
osd.59: 11683794359
osd.60: 11683794359
osd.61: 11683794359
osd.62: 11683794359
osd.63: 11683794359
osd.64: 11683794359
osd.65: 11683794359
osd.66: 11683794359
osd.67: 11683794359
osd.68: 11683794359
osd.69: 11683794359
osd.70: 11683794359
osd.71: 11683794359
osd.72: 11683794359
osd.73: 11683794359
osd.74: 11683794359
osd.75: 11683794359
osd.76: 11683794359
osd.77: 11683794359
osd.78: 11683794359
osd.79: 11683794359
osd.80: 11683794359
osd.81: 11683794359
osd.82: 11683794359
osd.83: 11683794359
osd.84: 11683794359
osd.85: 11683794359
osd.86: 11683794359
osd.87: 11683794359
osd.88: 11683794359
osd.89: 11683794359
osd.90: 11683794359
osd.91: 11683794359
osd.92: 11683794359
osd.93: 11683794359
osd.94: 11683794359
osd.95: 11683794359
osd.96: 11683794359
osd.97: 11683794359
osd.98: 11683794359
osd.99: 11683794359
osd.100: 11683794359
osd.101: 11683794359
osd.102: 11683794359
osd.103: 11683794359
osd.104: 11683794359
osd.105: 11683794359
osd.106: 11683794359
osd.107: 11683794359
osd.108: 11683794359
osd.109: 11683794359
osd.110: 11683794359
osd.111: 11683794359
osd.112: 11683794359
osd.113: 11683794359
osd.114: 11683794359
osd.115: 11683794359
osd.116: 11683794359
osd.117: 11683794359
osd.118: 11683794359
osd.119: 11683794359
osd.120: 11683794359
osd.121: 11683794359
osd.122: 11683794359
osd.123: 11683794359
osd.124: 11683794359
osd.125: 11683794359
osd.126: 11683794359
osd.127: 11683794359
osd.128: 11683794359
osd.129: 11683794359
osd.130: 11683794359
osd.131: 11683794359
osd.132: 11683794359
osd.133: 11683794359
osd.134: 11683794359
osd.135: 11683794359
osd.136: 11683794359
osd.137: 11683794359
osd.138: 11683794359
osd.139: 11683794359
osd.140: 11683794359
osd.141: 11683794359
osd.142: 11683794359
osd.143: 11683794359
osd.144: 11683794359
osd.145: 11683794359
osd.146: 11683794359
osd.147: 11683794359
osd.148: 11683794359
osd.149: 11683794359
osd.150: 11683794359
osd.151: 11683794359
osd.152: 11683794359
osd.153: 11683794359
osd.154: 11683794359
osd.155: 11683794359
osd.156: 11683794359
osd.157: 11683794359
osd.158: 11683794359
osd.159: 11683794359
osd.160: 11683794359
osd.161: 11683794359
osd.162: 11683794359
osd.163: 11683794359
osd.164: 11683794359
osd.165: 11683794359
osd.166: 11683794359
osd.167: 11683794359
osd.168: 11683794359
osd.169: 11683794359
osd.170: 11683794359
osd.171: 11683794359
osd.172: 11683794359
osd.173: 11683794359
osd.174: 11683794359
osd.175: 11683794359
osd.176: 11683794359
osd.177: 11683794359
osd.178: 11683794359
osd.179: 11683794359
osd.180: 11683794359
osd.181: 11683794359
osd.182: 11683794359
osd.183: 11683794359
osd.184: 11683794359
osd.185: 11683794359
osd.186: 11683794359
osd.187: 11683794359
osd.188: 11683794359
osd.189: 11683794359
osd.190: 11683794359
osd.191: 11683794359
osd.192: 11683794359
osd.193: 11683794359
osd.194: 11683794359
osd.195: 11683794359
osd.196: 11683794359
osd.197: 11683794359
osd.198: 11683794359
osd.199: 11683794359
osd.200: 11683794359
osd.201: 11683794359
osd.202: 11683794359
osd.203: 11683794359
osd.204: 11683794359
osd.205: 11683794359
osd.206: 11683794359
osd.207: 11683794359
osd.208: 11683794359
osd.209: 11683794359
osd.210: 11683794359
osd.211: 11683794359
osd.212: 11683794359
osd.213: 11683794359
osd.214: 11683794359
osd.215: 11683794359
osd.216: 11683794359
osd.217: 11683794359
osd.218: 11683794359
osd.219: 11683794359
osd.220: 11683794359
osd.221: 11683794359
osd.222: 11683794359
osd.223: 11683794359
osd.224: 11683794359
osd.225: 11683794359
osd.226: 11683794359
osd.227: 11683794359
osd.228: 11683794359
osd.229: 11683794359
osd.230: 11683794359
osd.231: 11683794359
osd.232: 11683794359
osd.233: 11683794359
osd.234: 11683794359
osd.235: 11683794359
osd.236: 11683794359
osd.237: 11683794359
osd.238: 11683794359
osd.239: 11683794359
osd.240: 11683794359
osd.241: 11683794359
osd.242: 11683794359
osd.243: 11683794359
osd.244: 11683794359
osd.245: 11683794359
osd.246: 11683794359
osd.247: 11683794359
osd.248: 11683794359
osd.249: 11683794359
osd.250: 11683794359
osd.251: 11683794359
osd.252: 11683794359
osd.253: 11683794359
osd.254: 11683794359
osd.255: 11683794359
osd.256: 11683794359
osd.257: 11683794359
osd.258: 11683794359
osd.259: 11683794359
osd.260: 11683794359
osd.261: 11683794359
osd.262: 11683794359
osd.263: 11683794359
osd.264: 11683794359
osd.265: 11683794359
osd.266: 11683794359
osd.267: 11683794359
osd.268: 11683794359
osd.269: 11683794359
osd.270: 11683794359
osd.271: 11683794359
osd.272: 11683794359
osd.273: 11683794359
osd.274: 11683794359
osd.275: 11683794359
osd.276: 11683794359
osd.277: 11683794359
osd.278: 11683794359
osd.279: 11683794359
osd.280: 11683794359
osd.281: 11683794359
osd.282: 11683794359
osd.283: 11683794359
osd.284: 11683794359
osd.285: 11683794359
osd.286: 11683794359
osd.287: 11683794359
osd.288: 11683794359

PG Autoscale:
POOL                         SIZE  TARGET SIZE  RATE  RAW CAPACITY   RATIO  TARGET RATIO  EFFECTIVE RATIO  BIAS  PG_NUM  NEW PG_NUM  AUTOSCALE  PROFILE   
device_health_metrics       2529k                3.0        567.4T  0.0000                                  1.0       1              on         scale-up  
default.rgw.control            0                 3.0        567.4T  0.0000                                  1.0     256              on         scale-up  
default.rgw.buckets.data    9206G                1.5        567.4T  0.0238                                  1.0    8192              on         scale-up  
default.rgw.buckets.index  122.9G                3.0        567.4T  0.0006                                  1.0     512              on         scale-up  
default.rgw.log             2776k                3.0        567.4T  0.0000                                  1.0     256              on         scale-up  
default.rgw.meta            1374k                3.0        567.4T  0.0000                                  1.0     256              on         scale-up  
.rgw.root                   1323                 3.0        567.4T  0.0000                                  1.0     256              on         scale-up  

RGW netstat & qlen/qactive ...
f10-h01-000-6049p.rdu2.scalelab.redhat.com
Proto Recv-Q Send-Q Local Address           Foreign Address         State       PID/Program name    
tcp        0      0 172.17.36.220:8080      0.0.0.0:*               LISTEN      651156/radosgw      
        "qlen": 80,
        "qactive": 80,
f10-h05-000-6049p.rdu2.scalelab.redhat.com
Proto Recv-Q Send-Q Local Address           Foreign Address         State       PID/Program name    
tcp        0      0 172.17.36.178:8080      0.0.0.0:*               LISTEN      996518/radosgw      
        "qlen": 63,
        "qactive": 63,
f10-h09-000-6049p.rdu2.scalelab.redhat.com
Proto Recv-Q Send-Q Local Address           Foreign Address         State       PID/Program name    
tcp        0      0 172.17.39.213:8080      0.0.0.0:*               LISTEN      1034084/radosgw     
        "qlen": 98,
        "qactive": 98,
f10-h13-000-6049p.rdu2.scalelab.redhat.com
Proto Recv-Q Send-Q Local Address           Foreign Address         State       PID/Program name    
tcp        0      0 172.17.39.109:8080      0.0.0.0:*               LISTEN      1059842/radosgw     
        "qlen": 265,
        "qactive": 265,
f10-h17-000-6049p.rdu2.scalelab.redhat.com
Proto Recv-Q Send-Q Local Address           Foreign Address         State       PID/Program name    
tcp        0      0 172.17.36.9:8080        0.0.0.0:*               LISTEN      1026815/radosgw     
        "qlen": 81,
        "qactive": 81,
f10-h21-000-6049p.rdu2.scalelab.redhat.com
Proto Recv-Q Send-Q Local Address           Foreign Address         State       PID/Program name    
tcp        0      0 172.17.38.57:8080       0.0.0.0:*               LISTEN      1016683/radosgw     
        "qlen": 213,
        "qactive": 213,
f10-h25-000-6049p.rdu2.scalelab.redhat.com
Proto Recv-Q Send-Q Local Address           Foreign Address         State       PID/Program name    
tcp        0      0 172.17.36.180:8080      0.0.0.0:*               LISTEN      975966/radosgw      
        "qlen": 86,
        "qactive": 86,
f11-h01-000-6049p.rdu2.scalelab.redhat.com
Proto Recv-Q Send-Q Local Address           Foreign Address         State       PID/Program name    
tcp        0      0 172.17.39.208:8080      0.0.0.0:*               LISTEN      1065879/radosgw     
        "qlen": 468,
        "qactive": 468,
f11-h05-000-6049p.rdu2.scalelab.redhat.com
Proto Recv-Q Send-Q Local Address           Foreign Address         State       PID/Program name    
tcp        0      0 172.17.39.190:8080      0.0.0.0:*               LISTEN      988390/radosgw      
        "qlen": 127,
        "qactive": 127,
f11-h09-000-6049p.rdu2.scalelab.redhat.com
Proto Recv-Q Send-Q Local Address           Foreign Address         State       PID/Program name    
tcp        0      0 172.17.38.145:8080      0.0.0.0:*               LISTEN      1039216/radosgw     
        "qlen": 121,
        "qactive": 121,
f11-h13-000-6049p.rdu2.scalelab.redhat.com
Proto Recv-Q Send-Q Local Address           Foreign Address         State       PID/Program name    
tcp        0      0 172.17.36.186:8080      0.0.0.0:*               LISTEN      901071/radosgw      
        "qlen": 71,
        "qactive": 71,
f11-h17-000-6049p.rdu2.scalelab.redhat.com
Proto Recv-Q Send-Q Local Address           Foreign Address         State       PID/Program name    
tcp        0      0 172.17.36.13:8080       0.0.0.0:*               LISTEN      1008819/radosgw     
        "qlen": 126,
        "qactive": 126,

--------------------------------------------------------

2022/02/28-19:07:40: RESHARD Queue Length 1
2022/02/28-19:07:40: RESHARD List []

LA: 2022/02/28-19:07:41:   15.37, 12.14, 6.38

RGW stats:          proc   %cpu %mem  vsz    rss     memused       memlimit
f10-h01-000-6049p.rdu2.scalelab.redhat.com   radosgw 19.1 0.0 9784520 313868   284612358144   9223372036854771712
f10-h05-000-6049p.rdu2.scalelab.redhat.com   radosgw 19.2 0.0 9781504 290944   269926408192   9223372036854771712
f10-h09-000-6049p.rdu2.scalelab.redhat.com   radosgw 19.3 0.0 9798916 323760   282903416832   9223372036854771712
f10-h13-000-6049p.rdu2.scalelab.redhat.com   radosgw 19.7 0.0 9749500 306840   272099827712   9223372036854771712
f10-h17-000-6049p.rdu2.scalelab.redhat.com   radosgw 19.6 0.0 9864856 331916   271426691072   9223372036854771712
f10-h21-000-6049p.rdu2.scalelab.redhat.com   radosgw 19.5 0.0 9806276 300828   216329609216   9223372036854771712
f10-h25-000-6049p.rdu2.scalelab.redhat.com   radosgw 18.8 0.0 9794324 316184   263323373568   9223372036854771712
f11-h01-000-6049p.rdu2.scalelab.redhat.com   radosgw 19.5 0.0 9758224 312252   242305634304   9223372036854771712
f11-h05-000-6049p.rdu2.scalelab.redhat.com   radosgw 19.8 0.0 9771060 318112   226894794752   9223372036854771712
f11-h09-000-6049p.rdu2.scalelab.redhat.com   radosgw 19.6 0.0 9794860 313588   259445051392   9223372036854771712
f11-h13-000-6049p.rdu2.scalelab.redhat.com   radosgw 20.2 0.0 9763312 322004   262428323840   9223372036854771712
f11-h17-000-6049p.rdu2.scalelab.redhat.com   radosgw 20.4 0.0 9789304 299884   248008843264   9223372036854771712

OSD: 
2022/02/28-19:07:48: f10-h01-000-6049p.rdu2.scalelab.redhat.com ceph-osd        35.6  1.3 6708180 5196632
ceph-osd        37.0  1.3 6360792 5175048
ceph-osd        27.9  1.4 6768944 5656732
ceph-osd        37.7  1.4 6927120 5544408
ceph-osd        27.0  1.3 6677404 5204488
ceph-osd        27.5  1.2 6339624 5114260
ceph-osd        30.1  1.4 6851836 5666164
ceph-osd        29.6  1.4 6528676 5607192
ceph-osd        30.3  1.2 6662540 5048856
ceph-osd        28.0  1.3 6208636 5254180
ceph-osd        29.4  1.3 6379284 5425040
ceph-osd        30.4  1.5 6917068 5932668
ceph-osd        32.5  1.2 6128244 4943004
ceph-osd        32.6  1.2 6345792 4830160
ceph-osd        35.1  1.3 6705748 5428072
ceph-osd        28.4  1.3 6435568 5429312
ceph-osd        30.1  1.4 7231204 5728084
ceph-osd        32.7  1.3 6616984 5419996
ceph-osd        28.3  1.3 6571152 5491432
ceph-osd        28.7  1.3 6385980 5266764
ceph-osd        31.4  1.6 7445960 6501656
ceph-osd        28.6  1.2 6238568 5126948
ceph-osd        30.5  1.2 6275880 5066108
ceph-osd        28.0  1.4 6785528 5812444
2022/02/28-19:07:48: f10-h05-000-6049p.rdu2.scalelab.redhat.com ceph-osd         5.6  1.1 5524732 4564576
ceph-osd         4.8  0.9 5098896 3798644
ceph-osd         4.1  1.0 4980316 4022448
ceph-osd         6.4  1.0 5287724 4033192
ceph-osd         4.4  1.0 5210124 4288088
ceph-osd         3.3  0.8 4229312 3328612
ceph-osd         5.1  1.0 5452360 4232516
ceph-osd         4.7  1.1 5400636 4398180
ceph-osd         4.7  1.0 5491204 4265680
ceph-osd         5.9  0.9 5239392 3943916
ceph-osd         5.6  1.2 6238392 4911100
ceph-osd         5.4  0.9 4932172 3827948
ceph-osd         5.6  1.1 6063788 4699876
ceph-osd         5.4  1.0 5204104 4288356
ceph-osd         4.0  0.8 4419960 3501784
ceph-osd         5.5  1.0 4918476 4023356
ceph-osd         3.7  0.8 4538140 3536008
ceph-osd         4.4  0.9 4706016 3759592
ceph-osd         4.9  0.9 4952648 3780452
ceph-osd         3.5  0.8 4151940 3239628
ceph-osd         5.6  1.0 5004596 3985516
ceph-osd         4.8  1.0 5109916 4224668
ceph-osd         3.9  1.1 5512000 4608748
ceph-osd         5.6  1.1 5367880 4387224
2022/02/28-19:07:48: f10-h09-000-6049p.rdu2.scalelab.redhat.com ceph-osd         4.5  0.9 5037112 3635504
ceph-osd         4.7  1.1 5383228 4379732
ceph-osd         3.6  0.9 4535040 3649684
ceph-osd         6.7  1.0 5278280 4314180
ceph-osd         4.8  0.9 4841152 3942288
ceph-osd         7.3  1.2 5912752 4840120
ceph-osd         4.7  1.0 5344052 4272240
ceph-osd         6.4  1.1 5362396 4384336
ceph-osd         4.3  0.9 4481688 3572132
ceph-osd         3.8  0.8 4488612 3416880
ceph-osd         6.4  1.1 5311052 4420216
ceph-osd         4.9  0.9 5025800 3937376
ceph-osd         4.1  1.0 5048012 4032980
ceph-osd         4.3  0.8 4662860 3310980
ceph-osd         6.2  1.1 5668044 4699800
ceph-osd         4.1  1.0 5009028 4093088
ceph-osd         3.8  0.9 4925280 3749240
ceph-osd         6.4  1.0 5012072 4049632
ceph-osd         7.1  1.2 5915408 4923660
ceph-osd         3.8  0.8 4597216 3357692
ceph-osd         4.2  1.0 5560144 4329112
ceph-osd         5.2  1.2 5883968 4909496
ceph-osd         6.1  1.0 5124908 4200304
ceph-osd         4.5  0.9 5354052 3889500
2022/02/28-19:07:48: f10-h13-000-6049p.rdu2.scalelab.redhat.com ceph-osd         4.9  1.0 5078204 4023820
ceph-osd         3.4  0.8 4361324 3375664
ceph-osd         5.7  1.3 6041668 5132004
ceph-osd         5.5  1.1 5549160 4569256
ceph-osd         6.0  1.1 5489196 4393044
ceph-osd         5.7  1.1 5695188 4471168
ceph-osd         3.5  0.8 4284000 3339292
ceph-osd         4.4  0.9 4945444 3696236
ceph-osd         6.1  1.1 5763292 4520748
ceph-osd         3.6  0.8 4397604 3379040
ceph-osd         3.5  1.0 5213972 4258052
ceph-osd         5.2  1.0 5253248 4267560
ceph-osd         4.8  1.1 5555440 4652804
ceph-osd         4.2  0.8 4446480 3502724
ceph-osd         4.9  0.9 4644508 3677232
ceph-osd         5.8  1.1 5732576 4732260
ceph-osd         4.9  1.1 5513992 4556272
ceph-osd         4.5  0.8 4954384 3515700
ceph-osd         4.8  1.0 5262960 4050796
ceph-osd         5.9  1.0 5650976 4314916
ceph-osd         3.8  0.8 4630100 3506828
ceph-osd         3.7  0.9 4987664 3599000
ceph-osd         4.6  0.9 4982348 3920344
ceph-osd         4.3  0.9 4744292 3825880
2022/02/28-19:07:48: f10-h17-000-6049p.rdu2.scalelab.redhat.com ceph-osd         5.2  1.0 5108916 4068732
ceph-osd         5.1  1.0 5500620 4076168
ceph-osd         6.5  1.2 5673660 4735904
ceph-osd         5.5  1.0 5473404 4236164
ceph-osd         6.4  1.0 5149312 4198540
ceph-osd         5.1  0.9 4746556 3824056
ceph-osd         4.4  1.0 5290688 4015724
ceph-osd         4.8  1.0 5046772 3979320
ceph-osd         3.8  0.9 4625296 3731076
ceph-osd         5.6  1.0 5178988 4270276
ceph-osd         4.0  0.9 4491908 3572896
ceph-osd         4.1  0.8 4589476 3490352
ceph-osd         5.5  0.9 4852888 3876364
ceph-osd         6.4  1.1 5472908 4551036
ceph-osd         6.0  1.2 5819320 4892528
ceph-osd         4.8  1.0 5471616 4032628
ceph-osd         5.3  1.0 5475372 4121724
ceph-osd         3.8  0.9 4488020 3570424
ceph-osd         5.4  0.9 4852000 3643848
ceph-osd         4.9  1.0 5328672 4156536
ceph-osd         5.3  1.0 5014644 4049376
ceph-osd         5.1  1.0 5471884 4030828
ceph-osd         5.6  1.1 5825544 4503376
ceph-osd         5.0  0.9 5059888 3882888
2022/02/28-19:07:49: f10-h21-000-6049p.rdu2.scalelab.redhat.com ceph-osd         4.2  0.8 4440624 3259764
ceph-osd         4.5  1.0 4837564 3949108
ceph-osd         3.4  0.7 4060708 3147480
ceph-osd         6.0  1.1 5548220 4533448
ceph-osd         4.3  1.0 5035148 4116728
ceph-osd         3.7  0.8 4716088 3495056
ceph-osd         5.5  1.3 6313504 5386284
ceph-osd         3.6  0.9 4868640 3900364
ceph-osd         5.1  1.1 5250220 4346552
ceph-osd         3.9  0.8 4212364 3323816
ceph-osd         4.1  0.9 4632764 3702432
ceph-osd         5.1  0.8 4573956 3298460
ceph-osd         5.5  1.0 5288332 4229200
ceph-osd         5.3  1.0 5329464 4329016
ceph-osd         5.7  0.9 5138152 3850256
ceph-osd         4.2  0.8 4403424 3460644
ceph-osd         5.6  1.0 5168236 4239524
ceph-osd         5.1  0.9 5082088 3651716
ceph-osd         3.6  1.0 4909608 3947804
ceph-osd         5.5  1.1 5542056 4565824
ceph-osd         4.6  0.9 5000072 3577044
ceph-osd         4.8  0.9 4554824 3628004
ceph-osd         5.5  0.9 4868792 3928148
ceph-osd         4.1  0.9 4847084 3931760
2022/02/28-19:07:49: f10-h25-000-6049p.rdu2.scalelab.redhat.com ceph-osd         6.5  1.1 5442168 4381440
ceph-osd         3.8  0.7 4088360 3145608
ceph-osd         4.0  0.8 4426828 3452084
ceph-osd         4.2  0.9 4614428 3710816
ceph-osd         6.2  1.2 5935772 5024612
ceph-osd         3.5  1.0 5173320 4211688
ceph-osd         4.0  0.9 4609264 3707408
ceph-osd         4.2  1.0 5451244 4031584
ceph-osd         7.1  1.0 5136540 4178972
ceph-osd         5.0  0.9 4972312 3730116
ceph-osd         6.4  1.0 5055600 4094136
ceph-osd         6.2  1.0 5095164 3953944
ceph-osd         4.1  0.8 4368528 3251424
ceph-osd         7.0  1.0 5239596 4335724
ceph-osd         5.0  1.0 5483648 4294056
ceph-osd         5.5  1.1 5975848 4593664
ceph-osd         6.2  0.9 5061468 3914692
ceph-osd         6.1  1.0 5352376 4182300
ceph-osd         6.7  0.9 5298592 3850604
ceph-osd         6.7  1.0 5262032 3949732
ceph-osd         4.6  0.9 4832040 3896096
ceph-osd         7.1  1.0 4987596 4070096
ceph-osd         6.3  1.1 5883960 4486336
ceph-osd         4.5  1.0 5458780 4338372
2022/02/28-19:07:49: f11-h01-000-6049p.rdu2.scalelab.redhat.com ceph-osd         4.2  1.0 5231736 4336100
ceph-osd         5.6  1.0 5570300 4332368
ceph-osd         3.7  0.8 4411808 3412832
ceph-osd         4.5  0.9 4611296 3706844
ceph-osd         4.1  0.9 4620384 3647548
ceph-osd         4.5  0.9 4711940 3817984
ceph-osd         5.1  0.9 4770452 3569604
ceph-osd         6.7  1.0 5292976 4035796
ceph-osd         5.0  0.9 4867796 3942572
ceph-osd         4.6  1.0 4962292 4042636
ceph-osd         4.9  0.9 5232968 3851364
ceph-osd         4.6  0.9 4564828 3634556
ceph-osd         7.0  1.1 6015172 4664400
ceph-osd         5.9  1.0 5010500 4110088
ceph-osd         5.9  1.1 5331496 4419820
ceph-osd         4.8  0.9 4664960 3695144
ceph-osd         4.8  0.9 4897644 3851132
ceph-osd         4.6  1.0 4931108 3992492
ceph-osd         5.5  1.1 5511516 4341460
ceph-osd         4.8  0.9 4777840 3861128
ceph-osd         5.6  1.0 4878240 3967948
ceph-osd         4.3  0.8 4758608 3377588
ceph-osd         3.8  0.9 4686760 3789668
ceph-osd         4.6  0.9 4845276 3704908
2022/02/28-19:07:49: f11-h05-000-6049p.rdu2.scalelab.redhat.com ceph-osd         4.4  0.9 4562828 3669488
ceph-osd         4.8  1.0 5421540 4075228
ceph-osd         4.7  1.0 4899944 4011536
ceph-osd         5.1  1.0 5188660 4221596
ceph-osd         5.2  1.0 5212216 4187944
ceph-osd         4.8  1.0 4933184 4026048
ceph-osd         4.3  0.8 4500416 3408020
ceph-osd         4.0  0.8 4364356 3340172
ceph-osd         5.9  1.0 5637804 4227756
ceph-osd         4.0  0.9 4641888 3679444
ceph-osd         6.0  0.9 4808564 3899756
ceph-osd         6.3  1.0 5473676 4077168
ceph-osd         5.5  0.9 4668492 3698976
ceph-osd         3.8  0.8 4533848 3550468
ceph-osd         5.3  0.9 4696780 3800588
ceph-osd         4.4  0.9 4663044 3722840
ceph-osd         4.2  1.0 4949864 3965852
ceph-osd         4.5  0.8 4466320 3499876
ceph-osd         4.1  0.9 4564596 3644080
ceph-osd         4.3  0.8 4419108 3369344
ceph-osd         6.2  1.0 5479180 4194416
ceph-osd         5.0  1.1 5313476 4401944
ceph-osd         5.1  0.9 4797112 3896708
ceph-osd         5.0  1.1 5458508 4413064
2022/02/28-19:07:49: f11-h09-000-6049p.rdu2.scalelab.redhat.com ceph-osd         5.3  0.9 5145236 3714452
ceph-osd         5.4  0.9 5026332 3708464
ceph-osd         6.1  1.0 5115652 4218968
ceph-osd         6.3  1.0 4901452 3957676
ceph-osd         3.9  0.9 4521040 3598248
ceph-osd         5.6  1.1 5434932 4512852
ceph-osd         4.4  1.0 5096120 3984984
ceph-osd         4.4  0.8 4728040 3522956
ceph-osd         5.6  1.0 5215352 3957720
ceph-osd         6.7  1.1 5673120 4707536
ceph-osd         5.7  1.0 4956208 4008424
ceph-osd         7.8  1.0 5227140 4292000
ceph-osd         7.4  1.0 5253312 4303112
ceph-osd         5.1  0.9 4844692 3739616
ceph-osd         5.7  0.9 4918320 3645288
ceph-osd         5.3  1.0 5170148 4246348
ceph-osd         5.5  1.0 4975140 4002112
ceph-osd         4.0  0.9 4595236 3611596
ceph-osd         5.7  0.9 5243412 3806004
ceph-osd         6.7  0.9 4665332 3721540
ceph-osd         4.5  1.0 4987608 4054728
ceph-osd         4.2  0.9 5097568 3860296
ceph-osd         5.8  1.3 6080752 5182276
ceph-osd         5.5  1.0 5272436 4135564
2022/02/28-19:07:49: f11-h13-000-6049p.rdu2.scalelab.redhat.com ceph-osd         6.3  1.0 5118176 3975588
ceph-osd         4.7  0.8 4715156 3247872
ceph-osd         5.5  0.9 4637808 3651576
ceph-osd         3.9  0.8 4496944 3321636
ceph-osd         5.6  0.9 4839992 3585416
ceph-osd         6.4  1.0 5635068 4248072
ceph-osd         5.3  1.0 5188920 4144592
ceph-osd         5.8  1.0 5304724 4256280
ceph-osd         5.0  1.2 5665008 4781232
ceph-osd         5.5  1.0 5187316 4271544
ceph-osd         4.9  0.8 4308512 3399324
ceph-osd         3.9  0.9 4631036 3666900
ceph-osd         6.5  1.0 5065488 4051332
ceph-osd         5.1  1.2 5694672 4766564
ceph-osd         4.7  0.9 5006980 3799960
ceph-osd         6.4  0.9 5021260 3627100
ceph-osd         4.4  1.0 4949460 3993252
ceph-osd         5.6  0.8 4668052 3435224
ceph-osd         6.8  1.0 5062240 3961396
ceph-osd         6.1  1.1 5757736 4375376
ceph-osd         5.0  0.8 4399704 3434660
ceph-osd         4.3  0.8 4581024 3365032
ceph-osd         4.5  0.8 4457676 3328128
ceph-osd         7.1  0.9 4906596 3760496
2022/02/28-19:07:50: f11-h17-000-6049p.rdu2.scalelab.redhat.com ceph-osd         4.0  0.9 4648688 3637236
ceph-osd         7.2  0.9 4737652 3767580
ceph-osd         6.7  0.9 4602524 3690360
ceph-osd         6.2  0.9 4600996 3617404
ceph-osd         4.8  0.8 4648048 3240520
ceph-osd         5.3  0.9 4864856 3755508
ceph-osd         4.7  0.8 4364948 3403496
ceph-osd         5.6  1.0 5227168 4249964
ceph-osd         5.4  0.9 5094368 3690260
ceph-osd         4.3  0.8 4238912 3230676
ceph-osd         5.0  0.8 4383536 3451168
ceph-osd         7.0  1.0 4896460 3953684
ceph-osd         5.0  0.7 4369084 3119724
ceph-osd         6.7  0.8 4502308 3547956
ceph-osd         5.1  0.8 4279340 3284704
ceph-osd         5.2  1.1 5303372 4410016
ceph-osd         7.6  1.0 4991724 4033032
ceph-osd         7.0  0.9 4859024 3914004
ceph-osd         4.9  0.9 4685624 3680432
ceph-osd         3.9  0.8 4406472 3295980
ceph-osd         4.3  0.8 4372132 3457532
ceph-osd         3.9  0.7 4210364 3034656
ceph-osd         3.7  0.9 4592196 3621356
ceph-osd         5.1  0.8 4186656 3218064

Site2 buckets (rgw):
2022/02/28-19:07:54:         "bucket": "mycontainers1",
        "num_shards": 1453,
                "num_objects": 66689984
        "bucket": "mycontainers3",
        "num_shards": 1061,
                "num_objects": 74993175
        "bucket": "mycontainers4",
        "num_shards": 1493,
                "num_objects": 74994897
        "bucket": "mycontainers2",
        "num_shards": 1171,
                "num_objects": 66687339
        "bucket": "mycontainers5",
        "num_shards": 1087,
                "num_objects": 74995309

Cluster status
  cluster:
    id:     ffdc49e2-9622-11ec-9f52-ac1f6b2d5d2a
    health: HEALTH_OK
 
  services:
    mon: 3 daemons, quorum f13-h26-b04-5039ms.rdu2.scalelab.redhat.com,f13-h26-b08-5039ms,f13-h26-b07-5039ms (age 13h)
    mgr: f13-h26-b04-5039ms.rdu2.scalelab.redhat.com.uyhevq(active, since 13h), standbys: f13-h26-b08-5039ms.nhdqye, f13-h26-b07-5039ms.iweveu
    osd: 288 osds: 288 up (since 92m), 288 in (since 3d)
    rgw: 12 daemons active (12 hosts, 1 zones)
 
  data:
    pools:   7 pools, 9729 pgs
    objects: 358.39M objects, 4.9 TiB
    usage:   57 TiB used, 510 TiB / 567 TiB avail
    pgs:     9572 active+clean
             125  active+clean+scrubbing
             32   active+clean+scrubbing+deep
 
  io:
    client:   218 MiB/s rd, 128 MiB/s wr, 121.12k op/s rd, 102.46k op/s wr
 
 
2022/02/28-19:07:54: ceph df detail --- RAW STORAGE ---
CLASS     SIZE    AVAIL    USED  RAW USED  %RAW USED
hdd    567 TiB  510 TiB  57 TiB    57 TiB      10.10
TOTAL  567 TiB  510 TiB  57 TiB    57 TiB      10.10
 
--- POOLS ---
POOL                       ID   PGS   STORED   (DATA)   (OMAP)  OBJECTS     USED   (DATA)   (OMAP)  %USED  MAX AVAIL  QUOTA OBJECTS  QUOTA BYTES  DIRTY  USED COMPR  UNDER COMPR
device_health_metrics       1     1  2.5 MiB      0 B  2.5 MiB      315  7.4 MiB      0 B  7.4 MiB      0    160 TiB            N/A          N/A    N/A         0 B          0 B
default.rgw.control         6   256      0 B      0 B      0 B        8      0 B      0 B      0 B      0    160 TiB            N/A          N/A    N/A         0 B          0 B
default.rgw.buckets.data    7  8192  9.0 TiB  9.0 TiB      0 B  358.38M   13 TiB   13 TiB      0 B   2.73    321 TiB            N/A          N/A    N/A         0 B          0 B
default.rgw.buckets.index   8   512  123 GiB      0 B  123 GiB    7.39k  370 GiB      0 B  370 GiB   0.08    160 TiB            N/A          N/A    N/A         0 B          0 B
default.rgw.log             9   256  2.7 MiB   59 KiB  2.7 MiB      406   11 MiB  2.7 MiB  8.0 MiB      0    160 TiB            N/A          N/A    N/A         0 B          0 B
default.rgw.meta           10   256  1.4 MiB  3.6 KiB  1.4 MiB       17  4.3 MiB  192 KiB  4.1 MiB      0    160 TiB            N/A          N/A    N/A         0 B          0 B
.rgw.root                  11   256  1.3 KiB  1.3 KiB      0 B        4   48 KiB   48 KiB      0 B      0    160 TiB            N/A          N/A    N/A         0 B          0 B

Site2 pool PG counts:
pool 1 'device_health_metrics' replicated size 3 min_size 2 crush_rule 0 object_hash rjenkins pg_num 1 pgp_num 1 autoscale_mode on last_change 2043 flags hashpspool stripe_width 0 pg_num_min 1 application mgr_devicehealth,rgw
pool 6 'default.rgw.control' replicated size 3 min_size 2 crush_rule 0 object_hash rjenkins pg_num 256 pgp_num 256 autoscale_mode on last_change 862 flags hashpspool stripe_width 0 pg_num_min 256 application rgw
pool 7 'default.rgw.buckets.data' erasure profile myprofile size 6 min_size 5 crush_rule 1 object_hash rjenkins pg_num 8192 pgp_num 8192 autoscale_mode on last_change 878 lfor 0/0/876 flags hashpspool stripe_width 16384 pg_num_min 8192 application rgw
pool 8 'default.rgw.buckets.index' replicated size 3 min_size 2 crush_rule 0 object_hash rjenkins pg_num 512 pgp_num 512 autoscale_mode on last_change 864 flags hashpspool stripe_width 0 pg_num_min 512 application rgw
pool 9 'default.rgw.log' replicated size 3 min_size 2 crush_rule 0 object_hash rjenkins pg_num 256 pgp_num 256 autoscale_mode on last_change 865 flags hashpspool stripe_width 0 pg_num_min 256 application rgw
pool 10 'default.rgw.meta' replicated size 3 min_size 2 crush_rule 0 object_hash rjenkins pg_num 256 pgp_num 256 autoscale_mode on last_change 866 flags hashpspool stripe_width 0 pg_num_min 256 application rgw
pool 11 '.rgw.root' replicated size 3 min_size 2 crush_rule 0 object_hash rjenkins pg_num 256 pgp_num 256 autoscale_mode on last_change 867 flags hashpspool stripe_width 0 pg_num_min 256 application rgw


Site2 buckets df
2022/02/28-19:07:55: POOL                       ID   PGS   STORED  OBJECTS     USED  %USED  MAX AVAIL
default.rgw.control         6   256      0 B        8      0 B      0    160 TiB
default.rgw.buckets.data    7  8192  9.0 TiB  358.38M   13 TiB   2.73    321 TiB
default.rgw.buckets.index   8   512  123 GiB    7.39k  370 GiB   0.08    160 TiB
default.rgw.log             9   256  2.7 MiB      406   11 MiB      0    160 TiB
default.rgw.meta           10   256  1.4 MiB       17  4.3 MiB      0    160 TiB

OSD/RGW free:
2022/02/28-19:07:55: f10-h01-000-6049p.rdu2.scalelab.redhat.com                total        used        free      shared  buff/cache   available
Mem:          376Gi       129Gi        98Gi       4.1Gi       149Gi       240Gi
Swap:            0B          0B          0B

Ceph osd df:
2022/02/28-19:07:55: ID   CLASS  WEIGHT   REWEIGHT  SIZE     RAW USE  DATA    OMAP      META     AVAIL    %USE   VAR   PGS  STATUS
264    hdd  1.97049   1.00000  2.0 TiB  205 GiB  49 GiB   2.2 GiB   14 GiB  1.8 TiB  10.14  1.00  201      up
265    hdd  1.97049   1.00000  2.0 TiB  205 GiB  49 GiB   2.2 GiB   14 GiB  1.8 TiB  10.14  1.00  189      up
266    hdd  1.97049   1.00000  2.0 TiB  205 GiB  49 GiB   632 MiB   14 GiB  1.8 TiB  10.14  1.00  190      up
267    hdd  1.97049   1.00000  2.0 TiB  206 GiB  50 GiB   1.7 GiB   15 GiB  1.8 TiB  10.19  1.01  188      up
268    hdd  1.97049   1.00000  2.0 TiB  204 GiB  48 GiB   792 MiB   13 GiB  1.8 TiB  10.09  1.00  179      up
269    hdd  1.97049   1.00000  2.0 TiB  203 GiB  47 GiB   589 MiB   13 GiB  1.8 TiB  10.04  0.99  180      up
270    hdd  1.97049   1.00000  2.0 TiB  205 GiB  50 GiB   742 MiB   15 GiB  1.8 TiB  10.16  1.01  188      up
271    hdd  1.97049   1.00000  2.0 TiB  205 GiB  50 GiB   175 MiB   15 GiB  1.8 TiB  10.17  1.01  187      up
272    hdd  1.97049   1.00000  2.0 TiB  203 GiB  48 GiB   764 MiB   13 GiB  1.8 TiB  10.08  1.00  188      up
273    hdd  1.97049   1.00000  2.0 TiB  203 GiB  47 GiB   587 MiB   13 GiB  1.8 TiB  10.04  0.99  183      up
274    hdd  1.97049   1.00000  2.0 TiB  204 GiB  49 GiB   264 MiB   14 GiB  1.8 TiB  10.10  1.00  180      up
275    hdd  1.97049   1.00000  2.0 TiB  203 GiB  47 GiB   703 MiB   13 GiB  1.8 TiB  10.05  0.99  183      up
276    hdd  1.97049   1.00000  2.0 TiB  203 GiB  47 GiB   1.7 GiB   13 GiB  1.8 TiB  10.04  0.99  185      up
277    hdd  1.97049   1.00000  2.0 TiB  204 GiB  48 GiB   1.5 GiB   13 GiB  1.8 TiB  10.09  1.00  186      up
278    hdd  1.97049   1.00000  2.0 TiB  205 GiB  50 GiB   2.5 GiB   14 GiB  1.8 TiB  10.18  1.01  191      up
279    hdd  1.97049   1.00000  2.0 TiB  204 GiB  48 GiB   226 MiB   13 GiB  1.8 TiB  10.09  1.00  182      up
280    hdd  1.97049   1.00000  2.0 TiB  205 GiB  50 GiB   717 MiB   15 GiB  1.8 TiB  10.17  1.01  186      up
281    hdd  1.97049   1.00000  2.0 TiB  205 GiB  49 GiB   1.4 GiB   14 GiB  1.8 TiB  10.15  1.00  187      up
282    hdd  1.97049   1.00000  2.0 TiB  203 GiB  47 GiB   1.2 GiB   13 GiB  1.8 TiB  10.04  0.99  184      up
283    hdd  1.97049   1.00000  2.0 TiB  203 GiB  47 GiB   1.1 GiB   12 GiB  1.8 TiB  10.04  0.99  180      up
284    hdd  1.97049   1.00000  2.0 TiB  205 GiB  50 GiB   981 MiB   14 GiB  1.8 TiB  10.18  1.01  189      up
285    hdd  1.97049   1.00000  2.0 TiB  204 GiB  49 GiB   805 MiB   14 GiB  1.8 TiB  10.13  1.00  188      up
286    hdd  1.97049   1.00000  2.0 TiB  203 GiB  47 GiB   1.9 GiB   13 GiB  1.8 TiB  10.04  0.99  183      up
287    hdd  1.97049   1.00000  2.0 TiB  202 GiB  47 GiB   1.2 GiB   13 GiB  1.8 TiB  10.03  0.99  179      up
  9    hdd  1.97049   1.00000  2.0 TiB  203 GiB  48 GiB   2.0 GiB   13 GiB  1.8 TiB  10.06  1.00  185      up
 17    hdd  1.97049   1.00000  2.0 TiB  205 GiB  50 GiB   587 MiB   14 GiB  1.8 TiB  10.16  1.01  190      up
 24    hdd  1.97049   1.00000  2.0 TiB  206 GiB  51 GiB   2.4 GiB   15 GiB  1.8 TiB  10.21  1.01  206      up
 34    hdd  1.97049   1.00000  2.0 TiB  203 GiB  47 GiB   2.3 GiB   13 GiB  1.8 TiB  10.05  0.99  187      up
 43    hdd  1.97049   1.00000  2.0 TiB  206 GiB  51 GiB   1.7 GiB   14 GiB  1.8 TiB  10.20  1.01  199      up
 53    hdd  1.97049   1.00000  2.0 TiB  205 GiB  50 GiB   2.5 GiB   14 GiB  1.8 TiB  10.17  1.01  199      up
 61    hdd  1.97049   1.00000  2.0 TiB  205 GiB  50 GiB   1.6 GiB   14 GiB  1.8 TiB  10.17  1.01  189      up
 71    hdd  1.97049   1.00000  2.0 TiB  203 GiB  47 GiB   1.7 GiB   13 GiB  1.8 TiB  10.04  0.99  183      up
 81    hdd  1.97049   1.00000  2.0 TiB  204 GiB  49 GiB   998 MiB   14 GiB  1.8 TiB  10.13  1.00  185      up
 92    hdd  1.97049   1.00000  2.0 TiB  204 GiB  48 GiB   769 MiB   14 GiB  1.8 TiB  10.09  1.00  185      up
102    hdd  1.97049   1.00000  2.0 TiB  203 GiB  47 GiB   1.4 GiB   13 GiB  1.8 TiB  10.05  0.99  181      up
112    hdd  1.97049   1.00000  2.0 TiB  203 GiB  47 GiB   1.6 GiB   13 GiB  1.8 TiB  10.04  0.99  178      up
122    hdd  1.97049   1.00000  2.0 TiB  203 GiB  48 GiB   1.0 GiB   14 GiB  1.8 TiB  10.08  1.00  179      up
132    hdd  1.97049   1.00000  2.0 TiB  205 GiB  50 GiB   2.1 GiB   14 GiB  1.8 TiB  10.16  1.01  198      up
142    hdd  1.97049   1.00000  2.0 TiB  205 GiB  50 GiB   207 MiB   15 GiB  1.8 TiB  10.18  1.01  190      up
151    hdd  1.97049   1.00000  2.0 TiB  204 GiB  49 GiB   1.5 GiB   14 GiB  1.8 TiB  10.12  1.00  187      up
161    hdd  1.97049   1.00000  2.0 TiB  205 GiB  50 GiB   1.8 GiB   14 GiB  1.8 TiB  10.17  1.01  189      up
171    hdd  1.97049   1.00000  2.0 TiB  203 GiB  47 GiB   976 MiB   13 GiB  1.8 TiB  10.04  0.99  180      up
181    hdd  1.97049   1.00000  2.0 TiB  203 GiB  47 GiB   472 MiB   13 GiB  1.8 TiB  10.05  0.99  175      up
191    hdd  1.97049   1.00000  2.0 TiB  204 GiB  49 GiB   1.5 GiB   14 GiB  1.8 TiB  10.10  1.00  187      up
201    hdd  1.97049   1.00000  2.0 TiB  203 GiB  47 GiB   1.7 GiB   13 GiB  1.8 TiB  10.05  0.99  182      up
211    hdd  1.97049   1.00000  2.0 TiB  205 GiB  50 GiB   1.6 GiB   15 GiB  1.8 TiB  10.18  1.01  192      up
221    hdd  1.97049   1.00000  2.0 TiB  203 GiB  48 GiB   1.9 GiB   14 GiB  1.8 TiB  10.06  1.00  183      up
231    hdd  1.97049   1.00000  2.0 TiB  205 GiB  50 GiB   928 MiB   15 GiB  1.8 TiB  10.16  1.01  190      up
  3    hdd  1.97049   1.00000  2.0 TiB  203 GiB  48 GiB   1.5 GiB   14 GiB  1.8 TiB  10.07  1.00  177      up
 13    hdd  1.97049   1.00000  2.0 TiB  201 GiB  46 GiB   2.0 GiB   12 GiB  1.8 TiB   9.98  0.99  178      up
 22    hdd  1.97049   1.00000  2.0 TiB  202 GiB  47 GiB   1.6 GiB   12 GiB  1.8 TiB  10.01  0.99  184      up
 31    hdd  1.97049   1.00000  2.0 TiB  203 GiB  48 GiB   1.2 GiB   14 GiB  1.8 TiB  10.07  1.00  181      up
 42    hdd  1.97049   1.00000  2.0 TiB  202 GiB  47 GiB   2.1 GiB   13 GiB  1.8 TiB  10.03  0.99  185      up
 51    hdd  1.97049   1.00000  2.0 TiB  207 GiB  51 GiB   2.3 GiB   15 GiB  1.8 TiB  10.24  1.01  196      up
 62    hdd  1.97049   1.00000  2.0 TiB  206 GiB  51 GiB   618 MiB   15 GiB  1.8 TiB  10.21  1.01  190      up
 72    hdd  1.97049   1.00000  2.0 TiB  205 GiB  50 GiB   2.1 GiB   14 GiB  1.8 TiB  10.16  1.01  196      up
 82    hdd  1.97049   1.00000  2.0 TiB  202 GiB  47 GiB   1.4 GiB   13 GiB  1.8 TiB  10.03  0.99  186      up
 91    hdd  1.97049   1.00000  2.0 TiB  205 GiB  49 GiB   1.2 GiB   14 GiB  1.8 TiB  10.14  1.00  185      up
101    hdd  1.97049   1.00000  2.0 TiB  204 GiB  49 GiB   2.1 GiB   14 GiB  1.8 TiB  10.10  1.00  188      up
111    hdd  1.97049   1.00000  2.0 TiB  206 GiB  51 GiB   735 MiB   15 GiB  1.8 TiB  10.21  1.01  191      up
121    hdd  1.97049   1.00000  2.0 TiB  204 GiB  48 GiB   1.7 GiB   14 GiB  1.8 TiB  10.09  1.00  184      up
131    hdd  1.97049   1.00000  2.0 TiB  202 GiB  47 GiB   2.6 GiB   13 GiB  1.8 TiB  10.04  0.99  188      up
141    hdd  1.97049   1.00000  2.0 TiB  202 GiB  47 GiB   2.0 GiB   13 GiB  1.8 TiB  10.03  0.99  189      up
152    hdd  1.97049   1.00000  2.0 TiB  206 GiB  51 GiB   383 MiB   15 GiB  1.8 TiB  10.21  1.01  192      up
162    hdd  1.97049   1.00000  2.0 TiB  204 GiB  49 GiB   398 MiB   14 GiB  1.8 TiB  10.10  1.00  185      up
172    hdd  1.97049   1.00000  2.0 TiB  201 GiB  45 GiB   684 MiB   12 GiB  1.8 TiB   9.95  0.98  167      up
182    hdd  1.97049   1.00000  2.0 TiB  201 GiB  46 GiB   1.2 GiB   12 GiB  1.8 TiB   9.97  0.99  169      up
192    hdd  1.97049   1.00000  2.0 TiB  205 GiB  49 GiB   2.1 GiB   14 GiB  1.8 TiB  10.14  1.00  199      up
202    hdd  1.97049   1.00000  2.0 TiB  203 GiB  48 GiB   636 MiB   13 GiB  1.8 TiB  10.06  1.00  189      up
212    hdd  1.97049   1.00000  2.0 TiB  202 GiB  47 GiB   276 MiB   13 GiB  1.8 TiB  10.03  0.99  181      up
222    hdd  1.97049   1.00000  2.0 TiB  200 GiB  45 GiB   1.4 GiB   12 GiB  1.8 TiB   9.92  0.98  173      up
232    hdd  1.97049   1.00000  2.0 TiB  203 GiB  48 GiB   1.9 GiB   13 GiB  1.8 TiB  10.06  1.00  180      up
  2    hdd  1.97049   1.00000  2.0 TiB  204 GiB  49 GiB   2.5 GiB   14 GiB  1.8 TiB  10.13  1.00  191      up
 11    hdd  1.97049   1.00000  2.0 TiB  203 GiB  47 GiB   185 MiB   13 GiB  1.8 TiB  10.05  0.99  177      up
 20    hdd  1.97049   1.00000  2.0 TiB  206 GiB  50 GiB   1.6 GiB   14 GiB  1.8 TiB  10.19  1.01  192      up
 32    hdd  1.97049   1.00000  2.0 TiB  204 GiB  49 GiB   816 MiB   14 GiB  1.8 TiB  10.12  1.00  183      up
 44    hdd  1.97049   1.00000  2.0 TiB  205 GiB  50 GiB   820 MiB   14 GiB  1.8 TiB  10.16  1.01  184      up
 54    hdd  1.97049   1.00000  2.0 TiB  203 GiB  47 GiB   1.2 GiB   13 GiB  1.8 TiB  10.05  0.99  182      up
 65    hdd  1.97049   1.00000  2.0 TiB  205 GiB  50 GiB   799 MiB   15 GiB  1.8 TiB  10.17  1.01  189      up
 74    hdd  1.97049   1.00000  2.0 TiB  203 GiB  47 GiB   1.3 GiB   13 GiB  1.8 TiB  10.04  0.99  191      up
 84    hdd  1.97049   1.00000  2.0 TiB  203 GiB  47 GiB   2.6 GiB   13 GiB  1.8 TiB  10.05  0.99  189      up
 94    hdd  1.97049   1.00000  2.0 TiB  206 GiB  50 GiB   1.2 GiB   15 GiB  1.8 TiB  10.19  1.01  198      up
104    hdd  1.97049   1.00000  2.0 TiB  205 GiB  50 GiB   2.7 GiB   14 GiB  1.8 TiB  10.18  1.01  195      up
114    hdd  1.97049   1.00000  2.0 TiB  205 GiB  49 GiB   1.1 GiB   15 GiB  1.8 TiB  10.14  1.00  188      up
124    hdd  1.97049   1.00000  2.0 TiB  203 GiB  47 GiB   940 MiB   13 GiB  1.8 TiB  10.05  0.99  180      up
134    hdd  1.97049   1.00000  2.0 TiB  205 GiB  50 GiB   2.4 GiB   14 GiB  1.8 TiB  10.17  1.01  194      up
144    hdd  1.97049   1.00000  2.0 TiB  205 GiB  50 GiB   1.9 GiB   14 GiB  1.8 TiB  10.17  1.01  195      up
154    hdd  1.97049   1.00000  2.0 TiB  205 GiB  50 GiB   689 MiB   14 GiB  1.8 TiB  10.16  1.01  194      up
164    hdd  1.97049   1.00000  2.0 TiB  203 GiB  47 GiB   1.2 GiB   13 GiB  1.8 TiB  10.05  0.99  181      up
174    hdd  1.97049   1.00000  2.0 TiB  202 GiB  47 GiB   1.9 GiB   13 GiB  1.8 TiB  10.03  0.99  188      up
184    hdd  1.97049   1.00000  2.0 TiB  202 GiB  47 GiB   1.8 GiB   13 GiB  1.8 TiB  10.03  0.99  180      up
194    hdd  1.97049   1.00000  2.0 TiB  205 GiB  50 GiB   1.9 GiB   14 GiB  1.8 TiB  10.17  1.01  193      up
204    hdd  1.97049   1.00000  2.0 TiB  203 GiB  47 GiB   1.1 GiB   13 GiB  1.8 TiB  10.05  0.99  180      up
214    hdd  1.97049   1.00000  2.0 TiB  202 GiB  47 GiB   1.5 GiB   12 GiB  1.8 TiB  10.03  0.99  182      up
224    hdd  1.97049   1.00000  2.0 TiB  205 GiB  49 GiB   811 MiB   14 GiB  1.8 TiB  10.14  1.00  189      up
234    hdd  1.97049   1.00000  2.0 TiB  205 GiB  50 GiB   780 MiB   14 GiB  1.8 TiB  10.16  1.01  200      up
  7    hdd  1.97049   1.00000  2.0 TiB  205 GiB  50 GiB   835 MiB   15 GiB  1.8 TiB  10.17  1.01  189      up
 14    hdd  1.97049   1.00000  2.0 TiB  203 GiB  47 GiB   1.7 GiB   13 GiB  1.8 TiB  10.04  0.99  190      up
 21    hdd  1.97049   1.00000  2.0 TiB  203 GiB  47 GiB   1.6 GiB   13 GiB  1.8 TiB  10.05  0.99  181      up
 30    hdd  1.97049   1.00000  2.0 TiB  205 GiB  50 GiB   1.4 GiB   14 GiB  1.8 TiB  10.16  1.01  191      up
 40    hdd  1.97049   1.00000  2.0 TiB  205 GiB  50 GiB   1.3 GiB   14 GiB  1.8 TiB  10.17  1.01  198      up
