2022/03/03-12:05:46: runIOworkload.sh - Created logfile: ./RESULTS/runIOworkload.sh_20220303-120544.log
Runtime Environment:
Linux f10-h29-b02-5039ms.rdu2.scalelab.redhat.com 4.18.0-348.el8.x86_64 #1 SMP Mon Oct 4 12:17:22 EDT 2021 x86_64 x86_64 x86_64 GNU/Linux
Red Hat Enterprise Linux release 8.5 (Ootpa)
ceph version 16.2.7-72.el8cp (2098204aaa2e5db139a9223b08829c833ed7058b) pacific (stable)
2022/03/03-12:05:46: > runmode=containerized
Key Variable Values:
2022/03/03-12:05:46: > pollinterval=300
2022/03/03-12:05:46: > RESULTSDIR=./RESULTS
Cluster variable settings:
2022/03/03-12:05:46: > MONhostname=f13-h26-b04-5039ms.rdu2.scalelab.redhat.com
2022/03/03-12:05:46: > RGWhostname=f10-h01-000-6049p.rdu2.scalelab.redhat.com
2022/03/03-12:05:46: ---------------------------------
2022/03/03-12:05:46: BEGIN /root/git_repo/DFGRGWtest/RGWtest/measure.xml contents:
<?xml version="1.0" encoding="UTF-8" ?>
<workload name="hybridSS" description="RGW testing">


<!-- Initialization -->
  <storage type="s3" config="timeout=900000;accesskey=W9ABUUVT9ELGCEODRROS;secretkey=3FSC6yeUC5OwBb3BAq0Y8SZA0Z3ICArDOSyMlDdH;endpoint=http://localhost:5000;path_style_access=true"/>
  <auth type="none"/>

  <workflow>

<!-- Use operation mix & object sizes as defined in vars.shinc	 -->

    <workstage name="MAIN">
        <work name="hybrid" workers="1988" runtime="3600" >
            <operation name="writeOP" type="write" ratio="36" config="containers=u(1,2);objects=u(1,75000000);sizes=h(1|2|25,2|4|40,4|8|25,8|256|10)KB" />
            <operation name="deleteOP" type="delete" ratio="5" config="containers=u(1,2);objects=u(1,75000000);sizes=h(1|2|25,2|4|40,4|8|25,8|256|10)KB" />
	    <operation name="readOP" type="read" ratio="44" config="containers=u(3,5);objects=u(1,75000000);hashCheck=true" />
            <operation name="listOP" type="list" ratio="15" config="containers=u(3,5);objects=u(1,75000000);hashCheck=true" />
        </work>
    </workstage>

  </workflow>

</workload>
2022/03/03-12:05:46: END /root/git_repo/DFGRGWtest/RGWtest/measure.xml
2022/03/03-12:05:46: 
CLASS     SIZE    AVAIL    USED  RAW USED  %RAW USED
TOTAL  567 TiB  506 TiB  62 TiB    62 TiB      10.91
POOL                       ID   PGS   STORED  OBJECTS     USED  %USED  MAX AVAIL
GC: 2022/03/03-12:05:52: Pending GC's == 1
2022/03/03-12:05:52: START: poll backgrd process
2022/03/03-12:05:53: ** POLL started

ceph balancer status
{
    "active": true,
    "last_optimize_duration": "0:00:00.120070",
    "last_optimize_started": "Thu Mar  3 12:05:48 2022",
    "mode": "upmap",
    "optimize_result": "Unable to find further optimization, or pool(s) pg_num is decreasing, or distribution is already perfect",
    "plans": []
}
2022/03/03-12:05:54: POLL backgrd processID 1262768
2022/03/03-12:05:54: START: cosbench launched
2022/03/03-12:05:55: OSD Settings:      "bluefs_buffered_io": "true",
    "bluestore_cache_trim_max_skip_pinned": "1000",
    "bluestore_rocksdb_options": "compression=kNoCompression,max_write_buffer_number=4,min_write_buffer_number_to_merge=1,recycle_log_file_num=4,write_buffer_size=268435456,writable_file_max_buffer_size=0,compaction_readahead_size=2097152,max_background_compactions=2,max_total_wal_size=1073741824",
    "bluestore_rocksdb_options_annex": "",
    "debug_objclass": "0/5",
    "log_to_file": "true",
    "mon_cluster_log_to_file": "true",
    "osd_crush_initial_weight": "-1.000000",
    "osd_deep_scrub_interval": "604800.000000",
    "osd_deep_scrub_large_omap_object_key_threshold": "200000",
    "osd_delete_sleep": "0.000000",
    "osd_delete_sleep_hdd": "5.000000",
    "osd_delete_sleep_hybrid": "1.000000",
    "osd_delete_sleep_ssd": "1.000000",
    "osd_max_backfills": "1",
    "osd_max_scrubs": "1",
    "osd_memory_target": "11683794359",
    "osd_memory_target_autotune": "false",
    "osd_memory_target_cgroup_limit_ratio": "0.800000",
    "osd_op_thread_timeout": "15",
    "osd_recovery_max_omap_entries_per_chunk": "8096",
    "osd_scrub_auto_repair": "false",
    "osd_scrub_auto_repair_num_errors": "5",
    "osd_scrub_begin_hour": "0",
    "osd_scrub_during_recovery": "false",
    "osd_scrub_end_hour": "0",
    "osd_scrub_max_interval": "604800.000000",
    "osd_scrub_sleep": "0.000000",
    "rocksdb_cache_size": "536870912",
2022/03/03-12:05:55: RGW Settings:      "debug_ms": "0/0",
    "debug_rgw": "1/5",
    "debug_rgw_sync": "1/5",
    "log_to_file": "true",
    "mon_cluster_log_to_file": "true",
    "rgw_dynamic_resharding": "true",
    "rgw_frontend_defaults": "beast ssl_certificate=config://rgw/cert/$realm/$zone.crt ssl_private_key=config://rgw/cert/$realm/$zone.key",
    "rgw_frontends": "beast endpoint=172.17.36.220:8080",
    "rgw_gc_max_concurrent_io": "10",
    "rgw_gc_max_deferred": "50",
    "rgw_gc_max_deferred_entries_size": "3072",
    "rgw_gc_max_objs": "32",
    "rgw_gc_max_queue_size": "134213632",
    "rgw_gc_max_trim_chunk": "16",
    "rgw_gc_obj_min_wait": "7200",
    "rgw_gc_processor_max_time": "3600",
    "rgw_gc_processor_period": "3600",
    "rgw_max_concurrent_requests": "2048",
    "rgw_override_bucket_index_max_shards": "0",
    "rgw_run_sync_thread": "true",
    "rgw_thread_pool_size": "1024",
2022/03/03-12:05:55: Accepted with ID: w17
2022/03/03-12:05:55: COSbench jobID is: w17 - Started

OSD swapon -s ...
f11-h13-000-6049p.rdu2.scalelab.redhat.com | CHANGED | rc=0 | (stdout) 
f11-h05-000-6049p.rdu2.scalelab.redhat.com | CHANGED | rc=0 | (stdout) 
f11-h09-000-6049p.rdu2.scalelab.redhat.com | CHANGED | rc=0 | (stdout) 
f11-h01-000-6049p.rdu2.scalelab.redhat.com | CHANGED | rc=0 | (stdout) 
f11-h17-000-6049p.rdu2.scalelab.redhat.com | CHANGED | rc=0 | (stdout) 
f10-h01-000-6049p.rdu2.scalelab.redhat.com | CHANGED | rc=0 | (stdout) 
f10-h17-000-6049p.rdu2.scalelab.redhat.com | CHANGED | rc=0 | (stdout) 
f10-h09-000-6049p.rdu2.scalelab.redhat.com | CHANGED | rc=0 | (stdout) 
f10-h05-000-6049p.rdu2.scalelab.redhat.com | CHANGED | rc=0 | (stdout) 
f10-h13-000-6049p.rdu2.scalelab.redhat.com | CHANGED | rc=0 | (stdout) 
f10-h21-000-6049p.rdu2.scalelab.redhat.com | CHANGED | rc=0 | (stdout) 
f10-h25-000-6049p.rdu2.scalelab.redhat.com | CHANGED | rc=0 | (stdout) 

2022/03/03-12:06:01: %RAW USED 10.91; Pending GCs 

--------------------------------------------------------

2022/03/03-12:06:06: RESHARD Queue Length 1
2022/03/03-12:06:06: RESHARD List []

LA: 2022/03/03-12:06:06:   2.87, 1.34, 1.04

RGW stats:          proc   %cpu %mem  vsz    rss     memused       memlimit
f10-h01-000-6049p.rdu2.scalelab.redhat.com   radosgw 135 0.0 9863772 220488   358588637184   9223372036854771712
f10-h05-000-6049p.rdu2.scalelab.redhat.com   radosgw 138 0.0 9888516 222528   378514546688   9223372036854771712
f10-h09-000-6049p.rdu2.scalelab.redhat.com   radosgw 136 0.0 9917584 234604   386946338816   9223372036854771712
f10-h13-000-6049p.rdu2.scalelab.redhat.com   radosgw 138 0.0 9861228 215588   365967720448   9223372036854771712
f10-h17-000-6049p.rdu2.scalelab.redhat.com   radosgw 137 0.0 9960388 259272   376038813696   9223372036854771712
f10-h21-000-6049p.rdu2.scalelab.redhat.com   radosgw 136 0.0 9917084 223720   383019761664   9223372036854771712
f10-h25-000-6049p.rdu2.scalelab.redhat.com   radosgw 134 0.0 9900660 218120   390654279680   9223372036854771712
f11-h01-000-6049p.rdu2.scalelab.redhat.com   radosgw 135 0.0 9917664 320536   384110645248   9223372036854771712
f11-h05-000-6049p.rdu2.scalelab.redhat.com   radosgw 137 0.0 9909532 231964   376939626496   9223372036854771712
f11-h09-000-6049p.rdu2.scalelab.redhat.com   radosgw 137 0.0 9955972 220536   385681887232   9223372036854771712
f11-h13-000-6049p.rdu2.scalelab.redhat.com   radosgw 138 0.0 9879572 313584   370690830336   9223372036854771712
f11-h17-000-6049p.rdu2.scalelab.redhat.com   radosgw 138 0.0 9884176 233876   372079747072   9223372036854771712

OSD: 
2022/03/03-12:06:13: f10-h01-000-6049p.rdu2.scalelab.redhat.com ceph-osd        30.0  2.9 14089940 11459940
ceph-osd        31.7  2.8 13972088 11259864
ceph-osd        22.1  2.8 14147928 11336620
ceph-osd        29.6  2.9 14194568 11450372
ceph-osd        21.4  2.8 14710532 11412992
ceph-osd        21.6  2.8 14721808 11141460
ceph-osd        22.7  2.8 15010460 11379264
ceph-osd        21.6  2.8 14357660 11320800
ceph-osd        24.4  2.8 14162068 11274232
ceph-osd        22.7  2.8 14239164 11418216
ceph-osd        23.0  2.8 14452276 11436852
ceph-osd        24.4  2.8 14106084 11384512
ceph-osd        28.0  2.8 14198500 11436352
ceph-osd        26.7  2.8 14178656 11407224
ceph-osd        28.8  2.8 13979212 11298824
ceph-osd        22.6  2.9 14318440 11449868
ceph-osd        23.3  2.8 14452532 11400300
ceph-osd        26.1  2.8 14271456 11409912
ceph-osd        23.5  2.8 14201824 11290060
ceph-osd        24.6  2.8 14181692 11414072
ceph-osd        24.7  2.8 14165160 11413160
ceph-osd        22.9  2.8 14820472 11347372
ceph-osd        26.9  2.8 13993240 11424892
ceph-osd        23.2  2.9 14185584 11463492
2022/03/03-12:06:14: f10-h05-000-6049p.rdu2.scalelab.redhat.com ceph-osd        22.1  2.9 14892860 11465384
ceph-osd        24.2  2.8 14299512 11383280
ceph-osd        21.5  2.8 14256852 11343840
ceph-osd        28.5  2.8 13669708 11360900
ceph-osd        21.9  2.8 14223228 11396852
ceph-osd        23.1  2.8 13999280 11397508
ceph-osd        23.9  2.8 14803312 11375220
ceph-osd        24.5  2.8 14271764 11146604
ceph-osd        26.9  2.8 13956620 11354648
ceph-osd        28.6  2.8 14252000 11295256
ceph-osd        23.7  2.8 14246232 11334532
ceph-osd        28.0  2.8 14122292 11397000
ceph-osd        24.3  2.8 14177132 11435144
ceph-osd        25.4  2.8 14222144 11375708
ceph-osd        25.2  2.8 14350088 11426636
ceph-osd        26.8  2.9 14263804 11450292
ceph-osd        22.3  2.9 14094788 11468824
ceph-osd        21.8  2.8 14568480 11333764
ceph-osd        23.1  2.8 14141728 11389104
ceph-osd        24.6  2.7 14489236 10952904
ceph-osd        27.0  2.8 13910420 11340196
ceph-osd        25.6  2.8 14427100 11309344
ceph-osd        25.0  2.8 14038312 11413860
ceph-osd        21.9  2.8 14986400 11348488
2022/03/03-12:06:14: f10-h09-000-6049p.rdu2.scalelab.redhat.com ceph-osd        27.8  2.8 13868736 11083404
ceph-osd        22.4  2.8 14202004 11391140
ceph-osd        25.6  2.8 14290704 11381472
ceph-osd        26.6  2.8 13924616 11414584
ceph-osd        27.9  2.8 14068744 11306448
ceph-osd        26.9  2.8 14239592 11381412
ceph-osd        22.0  2.8 14586660 11228332
ceph-osd        24.5  2.9 14116300 11483988
ceph-osd        26.3  2.8 13965104 11361476
ceph-osd        23.3  2.8 14343364 11234856
ceph-osd        25.8  2.8 13776036 11393276
ceph-osd        29.4  2.8 13708672 11342532
ceph-osd        19.9  2.8 15187572 11324084
ceph-osd        25.7  2.9 14098756 11457784
ceph-osd        25.5  2.8 14036764 11307468
ceph-osd        24.6  2.8 14006564 11413928
ceph-osd        21.6  2.8 14086264 11282372
ceph-osd        23.6  2.8 14030792 11180176
ceph-osd        23.3  2.8 14165984 11251872
ceph-osd        26.1  2.9 14552312 11472276
ceph-osd        22.3  2.8 14235664 11266760
ceph-osd        19.1  2.8 14412720 11442508
ceph-osd        25.2  2.8 14130604 11336056
ceph-osd        28.2  2.8 14135684 11371088
2022/03/03-12:06:14: f10-h13-000-6049p.rdu2.scalelab.redhat.com ceph-osd        28.4  2.8 14157140 11291180
ceph-osd        19.0  2.8 14387076 11100908
ceph-osd        24.9  2.8 14428564 11346864
ceph-osd        22.9  2.8 14157408 11346756
ceph-osd        28.9  2.8 13550012 11348588
ceph-osd        26.7  2.8 14263668 11439716
ceph-osd        23.1  2.8 14283664 11335012
ceph-osd        28.5  2.8 14181660 11311672
ceph-osd        26.5  2.8 14103596 11363248
ceph-osd        20.9  2.8 14592132 11388808
ceph-osd        22.2  2.8 14106172 11388520
ceph-osd        23.8  2.8 14240392 11423764
ceph-osd        21.6  2.8 14313000 11353180
ceph-osd        23.3  2.8 14344712 11301028
ceph-osd        26.0  2.8 14176116 11389156
ceph-osd        22.4  2.9 14215816 11483424
ceph-osd        25.6  2.9 13944312 11468832
ceph-osd        26.2  2.8 14172704 11411456
ceph-osd        23.4  2.9 14119088 11445364
ceph-osd        28.3  2.8 14296064 11401372
ceph-osd        22.0  2.8 14368508 11400064
ceph-osd        22.9  2.8 14271928 11337532
ceph-osd        21.8  2.8 14741060 11411004
ceph-osd        22.8  2.8 14708780 11323492
2022/03/03-12:06:14: f10-h17-000-6049p.rdu2.scalelab.redhat.com ceph-osd        21.4  2.8 14269428 11414360
ceph-osd        27.8  2.9 14048580 11452484
ceph-osd        25.6  2.8 14229212 11228652
ceph-osd        25.9  2.9 14687588 11485268
ceph-osd        26.7  2.9 14311240 11533736
ceph-osd        22.4  2.8 14224396 11288528
ceph-osd        27.2  2.9 13850656 11519116
ceph-osd        24.8  2.9 14085260 11465084
ceph-osd        23.1  2.8 14244336 11344496
ceph-osd        24.6  2.8 14274780 11249032
ceph-osd        24.6  2.9 14137756 11490340
ceph-osd        22.5  2.8 14270620 11222064
ceph-osd        24.0  2.8 14329992 11335428
ceph-osd        22.5  2.7 15319148 10714664
ceph-osd        22.0  2.8 14601064 11207348
ceph-osd        25.4  2.9 14310800 11466520
ceph-osd        26.6  2.8 14148068 11350236
ceph-osd        22.6  2.8 14438036 11263792
ceph-osd        26.8  2.8 13764192 11363184
ceph-osd        22.7  2.9 14424872 11456036
ceph-osd        24.7  2.8 14472628 11110160
ceph-osd        26.3  2.8 14028588 11225164
ceph-osd        25.1  2.8 14322376 11425708
ceph-osd        22.7  2.8 14343720 11291868
2022/03/03-12:06:14: f10-h21-000-6049p.rdu2.scalelab.redhat.com ceph-osd        20.1  2.8 14159968 11410612
ceph-osd        24.7  2.9 14068116 11532532
ceph-osd        20.9  2.8 15298332 11356024
ceph-osd        22.5  2.8 14319508 11319392
ceph-osd        20.4  2.8 14324476 11429512
ceph-osd        21.1  2.8 14285992 11389236
ceph-osd        20.7  2.9 14323208 11481108
ceph-osd        23.1  2.8 13939488 11101404
ceph-osd        26.3  2.8 14199564 11241644
ceph-osd        23.9  2.8 14438548 11392724
ceph-osd        25.7  2.8 14139348 11427284
ceph-osd        20.6  2.8 14218916 11370772
ceph-osd        23.7  2.8 14263796 11377128
ceph-osd        23.2  2.7 14292496 11009704
ceph-osd        25.1  2.9 13700624 11531512
ceph-osd        27.3  2.8 14050968 11301504
ceph-osd        23.6  2.8 14031284 11395928
ceph-osd        23.3  2.8 14775032 11381928
ceph-osd        20.8  2.8 14283640 11225744
ceph-osd        23.4  2.8 14431728 11180728
ceph-osd        22.8  2.8 14578448 11430916
ceph-osd        21.1  2.8 14224088 11320524
ceph-osd        27.5  2.8 14180040 11144464
ceph-osd        25.9  2.8 14295004 11218936
2022/03/03-12:06:15: f10-h25-000-6049p.rdu2.scalelab.redhat.com ceph-osd        23.3  2.8 14021720 11398800
ceph-osd        22.9  2.8 14419592 11303416
ceph-osd        22.9  2.9 14242372 11453772
ceph-osd        24.0  2.8 14224612 11398040
ceph-osd        21.5  2.8 14294884 11399496
ceph-osd        20.3  2.8 14672216 11412656
ceph-osd        24.1  2.8 14066528 11378508
ceph-osd        22.3  2.8 14717196 11346612
ceph-osd        21.0  2.8 14463036 11401372
ceph-osd        25.4  2.8 14549128 11348088
ceph-osd        20.4  2.8 14760216 11381608
ceph-osd        22.2  2.8 14154100 11436896
ceph-osd        20.9  2.8 14694888 11320512
ceph-osd        24.6  2.9 14038116 11450356
ceph-osd        19.2  2.8 14853328 11422264
ceph-osd        23.7  2.8 14104624 11409444
ceph-osd        24.7  2.8 14068428 11381832
ceph-osd        19.2  2.8 14435232 11275664
ceph-osd        23.0  2.8 14232712 11409912
ceph-osd        24.2  2.9 14373136 11463624
ceph-osd        23.4  2.8 14373784 11198208
ceph-osd        26.6  2.8 13875260 11296068
ceph-osd        23.3  2.8 14513656 11403952
ceph-osd        20.9  2.8 14316868 11141944
2022/03/03-12:06:15: f11-h01-000-6049p.rdu2.scalelab.redhat.com ceph-osd        23.3  2.8 14369632 11207360
ceph-osd        26.5  2.8 14310500 11395880
ceph-osd        21.9  2.8 14045336 11191604
ceph-osd        22.1  2.8 14131736 11386056
ceph-osd        21.4  2.8 14764408 11371052
ceph-osd        25.3  2.8 14425540 11377496
ceph-osd        28.1  2.9 13989196 11460952
ceph-osd        23.6  2.7 14933824 10935624
ceph-osd        24.3  2.8 14466956 11288064
ceph-osd        23.4  2.8 14420828 11433876
ceph-osd        26.0  2.8 14219800 11360140
ceph-osd        24.1  2.9 14319660 11465400
ceph-osd        28.7  2.8 13846268 11394916
ceph-osd        25.2  2.8 14031980 11393152
ceph-osd        20.9  2.8 15217496 11432468
ceph-osd        22.5  2.9 14228824 11445660
ceph-osd        23.9  2.8 14028444 11375584
ceph-osd        19.8  2.8 14636388 11203360
ceph-osd        23.4  2.8 14390500 11393752
ceph-osd        22.2  2.8 14308056 11402028
ceph-osd        23.6  2.8 14290928 11440168
ceph-osd        25.2  2.8 14273544 11310440
ceph-osd        22.8  2.8 14458976 11250356
ceph-osd        22.8  2.8 14328172 11331724
2022/03/03-12:06:15: f11-h05-000-6049p.rdu2.scalelab.redhat.com ceph-osd        25.7  2.8 14216036 11278632
ceph-osd        25.7  2.8 14280460 11293564
ceph-osd        22.8  2.8 15026016 11375520
ceph-osd        20.2  2.7 15302132 10987400
ceph-osd        24.1  2.8 14317312 11242612
ceph-osd        22.9  2.8 15096488 11226948
ceph-osd        21.8  2.8 14313000 11418656
ceph-osd        22.4  2.9 14213084 11459744
ceph-osd        25.9  2.8 14465252 11296776
ceph-osd        21.2  2.8 14333576 11325232
ceph-osd        28.2  2.9 13812188 11491232
ceph-osd        24.8  2.8 14319604 11421596
ceph-osd        23.3  2.8 14379764 11364948
ceph-osd        19.9  2.8 14605256 11241492
ceph-osd        25.4  2.8 13946364 11424972
ceph-osd        25.4  2.8 14187420 11344436
ceph-osd        23.5  2.8 14385200 11362084
ceph-osd        23.4  2.9 14570080 11500736
ceph-osd        23.8  2.8 14330644 11325636
ceph-osd        21.8  2.8 14069388 11304072
ceph-osd        27.5  2.8 13958148 11231048
ceph-osd        23.8  2.9 14146668 11447904
ceph-osd        25.0  2.8 14376504 11323396
ceph-osd        25.4  2.8 14166444 11407580
2022/03/03-12:06:15: f11-h09-000-6049p.rdu2.scalelab.redhat.com ceph-osd        25.2  2.8 14413428 11347376
ceph-osd        25.8  2.8 14216844 11262544
ceph-osd        23.5  2.9 14192996 11507416
ceph-osd        21.2  2.8 14968052 11396452
ceph-osd        21.6  2.8 14479024 11381592
ceph-osd        24.0  2.9 14412396 11539748
ceph-osd        25.6  2.8 14397200 11427060
ceph-osd        20.2  2.8 14950176 11351148
ceph-osd        29.0  2.8 13927464 11371596
ceph-osd        26.1  2.8 13874472 11419580
ceph-osd        24.5  2.8 14231704 11302176
ceph-osd        21.7  2.8 14800316 11325920
ceph-osd        24.1  2.8 14872872 11432744
ceph-osd        23.0  2.8 14557740 11373132
ceph-osd        31.3  2.8 13935104 11425260
ceph-osd        24.4  2.8 14324868 11328364
ceph-osd        24.3  2.9 14109300 11484552
ceph-osd        19.7  2.8 14458316 11249432
ceph-osd        24.8  2.8 14197196 11323852
ceph-osd        24.0  2.8 14382020 11193388
ceph-osd        23.9  2.8 14292744 11319020
ceph-osd        23.7  2.8 14371760 11143608
ceph-osd        23.8  2.8 14141264 11360840
ceph-osd        23.9  2.8 14175644 11243368
2022/03/03-12:06:15: f11-h13-000-6049p.rdu2.scalelab.redhat.com ceph-osd        25.2  2.8 14199200 11364616
ceph-osd        24.3  2.9 14140324 11443928
ceph-osd        21.7  2.8 13812400 11390868
ceph-osd        20.7  2.8 15137480 11304304
ceph-osd        23.8  2.8 13915240 11389744
ceph-osd        27.3  2.9 14029972 11456736
ceph-osd        24.1  2.8 14201208 11390804
ceph-osd        24.3  2.8 14135340 11212152
ceph-osd        25.3  2.9 13923016 11463068
ceph-osd        23.6  2.8 14230300 11433884
ceph-osd        22.8  2.8 14611320 11382940
ceph-osd        21.0  2.8 14303740 11398224
ceph-osd        25.4  2.8 14180720 11338852
ceph-osd        21.3  2.8 14188520 11302308
ceph-osd        22.7  2.8 14211668 11280728
ceph-osd        24.8  2.8 13997404 11270000
ceph-osd        24.0  2.8 14438908 11387348
ceph-osd        21.3  2.8 14472844 11331156
ceph-osd        20.3  2.8 14790320 11272920
ceph-osd        23.4  2.8 14356800 11302764
ceph-osd        20.0  2.8 14667480 11405760
ceph-osd        21.6  2.8 14334360 11333552
ceph-osd        22.5  2.8 14304316 11387160
ceph-osd        27.0  2.9 14109572 11483200
2022/03/03-12:06:16: f11-h17-000-6049p.rdu2.scalelab.redhat.com ceph-osd        21.9  2.8 14698616 11423328
ceph-osd        23.2  2.8 14600588 11330348
ceph-osd        22.2  2.8 14685460 11363316
ceph-osd        21.7  2.8 14684668 11353228
ceph-osd        24.3  2.8 14604592 11257756
ceph-osd        25.9  2.9 13890808 11456612
ceph-osd        25.2  2.8 14244540 11422444
ceph-osd        23.2  2.8 14203152 11407512
ceph-osd        25.2  2.8 14208400 11423928
ceph-osd        21.0  2.8 14894488 11061140
ceph-osd        25.2  2.8 14508728 11402036
ceph-osd        26.3  2.8 14286620 11334188
ceph-osd        26.0  2.8 14264428 11309800
ceph-osd        23.1  2.9 14283956 11460916
ceph-osd        27.4  2.8 14219164 11326220
ceph-osd        21.7  2.8 14816004 11196588
ceph-osd        28.6  2.8 13730068 11162552
ceph-osd        22.6  2.8 13970192 11327432
ceph-osd        23.8  2.9 14201832 11463852
ceph-osd        22.9  2.8 15074056 11422224
ceph-osd        24.7  2.8 14153972 11221056
ceph-osd        23.4  2.8 14114284 11243836
ceph-osd        20.2  2.8 15189868 11302780
ceph-osd        20.9  2.8 15061128 11412016

Site2 buckets (rgw):
2022/03/03-12:06:23:         "bucket": "mycontainers1",
        "num_shards": 1453,
                "num_objects": 130279140
        "bucket": "mycontainers3",
        "num_shards": 1061,
                "num_objects": 74993175
        "bucket": "mycontainers4",
        "num_shards": 1493,
                "num_objects": 74994897
        "bucket": "mycontainers2",
        "num_shards": 1999,
                "num_objects": 130276326
        "bucket": "mycontainers5",
        "num_shards": 1087,
                "num_objects": 74995309

Cluster status
  cluster:
    id:     ffdc49e2-9622-11ec-9f52-ac1f6b2d5d2a
    health: HEALTH_OK
 
  services:
    mon: 3 daemons, quorum f13-h26-b04-5039ms.rdu2.scalelab.redhat.com,f13-h26-b08-5039ms,f13-h26-b07-5039ms (age 3d)
    mgr: f13-h26-b04-5039ms.rdu2.scalelab.redhat.com.uyhevq(active, since 3d), standbys: f13-h26-b08-5039ms.nhdqye, f13-h26-b07-5039ms.iweveu
    osd: 288 osds: 288 up (since 2d), 288 in (since 6d)
    rgw: 12 daemons active (12 hosts, 1 zones)
 
  data:
    pools:   7 pools, 9729 pgs
    objects: 485.56M objects, 6.6 TiB
    usage:   62 TiB used, 506 TiB / 567 TiB avail
    pgs:     9717 active+clean
             8    active+clean+scrubbing+deep
             4    active+clean+scrubbing
 
  io:
    client:   160 MiB/s rd, 92 MiB/s wr, 88.72k op/s rd, 75.44k op/s wr
 
2022/03/03-12:06:24: ceph df detail --- RAW STORAGE ---
CLASS     SIZE    AVAIL    USED  RAW USED  %RAW USED
hdd    567 TiB  506 TiB  62 TiB    62 TiB      10.91
TOTAL  567 TiB  506 TiB  62 TiB    62 TiB      10.91
 
--- POOLS ---
POOL                       ID   PGS   STORED   (DATA)   (OMAP)  OBJECTS     USED   (DATA)   (OMAP)  %USED  MAX AVAIL  QUOTA OBJECTS  QUOTA BYTES  DIRTY  USED COMPR  UNDER COMPR
device_health_metrics       1     1  5.0 MiB      0 B  5.0 MiB      315   15 MiB      0 B   15 MiB      0    159 TiB            N/A          N/A    N/A         0 B          0 B
default.rgw.control         6   256      0 B      0 B      0 B        8      0 B      0 B      0 B      0    159 TiB            N/A          N/A    N/A         0 B          0 B
default.rgw.buckets.data    7  8192   12 TiB   12 TiB      0 B  485.56M   18 TiB   18 TiB      0 B   3.68    318 TiB            N/A          N/A    N/A         0 B          0 B
default.rgw.buckets.index   8   512  169 GiB      0 B  169 GiB    8.22k  508 GiB      0 B  508 GiB   0.10    159 TiB            N/A          N/A    N/A         0 B          0 B
default.rgw.log             9   256  2.2 MiB   59 KiB  2.1 MiB      406  9.1 MiB  2.7 MiB  6.4 MiB      0    159 TiB            N/A          N/A    N/A         0 B          0 B
default.rgw.meta           10   256  1.9 MiB  3.6 KiB  1.9 MiB       17  6.0 MiB  192 KiB  5.8 MiB      0    159 TiB            N/A          N/A    N/A         0 B          0 B
.rgw.root                  11   256  1.3 KiB  1.3 KiB      0 B        4   48 KiB   48 KiB      0 B      0    159 TiB            N/A          N/A    N/A         0 B          0 B

Site2 pool PG counts:
pool 1 'device_health_metrics' replicated size 3 min_size 2 crush_rule 0 object_hash rjenkins pg_num 1 pgp_num 1 autoscale_mode on last_change 2043 flags hashpspool stripe_width 0 pg_num_min 1 application mgr_devicehealth,rgw
pool 6 'default.rgw.control' replicated size 3 min_size 2 crush_rule 0 object_hash rjenkins pg_num 256 pgp_num 256 autoscale_mode on last_change 862 flags hashpspool stripe_width 0 pg_num_min 256 application rgw
pool 7 'default.rgw.buckets.data' erasure profile myprofile size 6 min_size 5 crush_rule 1 object_hash rjenkins pg_num 8192 pgp_num 8192 autoscale_mode on last_change 878 lfor 0/0/876 flags hashpspool stripe_width 16384 pg_num_min 8192 application rgw
pool 8 'default.rgw.buckets.index' replicated size 3 min_size 2 crush_rule 0 object_hash rjenkins pg_num 512 pgp_num 512 autoscale_mode on last_change 864 flags hashpspool stripe_width 0 pg_num_min 512 application rgw
pool 9 'default.rgw.log' replicated size 3 min_size 2 crush_rule 0 object_hash rjenkins pg_num 256 pgp_num 256 autoscale_mode on last_change 865 flags hashpspool stripe_width 0 pg_num_min 256 application rgw
pool 10 'default.rgw.meta' replicated size 3 min_size 2 crush_rule 0 object_hash rjenkins pg_num 256 pgp_num 256 autoscale_mode on last_change 866 flags hashpspool stripe_width 0 pg_num_min 256 application rgw
pool 11 '.rgw.root' replicated size 3 min_size 2 crush_rule 0 object_hash rjenkins pg_num 256 pgp_num 256 autoscale_mode on last_change 867 flags hashpspool stripe_width 0 pg_num_min 256 application rgw


Site2 buckets df
2022/03/03-12:06:24: POOL                       ID   PGS   STORED  OBJECTS     USED  %USED  MAX AVAIL
default.rgw.control         6   256      0 B        8      0 B      0    159 TiB
default.rgw.buckets.data    7  8192   12 TiB  485.56M   18 TiB   3.68    318 TiB
default.rgw.buckets.index   8   512  169 GiB    8.22k  508 GiB   0.10    159 TiB
default.rgw.log             9   256  2.2 MiB      406  9.1 MiB      0    159 TiB
default.rgw.meta           10   256  1.9 MiB       17  6.0 MiB      0    159 TiB

OSD/RGW free:
2022/03/03-12:06:24: f10-h01-000-6049p.rdu2.scalelab.redhat.com                total        used        free      shared  buff/cache   available
Mem:          376Gi       264Gi        33Gi       4.2Gi        78Gi       104Gi
Swap:            0B          0B          0B

Ceph osd df:
2022/03/03-12:06:25: ID   CLASS  WEIGHT   REWEIGHT  SIZE     RAW USE  DATA    OMAP     META     AVAIL    %USE   VAR   PGS  STATUS
264    hdd  1.97049   1.00000  2.0 TiB  221 GiB  66 GiB  3.2 GiB   19 GiB  1.8 TiB  10.97  1.01  201      up
265    hdd  1.97049   1.00000  2.0 TiB  221 GiB  66 GiB  2.7 GiB   19 GiB  1.8 TiB  10.97  1.01  189      up
266    hdd  1.97049   1.00000  2.0 TiB  221 GiB  66 GiB  795 MiB   19 GiB  1.8 TiB  10.97  1.01  190      up
267    hdd  1.97049   1.00000  2.0 TiB  221 GiB  66 GiB  2.1 GiB   19 GiB  1.8 TiB  10.97  1.01  186      up
268    hdd  1.97049   1.00000  2.0 TiB  220 GiB  65 GiB  827 MiB   19 GiB  1.8 TiB  10.90  1.00  179      up
269    hdd  1.97049   1.00000  2.0 TiB  219 GiB  64 GiB  896 MiB   18 GiB  1.8 TiB  10.85  0.99  181      up
270    hdd  1.97049   1.00000  2.0 TiB  221 GiB  66 GiB  1.0 GiB   19 GiB  1.8 TiB  10.97  1.01  187      up
271    hdd  1.97049   1.00000  2.0 TiB  221 GiB  66 GiB  234 MiB   19 GiB  1.8 TiB  10.98  1.01  185      up
272    hdd  1.97049   1.00000  2.0 TiB  220 GiB  65 GiB  962 MiB   19 GiB  1.8 TiB  10.90  1.00  188      up
273    hdd  1.97049   1.00000  2.0 TiB  219 GiB  63 GiB  867 MiB   18 GiB  1.8 TiB  10.84  0.99  183      up
274    hdd  1.97049   1.00000  2.0 TiB  220 GiB  65 GiB  239 MiB   19 GiB  1.8 TiB  10.92  1.00  180      up
275    hdd  1.97049   1.00000  2.0 TiB  219 GiB  64 GiB  744 MiB   19 GiB  1.8 TiB  10.85  0.99  183      up
276    hdd  1.97049   1.00000  2.0 TiB  219 GiB  63 GiB  2.2 GiB   18 GiB  1.8 TiB  10.84  0.99  186      up
277    hdd  1.97049   1.00000  2.0 TiB  220 GiB  65 GiB  1.9 GiB   19 GiB  1.8 TiB  10.90  1.00  186      up
278    hdd  1.97049   1.00000  2.0 TiB  221 GiB  66 GiB  3.0 GiB   19 GiB  1.8 TiB  10.97  1.01  189      up
279    hdd  1.97049   1.00000  2.0 TiB  220 GiB  65 GiB  239 MiB   19 GiB  1.8 TiB  10.90  1.00  182      up
280    hdd  1.97049   1.00000  2.0 TiB  221 GiB  66 GiB  849 MiB   19 GiB  1.8 TiB  10.98  1.01  184      up
281    hdd  1.97049   1.00000  2.0 TiB  221 GiB  66 GiB  1.6 GiB   19 GiB  1.8 TiB  10.98  1.01  187      up
282    hdd  1.97049   1.00000  2.0 TiB  219 GiB  64 GiB  1.7 GiB   18 GiB  1.8 TiB  10.84  0.99  185      up
283    hdd  1.97049   1.00000  2.0 TiB  219 GiB  64 GiB  1.4 GiB   18 GiB  1.8 TiB  10.85  0.99  181      up
284    hdd  1.97049   1.00000  2.0 TiB  221 GiB  66 GiB  1.5 GiB   19 GiB  1.8 TiB  10.97  1.01  187      up
285    hdd  1.97049   1.00000  2.0 TiB  221 GiB  66 GiB  1.2 GiB   19 GiB  1.8 TiB  10.95  1.00  188      up
286    hdd  1.97049   1.00000  2.0 TiB  218 GiB  63 GiB  2.2 GiB   19 GiB  1.8 TiB  10.82  0.99  183      up
287    hdd  1.97049   1.00000  2.0 TiB  218 GiB  63 GiB  1.7 GiB   18 GiB  1.8 TiB  10.83  0.99  180      up
  9    hdd  1.97049   1.00000  2.0 TiB  219 GiB  64 GiB  2.8 GiB   19 GiB  1.8 TiB  10.86  1.00  185      up
 17    hdd  1.97049   1.00000  2.0 TiB  221 GiB  66 GiB  1.4 GiB   19 GiB  1.8 TiB  10.98  1.01  189      up
 24    hdd  1.97049   1.00000  2.0 TiB  222 GiB  67 GiB  3.1 GiB   20 GiB  1.8 TiB  10.99  1.01  202      up
 34    hdd  1.97049   1.00000  2.0 TiB  219 GiB  64 GiB  2.8 GiB   18 GiB  1.8 TiB  10.84  0.99  187      up
 43    hdd  1.97049   1.00000  2.0 TiB  222 GiB  67 GiB  2.1 GiB   19 GiB  1.8 TiB  10.99  1.01  196      up
 53    hdd  1.97049   1.00000  2.0 TiB  222 GiB  67 GiB  3.2 GiB   19 GiB  1.8 TiB  10.99  1.01  198      up
 61    hdd  1.97049   1.00000  2.0 TiB  221 GiB  66 GiB  2.0 GiB   19 GiB  1.8 TiB  10.98  1.01  187      up
 71    hdd  1.97049   1.00000  2.0 TiB  219 GiB  63 GiB  2.4 GiB   19 GiB  1.8 TiB  10.84  0.99  184      up
 81    hdd  1.97049   1.00000  2.0 TiB  221 GiB  66 GiB  1.4 GiB   19 GiB  1.8 TiB  10.95  1.00  185      up
 92    hdd  1.97049   1.00000  2.0 TiB  220 GiB  65 GiB  1.1 GiB   19 GiB  1.8 TiB  10.90  1.00  185      up
102    hdd  1.97049   1.00000  2.0 TiB  219 GiB  64 GiB  1.9 GiB   18 GiB  1.8 TiB  10.84  0.99  181      up
112    hdd  1.97049   1.00000  2.0 TiB  219 GiB  64 GiB  2.1 GiB   18 GiB  1.8 TiB  10.84  0.99  180      up
122    hdd  1.97049   1.00000  2.0 TiB  220 GiB  64 GiB  1.4 GiB   19 GiB  1.8 TiB  10.88  1.00  179      up
132    hdd  1.97049   1.00000  2.0 TiB  221 GiB  66 GiB  2.7 GiB   19 GiB  1.8 TiB  10.97  1.01  197      up
142    hdd  1.97049   1.00000  2.0 TiB  222 GiB  67 GiB  230 MiB   19 GiB  1.8 TiB  10.99  1.01  189      up
151    hdd  1.97049   1.00000  2.0 TiB  221 GiB  65 GiB  2.2 GiB   19 GiB  1.8 TiB  10.94  1.00  187      up
161    hdd  1.97049   1.00000  2.0 TiB  222 GiB  67 GiB  2.1 GiB   19 GiB  1.8 TiB  10.99  1.01  188      up
171    hdd  1.97049   1.00000  2.0 TiB  219 GiB  64 GiB  1.3 GiB   18 GiB  1.8 TiB  10.84  0.99  181      up
181    hdd  1.97049   1.00000  2.0 TiB  219 GiB  64 GiB  616 MiB   18 GiB  1.8 TiB  10.84  0.99  175      up
191    hdd  1.97049   1.00000  2.0 TiB  220 GiB  65 GiB  1.9 GiB   19 GiB  1.8 TiB  10.92  1.00  187      up
201    hdd  1.97049   1.00000  2.0 TiB  219 GiB  64 GiB  2.3 GiB   18 GiB  1.8 TiB  10.84  0.99  182      up
211    hdd  1.97049   1.00000  2.0 TiB  222 GiB  67 GiB  2.3 GiB   19 GiB  1.8 TiB  10.99  1.01  191      up
221    hdd  1.97049   1.00000  2.0 TiB  219 GiB  64 GiB  2.4 GiB   18 GiB  1.8 TiB  10.86  1.00  183      up
231    hdd  1.97049   1.00000  2.0 TiB  221 GiB  66 GiB  1.2 GiB   19 GiB  1.8 TiB  10.98  1.01  189      up
  3    hdd  1.97049   1.00000  2.0 TiB  220 GiB  64 GiB  1.9 GiB   18 GiB  1.8 TiB  10.88  1.00  177      up
 13    hdd  1.97049   1.00000  2.0 TiB  218 GiB  63 GiB  2.9 GiB   19 GiB  1.8 TiB  10.83  0.99  185      up
 22    hdd  1.97049   1.00000  2.0 TiB  218 GiB  63 GiB  2.0 GiB   18 GiB  1.8 TiB  10.82  0.99  187      up
 31    hdd  1.97049   1.00000  2.0 TiB  220 GiB  64 GiB  1.6 GiB   18 GiB  1.8 TiB  10.88  1.00  181      up
 42    hdd  1.97049   1.00000  2.0 TiB  218 GiB  63 GiB  2.7 GiB   18 GiB  1.8 TiB  10.83  0.99  185      up
 51    hdd  1.97049   1.00000  2.0 TiB  221 GiB  66 GiB  2.9 GiB   19 GiB  1.8 TiB  10.97  1.01  189      up
 62    hdd  1.97049   1.00000  2.0 TiB  222 GiB  67 GiB  985 MiB   19 GiB  1.8 TiB  10.99  1.01  187      up
 72    hdd  1.97049   1.00000  2.0 TiB  222 GiB  67 GiB  3.3 GiB   19 GiB  1.8 TiB  10.99  1.01  196      up
 82    hdd  1.97049   1.00000  2.0 TiB  218 GiB  63 GiB  2.0 GiB   18 GiB  1.8 TiB  10.82  0.99  186      up
 91    hdd  1.97049   1.00000  2.0 TiB  221 GiB  66 GiB  1.7 GiB   19 GiB  1.8 TiB  10.98  1.01  185      up
101    hdd  1.97049   1.00000  2.0 TiB  220 GiB  65 GiB  2.9 GiB   19 GiB  1.8 TiB  10.92  1.00  188      up
111    hdd  1.97049   1.00000  2.0 TiB  222 GiB  67 GiB  1.2 GiB   19 GiB  1.8 TiB  10.99  1.01  187      up
121    hdd  1.97049   1.00000  2.0 TiB  220 GiB  65 GiB  2.3 GiB   19 GiB  1.8 TiB  10.90  1.00  184      up
131    hdd  1.97049   1.00000  2.0 TiB  218 GiB  63 GiB  3.3 GiB   18 GiB  1.8 TiB  10.83  0.99  188      up
141    hdd  1.97049   1.00000  2.0 TiB  218 GiB  63 GiB  2.6 GiB   18 GiB  1.8 TiB  10.83  0.99  190      up
152    hdd  1.97049   1.00000  2.0 TiB  222 GiB  67 GiB  456 MiB   19 GiB  1.8 TiB  10.99  1.01  189      up
162    hdd  1.97049   1.00000  2.0 TiB  220 GiB  65 GiB  548 MiB   18 GiB  1.8 TiB  10.92  1.00  185      up
172    hdd  1.97049   1.00000  2.0 TiB  218 GiB  63 GiB  1.1 GiB   18 GiB  1.8 TiB  10.82  0.99  175      up
182    hdd  1.97049   1.00000  2.0 TiB  218 GiB  63 GiB  1.6 GiB   18 GiB  1.8 TiB  10.83  0.99  175      up
192    hdd  1.97049   1.00000  2.0 TiB  221 GiB  66 GiB  3.0 GiB   19 GiB  1.8 TiB  10.97  1.01  199      up
202    hdd  1.97049   1.00000  2.0 TiB  219 GiB  64 GiB  792 MiB   18 GiB  1.8 TiB  10.86  1.00  189      up
212    hdd  1.97049   1.00000  2.0 TiB  218 GiB  63 GiB  307 MiB   19 GiB  1.8 TiB  10.82  0.99  181      up
222    hdd  1.97049   1.00000  2.0 TiB  218 GiB  63 GiB  1.8 GiB   18 GiB  1.8 TiB  10.82  0.99  183      up
232    hdd  1.97049   1.00000  2.0 TiB  219 GiB  64 GiB  2.6 GiB   18 GiB  1.8 TiB  10.86  1.00  180      up
  2    hdd  1.97049   1.00000  2.0 TiB  221 GiB  66 GiB  2.9 GiB   19 GiB  1.8 TiB  10.96  1.00  191      up
 11    hdd  1.97049   1.00000  2.0 TiB  219 GiB  64 GiB  327 MiB   18 GiB  1.8 TiB  10.84  0.99  177      up
 20    hdd  1.97049   1.00000  2.0 TiB  222 GiB  67 GiB  2.3 GiB   19 GiB  1.8 TiB  10.99  1.01  190      up
 32    hdd  1.97049   1.00000  2.0 TiB  221 GiB  65 GiB  1.3 GiB   19 GiB  1.8 TiB  10.94  1.00  183      up
 44    hdd  1.97049   1.00000  2.0 TiB  222 GiB  67 GiB  1.2 GiB   19 GiB  1.8 TiB  11.00  1.01  184      up
 54    hdd  1.97049   1.00000  2.0 TiB  219 GiB  63 GiB  1.7 GiB   19 GiB  1.8 TiB  10.84  0.99  182      up
 65    hdd  1.97049   1.00000  2.0 TiB  222 GiB  67 GiB  1.3 GiB   19 GiB  1.8 TiB  11.00  1.01  188      up
 74    hdd  1.97049   1.00000  2.0 TiB  219 GiB  64 GiB  1.8 GiB   18 GiB  1.8 TiB  10.84  0.99  191      up
 84    hdd  1.97049   1.00000  2.0 TiB  219 GiB  64 GiB  3.2 GiB   19 GiB  1.8 TiB  10.84  0.99  189      up
 94    hdd  1.97049   1.00000  2.0 TiB  222 GiB  67 GiB  1.3 GiB   19 GiB  1.8 TiB  10.99  1.01  197      up
104    hdd  1.97049   1.00000  2.0 TiB  221 GiB  66 GiB  3.3 GiB   19 GiB  1.8 TiB  10.97  1.01  192      up
114    hdd  1.97049   1.00000  2.0 TiB  221 GiB  66 GiB  1.5 GiB   19 GiB  1.8 TiB  10.97  1.01  188      up
124    hdd  1.97049   1.00000  2.0 TiB  219 GiB  64 GiB  1.6 GiB   18 GiB  1.8 TiB  10.84  0.99  180      up
134    hdd  1.97049   1.00000  2.0 TiB  221 GiB  66 GiB  2.9 GiB   19 GiB  1.8 TiB  10.97  1.01  192      up
144    hdd  1.97049   1.00000  2.0 TiB  221 GiB  66 GiB  2.6 GiB   19 GiB  1.8 TiB  10.97  1.01  193      up
154    hdd  1.97049   1.00000  2.0 TiB  222 GiB  67 GiB  1.1 GiB   19 GiB  1.8 TiB  10.99  1.01  194      up
164    hdd  1.97049   1.00000  2.0 TiB  219 GiB  64 GiB  1.8 GiB   19 GiB  1.8 TiB  10.84  0.99  181      up
174    hdd  1.97049   1.00000  2.0 TiB  218 GiB  63 GiB  2.6 GiB   18 GiB  1.8 TiB  10.83  0.99  188      up
184    hdd  1.97049   1.00000  2.0 TiB  218 GiB  63 GiB  2.2 GiB   18 GiB  1.8 TiB  10.83  0.99  181      up
194    hdd  1.97049   1.00000  2.0 TiB  222 GiB  67 GiB  2.3 GiB   20 GiB  1.8 TiB  11.00  1.01  192      up
204    hdd  1.97049   1.00000  2.0 TiB  219 GiB  64 GiB  1.5 GiB   18 GiB  1.8 TiB  10.84  0.99  180      up
214    hdd  1.97049   1.00000  2.0 TiB  218 GiB  63 GiB  2.0 GiB   18 GiB  1.8 TiB  10.82  0.99  182      up
224    hdd  1.97049   1.00000  2.0 TiB  221 GiB  66 GiB  1.2 GiB   19 GiB  1.8 TiB  10.97  1.01  189      up
234    hdd  1.97049   1.00000  2.0 TiB  221 GiB  66 GiB  1.2 GiB   19 GiB  1.8 TiB  10.97  1.01  199      up
  7    hdd  1.97049   1.00000  2.0 TiB  222 GiB  66 GiB  1.5 GiB   19 GiB  1.8 TiB  10.99  1.01  188      up
 14    hdd  1.97049   1.00000  2.0 TiB  219 GiB  64 GiB  2.3 GiB   18 GiB  1.8 TiB  10.84  0.99  191      up
 21    hdd  1.97049   1.00000  2.0 TiB  219 GiB  64 GiB  2.3 GiB   18 GiB  1.8 TiB  10.84  0.99  181      up
 30    hdd  1.97049   1.00000  2.0 TiB  222 GiB  67 GiB  2.1 GiB   19 GiB  1.8 TiB  10.99  1.01  191      up
 40    hdd  1.97049   1.00000  2.0 TiB  222 GiB  67 GiB  1.7 GiB   19 GiB  1.8 TiB  10.99  1.01  198      up
 50    hdd  1.97049   1.00000  2.0 TiB  221 GiB  66 GiB  2.2 GiB   19 GiB  1.8 TiB  10.97  1.01  187      up
 60    hdd  1.97049   1.00000  2.0 TiB  220 GiB  65 GiB  801 MiB   19 GiB  1.8 TiB  10.92  1.00  185      up
 70    hdd  1.97049   1.00000  2.0 TiB  219 GiB  64 GiB  1.2 GiB   19 GiB  1.8 TiB  10.84  0.99  185      up
 80    hdd  1.97049   1.00000  2.0 TiB  222 GiB  67 GiB  1.2 GiB   20 GiB  1.8 TiB  10.99  1.01  190      up
 90    hdd  1.97049   1.00000  2.0 TiB  222 GiB  67 GiB  1.6 GiB   19 GiB  1.8 TiB  10.99  1.01  190      up
100    hdd  1.97049   1.00000  2.0 TiB  219 GiB  63 GiB  997 MiB   18 GiB  1.8 TiB  10.84  0.99  177      up
110    hdd  1.97049   1.00000  2.0 TiB  222 GiB  67 GiB  2.3 GiB   19 GiB  1.8 TiB  11.00  1.01  192      up
120    hdd  1.97049   1.00000  2.0 TiB  219 GiB  64 GiB  2.5 GiB   19 GiB  1.8 TiB  10.84  0.99  182      up
130    hdd  1.97049   1.00000  2.0 TiB  221 GiB  66 GiB  2.2 GiB   19 GiB  1.8 TiB  10.97  1.01  192      up
140    hdd  1.97049   1.00000  2.0 TiB  222 GiB  67 GiB  1.5 GiB   19 GiB  1.8 TiB  10.99  1.01  194      up
150    hdd  1.97049   1.00000  2.0 TiB  219 GiB  64 GiB  3.3 GiB   18 GiB  1.8 TiB  10.84  0.99  185      up
160    hdd  1.97049   1.00000  2.0 TiB  222 GiB  67 GiB  2.4 GiB   19 GiB  1.8 TiB  11.00  1.01  189      up
170    hdd  1.97049   1.00000  2.0 TiB  221 GiB  66 GiB  1.8 GiB   19 GiB  1.8 TiB  10.96  1.00  187      up
180    hdd  1.97049   1.00000  2.0 TiB  218 GiB  63 GiB  2.7 GiB   18 GiB  1.8 TiB  10.83  0.99  189      up
190    hdd  1.97049   1.00000  2.0 TiB  218 GiB  63 GiB  1.0 GiB   18 GiB  1.8 TiB  10.82  0.99  182      up
200    hdd  1.97049   1.00000  2.0 TiB  218 GiB  63 GiB  2.6 GiB   18 GiB  1.8 TiB  10.82  0.99  183      up
210    hdd  1.97049   1.00000  2.0 TiB  222 GiB  67 GiB  1.9 GiB   19 GiB  1.8 TiB  11.00  1.01  194      up
220    hdd  1.97049   1.00000  2.0 TiB  221 GiB  66 GiB  1.9 GiB   19 GiB  1.8 TiB  10.97  1.01  191      up
230    hdd  1.97049   1.00000  2.0 TiB  218 GiB  63 GiB  2.2 GiB   18 GiB  1.8 TiB  10.82  0.99  182      up
  1    hdd  1.97049   1.00000  2.0 TiB  219 GiB  64 GiB  743 MiB   18 GiB  1.8 TiB  10.84  0.99  175      up
 12    hdd  1.97049   1.00000  2.0 TiB  222 GiB  67 GiB  963 MiB   19 GiB  1.8 TiB  10.99  1.01  190      up
 25    hdd  1.97049   1.00000  2.0 TiB  221 GiB  66 GiB  1.9 GiB   19 GiB  1.8 TiB  10.97  1.01  188      up
 33    hdd  1.97049   1.00000  2.0 TiB  221 GiB  66 GiB  2.0 GiB   19 GiB  1.8 TiB  10.96  1.00  194      up
 41    hdd  1.97049   1.00000  2.0 TiB  219 GiB  64 GiB  2.5 GiB   19 GiB  1.8 TiB  10.84  0.99  188      up
 52    hdd  1.97049   1.00000  2.0 TiB  219 GiB  64 GiB  394 MiB   19 GiB  1.8 TiB  10.84  0.99  176      up
 63    hdd  1.97049   1.00000  2.0 TiB  222 GiB  67 GiB  802 MiB   19 GiB  1.8 TiB  11.00  1.01  189      up
 73    hdd  1.97049   1.00000  2.0 TiB  218 GiB  63 GiB  1.0 GiB   18 GiB  1.8 TiB  10.82  0.99  174      up
 83    hdd  1.97049   1.00000  2.0 TiB  218 GiB  63 GiB  2.2 GiB   18 GiB  1.8 TiB  10.83  0.99  182      up
 93    hdd  1.97049   1.00000  2.0 TiB  221 GiB  66 GiB  1.4 GiB   18 GiB  1.8 TiB  10.94  1.00  195      up
103    hdd  1.97049   1.00000  2.0 TiB  222 GiB  67 GiB  2.2 GiB   19 GiB  1.8 TiB  10.99  1.01  198      up
113    hdd  1.97049   1.00000  2.0 TiB  220 GiB  65 GiB  1.6 GiB   18 GiB  1.8 TiB  10.92  1.00  180      up
123    hdd  1.97049   1.00000  2.0 TiB  222 GiB  67 GiB  448 MiB   19 GiB  1.8 TiB  11.00  1.01  185      up
133    hdd  1.97049   1.00000  2.0 TiB  222 GiB  67 GiB  459 MiB   19 GiB  1.8 TiB  10.99  1.01  185      up
143    hdd  1.97049   1.00000  2.0 TiB  222 GiB  67 GiB  199 MiB   19 GiB  1.8 TiB  11.00  1.01  187      up
153    hdd  1.97049   1.00000  2.0 TiB  220 GiB  65 GiB  1.6 GiB   19 GiB  1.8 TiB  10.92  1.00  186      up
163    hdd  1.97049   1.00000  2.0 TiB  218 GiB  63 GiB  1.8 GiB   18 GiB  1.8 TiB  10.83  0.99  177      up
173    hdd  1.97049   1.00000  2.0 TiB  218 GiB  63 GiB  2.0 GiB   18 GiB  1.8 TiB  10.83  0.99  183      up
183    hdd  1.97049   1.00000  2.0 TiB  220 GiB  65 GiB  791 MiB   18 GiB  1.8 TiB  10.92  1.00  187      up
193    hdd  1.97049   1.00000  2.0 TiB  222 GiB  67 GiB  1.5 GiB   19 GiB  1.8 TiB  10.99  1.01  193      up
203    hdd  1.97049   1.00000  2.0 TiB  222 GiB  67 GiB  2.3 GiB   19 GiB  1.8 TiB  10.99  1.01  194      up
213    hdd  1.97049   1.00000  2.0 TiB  218 GiB  63 GiB  743 MiB   18 GiB  1.8 TiB  10.82  0.99  180      up
223    hdd  1.97049   1.00000  2.0 TiB  218 GiB  63 GiB  3.4 GiB   18 GiB  1.8 TiB  10.82  0.99  185      up
233    hdd  1.97049   1.00000  2.0 TiB  221 GiB  66 GiB  2.1 GiB   19 GiB  1.8 TiB  10.97  1.01  190      up
240    hdd  1.97049   1.00000  2.0 TiB  219 GiB  64 GiB  2.6 GiB   18 GiB  1.8 TiB  10.84  0.99  182      up
241    hdd  1.97049   1.00000  2.0 TiB  219 GiB  64 GiB  1.8 GiB   18 GiB  1.8 TiB  10.85  0.99  191      up
242    hdd  1.97049   1.00000  2.0 TiB  219 GiB  64 GiB  2.2 GiB   18 GiB  1.8 TiB  10.84  0.99  180      up
243    hdd  1.97049   1.00000  2.0 TiB  221 GiB  66 GiB  1.6 GiB   19 GiB  1.8 TiB  10.98  1.01  198      up
244    hdd  1.97049   1.00000  2.0 TiB  221 GiB  66 GiB  624 MiB   19 GiB  1.8 TiB  10.97  1.01  192      up
245    hdd  1.97049   1.00000  2.0 TiB  221 GiB  65 GiB  962 MiB   19 GiB  1.8 TiB  10.94  1.00  186      up
246    hdd  1.97049   1.00000  2.0 TiB  220 GiB  65 GiB  2.1 GiB   18 GiB  1.8 TiB  10.92  1.00  183      up
247    hdd  1.97049   1.00000  2.0 TiB  221 GiB  66 GiB  2.2 GiB   19 GiB  1.8 TiB  10.97  1.01  187      up
248    hdd  1.97049   1.00000  2.0 TiB  219 GiB  64 GiB  925 MiB   18 GiB  1.8 TiB  10.85  0.99  180      up
249    hdd  1.97049   1.00000  2.0 TiB  221 GiB  66 GiB  3.0 GiB   19 GiB  1.8 TiB  10.97  1.01  200      up
250    hdd  1.97049   1.00000  2.0 TiB  219 GiB  64 GiB  544 MiB   18 GiB  1.8 TiB  10.84  0.99  180      up
251    hdd  1.97049   1.00000  2.0 TiB  218 GiB  63 GiB  2.3 GiB   18 GiB  1.8 TiB  10.82  0.99  185      up
252    hdd  1.97049   1.00000  2.0 TiB  219 GiB  64 GiB  812 MiB   18 GiB  1.8 TiB  10.84  0.99  179      up
253    hdd  1.97049   1.00000  2.0 TiB  218 GiB  63 GiB  2.5 GiB   18 GiB  1.8 TiB  10.83  0.99  182      up
254    hdd  1.97049   1.00000  2.0 TiB  221 GiB  66 GiB  457 MiB   19 GiB  1.8 TiB  10.97  1.01  190      up
255    hdd  1.97049   1.00000  2.0 TiB  221 GiB  66 GiB  2.2 GiB   19 GiB  1.8 TiB  10.98  1.01  188      up
256    hdd  1.97049   1.00000  2.0 TiB  218 GiB  63 GiB  3.0 GiB   18 GiB  1.8 TiB  10.82  0.99  183      up
257    hdd  1.97049   1.00000  2.0 TiB  218 GiB  63 GiB  595 MiB   18 GiB  1.8 TiB  10.82  0.99  177      up
258    hdd  1.97049   1.00000  2.0 TiB  218 GiB  63 GiB  1.7 GiB   19 GiB  1.8 TiB  10.83  0.99  181      up
259    hdd  1.97049   1.00000  2.0 TiB  218 GiB  63 GiB  1.7 GiB   18 GiB  1.8 TiB  10.82  0.99  189      up
260    hdd  1.97049   1.00000  2.0 TiB  221 GiB  65 GiB  1.5 GiB   19 GiB  1.8 TiB  10.94  1.00  193      up
261    hdd  1.97049   1.00000  2.0 TiB  218 GiB  63 GiB  3.1 GiB   18 GiB  1.8 TiB  10.82  0.99  187      up
262    hdd  1.97049   1.00000  2.0 TiB  221 GiB  66 GiB  2.1 GiB   19 GiB  1.8 TiB  10.98  1.01  190      up
263    hdd  1.97049   1.00000  2.0 TiB  221 GiB  66 GiB  1.3 GiB   19 GiB  1.8 TiB  10.98  1.01  184      up
  8    hdd  1.97049   1.00000  2.0 TiB  222 GiB  67 GiB  1.7 GiB   19 GiB  1.8 TiB  10.99  1.01  189      up
 18    hdd  1.97049   1.00000  2.0 TiB  219 GiB  64 GiB  2.7 GiB   19 GiB  1.8 TiB  10.84  0.99  182      up
 28    hdd  1.97049   1.00000  2.0 TiB  221 GiB  66 GiB  2.2 GiB   19 GiB  1.8 TiB  10.97  1.01  186      up
 38    hdd  1.97049   1.00000  2.0 TiB  222 GiB  67 GiB  1.2 GiB   19 GiB  1.8 TiB  10.99  1.01  191      up
 47    hdd  1.97049   1.00000  2.0 TiB  220 GiB  65 GiB  1.6 GiB   18 GiB  1.8 TiB  10.90  1.00  194      up
 57    hdd  1.97049   1.00000  2.0 TiB  222 GiB  67 GiB  2.8 GiB   19 GiB  1.8 TiB  10.99  1.01  199      up
 68    hdd  1.97049   1.00000  2.0 TiB  221 GiB  65 GiB  2.3 GiB   19 GiB  1.8 TiB  10.94  1.00  185      up
 79    hdd  1.97049   1.00000  2.0 TiB  221 GiB  66 GiB  2.0 GiB   19 GiB  1.8 TiB  10.97  1.01  197      up
 89    hdd  1.97049   1.00000  2.0 TiB  221 GiB  66 GiB  602 MiB   19 GiB  1.8 TiB  10.97  1.01  186      up
 99    hdd  1.97049   1.00000  2.0 TiB  219 GiB  64 GiB  1.3 GiB   19 GiB  1.8 TiB  10.84  0.99  186      up
109    hdd  1.97049   1.00000  2.0 TiB  221 GiB  66 GiB  1.8 GiB   19 GiB  1.8 TiB  10.98  1.01  194      up
118    hdd  1.97049   1.00000  2.0 TiB  221 GiB  66 GiB  2.3 GiB   19 GiB  1.8 TiB  10.98  1.01  189      up
128    hdd  1.97049   1.00000  2.0 TiB  220 GiB  65 GiB  1.3 GiB   18 GiB  1.8 TiB  10.90  1.00  184      up
138    hdd  1.97049   1.00000  2.0 TiB  219 GiB  64 GiB  1.6 GiB   18 GiB  1.8 TiB  10.84  0.99  185      up
148    hdd  1.97049   1.00000  2.0 TiB  219 GiB  64 GiB  1.5 GiB   18 GiB  1.8 TiB  10.86  1.00  185      up
158    hdd  1.97049   1.00000  2.0 TiB  220 GiB  65 GiB  3.2 GiB   19 GiB  1.8 TiB  10.92  1.00  193      up
168    hdd  1.97049   1.00000  2.0 TiB  219 GiB  64 GiB  1.3 GiB   18 GiB  1.8 TiB  10.84  0.99  187      up
178    hdd  1.97049   1.00000  2.0 TiB  222 GiB  67 GiB  260 MiB   19 GiB  1.8 TiB  10.99  1.01  188      up
188    hdd  1.97049   1.00000  2.0 TiB  219 GiB  63 GiB  1.2 GiB   18 GiB  1.8 TiB  10.84  0.99  186      up
198    hdd  1.97049   1.00000  2.0 TiB  219 GiB  64 GiB  1.4 GiB   18 GiB  1.8 TiB  10.84  0.99  185      up
208    hdd  1.97049   1.00000  2.0 TiB  218 GiB  63 GiB  1.4 GiB   18 GiB  1.8 TiB  10.83  0.99  179      up
218    hdd  1.97049   1.00000  2.0 TiB  222 GiB  67 GiB  2.3 GiB   19 GiB  1.8 TiB  10.99  1.01  188      up
228    hdd  1.97049   1.00000  2.0 TiB  221 GiB  66 GiB  1.8 GiB   19 GiB  1.8 TiB  10.98  1.01  186      up
238    hdd  1.97049   1.00000  2.0 TiB  221 GiB  66 GiB  750 MiB   19 GiB  1.8 TiB  10.97  1.01  188      up
  4    hdd  1.97049   1.00000  2.0 TiB  220 GiB  65 GiB  1.1 GiB   18 GiB  1.8 TiB  10.90  1.00  183      up
 15    hdd  1.97049   1.00000  2.0 TiB  222 GiB  67 GiB  1.6 GiB   19 GiB  1.8 TiB  10.99  1.01  195      up
 26    hdd  1.97049   1.00000  2.0 TiB  218 GiB  63 GiB  1.5 GiB   18 GiB  1.8 TiB  10.82  0.99  181      up
 36    hdd  1.97049   1.00000  2.0 TiB  221 GiB  66 GiB  2.7 GiB   19 GiB  1.8 TiB  10.97  1.01  190      up
 49    hdd  1.97049   1.00000  2.0 TiB  218 GiB  63 GiB  3.1 GiB   18 GiB  1.8 TiB  10.82  0.99  192      up
 58    hdd  1.97049   1.00000  2.0 TiB  222 GiB  67 GiB  2.2 GiB   19 GiB  1.8 TiB  10.99  1.01  197      up
 67    hdd  1.97049   1.00000  2.0 TiB  218 GiB  63 GiB  2.1 GiB   18 GiB  1.8 TiB  10.82  0.99  192      up
 77    hdd  1.97049   1.00000  2.0 TiB  218 GiB  63 GiB  470 MiB   18 GiB  1.8 TiB  10.83  0.99  175      up
 87    hdd  1.97049   1.00000  2.0 TiB  219 GiB  64 GiB  2.4 GiB   18 GiB  1.8 TiB  10.86  1.00  185      up
 98    hdd  1.97049   1.00000  2.0 TiB  221 GiB  66 GiB  1.7 GiB   19 GiB  1.8 TiB  10.96  1.00  189      up
108    hdd  1.97049   1.00000  2.0 TiB  218 GiB  63 GiB  2.4 GiB   18 GiB  1.8 TiB  10.83  0.99  185      up
119    hdd  1.97049   1.00000  2.0 TiB  222 GiB  67 GiB  2.3 GiB   20 GiB  1.8 TiB  11.00  1.01  195      up
129    hdd  1.97049   1.00000  2.0 TiB  222 GiB  67 GiB  2.3 GiB   19 GiB  1.8 TiB  11.00  1.01  197      up
139    hdd  1.97049   1.00000  2.0 TiB  218 GiB  63 GiB  1.2 GiB   18 GiB  1.8 TiB  10.82  0.99  178      up
149    hdd  1.97049   1.00000  2.0 TiB  222 GiB  67 GiB  941 MiB   19 GiB  1.8 TiB  11.00  1.01  186      up
159    hdd  1.97049   1.00000  2.0 TiB  219 GiB  64 GiB  1.6 GiB   18 GiB  1.8 TiB  10.84  0.99  175      up
169    hdd  1.97049   1.00000  2.0 TiB  222 GiB  67 GiB  1.7 GiB   19 GiB  1.8 TiB  11.00  1.01  192      up
179    hdd  1.97049   1.00000  2.0 TiB  222 GiB  67 GiB  1.7 GiB   19 GiB  1.8 TiB  11.00  1.01  194      up
189    hdd  1.97049   1.00000  2.0 TiB  220 GiB  65 GiB  2.1 GiB   18 GiB  1.8 TiB  10.92  1.00  188      up
199    hdd  1.97049   1.00000  2.0 TiB  222 GiB  67 GiB  1.0 GiB   19 GiB  1.8 TiB  10.99  1.01  190      up
209    hdd  1.97049   1.00000  2.0 TiB  222 GiB  67 GiB  2.8 GiB   19 GiB  1.8 TiB  10.99  1.01  194      up
219    hdd  1.97049   1.00000  2.0 TiB  222 GiB  66 GiB  2.0 GiB   19 GiB  1.8 TiB  10.98  1.01  193      up
229    hdd  1.97049   1.00000  2.0 TiB  221 GiB  66 GiB  2.3 GiB   19 GiB  1.8 TiB  10.97  1.01  193      up
239    hdd  1.97049   1.00000  2.0 TiB  218 GiB  63 GiB  1.9 GiB   18 GiB  1.8 TiB  10.82  0.99  188      up
  6    hdd  1.97049   1.00000  2.0 TiB  219 GiB  63 GiB  1.3 GiB   18 GiB  1.8 TiB  10.84  0.99  186      up
 19    hdd  1.97049   1.00000  2.0 TiB  222 GiB  67 GiB  2.7 GiB   19 GiB  1.8 TiB  11.00  1.01  195      up
 29    hdd  1.97049   1.00000  2.0 TiB  222 GiB  67 GiB  563 MiB   19 GiB  1.8 TiB  10.99  1.01  192      up
 39    hdd  1.97049   1.00000  2.0 TiB  222 GiB  67 GiB  2.8 GiB   19 GiB  1.8 TiB  11.00  1.01  194      up
 48    hdd  1.97049   1.00000  2.0 TiB  219 GiB  63 GiB  3.1 GiB   18 GiB  1.8 TiB  10.84  0.99  184      up
 59    hdd  1.97049   1.00000  2.0 TiB  221 GiB  65 GiB  2.2 GiB   18 GiB  1.8 TiB  10.94  1.00  188      up
 69    hdd  1.97049   1.00000  2.0 TiB  219 GiB  63 GiB  2.4 GiB   18 GiB  1.8 TiB  10.84  0.99  183      up
 78    hdd  1.97049   1.00000  2.0 TiB  221 GiB  66 GiB  1.2 GiB   19 GiB  1.8 TiB  10.98  1.01  190      up
 88    hdd  1.97049   1.00000  2.0 TiB  222 GiB  67 GiB  3.5 GiB   19 GiB  1.8 TiB  10.99  1.01  200      up
 97    hdd  1.97049   1.00000  2.0 TiB  222 GiB  67 GiB  1.8 GiB   19 GiB  1.8 TiB  10.99  1.01  195      up
106    hdd  1.97049   1.00000  2.0 TiB  221 GiB  66 GiB  2.0 GiB   19 GiB  1.8 TiB  10.98  1.01  192      up
116    hdd  1.97049   1.00000  2.0 TiB  222 GiB  67 GiB  2.7 GiB   19 GiB  1.8 TiB  11.00  1.01  189      up
126    hdd  1.97049   1.00000  2.0 TiB  219 GiB  64 GiB  2.1 GiB   18 GiB  1.8 TiB  10.84  0.99  183      up
136    hdd  1.97049   1.00000  2.0 TiB  219 GiB  64 GiB  1.3 GiB   18 GiB  1.8 TiB  10.84  0.99  180      up
146    hdd  1.97049   1.00000  2.0 TiB  222 GiB  67 GiB  1.9 GiB   19 GiB  1.8 TiB  10.99  1.01  192      up
156    hdd  1.97049   1.00000  2.0 TiB  222 GiB  67 GiB  1.5 GiB   19 GiB  1.8 TiB  10.99  1.01  195      up
166    hdd  1.97049   1.00000  2.0 TiB  219 GiB  63 GiB  1.3 GiB   19 GiB  1.8 TiB  10.84  0.99  179      up
176    hdd  1.97049   1.00000  2.0 TiB  219 GiB  64 GiB  221 MiB   18 GiB  1.8 TiB  10.84  0.99  183      up
186    hdd  1.97049   1.00000  2.0 TiB  222 GiB  67 GiB  2.2 GiB   19 GiB  1.8 TiB  11.00  1.01  191      up
196    hdd  1.97049   1.00000  2.0 TiB  218 GiB  63 GiB  1.9 GiB   18 GiB  1.8 TiB  10.82  0.99  180      up
206    hdd  1.97049   1.00000  2.0 TiB  221 GiB  65 GiB  2.1 GiB   19 GiB  1.8 TiB  10.94  1.00  195      up
216    hdd  1.97049   1.00000  2.0 TiB  220 GiB  65 GiB  811 MiB   19 GiB  1.8 TiB  10.90  1.00  188      up
226    hdd  1.97049   1.00000  2.0 TiB  222 GiB  66 GiB  1.9 GiB   19 GiB  1.8 TiB  10.98  1.01  186      up
236    hdd  1.97049   1.00000  2.0 TiB  221 GiB  66 GiB  2.0 GiB   19 GiB  1.8 TiB  10.97  1.01  184      up
  0    hdd  1.97049   1.00000  2.0 TiB  219 GiB  64 GiB  2.5 GiB   18 GiB  1.8 TiB  10.84  0.99  185      up
 10    hdd  1.97049   1.00000  2.0 TiB  222 GiB  67 GiB  706 MiB   19 GiB  1.8 TiB  10.99  1.01  187      up
 23    hdd  1.97049   1.00000  2.0 TiB  221 GiB  66 GiB  1.2 GiB   19 GiB  1.8 TiB  10.98  1.01  186      up
 35    hdd  1.97049   1.00000  2.0 TiB  219 GiB  64 GiB  2.2 GiB   18 GiB  1.8 TiB  10.84  0.99  180      up
 45    hdd  1.97049   1.00000  2.0 TiB  222 GiB  67 GiB  1.1 GiB   19 GiB  1.8 TiB  10.99  1.01  196      up
 55    hdd  1.97049   1.00000  2.0 TiB  219 GiB  64 GiB  2.5 GiB   18 GiB  1.8 TiB  10.85  0.99  190      up
 64    hdd  1.97049   1.00000  2.0 TiB  220 GiB  64 GiB  1.1 GiB   18 GiB  1.8 TiB  10.88  1.00  183      up
 75    hdd  1.97049   1.00000  2.0 TiB  219 GiB  64 GiB  482 MiB   19 GiB  1.8 TiB  10.85  0.99  180      up
 85    hdd  1.97049   1.00000  2.0 TiB  218 GiB  63 GiB  1.8 GiB   18 GiB  1.8 TiB  10.82  0.99  183      up
 95    hdd  1.97049   1.00000  2.0 TiB  221 GiB  66 GiB  380 MiB   19 GiB  1.8 TiB  10.97  1.01  183      up
105    hdd  1.97049   1.00000  2.0 TiB  222 GiB  67 GiB  2.1 GiB   19 GiB  1.8 TiB  10.99  1.01  189      up
115    hdd  1.97049   1.00000  2.0 TiB  220 GiB  65 GiB  2.1 GiB   18 GiB  1.8 TiB  10.92  1.00  184      up
125    hdd  1.97049   1.00000  2.0 TiB  222 GiB  67 GiB  2.6 GiB   19 GiB  1.8 TiB  11.00  1.01  191      up
135    hdd  1.97049   1.00000  2.0 TiB  218 GiB  63 GiB  1.7 GiB   18 GiB  1.8 TiB  10.82  0.99  178      up
145    hdd  1.97049   1.00000  2.0 TiB  218 GiB  63 GiB  717 MiB   18 GiB  1.8 TiB  10.82  0.99  178      up
155    hdd  1.97049   1.00000  2.0 TiB  218 GiB  63 GiB  547 MiB   18 GiB  1.8 TiB  10.82  0.99  178      up
165    hdd  1.97049   1.00000  2.0 TiB  220 GiB  64 GiB  1.4 GiB   19 GiB  1.8 TiB  10.88  1.00  177      up
175    hdd  1.97049   1.00000  2.0 TiB  218 GiB  63 GiB  1.6 GiB   18 GiB  1.8 TiB  10.82  0.99  178      up
185    hdd  1.97049   1.00000  2.0 TiB  221 GiB  66 GiB  2.7 GiB   19 GiB  1.8 TiB  10.97  1.01  192      up
195    hdd  1.97049   1.00000  2.0 TiB  221 GiB  66 GiB  935 MiB   19 GiB  1.8 TiB  10.97  1.01  194      up
205    hdd  1.97049   1.00000  2.0 TiB  222 GiB  67 GiB  1.1 GiB   19 GiB  1.8 TiB  10.99  1.01  187      up
215    hdd  1.97049   1.00000  2.0 TiB  220 GiB  65 GiB  1.5 GiB   19 GiB  1.8 TiB  10.92  1.00  188      up
225    hdd  1.97049   1.00000  2.0 TiB  218 GiB  63 GiB  2.4 GiB   18 GiB  1.8 TiB  10.82  0.99  180      up
235    hdd  1.97049   1.00000  2.0 TiB  221 GiB  65 GiB  2.2 GiB   19 GiB  1.8 TiB  10.94  1.00  189      up
  5    hdd  1.97049   1.00000  2.0 TiB  219 GiB  64 GiB  2.6 GiB   18 GiB  1.8 TiB  10.85  0.99  184      up
 16    hdd  1.97049   1.00000  2.0 TiB  222 GiB  67 GiB  2.1 GiB   19 GiB  1.8 TiB  10.99  1.01  185      up
 27    hdd  1.97049   1.00000  2.0 TiB  218 GiB  63 GiB  1.5 GiB   18 GiB  1.8 TiB  10.82  0.99  176      up
 37    hdd  1.97049   1.00000  2.0 TiB  221 GiB  66 GiB  2.0 GiB   19 GiB  1.8 TiB  10.95  1.00  188      up
 46    hdd  1.97049   1.00000  2.0 TiB  218 GiB  63 GiB  3.0 GiB   18 GiB  1.8 TiB  10.82  0.99  183      up
 56    hdd  1.97049   1.00000  2.0 TiB  218 GiB  63 GiB  1.7 GiB   18 GiB  1.8 TiB  10.82  0.99  181      up
 66    hdd  1.97049   1.00000  2.0 TiB  218 GiB  63 GiB  1.5 GiB   18 GiB  1.8 TiB  10.82  0.99  174      up
 76    hdd  1.97049   1.00000  2.0 TiB  219 GiB  63 GiB  2.1 GiB   18 GiB  1.8 TiB  10.84  0.99  184      up
 86    hdd  1.97049   1.00000  2.0 TiB  222 GiB  67 GiB  2.4 GiB   19 GiB  1.8 TiB  10.99  1.01  187      up
 96    hdd  1.97049   1.00000  2.0 TiB  218 GiB  63 GiB  2.7 GiB   18 GiB  1.8 TiB  10.82  0.99  185      up
107    hdd  1.97049   1.00000  2.0 TiB  219 GiB  64 GiB  1.9 GiB   18 GiB  1.8 TiB  10.84  0.99  186      up
117    hdd  1.97049   1.00000  2.0 TiB  218 GiB  63 GiB  1.9 GiB   18 GiB  1.8 TiB  10.83  0.99  179      up
127    hdd  1.97049   1.00000  2.0 TiB  221 GiB  66 GiB  1.9 GiB   19 GiB  1.8 TiB  10.98  1.01  197      up
137    hdd  1.97049   1.00000  2.0 TiB  222 GiB  66 GiB  2.1 GiB   19 GiB  1.8 TiB  10.99  1.01  194      up
147    hdd  1.97049   1.00000  2.0 TiB  220 GiB  65 GiB  2.1 GiB   19 GiB  1.8 TiB  10.92  1.00  186      up
157    hdd  1.97049   1.00000  2.0 TiB  222 GiB  67 GiB  1.4 GiB   19 GiB  1.8 TiB  11.00  1.01  193      up
167    hdd  1.97049   1.00000  2.0 TiB  218 GiB  63 GiB  2.3 GiB   18 GiB  1.8 TiB  10.83  0.99  186      up
177    hdd  1.97049   1.00000  2.0 TiB  218 GiB  63 GiB  1.1 GiB   18 GiB  1.8 TiB  10.82  0.99  177      up
187    hdd  1.97049   1.00000  2.0 TiB  218 GiB  63 GiB  2.0 GiB   19 GiB  1.8 TiB  10.82  0.99  182      up
197    hdd  1.97049   1.00000  2.0 TiB  221 GiB  65 GiB  946 MiB   19 GiB  1.8 TiB  10.94  1.00  186      up
207    hdd  1.97049   1.00000  2.0 TiB  222 GiB  67 GiB  1.7 GiB   19 GiB  1.8 TiB  10.99  1.01  189      up
217    hdd  1.97049   1.00000  2.0 TiB  218 GiB  63 GiB  1.8 GiB   18 GiB  1.8 TiB  10.82  0.99  190      up
227    hdd  1.97049   1.00000  2.0 TiB  221 GiB  66 GiB  808 MiB   19 GiB  1.8 TiB  10.97  1.01  188      up
237    hdd  1.97049   1.00000  2.0 TiB  218 GiB  63 GiB  1.1 GiB   19 GiB  1.8 TiB  10.82  0.99  180      up
                        TOTAL  567 TiB   62 TiB  18 TiB  508 GiB  5.3 TiB  506 TiB  10.91                   
MIN/MAX VAR: 0.99/1.01  STDDEV: 0.07
2022/03/03-12:07:30: \n osd_memory_targets: osd.1: 11683794359
osd.2: 11683794359
osd.3: 11683794359
osd.4: 11683794359
osd.5: 11683794359
osd.6: 11683794359
osd.7: 11683794359
osd.8: 11683794359
osd.9: 11683794359
osd.10: 11683794359
osd.11: 11683794359
osd.12: 11683794359
osd.13: 11683794359
osd.14: 11683794359
osd.15: 11683794359
osd.16: 11683794359
osd.17: 11683794359
osd.18: 11683794359
osd.19: 11683794359
osd.20: 11683794359
osd.21: 11683794359
osd.22: 11683794359
osd.23: 11683794359
osd.24: 11683794359
osd.25: 11683794359
osd.26: 11683794359
osd.27: 11683794359
osd.28: 11683794359
osd.29: 11683794359
osd.30: 11683794359
osd.31: 11683794359
osd.32: 11683794359
osd.33: 11683794359
osd.34: 11683794359
osd.35: 11683794359
osd.36: 11683794359
osd.37: 11683794359
osd.38: 11683794359
osd.39: 11683794359
osd.40: 11683794359
osd.41: 11683794359
osd.42: 11683794359
osd.43: 11683794359
osd.44: 11683794359
osd.45: 11683794359
osd.46: 11683794359
osd.47: 11683794359
osd.48: 11683794359
osd.49: 11683794359
osd.50: 11683794359
osd.51: 11683794359
osd.52: 11683794359
osd.53: 11683794359
osd.54: 11683794359
osd.55: 11683794359
osd.56: 11683794359
osd.57: 11683794359
osd.58: 11683794359
osd.59: 11683794359
osd.60: 11683794359
osd.61: 11683794359
osd.62: 11683794359
osd.63: 11683794359
osd.64: 11683794359
osd.65: 11683794359
osd.66: 11683794359
osd.67: 11683794359
osd.68: 11683794359
osd.69: 11683794359
osd.70: 11683794359
osd.71: 11683794359
osd.72: 11683794359
osd.73: 11683794359
osd.74: 11683794359
osd.75: 11683794359
osd.76: 11683794359
osd.77: 11683794359
osd.78: 11683794359
osd.79: 11683794359
osd.80: 11683794359
osd.81: 11683794359
osd.82: 11683794359
osd.83: 11683794359
osd.84: 11683794359
osd.85: 11683794359
osd.86: 11683794359
osd.87: 11683794359
osd.88: 11683794359
osd.89: 11683794359
osd.90: 11683794359
osd.91: 11683794359
osd.92: 11683794359
osd.93: 11683794359
osd.94: 11683794359
osd.95: 11683794359
osd.96: 11683794359
osd.97: 11683794359
osd.98: 11683794359
osd.99: 11683794359
osd.100: 11683794359
osd.101: 11683794359
osd.102: 11683794359
osd.103: 11683794359
osd.104: 11683794359
osd.105: 11683794359
osd.106: 11683794359
osd.107: 11683794359
osd.108: 11683794359
osd.109: 11683794359
osd.110: 11683794359
osd.111: 11683794359
osd.112: 11683794359
osd.113: 11683794359
osd.114: 11683794359
osd.115: 11683794359
osd.116: 11683794359
osd.117: 11683794359
osd.118: 11683794359
osd.119: 11683794359
osd.120: 11683794359
osd.121: 11683794359
osd.122: 11683794359
osd.123: 11683794359
osd.124: 11683794359
osd.125: 11683794359
osd.126: 11683794359
osd.127: 11683794359
osd.128: 11683794359
osd.129: 11683794359
osd.130: 11683794359
osd.131: 11683794359
osd.132: 11683794359
osd.133: 11683794359
osd.134: 11683794359
osd.135: 11683794359
osd.136: 11683794359
osd.137: 11683794359
osd.138: 11683794359
osd.139: 11683794359
osd.140: 11683794359
osd.141: 11683794359
osd.142: 11683794359
osd.143: 11683794359
osd.144: 11683794359
osd.145: 11683794359
osd.146: 11683794359
osd.147: 11683794359
osd.148: 11683794359
osd.149: 11683794359
osd.150: 11683794359
osd.151: 11683794359
osd.152: 11683794359
osd.153: 11683794359
osd.154: 11683794359
osd.155: 11683794359
osd.156: 11683794359
osd.157: 11683794359
osd.158: 11683794359
osd.159: 11683794359
osd.160: 11683794359
osd.161: 11683794359
osd.162: 11683794359
osd.163: 11683794359
osd.164: 11683794359
osd.165: 11683794359
osd.166: 11683794359
osd.167: 11683794359
osd.168: 11683794359
osd.169: 11683794359
osd.170: 11683794359
osd.171: 11683794359
osd.172: 11683794359
osd.173: 11683794359
osd.174: 11683794359
osd.175: 11683794359
osd.176: 11683794359
osd.177: 11683794359
osd.178: 11683794359
osd.179: 11683794359
osd.180: 11683794359
osd.181: 11683794359
osd.182: 11683794359
osd.183: 11683794359
osd.184: 11683794359
osd.185: 11683794359
osd.186: 11683794359
osd.187: 11683794359
osd.188: 11683794359
osd.189: 11683794359
osd.190: 11683794359
osd.191: 11683794359
osd.192: 11683794359
osd.193: 11683794359
osd.194: 11683794359
osd.195: 11683794359
osd.196: 11683794359
osd.197: 11683794359
osd.198: 11683794359
osd.199: 11683794359
osd.200: 11683794359
osd.201: 11683794359
osd.202: 11683794359
osd.203: 11683794359
osd.204: 11683794359
osd.205: 11683794359
osd.206: 11683794359
osd.207: 11683794359
osd.208: 11683794359
osd.209: 11683794359
osd.210: 11683794359
osd.211: 11683794359
osd.212: 11683794359
osd.213: 11683794359
osd.214: 11683794359
osd.215: 11683794359
osd.216: 11683794359
osd.217: 11683794359
osd.218: 11683794359
osd.219: 11683794359
osd.220: 11683794359
osd.221: 11683794359
osd.222: 11683794359
osd.223: 11683794359
osd.224: 11683794359
osd.225: 11683794359
osd.226: 11683794359
osd.227: 11683794359
osd.228: 11683794359
osd.229: 11683794359
osd.230: 11683794359
osd.231: 11683794359
osd.232: 11683794359
osd.233: 11683794359
osd.234: 11683794359
osd.235: 11683794359
osd.236: 11683794359
osd.237: 11683794359
osd.238: 11683794359
osd.239: 11683794359
osd.240: 11683794359
osd.241: 11683794359
osd.242: 11683794359
osd.243: 11683794359
osd.244: 11683794359
osd.245: 11683794359
osd.246: 11683794359
osd.247: 11683794359
osd.248: 11683794359
osd.249: 11683794359
osd.250: 11683794359
osd.251: 11683794359
osd.252: 11683794359
osd.253: 11683794359
osd.254: 11683794359
osd.255: 11683794359
osd.256: 11683794359
osd.257: 11683794359
osd.258: 11683794359
osd.259: 11683794359
osd.260: 11683794359
osd.261: 11683794359
osd.262: 11683794359
osd.263: 11683794359
osd.264: 11683794359
osd.265: 11683794359
osd.266: 11683794359
osd.267: 11683794359
osd.268: 11683794359
osd.269: 11683794359
osd.270: 11683794359
osd.271: 11683794359
osd.272: 11683794359
osd.273: 11683794359
osd.274: 11683794359
osd.275: 11683794359
osd.276: 11683794359
osd.277: 11683794359
osd.278: 11683794359
osd.279: 11683794359
osd.280: 11683794359
osd.281: 11683794359
osd.282: 11683794359
osd.283: 11683794359
osd.284: 11683794359
osd.285: 11683794359
osd.286: 11683794359
osd.287: 11683794359
osd.288: 11683794359

PG Autoscale:
POOL                         SIZE  TARGET SIZE  RATE  RAW CAPACITY   RATIO  TARGET RATIO  EFFECTIVE RATIO  BIAS  PG_NUM  NEW PG_NUM  AUTOSCALE  PROFILE   
device_health_metrics       5073k                3.0        567.4T  0.0000                                  1.0       1              on         scale-up  
default.rgw.control            0                 3.0        567.4T  0.0000                                  1.0     256              on         scale-up  
default.rgw.buckets.data   12449G                1.5        567.4T  0.0321                                  1.0    8192              on         scale-up  
default.rgw.buckets.index  169.3G                3.0        567.4T  0.0009                                  1.0     512              on         scale-up  
default.rgw.log             2245k                3.0        567.4T  0.0000                                  1.0     256              on         scale-up  
default.rgw.meta            1978k                3.0        567.4T  0.0000                                  1.0     256              on         scale-up  
.rgw.root                   1323                 3.0        567.4T  0.0000                                  1.0     256              on         scale-up  

RGW netstat & qlen/qactive ...
f10-h01-000-6049p.rdu2.scalelab.redhat.com
Proto Recv-Q Send-Q Local Address           Foreign Address         State       PID/Program name    
tcp        0      0 172.17.36.220:8080      0.0.0.0:*               LISTEN      651156/radosgw      
        "qlen": 251,
        "qactive": 251,
f10-h05-000-6049p.rdu2.scalelab.redhat.com
Proto Recv-Q Send-Q Local Address           Foreign Address         State       PID/Program name    
tcp        0      0 172.17.36.178:8080      0.0.0.0:*               LISTEN      996518/radosgw      
        "qlen": 63,
        "qactive": 63,
f10-h09-000-6049p.rdu2.scalelab.redhat.com
Proto Recv-Q Send-Q Local Address           Foreign Address         State       PID/Program name    
tcp        0      0 172.17.39.213:8080      0.0.0.0:*               LISTEN      1034084/radosgw     
        "qlen": 138,
        "qactive": 138,
f10-h13-000-6049p.rdu2.scalelab.redhat.com
Proto Recv-Q Send-Q Local Address           Foreign Address         State       PID/Program name    
tcp        0      0 172.17.39.109:8080      0.0.0.0:*               LISTEN      1059842/radosgw     
        "qlen": 270,
        "qactive": 270,
f10-h17-000-6049p.rdu2.scalelab.redhat.com
Proto Recv-Q Send-Q Local Address           Foreign Address         State       PID/Program name    
tcp        0      0 172.17.36.9:8080        0.0.0.0:*               LISTEN      1026815/radosgw     
        "qlen": 302,
        "qactive": 302,
f10-h21-000-6049p.rdu2.scalelab.redhat.com
Proto Recv-Q Send-Q Local Address           Foreign Address         State       PID/Program name    
tcp        0      0 172.17.38.57:8080       0.0.0.0:*               LISTEN      1016683/radosgw     
        "qlen": 57,
        "qactive": 57,
f10-h25-000-6049p.rdu2.scalelab.redhat.com
Proto Recv-Q Send-Q Local Address           Foreign Address         State       PID/Program name    
tcp        0      0 172.17.36.180:8080      0.0.0.0:*               LISTEN      975966/radosgw      
        "qlen": 215,
        "qactive": 215,
f11-h01-000-6049p.rdu2.scalelab.redhat.com
Proto Recv-Q Send-Q Local Address           Foreign Address         State       PID/Program name    
tcp        0      0 172.17.39.208:8080      0.0.0.0:*               LISTEN      1065879/radosgw     
        "qlen": 71,
        "qactive": 71,
f11-h05-000-6049p.rdu2.scalelab.redhat.com
Proto Recv-Q Send-Q Local Address           Foreign Address         State       PID/Program name    
tcp        0      0 172.17.39.190:8080      0.0.0.0:*               LISTEN      988390/radosgw      
        "qlen": 350,
        "qactive": 350,
f11-h09-000-6049p.rdu2.scalelab.redhat.com
Proto Recv-Q Send-Q Local Address           Foreign Address         State       PID/Program name    
tcp        0      0 172.17.38.145:8080      0.0.0.0:*               LISTEN      1039216/radosgw     
        "qlen": 70,
        "qactive": 70,
f11-h13-000-6049p.rdu2.scalelab.redhat.com
Proto Recv-Q Send-Q Local Address           Foreign Address         State       PID/Program name    
tcp        0      0 172.17.36.186:8080      0.0.0.0:*               LISTEN      901071/radosgw      
        "qlen": 167,
        "qactive": 167,
f11-h17-000-6049p.rdu2.scalelab.redhat.com
Proto Recv-Q Send-Q Local Address           Foreign Address         State       PID/Program name    
tcp        0      0 172.17.36.13:8080       0.0.0.0:*               LISTEN      1008819/radosgw     
        "qlen": 100,
        "qactive": 100,

--------------------------------------------------------

2022/03/03-12:12:52: RESHARD Queue Length 1
2022/03/03-12:12:52: RESHARD List []

LA: 2022/03/03-12:12:53:   10.83, 8.58, 4.75

RGW stats:          proc   %cpu %mem  vsz    rss     memused       memlimit
f10-h01-000-6049p.rdu2.scalelab.redhat.com   radosgw 135 0.0 9855000 297576   370615197696   9223372036854771712
f10-h05-000-6049p.rdu2.scalelab.redhat.com   radosgw 138 0.0 9893160 295796   384173322240   9223372036854771712
f10-h09-000-6049p.rdu2.scalelab.redhat.com   radosgw 136 0.0 9930484 296180   384384000000   9223372036854771712
f10-h13-000-6049p.rdu2.scalelab.redhat.com   radosgw 138 0.0 9881352 277932   377865252864   9223372036854771712
f10-h17-000-6049p.rdu2.scalelab.redhat.com   radosgw 137 0.0 10104868 308008   371776577536   9223372036854771712
f10-h21-000-6049p.rdu2.scalelab.redhat.com   radosgw 136 0.0 9827300 315780   379219238912   9223372036854771712
f10-h25-000-6049p.rdu2.scalelab.redhat.com   radosgw 134 0.0 9890340 358164   390624530432   9223372036854771712
f11-h01-000-6049p.rdu2.scalelab.redhat.com   radosgw 136 0.0 9858324 324860   381052641280   9223372036854771712
f11-h05-000-6049p.rdu2.scalelab.redhat.com   radosgw 137 0.0 9947200 329320   381326000128   9223372036854771712
f11-h09-000-6049p.rdu2.scalelab.redhat.com   radosgw 137 0.0 10073104 292860   386084872192   9223372036854771712
f11-h13-000-6049p.rdu2.scalelab.redhat.com   radosgw 138 0.0 9950264 314008   372843941888   9223372036854771712
f11-h17-000-6049p.rdu2.scalelab.redhat.com   radosgw 138 0.0 9882628 291388   379784921088   9223372036854771712

OSD: 
2022/03/03-12:13:01: f10-h01-000-6049p.rdu2.scalelab.redhat.com ceph-osd        30.0  2.8 14089940 11260992
ceph-osd        31.7  2.7 13972088 10832552
ceph-osd        22.1  2.8 14147928 11305916
ceph-osd        29.6  2.8 14194568 11281056
ceph-osd        21.4  2.8 14710532 11159080
ceph-osd        21.6  2.8 14721808 11202632
ceph-osd        22.7  2.8 15010460 11119520
ceph-osd        21.6  2.8 14357660 11409348
ceph-osd        24.4  2.8 14162068 11274916
ceph-osd        22.7  2.7 14239164 10820416
ceph-osd        23.0  2.8 14452276 11342664
ceph-osd        24.4  2.8 14106084 11303888
ceph-osd        28.0  2.8 14198500 11299292
ceph-osd        26.7  2.7 14178656 10993596
ceph-osd        28.9  2.8 13979212 11293524
ceph-osd        22.6  2.8 14318440 11380972
ceph-osd        23.3  2.8 14452532 11371108
ceph-osd        26.1  2.7 14271456 10889288
ceph-osd        23.5  2.8 14201824 11316512
ceph-osd        24.6  2.8 14181692 11267832
ceph-osd        24.7  2.8 14165160 11406816
ceph-osd        23.0  2.7 14820472 10841704
ceph-osd        27.0  2.8 13993240 11254532
ceph-osd        23.3  2.8 14185584 11373520
2022/03/03-12:13:01: f10-h05-000-6049p.rdu2.scalelab.redhat.com ceph-osd        22.1  2.8 14892860 11290572
ceph-osd        24.2  2.7 14299512 10763092
ceph-osd        21.5  2.8 14256852 11289680
ceph-osd        28.5  2.8 13669708 11409260
ceph-osd        22.0  2.8 14288764 11129484
ceph-osd        23.1  2.7 13999280 11027328
ceph-osd        23.9  2.8 14803312 11141136
ceph-osd        24.5  2.8 14271764 11208612
ceph-osd        26.9  2.8 13956620 11234744
ceph-osd        28.6  2.8 14252000 11115896
ceph-osd        23.7  2.7 14246232 11031396
ceph-osd        28.0  2.8 14122292 11236816
ceph-osd        24.3  2.9 14177132 11473528
ceph-osd        25.4  2.8 14222144 11122340
ceph-osd        25.3  2.8 14350088 11278616
ceph-osd        26.9  2.8 14263804 11067316
ceph-osd        22.4  2.8 14094788 11055624
ceph-osd        21.8  2.8 14568480 11207528
ceph-osd        23.2  2.8 14141728 11282748
ceph-osd        24.6  2.7 14489236 10929052
ceph-osd        27.0  2.7 13910420 10878660
ceph-osd        25.6  2.7 14427100 10872848
ceph-osd        25.0  2.8 14038312 11367472
ceph-osd        21.9  2.7 14986400 11034060
2022/03/03-12:13:01: f10-h09-000-6049p.rdu2.scalelab.redhat.com ceph-osd        27.8  2.8 13868736 11430092
ceph-osd        22.5  2.8 14202004 11100848
ceph-osd        25.6  2.8 14290704 11315748
ceph-osd        26.6  2.8 13924616 11380948
ceph-osd        27.9  2.8 14068744 11243308
ceph-osd        26.9  2.7 14239592 10963076
ceph-osd        22.0  2.8 14586660 11337556
ceph-osd        24.5  2.7 14116300 10736076
ceph-osd        26.4  2.8 13965104 11373292
ceph-osd        23.3  2.8 14343364 11426316
ceph-osd        25.8  2.7 13776036 11004308
ceph-osd        29.4  2.8 13708672 11399776
ceph-osd        19.9  2.8 15187572 11287692
ceph-osd        25.7  2.8 14098756 11302688
ceph-osd        25.6  2.8 14036764 11335460
ceph-osd        24.6  2.8 14006564 11280536
ceph-osd        21.6  2.8 14086264 11423880
ceph-osd        23.6  2.7 14030792 10974696
ceph-osd        23.4  2.7 14165984 11038292
ceph-osd        26.1  2.8 14552312 11304248
ceph-osd        22.4  2.8 14235664 11157816
ceph-osd        19.1  2.8 14412720 11220980
ceph-osd        25.2  2.7 14130604 10932016
ceph-osd        28.2  2.7 14135684 10959536
2022/03/03-12:13:01: f10-h13-000-6049p.rdu2.scalelab.redhat.com ceph-osd        28.4  2.8 14157140 11326084
ceph-osd        19.0  2.8 14387076 11278036
ceph-osd        24.9  2.8 14428564 11417936
ceph-osd        22.9  2.8 14157408 11372072
ceph-osd        28.9  2.9 13550012 11454848
ceph-osd        26.7  2.8 14263668 11225824
ceph-osd        23.1  2.8 14283664 11217700
ceph-osd        28.5  2.8 14181660 11155464
ceph-osd        26.6  2.8 14103596 11097260
ceph-osd        20.9  2.8 14592132 11059088
ceph-osd        22.2  2.8 14106172 11107364
ceph-osd        23.8  2.8 14240392 11332736
ceph-osd        21.6  2.8 14313000 11117764
ceph-osd        23.3  2.8 14344712 11369848
ceph-osd        26.0  2.8 14208884 11173672
ceph-osd        22.4  2.7 14215816 11048228
ceph-osd        25.6  2.8 13944312 11299620
ceph-osd        26.2  2.9 14172704 11443944
ceph-osd        23.4  2.8 14119088 11093776
ceph-osd        28.3  2.8 14296064 11257856
ceph-osd        22.0  2.8 14368508 11224528
ceph-osd        22.9  2.8 14271928 11191376
ceph-osd        21.8  2.8 14741060 11199032
ceph-osd        22.8  2.8 14708780 11103216
2022/03/03-12:13:02: f10-h17-000-6049p.rdu2.scalelab.redhat.com ceph-osd        21.4  2.8 14269428 11188168
ceph-osd        27.8  2.8 14048580 11268768
ceph-osd        25.6  2.8 14229212 11127476
ceph-osd        26.0  2.7 14687588 10965924
ceph-osd        26.7  2.7 14311240 11044964
ceph-osd        22.4  2.8 14224396 11391636
ceph-osd        27.2  2.8 13850656 11415360
ceph-osd        24.8  2.8 14085260 11376228
ceph-osd        23.1  2.8 14244336 11163664
ceph-osd        24.6  2.8 14274780 11258332
ceph-osd        24.6  2.7 14137756 10966452
ceph-osd        22.5  2.8 14270620 11289308
ceph-osd        24.0  2.8 14329992 11302624
ceph-osd        22.5  2.8 15319148 11400660
ceph-osd        22.0  2.7 14601064 11046492
ceph-osd        25.4  2.8 14310800 11260708
ceph-osd        26.7  2.8 14148068 11318512
ceph-osd        22.6  2.7 14438036 11045092
ceph-osd        26.8  2.8 13764192 11059588
ceph-osd        22.7  2.8 14424872 11303696
ceph-osd        24.7  2.8 14472628 11108180
ceph-osd        26.3  2.8 14028588 11072992
ceph-osd        25.1  2.8 14322376 11260608
ceph-osd        22.7  2.8 14343720 11244220
2022/03/03-12:13:02: f10-h21-000-6049p.rdu2.scalelab.redhat.com ceph-osd        20.1  2.7 14159968 10952188
ceph-osd        24.7  2.8 14068116 11349252
ceph-osd        21.0  2.8 15298332 11129240
ceph-osd        22.5  2.8 14319508 11310996
ceph-osd        20.4  2.8 14324476 11359280
ceph-osd        21.1  2.8 14285992 11298548
ceph-osd        20.7  2.7 14323208 10891588
ceph-osd        23.1  2.8 13939488 11250136
ceph-osd        26.4  2.7 14199564 11004916
ceph-osd        23.9  2.8 14438548 11336736
ceph-osd        25.7  2.8 14139348 11376416
ceph-osd        20.6  2.8 14218916 11263236
ceph-osd        23.7  2.8 14263796 11209508
ceph-osd        23.2  2.8 14292496 11176844
ceph-osd        25.1  2.8 13700624 11283620
ceph-osd        27.3  2.8 14050968 11122592
ceph-osd        23.6  2.8 14031284 11325368
ceph-osd        23.3  2.8 14775032 11428688
ceph-osd        20.8  2.8 14283640 11336256
ceph-osd        23.4  2.7 14431728 11029100
ceph-osd        22.8  2.8 14578448 11129916
ceph-osd        21.1  2.8 14224088 11195232
ceph-osd        27.6  2.8 14180040 11064624
ceph-osd        25.9  2.8 14295004 11128160
2022/03/03-12:13:02: f10-h25-000-6049p.rdu2.scalelab.redhat.com ceph-osd        23.3  2.8 14021720 11257636
ceph-osd        22.9  2.7 14419592 11020936
ceph-osd        22.9  2.8 14242372 11148796
ceph-osd        24.0  2.8 14224612 11336904
ceph-osd        21.5  2.8 14294884 11147536
ceph-osd        20.3  2.8 14672216 11133236
ceph-osd        24.1  2.8 14066528 11274528
ceph-osd        22.3  2.8 14717196 11390920
ceph-osd        21.0  2.8 14463036 11427396
ceph-osd        25.4  2.8 14549128 11168112
ceph-osd        20.4  2.8 14760216 11302256
ceph-osd        22.2  2.8 14154100 11347556
ceph-osd        21.0  2.9 14694888 11462740
ceph-osd        24.6  2.8 14038116 11133340
ceph-osd        19.2  2.8 14853328 11180048
ceph-osd        23.7  2.8 14104624 11086848
ceph-osd        24.7  2.8 14068428 11346840
ceph-osd        19.2  2.8 14435232 11402584
ceph-osd        23.0  2.8 14232712 11377756
ceph-osd        24.2  2.8 14373136 11375252
ceph-osd        23.4  2.8 14373784 11319212
ceph-osd        26.6  2.8 13875260 11317852
ceph-osd        23.3  2.7 14513656 10910704
ceph-osd        20.9  2.8 14316868 11105076
2022/03/03-12:13:02: f11-h01-000-6049p.rdu2.scalelab.redhat.com ceph-osd        23.3  2.8 14369632 11083124
ceph-osd        26.5  2.8 14310500 11315428
ceph-osd        22.0  2.8 14045336 11256628
ceph-osd        22.1  2.8 14131736 11085040
ceph-osd        21.4  2.7 14764408 10836944
ceph-osd        25.4  2.8 14425540 11403848
ceph-osd        28.1  2.8 13989196 11284572
ceph-osd        23.6  2.7 14933824 10890528
ceph-osd        24.4  2.8 14466956 11231240
ceph-osd        23.4  2.7 14420828 11017968
ceph-osd        26.1  2.8 14219800 11227464
ceph-osd        24.1  2.8 14319660 11275576
ceph-osd        28.7  2.8 13846268 11159316
ceph-osd        25.2  2.8 14031980 11306912
ceph-osd        20.9  2.8 15217496 11373040
ceph-osd        22.5  2.8 14228824 11197508
ceph-osd        23.9  2.8 14028444 11267344
ceph-osd        19.8  2.7 14636388 10945420
ceph-osd        23.4  2.8 14390500 11295040
ceph-osd        22.2  2.8 14308056 11301596
ceph-osd        23.6  2.9 14290928 11445624
ceph-osd        25.2  2.8 14273544 11297680
ceph-osd        22.8  2.8 14458976 11137144
ceph-osd        22.8  2.8 14328172 11273236
2022/03/03-12:13:02: f11-h05-000-6049p.rdu2.scalelab.redhat.com ceph-osd        25.7  2.8 14216036 11247808
ceph-osd        25.7  2.8 14280460 11327380
ceph-osd        22.8  2.8 15026016 11308160
ceph-osd        20.2  2.8 15302132 11431408
ceph-osd        24.1  2.8 14317312 11406196
ceph-osd        22.9  2.8 15096488 11053848
ceph-osd        21.8  2.8 14313000 11278180
ceph-osd        22.4  2.8 14213084 11433452
ceph-osd        26.0  2.8 14465252 11293480
ceph-osd        21.2  2.7 14333576 10909988
ceph-osd        28.2  2.8 13812188 11265824
ceph-osd        24.8  2.8 14319604 11159484
ceph-osd        23.3  2.8 14379764 11408592
ceph-osd        19.9  2.8 14605256 11123300
ceph-osd        25.4  2.7 13946364 10949992
ceph-osd        25.5  2.8 14187420 11195000
ceph-osd        23.5  2.9 14385200 11454140
ceph-osd        23.4  2.7 14570080 11010920
ceph-osd        23.8  2.8 14330644 11314880
ceph-osd        21.9  2.8 14069388 11381092
ceph-osd        27.5  2.8 13958148 11317564
ceph-osd        23.8  2.8 14146668 11353056
ceph-osd        25.0  2.8 14376504 11235464
ceph-osd        25.4  2.8 14166444 11185760
2022/03/03-12:13:03: f11-h09-000-6049p.rdu2.scalelab.redhat.com ceph-osd        25.2  2.8 14413428 11369264
ceph-osd        25.9  2.8 14216844 11375216
ceph-osd        23.5  2.7 14192996 10848724
ceph-osd        21.2  2.8 14968052 11411408
ceph-osd        21.6  2.8 14479024 11110564
ceph-osd        24.0  2.8 14412396 11384008
ceph-osd        25.6  2.8 14397200 11064948
ceph-osd        20.2  2.8 14950176 11130208
ceph-osd        29.0  2.7 13927464 10922796
ceph-osd        26.1  2.7 13874472 10984736
ceph-osd        24.5  2.8 14231704 11063516
ceph-osd        21.7  2.8 14800316 11239160
ceph-osd        24.2  2.8 14872872 11291796
ceph-osd        23.1  2.8 14557740 11318512
ceph-osd        31.3  2.8 13935104 11374260
ceph-osd        24.4  2.8 14324868 11395344
ceph-osd        24.3  2.8 14109300 11365148
ceph-osd        19.7  2.7 14458316 10987852
ceph-osd        24.8  2.8 14197196 11118672
ceph-osd        24.0  2.9 14382020 11457612
ceph-osd        24.0  2.9 14292744 11448096
ceph-osd        23.7  2.8 14371760 11406036
ceph-osd        23.8  2.8 14141264 11108504
ceph-osd        23.9  2.8 14175644 11280952
2022/03/03-12:13:03: f11-h13-000-6049p.rdu2.scalelab.redhat.com ceph-osd        25.2  2.7 14199200 10868916
ceph-osd        24.3  2.7 14140324 10853056
ceph-osd        21.7  2.8 13812400 11365868
ceph-osd        20.7  2.8 15137480 11131400
ceph-osd        23.8  2.8 13915240 11311584
ceph-osd        27.3  2.8 14029972 11351780
ceph-osd        24.1  2.8 14201208 11371680
ceph-osd        24.3  2.8 14135340 11127208
ceph-osd        25.3  2.8 13923016 11297648
ceph-osd        23.6  2.8 14230300 11330056
ceph-osd        22.8  2.8 14611320 11124828
ceph-osd        21.0  2.8 14303740 11301900
ceph-osd        25.5  2.8 14180720 11140556
ceph-osd        21.3  2.8 14188520 11215000
ceph-osd        22.7  2.8 14211668 11093324
ceph-osd        24.8  2.8 13997404 11100556
ceph-osd        24.0  2.8 14438908 11349408
ceph-osd        21.3  2.9 14472844 11451664
ceph-osd        20.3  2.8 14790320 11113032
ceph-osd        23.4  2.8 14356800 11260612
ceph-osd        20.0  2.8 14667480 11216408
ceph-osd        21.6  2.8 14334360 11048928
ceph-osd        22.5  2.8 14304316 11140448
ceph-osd        27.1  2.8 14109572 11298448
2022/03/03-12:13:03: f11-h17-000-6049p.rdu2.scalelab.redhat.com ceph-osd        21.9  2.8 14698616 11212796
ceph-osd        23.2  2.8 14600588 11326280
ceph-osd        22.2  2.8 14685460 11290420
ceph-osd        21.8  2.9 14684668 11456328
ceph-osd        24.3  2.8 14604592 11344504
ceph-osd        25.9  2.8 13890808 11300044
ceph-osd        25.2  2.8 14244540 11150836
ceph-osd        23.2  2.8 14203152 11258476
ceph-osd        25.2  2.8 14208400 11221680
ceph-osd        21.0  2.8 14894488 11131000
ceph-osd        25.2  2.7 14508728 11046884
ceph-osd        26.4  2.8 14286620 11129624
ceph-osd        26.0  2.8 14264428 11154616
ceph-osd        23.1  2.8 14283956 11321636
ceph-osd        27.4  2.8 14219164 11342788
ceph-osd        21.7  2.8 14816004 11156360
ceph-osd        28.6  2.8 13730068 11183852
ceph-osd        22.7  2.8 13970192 11222928
ceph-osd        23.8  2.8 14201832 11315476
ceph-osd        22.9  2.8 15074056 11296864
ceph-osd        24.7  2.8 14153972 11065084
ceph-osd        23.4  2.8 14114284 11250488
ceph-osd        20.2  2.8 15189868 11147332
ceph-osd        20.9  2.8 15061128 11132716

Site2 buckets (rgw):
2022/03/03-12:13:11:         "bucket": "mycontainers1",
        "num_shards": 1453,
                "num_objects": 130279964
        "bucket": "mycontainers3",
        "num_shards": 1061,
                "num_objects": 74993175
        "bucket": "mycontainers4",
        "num_shards": 1493,
                "num_objects": 74994897
        "bucket": "mycontainers2",
        "num_shards": 1999,
                "num_objects": 130276112
        "bucket": "mycontainers5",
        "num_shards": 1087,
                "num_objects": 74995309

Cluster status
  cluster:
    id:     ffdc49e2-9622-11ec-9f52-ac1f6b2d5d2a
    health: HEALTH_OK
 
  services:
    mon: 3 daemons, quorum f13-h26-b04-5039ms.rdu2.scalelab.redhat.com,f13-h26-b08-5039ms,f13-h26-b07-5039ms (age 3d)
    mgr: f13-h26-b04-5039ms.rdu2.scalelab.redhat.com.uyhevq(active, since 3d), standbys: f13-h26-b08-5039ms.nhdqye, f13-h26-b07-5039ms.iweveu
    osd: 288 osds: 288 up (since 2d), 288 in (since 6d)
    rgw: 12 daemons active (12 hosts, 1 zones)
 
  data:
    pools:   7 pools, 9729 pgs
    objects: 485.56M objects, 6.6 TiB
    usage:   62 TiB used, 506 TiB / 567 TiB avail
    pgs:     9715 active+clean
             8    active+clean+scrubbing+deep
             6    active+clean+scrubbing
 
  io:
    client:   165 MiB/s rd, 96 MiB/s wr, 91.56k op/s rd, 77.73k op/s wr
 
2022/03/03-12:13:12: ceph df detail --- RAW STORAGE ---
CLASS     SIZE    AVAIL    USED  RAW USED  %RAW USED
hdd    567 TiB  506 TiB  62 TiB    62 TiB      10.91
TOTAL  567 TiB  506 TiB  62 TiB    62 TiB      10.91
 
--- POOLS ---
POOL                       ID   PGS   STORED   (DATA)   (OMAP)  OBJECTS     USED   (DATA)   (OMAP)  %USED  MAX AVAIL  QUOTA OBJECTS  QUOTA BYTES  DIRTY  USED COMPR  UNDER COMPR
device_health_metrics       1     1  5.0 MiB      0 B  5.0 MiB      315   15 MiB      0 B   15 MiB      0    159 TiB            N/A          N/A    N/A         0 B          0 B
default.rgw.control         6   256      0 B      0 B      0 B        8      0 B      0 B      0 B      0    159 TiB            N/A          N/A    N/A         0 B          0 B
default.rgw.buckets.data    7  8192   12 TiB   12 TiB      0 B  485.56M   18 TiB   18 TiB      0 B   3.68    318 TiB            N/A          N/A    N/A         0 B          0 B
default.rgw.buckets.index   8   512  169 GiB      0 B  169 GiB    8.22k  508 GiB      0 B  508 GiB   0.10    159 TiB            N/A          N/A    N/A         0 B          0 B
default.rgw.log             9   256  2.2 MiB   59 KiB  2.1 MiB      406  9.2 MiB  2.7 MiB  6.4 MiB      0    159 TiB            N/A          N/A    N/A         0 B          0 B
default.rgw.meta           10   256  1.9 MiB  3.6 KiB  1.9 MiB       17  6.0 MiB  192 KiB  5.8 MiB      0    159 TiB            N/A          N/A    N/A         0 B          0 B
.rgw.root                  11   256  1.3 KiB  1.3 KiB      0 B        4   48 KiB   48 KiB      0 B      0    159 TiB            N/A          N/A    N/A         0 B          0 B

Site2 pool PG counts:
pool 1 'device_health_metrics' replicated size 3 min_size 2 crush_rule 0 object_hash rjenkins pg_num 1 pgp_num 1 autoscale_mode on last_change 2043 flags hashpspool stripe_width 0 pg_num_min 1 application mgr_devicehealth,rgw
pool 6 'default.rgw.control' replicated size 3 min_size 2 crush_rule 0 object_hash rjenkins pg_num 256 pgp_num 256 autoscale_mode on last_change 862 flags hashpspool stripe_width 0 pg_num_min 256 application rgw
pool 7 'default.rgw.buckets.data' erasure profile myprofile size 6 min_size 5 crush_rule 1 object_hash rjenkins pg_num 8192 pgp_num 8192 autoscale_mode on last_change 878 lfor 0/0/876 flags hashpspool stripe_width 16384 pg_num_min 8192 application rgw
pool 8 'default.rgw.buckets.index' replicated size 3 min_size 2 crush_rule 0 object_hash rjenkins pg_num 512 pgp_num 512 autoscale_mode on last_change 864 flags hashpspool stripe_width 0 pg_num_min 512 application rgw
pool 9 'default.rgw.log' replicated size 3 min_size 2 crush_rule 0 object_hash rjenkins pg_num 256 pgp_num 256 autoscale_mode on last_change 865 flags hashpspool stripe_width 0 pg_num_min 256 application rgw
pool 10 'default.rgw.meta' replicated size 3 min_size 2 crush_rule 0 object_hash rjenkins pg_num 256 pgp_num 256 autoscale_mode on last_change 866 flags hashpspool stripe_width 0 pg_num_min 256 application rgw
pool 11 '.rgw.root' replicated size 3 min_size 2 crush_rule 0 object_hash rjenkins pg_num 256 pgp_num 256 autoscale_mode on last_change 867 flags hashpspool stripe_width 0 pg_num_min 256 application rgw


Site2 buckets df
2022/03/03-12:13:12: POOL                       ID   PGS   STORED  OBJECTS     USED  %USED  MAX AVAIL
default.rgw.control         6   256      0 B        8      0 B      0    159 TiB
default.rgw.buckets.data    7  8192   12 TiB  485.56M   18 TiB   3.68    318 TiB
default.rgw.buckets.index   8   512  169 GiB    8.22k  508 GiB   0.10    159 TiB
default.rgw.log             9   256  2.2 MiB      406  9.2 MiB      0    159 TiB
default.rgw.meta           10   256  1.9 MiB       17  6.0 MiB      0    159 TiB

OSD/RGW free:
2022/03/03-12:13:12: f10-h01-000-6049p.rdu2.scalelab.redhat.com                total        used        free      shared  buff/cache   available
Mem:          376Gi       261Gi        19Gi       4.1Gi        94Gi       108Gi
Swap:            0B          0B          0B

Ceph osd df:
2022/03/03-12:13:13: ID   CLASS  WEIGHT   REWEIGHT  SIZE     RAW USE  DATA    OMAP     META     AVAIL    %USE   VAR   PGS  STATUS
264    hdd  1.97049   1.00000  2.0 TiB  221 GiB  66 GiB  3.3 GiB   19 GiB  1.8 TiB  10.97  1.01  201      up
265    hdd  1.97049   1.00000  2.0 TiB  221 GiB  66 GiB  2.7 GiB   19 GiB  1.8 TiB  10.97  1.01  189      up
266    hdd  1.97049   1.00000  2.0 TiB  221 GiB  66 GiB  801 MiB   19 GiB  1.8 TiB  10.97  1.01  190      up
267    hdd  1.97049   1.00000  2.0 TiB  221 GiB  66 GiB  2.1 GiB   19 GiB  1.8 TiB  10.97  1.01  186      up
268    hdd  1.97049   1.00000  2.0 TiB  220 GiB  65 GiB  820 MiB   19 GiB  1.8 TiB  10.90  1.00  179      up
269    hdd  1.97049   1.00000  2.0 TiB  219 GiB  64 GiB  894 MiB   18 GiB  1.8 TiB  10.85  0.99  181      up
270    hdd  1.97049   1.00000  2.0 TiB  221 GiB  66 GiB  1.0 GiB   19 GiB  1.8 TiB  10.97  1.01  187      up
271    hdd  1.97049   1.00000  2.0 TiB  221 GiB  66 GiB  236 MiB   19 GiB  1.8 TiB  10.98  1.01  185      up
272    hdd  1.97049   1.00000  2.0 TiB  220 GiB  65 GiB  967 MiB   18 GiB  1.8 TiB  10.90  1.00  188      up
273    hdd  1.97049   1.00000  2.0 TiB  219 GiB  63 GiB  867 MiB   18 GiB  1.8 TiB  10.84  0.99  183      up
274    hdd  1.97049   1.00000  2.0 TiB  220 GiB  65 GiB  239 MiB   19 GiB  1.8 TiB  10.92  1.00  180      up
275    hdd  1.97049   1.00000  2.0 TiB  219 GiB  64 GiB  741 MiB   18 GiB  1.8 TiB  10.85  0.99  183      up
276    hdd  1.97049   1.00000  2.0 TiB  219 GiB  64 GiB  2.2 GiB   19 GiB  1.8 TiB  10.84  0.99  186      up
277    hdd  1.97049   1.00000  2.0 TiB  220 GiB  65 GiB  1.9 GiB   19 GiB  1.8 TiB  10.90  1.00  186      up
278    hdd  1.97049   1.00000  2.0 TiB  221 GiB  66 GiB  3.0 GiB   19 GiB  1.8 TiB  10.98  1.01  189      up
279    hdd  1.97049   1.00000  2.0 TiB  220 GiB  65 GiB  238 MiB   19 GiB  1.8 TiB  10.90  1.00  182      up
280    hdd  1.97049   1.00000  2.0 TiB  221 GiB  66 GiB  854 MiB   19 GiB  1.8 TiB  10.98  1.01  184      up
281    hdd  1.97049   1.00000  2.0 TiB  221 GiB  66 GiB  1.6 GiB   19 GiB  1.8 TiB  10.98  1.01  187      up
282    hdd  1.97049   1.00000  2.0 TiB  219 GiB  64 GiB  1.7 GiB   18 GiB  1.8 TiB  10.84  0.99  185      up
283    hdd  1.97049   1.00000  2.0 TiB  219 GiB  64 GiB  1.4 GiB   18 GiB  1.8 TiB  10.85  0.99  181      up
284    hdd  1.97049   1.00000  2.0 TiB  221 GiB  66 GiB  1.5 GiB   19 GiB  1.8 TiB  10.97  1.01  187      up
285    hdd  1.97049   1.00000  2.0 TiB  221 GiB  66 GiB  1.3 GiB   19 GiB  1.8 TiB  10.95  1.00  188      up
286    hdd  1.97049   1.00000  2.0 TiB  218 GiB  63 GiB  2.2 GiB   19 GiB  1.8 TiB  10.82  0.99  183      up
287    hdd  1.97049   1.00000  2.0 TiB  218 GiB  63 GiB  1.7 GiB   18 GiB  1.8 TiB  10.83  0.99  180      up
  9    hdd  1.97049   1.00000  2.0 TiB  219 GiB  64 GiB  2.8 GiB   19 GiB  1.8 TiB  10.86  1.00  185      up
 17    hdd  1.97049   1.00000  2.0 TiB  221 GiB  66 GiB  1.4 GiB   19 GiB  1.8 TiB  10.98  1.01  189      up
 24    hdd  1.97049   1.00000  2.0 TiB  222 GiB  67 GiB  3.1 GiB   19 GiB  1.8 TiB  10.99  1.01  202      up
 34    hdd  1.97049   1.00000  2.0 TiB  219 GiB  64 GiB  2.8 GiB   18 GiB  1.8 TiB  10.84  0.99  187      up
 43    hdd  1.97049   1.00000  2.0 TiB  222 GiB  67 GiB  2.1 GiB   19 GiB  1.8 TiB  10.99  1.01  196      up
 53    hdd  1.97049   1.00000  2.0 TiB  222 GiB  67 GiB  3.3 GiB   19 GiB  1.8 TiB  10.99  1.01  198      up
 61    hdd  1.97049   1.00000  2.0 TiB  221 GiB  66 GiB  2.0 GiB   19 GiB  1.8 TiB  10.98  1.01  187      up
 71    hdd  1.97049   1.00000  2.0 TiB  219 GiB  63 GiB  2.4 GiB   18 GiB  1.8 TiB  10.84  0.99  184      up
 81    hdd  1.97049   1.00000  2.0 TiB  221 GiB  66 GiB  1.4 GiB   19 GiB  1.8 TiB  10.95  1.00  185      up
 92    hdd  1.97049   1.00000  2.0 TiB  220 GiB  65 GiB  1.1 GiB   18 GiB  1.8 TiB  10.90  1.00  185      up
102    hdd  1.97049   1.00000  2.0 TiB  219 GiB  64 GiB  1.9 GiB   18 GiB  1.8 TiB  10.84  0.99  181      up
112    hdd  1.97049   1.00000  2.0 TiB  219 GiB  63 GiB  2.1 GiB   18 GiB  1.8 TiB  10.84  0.99  180      up
122    hdd  1.97049   1.00000  2.0 TiB  220 GiB  64 GiB  1.4 GiB   18 GiB  1.8 TiB  10.88  1.00  179      up
132    hdd  1.97049   1.00000  2.0 TiB  221 GiB  66 GiB  2.7 GiB   18 GiB  1.8 TiB  10.97  1.01  197      up
142    hdd  1.97049   1.00000  2.0 TiB  222 GiB  67 GiB  230 MiB   19 GiB  1.8 TiB  10.99  1.01  189      up
151    hdd  1.97049   1.00000  2.0 TiB  221 GiB  65 GiB  2.2 GiB   18 GiB  1.8 TiB  10.94  1.00  187      up
161    hdd  1.97049   1.00000  2.0 TiB  222 GiB  67 GiB  2.1 GiB   19 GiB  1.8 TiB  10.99  1.01  188      up
171    hdd  1.97049   1.00000  2.0 TiB  219 GiB  64 GiB  1.3 GiB   18 GiB  1.8 TiB  10.84  0.99  181      up
181    hdd  1.97049   1.00000  2.0 TiB  219 GiB  64 GiB  620 MiB   18 GiB  1.8 TiB  10.84  0.99  175      up
191    hdd  1.97049   1.00000  2.0 TiB  220 GiB  65 GiB  1.9 GiB   19 GiB  1.8 TiB  10.92  1.00  187      up
201    hdd  1.97049   1.00000  2.0 TiB  219 GiB  64 GiB  2.3 GiB   19 GiB  1.8 TiB  10.84  0.99  182      up
211    hdd  1.97049   1.00000  2.0 TiB  222 GiB  67 GiB  2.3 GiB   19 GiB  1.8 TiB  10.99  1.01  191      up
221    hdd  1.97049   1.00000  2.0 TiB  219 GiB  64 GiB  2.4 GiB   19 GiB  1.8 TiB  10.86  1.00  183      up
231    hdd  1.97049   1.00000  2.0 TiB  221 GiB  66 GiB  1.2 GiB   19 GiB  1.8 TiB  10.98  1.01  189      up
  3    hdd  1.97049   1.00000  2.0 TiB  220 GiB  64 GiB  1.9 GiB   19 GiB  1.8 TiB  10.88  1.00  177      up
 13    hdd  1.97049   1.00000  2.0 TiB  218 GiB  63 GiB  2.9 GiB   19 GiB  1.8 TiB  10.83  0.99  185      up
 22    hdd  1.97049   1.00000  2.0 TiB  218 GiB  63 GiB  2.0 GiB   18 GiB  1.8 TiB  10.82  0.99  187      up
 31    hdd  1.97049   1.00000  2.0 TiB  220 GiB  64 GiB  1.6 GiB   19 GiB  1.8 TiB  10.88  1.00  181      up
 42    hdd  1.97049   1.00000  2.0 TiB  218 GiB  63 GiB  2.7 GiB   19 GiB  1.8 TiB  10.83  0.99  185      up
 51    hdd  1.97049   1.00000  2.0 TiB  221 GiB  66 GiB  2.9 GiB   19 GiB  1.8 TiB  10.97  1.01  189      up
 62    hdd  1.97049   1.00000  2.0 TiB  222 GiB  67 GiB  985 MiB   19 GiB  1.8 TiB  10.99  1.01  187      up
 72    hdd  1.97049   1.00000  2.0 TiB  222 GiB  67 GiB  3.3 GiB   19 GiB  1.8 TiB  10.99  1.01  196      up
 82    hdd  1.97049   1.00000  2.0 TiB  218 GiB  63 GiB  2.0 GiB   18 GiB  1.8 TiB  10.82  0.99  186      up
 91    hdd  1.97049   1.00000  2.0 TiB  221 GiB  66 GiB  1.7 GiB   19 GiB  1.8 TiB  10.98  1.01  185      up
101    hdd  1.97049   1.00000  2.0 TiB  220 GiB  65 GiB  2.9 GiB   19 GiB  1.8 TiB  10.92  1.00  188      up
111    hdd  1.97049   1.00000  2.0 TiB  222 GiB  67 GiB  1.2 GiB   19 GiB  1.8 TiB  10.99  1.01  187      up
121    hdd  1.97049   1.00000  2.0 TiB  220 GiB  65 GiB  2.3 GiB   18 GiB  1.8 TiB  10.90  1.00  184      up
131    hdd  1.97049   1.00000  2.0 TiB  218 GiB  63 GiB  3.4 GiB   18 GiB  1.8 TiB  10.83  0.99  188      up
141    hdd  1.97049   1.00000  2.0 TiB  218 GiB  63 GiB  2.6 GiB   18 GiB  1.8 TiB  10.83  0.99  190      up
152    hdd  1.97049   1.00000  2.0 TiB  222 GiB  67 GiB  459 MiB   19 GiB  1.8 TiB  10.99  1.01  189      up
162    hdd  1.97049   1.00000  2.0 TiB  220 GiB  65 GiB  553 MiB   18 GiB  1.8 TiB  10.92  1.00  185      up
172    hdd  1.97049   1.00000  2.0 TiB  218 GiB  63 GiB  1.1 GiB   18 GiB  1.8 TiB  10.82  0.99  175      up
182    hdd  1.97049   1.00000  2.0 TiB  218 GiB  63 GiB  1.6 GiB   18 GiB  1.8 TiB  10.83  0.99  175      up
192    hdd  1.97049   1.00000  2.0 TiB  221 GiB  66 GiB  3.0 GiB   19 GiB  1.8 TiB  10.97  1.01  199      up
202    hdd  1.97049   1.00000  2.0 TiB  219 GiB  64 GiB  797 MiB   18 GiB  1.8 TiB  10.86  1.00  189      up
212    hdd  1.97049   1.00000  2.0 TiB  218 GiB  63 GiB  307 MiB   18 GiB  1.8 TiB  10.82  0.99  181      up
222    hdd  1.97049   1.00000  2.0 TiB  218 GiB  63 GiB  1.8 GiB   18 GiB  1.8 TiB  10.82  0.99  183      up
232    hdd  1.97049   1.00000  2.0 TiB  219 GiB  64 GiB  2.6 GiB   18 GiB  1.8 TiB  10.86  1.00  180      up
  2    hdd  1.97049   1.00000  2.0 TiB  221 GiB  66 GiB  2.9 GiB   19 GiB  1.8 TiB  10.96  1.00  191      up
 11    hdd  1.97049   1.00000  2.0 TiB  219 GiB  64 GiB  330 MiB   18 GiB  1.8 TiB  10.84  0.99  177      up
 20    hdd  1.97049   1.00000  2.0 TiB  222 GiB  67 GiB  2.3 GiB   19 GiB  1.8 TiB  10.99  1.01  190      up
 32    hdd  1.97049   1.00000  2.0 TiB  221 GiB  65 GiB  1.3 GiB   19 GiB  1.8 TiB  10.94  1.00  183      up
 44    hdd  1.97049   1.00000  2.0 TiB  222 GiB  67 GiB  1.2 GiB   19 GiB  1.8 TiB  11.00  1.01  184      up
 54    hdd  1.97049   1.00000  2.0 TiB  219 GiB  63 GiB  1.7 GiB   18 GiB  1.8 TiB  10.84  0.99  182      up
 65    hdd  1.97049   1.00000  2.0 TiB  222 GiB  67 GiB  1.3 GiB   19 GiB  1.8 TiB  11.00  1.01  188      up
 74    hdd  1.97049   1.00000  2.0 TiB  219 GiB  64 GiB  1.8 GiB   18 GiB  1.8 TiB  10.84  0.99  191      up
 84    hdd  1.97049   1.00000  2.0 TiB  219 GiB  64 GiB  3.2 GiB   18 GiB  1.8 TiB  10.84  0.99  189      up
 94    hdd  1.97049   1.00000  2.0 TiB  222 GiB  67 GiB  1.3 GiB   19 GiB  1.8 TiB  10.99  1.01  197      up
104    hdd  1.97049   1.00000  2.0 TiB  221 GiB  66 GiB  3.3 GiB   19 GiB  1.8 TiB  10.97  1.01  192      up
114    hdd  1.97049   1.00000  2.0 TiB  221 GiB  66 GiB  1.5 GiB   19 GiB  1.8 TiB  10.97  1.01  188      up
124    hdd  1.97049   1.00000  2.0 TiB  219 GiB  64 GiB  1.6 GiB   19 GiB  1.8 TiB  10.84  0.99  180      up
134    hdd  1.97049   1.00000  2.0 TiB  221 GiB  66 GiB  2.9 GiB   19 GiB  1.8 TiB  10.97  1.01  192      up
144    hdd  1.97049   1.00000  2.0 TiB  221 GiB  66 GiB  2.6 GiB   19 GiB  1.8 TiB  10.97  1.01  193      up
154    hdd  1.97049   1.00000  2.0 TiB  222 GiB  67 GiB  1.1 GiB   19 GiB  1.8 TiB  10.99  1.01  194      up
164    hdd  1.97049   1.00000  2.0 TiB  219 GiB  64 GiB  1.8 GiB   18 GiB  1.8 TiB  10.84  0.99  181      up
174    hdd  1.97049   1.00000  2.0 TiB  218 GiB  63 GiB  2.6 GiB   18 GiB  1.8 TiB  10.83  0.99  188      up
184    hdd  1.97049   1.00000  2.0 TiB  218 GiB  63 GiB  2.2 GiB   18 GiB  1.8 TiB  10.83  0.99  181      up
194    hdd  1.97049   1.00000  2.0 TiB  222 GiB  67 GiB  2.2 GiB   19 GiB  1.8 TiB  11.00  1.01  192      up
204    hdd  1.97049   1.00000  2.0 TiB  219 GiB  64 GiB  1.5 GiB   18 GiB  1.8 TiB  10.84  0.99  180      up
214    hdd  1.97049   1.00000  2.0 TiB  218 GiB  63 GiB  2.0 GiB   18 GiB  1.8 TiB  10.82  0.99  182      up
