2022/02/10-06:22:26: runIOworkload.sh - Created logfile: ./RESULTS/runIOworkload.sh_20220210-062224.log
Runtime Environment:
Linux f10-h29-b02-5039ms.rdu2.scalelab.redhat.com 4.18.0-348.el8.x86_64 #1 SMP Mon Oct 4 12:17:22 EDT 2021 x86_64 x86_64 x86_64 GNU/Linux
Red Hat Enterprise Linux release 8.5 (Ootpa)
ceph version 16.2.0-152.el8cp (e456e8b705cb2f4a779689a0d80b122bcb0d67c9) pacific (stable)
2022/02/10-06:22:26: > runmode=containerized
Key Variable Values:
2022/02/10-06:22:26: > pollinterval=300
2022/02/10-06:22:26: > RESULTSDIR=./RESULTS
Cluster variable settings:
2022/02/10-06:22:26: > MONhostname=f13-h26-b04-5039ms.rdu2.scalelab.redhat.com
2022/02/10-06:22:26: > RGWhostname=f10-h01-000-6049p.rdu2.scalelab.redhat.com
2022/02/10-06:22:26: ---------------------------------
2022/02/10-06:22:26: BEGIN /root/git_repo/DFGRGWtest/RGWtest/fill.xml contents:
<?xml version="1.0" encoding="UTF-8" ?>
<workload name="fillCluster" description="RGW testing">

<!-- Initialization -->
  <storage type="s3" config="timeout=900000;accesskey=J5R44SUNTK94AB7KRL2S;secretkey=mxgvXdh9v8VDQVtMhkIehUIrcco1apQyxGBR0BfS;endpoint=http://localhost:5000;path_style_access=true"/>
  <auth type="none"/>


  <workflow>

<!-- Initialization -->
    <workstage name="init_containers">
        <work type="init" workers="1" config="containers=r(1,5)"/>
    </workstage>

<!-- Prepare using container counts, object counts and object sizes from vars.shinc -->
    <workstage name="preparing_cluster">
        <work type="prepare" workers="1988" config="containers=r(1,5);objects=r(1,75000000);sizes=h(1|2|25,2|4|40,4|8|25,8|256|10)KB"/>
    </workstage>

  </workflow>

</workload>
2022/02/10-06:22:26: END /root/git_repo/DFGRGWtest/RGWtest/fill.xml
2022/02/10-06:22:26: 
CLASS     SIZE    AVAIL    USED  RAW USED  %RAW USED
TOTAL  567 TiB  524 TiB  44 TiB    44 TiB       7.70
POOL                       ID   PGS   STORED  OBJECTS     USED  %USED  MAX AVAIL
GC: 2022/02/10-06:22:27: Pending GC's == 1
2022/02/10-06:22:27: START: poll backgrd process
2022/02/10-06:22:28: ** POLL started

ceph balancer status
{
    "active": true,
    "last_optimize_duration": "0:00:00.136151",
    "last_optimize_started": "Thu Feb 10 06:21:57 2022",
    "mode": "upmap",
    "optimize_result": "Optimization plan created successfully",
    "plans": []
}
2022/02/10-06:22:29: POLL backgrd processID 40222
2022/02/10-06:22:29: START: cosbench launched
2022/02/10-06:22:29: OSD Settings:      "bluefs_buffered_io": "true",
    "bluestore_cache_trim_max_skip_pinned": "1000",
    "bluestore_rocksdb_options": "compression=kNoCompression,max_write_buffer_number=4,min_write_buffer_number_to_merge=1,recycle_log_file_num=4,write_buffer_size=268435456,writable_file_max_buffer_size=0,compaction_readahead_size=2097152,max_background_compactions=2,max_total_wal_size=1073741824",
    "bluestore_rocksdb_options_annex": "",
    "debug_objclass": "0/5",
    "log_to_file": "true",
    "mon_cluster_log_to_file": "true",
    "osd_crush_initial_weight": "-1.000000",
    "osd_deep_scrub_interval": "604800.000000",
    "osd_deep_scrub_large_omap_object_key_threshold": "200000",
    "osd_delete_sleep": "0.000000",
    "osd_delete_sleep_hdd": "5.000000",
    "osd_delete_sleep_hybrid": "1.000000",
    "osd_delete_sleep_ssd": "1.000000",
    "osd_max_backfills": "1",
    "osd_max_scrubs": "1",
    "osd_memory_target": "4294967296",
    "osd_memory_target_autotune": "false",
    "osd_memory_target_cgroup_limit_ratio": "0.800000",
    "osd_op_thread_timeout": "15",
    "osd_recovery_max_omap_entries_per_chunk": "8096",
    "osd_scrub_auto_repair": "false",
    "osd_scrub_auto_repair_num_errors": "5",
    "osd_scrub_begin_hour": "0",
    "osd_scrub_during_recovery": "false",
    "osd_scrub_end_hour": "0",
    "osd_scrub_max_interval": "604800.000000",
    "osd_scrub_sleep": "0.000000",
    "rocksdb_cache_size": "536870912",
2022/02/10-06:22:29: RGW Settings:      "debug_ms": "0/0",
    "debug_rgw": "1/5",
    "debug_rgw_sync": "1/5",
    "log_to_file": "true",
    "mon_cluster_log_to_file": "true",
    "rgw_dynamic_resharding": "true",
    "rgw_frontend_defaults": "beast ssl_certificate=config://rgw/cert/$realm/$zone.crt ssl_private_key=config://rgw/cert/$realm/$zone.key",
    "rgw_frontends": "beast endpoint=172.17.36.220:8080",
    "rgw_gc_max_concurrent_io": "10",
    "rgw_gc_max_deferred": "50",
    "rgw_gc_max_deferred_entries_size": "3072",
    "rgw_gc_max_objs": "32",
    "rgw_gc_max_queue_size": "134213632",
    "rgw_gc_max_trim_chunk": "16",
    "rgw_gc_obj_min_wait": "7200",
    "rgw_gc_processor_max_time": "3600",
    "rgw_gc_processor_period": "3600",
    "rgw_override_bucket_index_max_shards": "0",
    "rgw_run_sync_thread": "true",
    "rgw_thread_pool_size": "1024",

TCMALLOC checks:
f11-h13-000-6049p.rdu2.scalelab.redhat.com | FAILED | rc=127 >>
/bin/sh: /root/check-osd-hacks.sh: No such file or directorynon-zero return code
f11-h01-000-6049p.rdu2.scalelab.redhat.com | FAILED | rc=127 >>
/bin/sh: /root/check-osd-hacks.sh: No such file or directorynon-zero return code
f11-h09-000-6049p.rdu2.scalelab.redhat.com | FAILED | rc=127 >>
/bin/sh: /root/check-osd-hacks.sh: No such file or directorynon-zero return code
f11-h17-000-6049p.rdu2.scalelab.redhat.com | FAILED | rc=127 >>
/bin/sh: /root/check-osd-hacks.sh: No such file or directorynon-zero return code
f11-h05-000-6049p.rdu2.scalelab.redhat.com | FAILED | rc=127 >>
/bin/sh: /root/check-osd-hacks.sh: No such file or directorynon-zero return code
2022/02/10-06:22:31: Accepted with ID: w1
2022/02/10-06:22:31: COSbench jobID is: w1 - Started
f10-h09-000-6049p.rdu2.scalelab.redhat.com | FAILED | rc=127 >>
/bin/sh: /root/check-osd-hacks.sh: No such file or directorynon-zero return code
f10-h01-000-6049p.rdu2.scalelab.redhat.com | FAILED | rc=127 >>
/bin/sh: /root/check-osd-hacks.sh: No such file or directorynon-zero return code
f10-h05-000-6049p.rdu2.scalelab.redhat.com | FAILED | rc=127 >>
/bin/sh: /root/check-osd-hacks.sh: No such file or directorynon-zero return code
f10-h13-000-6049p.rdu2.scalelab.redhat.com | FAILED | rc=127 >>
/bin/sh: /root/check-osd-hacks.sh: No such file or directorynon-zero return code
f10-h17-000-6049p.rdu2.scalelab.redhat.com | FAILED | rc=127 >>
/bin/sh: /root/check-osd-hacks.sh: No such file or directorynon-zero return code
f10-h25-000-6049p.rdu2.scalelab.redhat.com | FAILED | rc=127 >>
/bin/sh: /root/check-osd-hacks.sh: No such file or directorynon-zero return code
f10-h21-000-6049p.rdu2.scalelab.redhat.com | FAILED | rc=127 >>
/bin/sh: /root/check-osd-hacks.sh: No such file or directorynon-zero return code
f13-h26-b08-5039ms.rdu2.scalelab.redhat.com | FAILED | rc=127 >>
/bin/sh: /root/check-mon-hacks.sh: No such file or directorynon-zero return code
f13-h26-b07-5039ms.rdu2.scalelab.redhat.com | FAILED | rc=127 >>
/bin/sh: /root/check-mon-hacks.sh: No such file or directorynon-zero return code
f13-h26-b04-5039ms.rdu2.scalelab.redhat.com | FAILED | rc=127 >>
/bin/sh: /root/check-mon-hacks.sh: No such file or directorynon-zero return code

OSD swapon -s ...
f11-h13-000-6049p.rdu2.scalelab.redhat.com | CHANGED | rc=0 | (stdout) Filename				Type		Size	Used	Priority\n/dev/md1                               	partition	4189180	0	-2
f11-h17-000-6049p.rdu2.scalelab.redhat.com | CHANGED | rc=0 | (stdout) Filename				Type		Size	Used	Priority\n/dev/md1                               	partition	4189180	0	-2
f11-h05-000-6049p.rdu2.scalelab.redhat.com | CHANGED | rc=0 | (stdout) Filename				Type		Size	Used	Priority\n/dev/md1                               	partition	4189180	0	-2
f11-h01-000-6049p.rdu2.scalelab.redhat.com | CHANGED | rc=0 | (stdout) Filename				Type		Size	Used	Priority\n/dev/md1                               	partition	4189180	0	-2
f11-h09-000-6049p.rdu2.scalelab.redhat.com | CHANGED | rc=0 | (stdout) Filename				Type		Size	Used	Priority\n/dev/md1                               	partition	4189180	0	-2
f10-h05-000-6049p.rdu2.scalelab.redhat.com | CHANGED | rc=0 | (stdout) Filename				Type		Size	Used	Priority\n/dev/md1                               	partition	4189180	0	-2
f10-h09-000-6049p.rdu2.scalelab.redhat.com | CHANGED | rc=0 | (stdout) Filename				Type		Size	Used	Priority\n/dev/md1                               	partition	4189180	0	-2
f10-h17-000-6049p.rdu2.scalelab.redhat.com | CHANGED | rc=0 | (stdout) Filename				Type		Size	Used	Priority\n/dev/md1                               	partition	4189180	0	-2
f10-h01-000-6049p.rdu2.scalelab.redhat.com | CHANGED | rc=0 | (stdout) Filename				Type		Size	Used	Priority\n/dev/md1                               	partition	4189180	0	-2
f10-h13-000-6049p.rdu2.scalelab.redhat.com | CHANGED | rc=0 | (stdout) Filename				Type		Size	Used	Priority\n/dev/md1                               	partition	4189180	0	-2
f10-h25-000-6049p.rdu2.scalelab.redhat.com | CHANGED | rc=0 | (stdout) Filename				Type		Size	Used	Priority\n/dev/md1                               	partition	4189180	0	-2
f10-h21-000-6049p.rdu2.scalelab.redhat.com | CHANGED | rc=0 | (stdout) Filename				Type		Size	Used	Priority\n/dev/md1                               	partition	4189180	0	-2

2022/02/10-06:22:36: %RAW USED 7.70; Pending GCs 

--------------------------------------------------------

2022/02/10-06:22:36: RESHARD Queue Length 1
2022/02/10-06:22:36: RESHARD List []

LA: 2022/02/10-06:22:37:   0.23, 0.56, 1.12

RGW stats:          proc   %cpu %mem  vsz    rss     memused       memlimit
f10-h01-000-6049p.rdu2.scalelab.redhat.com   radosgw 0.3 0.0 9497036 88096   9326198784   9223372036854771712
f10-h05-000-6049p.rdu2.scalelab.redhat.com   radosgw 0.3 0.0 9497040 86652   10562174976   9223372036854771712
f10-h09-000-6049p.rdu2.scalelab.redhat.com   radosgw 0.3 0.0 9497132 89876   11745718272   9223372036854771712
f10-h13-000-6049p.rdu2.scalelab.redhat.com   radosgw 0.3 0.0 9497224 90232   10804576256   9223372036854771712

OSD: 
2022/02/10-06:22:39: f10-h01-000-6049p.rdu2.scalelab.redhat.com ceph-osd         2.5  0.0 2141700 195496
ceph-osd         3.6  0.1 3745284 527736
ceph-osd         3.2  0.0 1928708 206440
ceph-osd         2.7  0.0 1889800 327108
ceph-osd         3.1  0.1 3159560 538848
ceph-osd         3.6  0.0 3852932 392656
ceph-osd         3.3  0.0 2257416 211376
ceph-osd         3.0  0.0 2900488 260800
ceph-osd         3.5  0.0 2343436 205472
ceph-osd         2.9  0.0 2761224 215576
ceph-osd         2.9  0.0 1833480 202480
ceph-osd         3.0  0.0 1825292 197684
ceph-osd         3.9  0.0 2760196 316396
ceph-osd         2.5  0.0 1612300 199944
ceph-osd         2.4  0.0 1395272 184372
ceph-osd         2.3  0.0 1319436 184112
ceph-osd         2.9  0.0 1733128 195184
ceph-osd         2.7  0.0 1835524 200972
ceph-osd         3.9  0.0 3514888 234816
ceph-osd         3.7  0.2 3183120 801912
ceph-osd         2.7  0.0 2518536 218996
ceph-osd         3.2  0.1 3097096 551148
ceph-osd         3.3  0.0 2771460 202860
ceph-osd         2.8  0.0 1921548 197656
2022/02/10-06:22:39: f10-h05-000-6049p.rdu2.scalelab.redhat.com ceph-osd         3.1  0.0 2101296 191064
ceph-osd         4.1  0.0 2851884 216680
ceph-osd         4.2  0.0 2430320 218516
ceph-osd         3.2  0.0 1990512 196080
ceph-osd         4.0  0.0 4153556 234832
ceph-osd         3.8  0.1 3085012 458008
ceph-osd         3.0  0.0 1776968 194532
ceph-osd         4.4  0.0 3159860 216956
ceph-osd         4.0  0.0 2439216 227308
ceph-osd         3.6  0.0 3076144 216776
ceph-osd         2.9  0.0 1543496 187628
ceph-osd         4.6  0.1 3184684 525672
ceph-osd         4.3  0.1 3449156 755244
ceph-osd         2.8  0.0 1392688 184068
ceph-osd         2.4  0.0 1630256 192908
ceph-osd         2.2  0.0 1322032 179756
ceph-osd         2.9  0.0 1771564 290616
ceph-osd         3.7  0.0 2354100 209620
ceph-osd         3.4  0.0 1824068 192120
ceph-osd         4.8  0.0 2554620 213512
ceph-osd         3.8  0.0 2026544 193200
ceph-osd         2.5  0.0 1307692 175740
ceph-osd         4.3  0.1 3735596 644280
ceph-osd         3.1  0.0 1461292 177784
2022/02/10-06:22:39: f10-h09-000-6049p.rdu2.scalelab.redhat.com ceph-osd         2.6  0.0 1489180 176684
ceph-osd         3.3  0.0 2884952 213332
ceph-osd         4.1  0.0 1890984 208640
ceph-osd         2.9  0.0 1954268 191256
ceph-osd         2.4  0.0 1571928 192504
ceph-osd         3.4  0.0 2430680 354848
ceph-osd         3.1  0.0 2472268 279212
ceph-osd         3.9  0.0 2062084 201884
ceph-osd         3.0  0.0 1712176 192072
ceph-osd         3.0  0.0 2797308 215012
ceph-osd         3.8  0.2 4315184 801392
ceph-osd         4.5  0.1 3578996 446588
ceph-osd         3.5  0.1 3948284 555856
ceph-osd         3.1  0.0 2150452 190084
ceph-osd         3.2  0.0 2182904 194464
ceph-osd         3.6  0.0 2876464 201356
ceph-osd         3.6  0.0 3063556 307816
ceph-osd         3.5  0.0 1650428 184024
ceph-osd         3.9  0.2 3974192 879868
ceph-osd         4.7  0.0 4184956 228912
ceph-osd         5.0  0.2 5358640 923920
ceph-osd         4.9  0.0 2389764 212656
ceph-osd         2.8  0.0 1737776 190068
ceph-osd         3.7  0.0 3831116 220128
2022/02/10-06:22:39: f10-h13-000-6049p.rdu2.scalelab.redhat.com ceph-osd         2.8  0.0 1723332 188396
ceph-osd         3.5  0.0 2014144 202696
ceph-osd         2.9  0.1 2629220 702576
ceph-osd         3.4  0.0 3915112 229560
ceph-osd         3.6  0.0 1825880 199336
ceph-osd         3.0  0.0 2258792 199144
ceph-osd         1.7  0.0 1172528 166692
ceph-osd         3.1  0.0 1774924 184004
ceph-osd         4.5  0.0 3542064 390584
ceph-osd         4.1  0.0 1878064 194284
ceph-osd         3.8  0.0 2830384 290864
ceph-osd         3.9  0.0 2989388 214516
ceph-osd         2.6  0.0 1529908 184404
ceph-osd         3.3  0.0 2190084 211708
ceph-osd         4.5  0.2 5152816 948172
ceph-osd         3.0  0.0 2379824 337580
ceph-osd         3.7  0.1 2415404 448344
ceph-osd         3.4  0.0 2300976 201288
ceph-osd         3.9  0.0 2465100 220552
ceph-osd         3.8  0.0 1942860 201196
ceph-osd         4.5  0.0 3077164 225728
ceph-osd         3.2  0.0 1605684 193744
ceph-osd         4.7  0.0 2725936 219992
ceph-osd         4.5  0.0 3939656 299476

Site1 buckets (rgw):
2022/02/10-06:22:40:         "bucket": "mycontainers1",
        "num_shards": 11,
        "bucket": "mycontainers3",
        "num_shards": 11,
        "bucket": "mycontainers4",
        "num_shards": 11,
        "bucket": "mycontainers2",
        "num_shards": 11,
        "bucket": "mycontainers5",
        "num_shards": 11,

Cluster status
  cluster:
    id:     259f4a8e-8a30-11ec-b380-ac1f6b2d5d2a
    health: HEALTH_WARN
            Slow OSD heartbeats on back (longest 2758.672ms)
            Slow OSD heartbeats on front (longest 3283.720ms)
 
  services:
    mon: 3 daemons, quorum f13-h26-b04-5039ms.rdu2.scalelab.redhat.com,f13-h26-b07-5039ms,f13-h26-b08-5039ms (age 61m)
    mgr: f13-h26-b04-5039ms.rdu2.scalelab.redhat.com.gggmog(active, since 8m), standbys: f13-h26-b08-5039ms.lgcsid, f13-h26-b07-5039ms.mryrto
    osd: 288 osds: 288 up (since 34m), 288 in (since 38m)
    rgw: 12 daemons active (12 hosts, 1 zones)
 
  data:
    pools:   7 pools, 9729 pgs
    objects: 259 objects, 8.2 KiB
    usage:   44 TiB used, 524 TiB / 567 TiB avail
    pgs:     9729 active+clean
 
  io:
    client:   16 KiB/s rd, 1.2 KiB/s wr, 18 op/s rd, 7 op/s wr
 
2022/02/10-06:22:40: ceph df detail --- RAW STORAGE ---
CLASS     SIZE    AVAIL    USED  RAW USED  %RAW USED
hdd    567 TiB  524 TiB  44 TiB    44 TiB       7.70
TOTAL  567 TiB  524 TiB  44 TiB    44 TiB       7.70
 
--- POOLS ---
POOL                       ID   PGS   STORED   (DATA)  (OMAP)  OBJECTS     USED   (DATA)  (OMAP)  %USED  MAX AVAIL  QUOTA OBJECTS  QUOTA BYTES  DIRTY  USED COMPR  UNDER COMPR
device_health_metrics       1     1      0 B      0 B     0 B        0      0 B      0 B     0 B      0    165 TiB            N/A          N/A      0         0 B          0 B
default.rgw.control        12   256      0 B      0 B     0 B        8      0 B      0 B     0 B      0    165 TiB            N/A          N/A      8         0 B          0 B
default.rgw.buckets.data   13  8192      0 B      0 B     0 B        0      0 B      0 B     0 B      0    330 TiB            N/A          N/A      0         0 B          0 B
default.rgw.buckets.index  14   512      0 B      0 B     0 B       55      0 B      0 B     0 B      0    165 TiB            N/A          N/A     55         0 B          0 B
default.rgw.log            15   256  3.6 KiB  3.6 KiB     0 B      177  408 KiB  408 KiB     0 B      0    165 TiB            N/A          N/A    177         0 B          0 B
default.rgw.meta           16   256  3.2 KiB  3.2 KiB     0 B       15  168 KiB  168 KiB     0 B      0    165 TiB            N/A          N/A     15         0 B          0 B
.rgw.root                  17   256  1.3 KiB  1.3 KiB     0 B        4   48 KiB   48 KiB     0 B      0    165 TiB            N/A          N/A      4         0 B          0 B

Site1 pool PG counts:
pool 1 'device_health_metrics' replicated size 3 min_size 2 crush_rule 0 object_hash rjenkins pg_num 1 pgp_num 1 autoscale_mode on last_change 936 flags hashpspool stripe_width 0 pg_num_min 1 application mgr_devicehealth,rgw
pool 12 'default.rgw.control' replicated size 3 min_size 2 crush_rule 0 object_hash rjenkins pg_num 256 pgp_num 256 autoscale_mode on last_change 896 flags hashpspool stripe_width 0 pg_num_min 256 application rgw
pool 13 'default.rgw.buckets.data' erasure profile myprofile size 6 min_size 5 crush_rule 1 object_hash rjenkins pg_num 8192 pgp_num 8192 autoscale_mode on last_change 918 lfor 0/0/916 flags hashpspool stripe_width 16384 pg_num_min 8192 application rgw
pool 14 'default.rgw.buckets.index' replicated size 3 min_size 2 crush_rule 0 object_hash rjenkins pg_num 512 pgp_num 512 autoscale_mode on last_change 898 flags hashpspool stripe_width 0 pg_num_min 512 application rgw
pool 15 'default.rgw.log' replicated size 3 min_size 2 crush_rule 0 object_hash rjenkins pg_num 256 pgp_num 256 autoscale_mode on last_change 899 flags hashpspool stripe_width 0 pg_num_min 256 application rgw
pool 16 'default.rgw.meta' replicated size 3 min_size 2 crush_rule 0 object_hash rjenkins pg_num 256 pgp_num 256 autoscale_mode on last_change 900 flags hashpspool stripe_width 0 pg_num_min 256 application rgw
pool 17 '.rgw.root' replicated size 3 min_size 2 crush_rule 0 object_hash rjenkins pg_num 256 pgp_num 256 autoscale_mode on last_change 901 flags hashpspool stripe_width 0 pg_num_min 256 application rgw


Site1 buckets df
2022/02/10-06:22:41: POOL                       ID   PGS   STORED  OBJECTS     USED  %USED  MAX AVAIL
default.rgw.control        12   256      0 B        8      0 B      0    165 TiB
default.rgw.buckets.data   13  8192      0 B        0      0 B      0    330 TiB
default.rgw.buckets.index  14   512      0 B       55      0 B      0    165 TiB
default.rgw.log            15   256  3.6 KiB      177  408 KiB      0    165 TiB
default.rgw.meta           16   256  3.2 KiB       15  168 KiB      0    165 TiB

OSD/RGW free:
2022/02/10-06:22:41: f10-h01-000-6049p.rdu2.scalelab.redhat.com                total        used        free      shared  buff/cache   available
Mem:          376Gi       9.7Gi       363Gi       773Mi       2.8Gi       363Gi
Swap:         4.0Gi          0B       4.0Gi

Ceph osd df:
2022/02/10-06:22:41: ID   CLASS  WEIGHT   REWEIGHT  SIZE     RAW USE  DATA    OMAP  META    AVAIL    %USE  VAR   PGS  STATUS
  0    hdd  1.97049   1.00000  2.0 TiB  155 GiB  70 MiB   0 B  58 MiB  1.8 TiB  7.70  1.00  177      up
  1    hdd  1.97049   1.00000  2.0 TiB  155 GiB  70 MiB   0 B  57 MiB  1.8 TiB  7.70  1.00  192      up
  2    hdd  1.97049   1.00000  2.0 TiB  155 GiB  70 MiB   0 B  43 MiB  1.8 TiB  7.70  1.00  197      up
  3    hdd  1.97049   1.00000  2.0 TiB  155 GiB  70 MiB   0 B  42 MiB  1.8 TiB  7.70  1.00  183      up
  4    hdd  1.97049   1.00000  2.0 TiB  155 GiB  70 MiB   0 B  42 MiB  1.8 TiB  7.70  1.00  190      up
  5    hdd  1.97049   1.00000  2.0 TiB  155 GiB  70 MiB   0 B  57 MiB  1.8 TiB  7.70  1.00  166      up
  6    hdd  1.97049   1.00000  2.0 TiB  155 GiB  70 MiB   0 B  43 MiB  1.8 TiB  7.70  1.00  207      up
  7    hdd  1.97049   1.00000  2.0 TiB  155 GiB  70 MiB   0 B  42 MiB  1.8 TiB  7.70  1.00  173      up
  8    hdd  1.97049   1.00000  2.0 TiB  155 GiB  70 MiB   0 B  42 MiB  1.8 TiB  7.70  1.00  160      up
  9    hdd  1.97049   1.00000  2.0 TiB  155 GiB  70 MiB   0 B  51 MiB  1.8 TiB  7.70  1.00  165      up
 10    hdd  1.97049   1.00000  2.0 TiB  155 GiB  70 MiB   0 B  43 MiB  1.8 TiB  7.70  1.00  193      up
 11    hdd  1.97049   1.00000  2.0 TiB  155 GiB  70 MiB   0 B  43 MiB  1.8 TiB  7.70  1.00  155      up
 12    hdd  1.97049   1.00000  2.0 TiB  155 GiB  70 MiB   0 B  43 MiB  1.8 TiB  7.70  1.00  192      up
 13    hdd  1.97049   1.00000  2.0 TiB  155 GiB  70 MiB   0 B  43 MiB  1.8 TiB  7.70  1.00  199      up
 14    hdd  1.97049   1.00000  2.0 TiB  155 GiB  70 MiB   0 B  43 MiB  1.8 TiB  7.70  1.00  212      up
 15    hdd  1.97049   1.00000  2.0 TiB  155 GiB  70 MiB   0 B  43 MiB  1.8 TiB  7.70  1.00  192      up
 16    hdd  1.97049   1.00000  2.0 TiB  155 GiB  70 MiB   0 B  57 MiB  1.8 TiB  7.70  1.00  194      up
 17    hdd  1.97049   1.00000  2.0 TiB  155 GiB  70 MiB   0 B  43 MiB  1.8 TiB  7.70  1.00  192      up
 18    hdd  1.97049   1.00000  2.0 TiB  155 GiB  70 MiB   0 B  48 MiB  1.8 TiB  7.70  1.00  182      up
 19    hdd  1.97049   1.00000  2.0 TiB  155 GiB  70 MiB   0 B  42 MiB  1.8 TiB  7.70  1.00  180      up
 20    hdd  1.97049   1.00000  2.0 TiB  155 GiB  70 MiB   0 B  47 MiB  1.8 TiB  7.70  1.00  207      up
 21    hdd  1.97049   1.00000  2.0 TiB  155 GiB  70 MiB   0 B  58 MiB  1.8 TiB  7.70  1.00  203      up
 22    hdd  1.97049   1.00000  2.0 TiB  155 GiB  70 MiB   0 B  57 MiB  1.8 TiB  7.70  1.00  206      up
 23    hdd  1.97049   1.00000  2.0 TiB  155 GiB  70 MiB   0 B  42 MiB  1.8 TiB  7.70  1.00  175      up
 32    hdd  1.97049   1.00000  2.0 TiB  155 GiB  70 MiB   0 B  56 MiB  1.8 TiB  7.70  1.00  190      up
 42    hdd  1.97049   1.00000  2.0 TiB  155 GiB  70 MiB   0 B  41 MiB  1.8 TiB  7.70  1.00  184      up
 53    hdd  1.97049   1.00000  2.0 TiB  155 GiB  70 MiB   0 B  41 MiB  1.8 TiB  7.70  1.00  191      up
 63    hdd  1.97049   1.00000  2.0 TiB  155 GiB  70 MiB   0 B  51 MiB  1.8 TiB  7.70  1.00  181      up
 73    hdd  1.97049   1.00000  2.0 TiB  155 GiB  70 MiB   0 B  50 MiB  1.8 TiB  7.70  1.00  187      up
 83    hdd  1.97049   1.00000  2.0 TiB  155 GiB  70 MiB   0 B  41 MiB  1.8 TiB  7.70  1.00  209      up
 93    hdd  1.97049   1.00000  2.0 TiB  155 GiB  70 MiB   0 B  40 MiB  1.8 TiB  7.70  1.00  200      up
103    hdd  1.97049   1.00000  2.0 TiB  155 GiB  70 MiB   0 B  52 MiB  1.8 TiB  7.70  1.00  176      up
113    hdd  1.97049   1.00000  2.0 TiB  155 GiB  70 MiB   0 B  42 MiB  1.8 TiB  7.70  1.00  200      up
123    hdd  1.97049   1.00000  2.0 TiB  155 GiB  70 MiB   0 B  42 MiB  1.8 TiB  7.70  1.00  206      up
133    hdd  1.97049   1.00000  2.0 TiB  155 GiB  70 MiB   0 B  56 MiB  1.8 TiB  7.70  1.00  192      up
143    hdd  1.97049   1.00000  2.0 TiB  155 GiB  70 MiB   0 B  42 MiB  1.8 TiB  7.70  1.00  201      up
153    hdd  1.97049   1.00000  2.0 TiB  155 GiB  70 MiB   0 B  56 MiB  1.8 TiB  7.70  1.00  177      up
163    hdd  1.97049   1.00000  2.0 TiB  155 GiB  70 MiB   0 B  56 MiB  1.8 TiB  7.70  1.00  187      up
173    hdd  1.97049   1.00000  2.0 TiB  155 GiB  70 MiB   0 B  41 MiB  1.8 TiB  7.70  1.00  183      up
183    hdd  1.97049   1.00000  2.0 TiB  155 GiB  70 MiB   0 B  55 MiB  1.8 TiB  7.70  1.00  184      up
193    hdd  1.97049   1.00000  2.0 TiB  155 GiB  70 MiB   0 B  56 MiB  1.8 TiB  7.70  1.00  204      up
203    hdd  1.97049   1.00000  2.0 TiB  155 GiB  70 MiB   0 B  56 MiB  1.8 TiB  7.70  1.00  182      up
213    hdd  1.97049   1.00000  2.0 TiB  155 GiB  70 MiB   0 B  56 MiB  1.8 TiB  7.70  1.00  201      up
223    hdd  1.97049   1.00000  2.0 TiB  155 GiB  70 MiB   0 B  56 MiB  1.8 TiB  7.70  1.00  180      up
233    hdd  1.97049   1.00000  2.0 TiB  155 GiB  70 MiB   0 B  51 MiB  1.8 TiB  7.70  1.00  180      up
243    hdd  1.97049   1.00000  2.0 TiB  155 GiB  70 MiB   0 B  56 MiB  1.8 TiB  7.70  1.00  180      up
253    hdd  1.97049   1.00000  2.0 TiB  155 GiB  70 MiB   0 B  51 MiB  1.8 TiB  7.70  1.00  179      up
263    hdd  1.97049   1.00000  2.0 TiB  155 GiB  70 MiB   0 B  55 MiB  1.8 TiB  7.70  1.00  186      up
 27    hdd  1.97049   1.00000  2.0 TiB  155 GiB  70 MiB   0 B  51 MiB  1.8 TiB  7.70  1.00  187      up
 41    hdd  1.97049   1.00000  2.0 TiB  155 GiB  70 MiB   0 B  55 MiB  1.8 TiB  7.70  1.00  188      up
 50    hdd  1.97049   1.00000  2.0 TiB  155 GiB  70 MiB   0 B  55 MiB  1.8 TiB  7.70  1.00  189      up
 58    hdd  1.97049   1.00000  2.0 TiB  155 GiB  70 MiB   0 B  51 MiB  1.8 TiB  7.70  1.00  179      up
 68    hdd  1.97049   1.00000  2.0 TiB  155 GiB  70 MiB   0 B  51 MiB  1.8 TiB  7.70  1.00  172      up
 77    hdd  1.97049   1.00000  2.0 TiB  155 GiB  70 MiB   0 B  41 MiB  1.8 TiB  7.70  1.00  185      up
 87    hdd  1.97049   1.00000  2.0 TiB  155 GiB  70 MiB   0 B  50 MiB  1.8 TiB  7.70  1.00  177      up
 96    hdd  1.97049   1.00000  2.0 TiB  155 GiB  70 MiB   0 B  51 MiB  1.8 TiB  7.70  1.00  207      up
106    hdd  1.97049   1.00000  2.0 TiB  155 GiB  70 MiB   0 B  56 MiB  1.8 TiB  7.70  1.00  169      up
116    hdd  1.97049   1.00000  2.0 TiB  155 GiB  70 MiB   0 B  56 MiB  1.8 TiB  7.70  1.00  164      up
129    hdd  1.97049   1.00000  2.0 TiB  155 GiB  70 MiB   0 B  42 MiB  1.8 TiB  7.70  1.00  207      up
139    hdd  1.97049   1.00000  2.0 TiB  155 GiB  70 MiB   0 B  53 MiB  1.8 TiB  7.70  1.00  201      up
149    hdd  1.97049   1.00000  2.0 TiB  155 GiB  70 MiB   0 B  56 MiB  1.8 TiB  7.70  1.00  174      up
159    hdd  1.97049   1.00000  2.0 TiB  155 GiB  70 MiB   0 B  42 MiB  1.8 TiB  7.70  1.00  184      up
170    hdd  1.97049   1.00000  2.0 TiB  155 GiB  70 MiB   0 B  52 MiB  1.8 TiB  7.70  1.00  196      up
179    hdd  1.97049   1.00000  2.0 TiB  155 GiB  70 MiB   0 B  56 MiB  1.8 TiB  7.70  1.00  176      up
189    hdd  1.97049   1.00000  2.0 TiB  155 GiB  70 MiB   0 B  41 MiB  1.8 TiB  7.70  1.00  168      up
198    hdd  1.97049   1.00000  2.0 TiB  155 GiB  70 MiB   0 B  51 MiB  1.8 TiB  7.70  1.00  185      up
208    hdd  1.97049   1.00000  2.0 TiB  155 GiB  70 MiB   0 B  41 MiB  1.8 TiB  7.70  1.00  167      up
218    hdd  1.97049   1.00000  2.0 TiB  155 GiB  70 MiB   0 B  41 MiB  1.8 TiB  7.70  1.00  201      up
230    hdd  1.97049   1.00000  2.0 TiB  155 GiB  70 MiB   0 B  56 MiB  1.8 TiB  7.70  1.00  168      up
240    hdd  1.97049   1.00000  2.0 TiB  155 GiB  70 MiB   0 B  55 MiB  1.8 TiB  7.70  1.00  187      up
250    hdd  1.97049   1.00000  2.0 TiB  155 GiB  70 MiB   0 B  51 MiB  1.8 TiB  7.70  1.00  187      up
259    hdd  1.97049   1.00000  2.0 TiB  155 GiB  70 MiB   0 B  55 MiB  1.8 TiB  7.70  1.00  184      up
 31    hdd  1.97049   1.00000  2.0 TiB  155 GiB  70 MiB   0 B  41 MiB  1.8 TiB  7.70  1.00  195      up
 40    hdd  1.97049   1.00000  2.0 TiB  155 GiB  70 MiB   0 B  51 MiB  1.8 TiB  7.70  1.00  169      up
 51    hdd  1.97049   1.00000  2.0 TiB  155 GiB  70 MiB   0 B  55 MiB  1.8 TiB  7.70  1.00  168      up
 59    hdd  1.97049   1.00000  2.0 TiB  155 GiB  70 MiB   0 B  51 MiB  1.8 TiB  7.70  1.00  175      up
 69    hdd  1.97049   1.00000  2.0 TiB  155 GiB  70 MiB   0 B  41 MiB  1.8 TiB  7.70  1.00  197      up
 79    hdd  1.97049   1.00000  2.0 TiB  155 GiB  70 MiB   0 B  56 MiB  1.8 TiB  7.70  1.00  197      up
 88    hdd  1.97049   1.00000  2.0 TiB  155 GiB  70 MiB   0 B  40 MiB  1.8 TiB  7.70  1.00  205      up
 98    hdd  1.97049   1.00000  2.0 TiB  155 GiB  70 MiB   0 B  40 MiB  1.8 TiB  7.70  1.00  204      up
108    hdd  1.97049   1.00000  2.0 TiB  155 GiB  70 MiB   0 B  52 MiB  1.8 TiB  7.70  1.00  164      up
118    hdd  1.97049   1.00000  2.0 TiB  155 GiB  70 MiB   0 B  56 MiB  1.8 TiB  7.70  1.00  175      up
130    hdd  1.97049   1.00000  2.0 TiB  155 GiB  70 MiB   0 B  56 MiB  1.8 TiB  7.70  1.00  171      up
140    hdd  1.97049   1.00000  2.0 TiB  155 GiB  70 MiB   0 B  42 MiB  1.8 TiB  7.70  1.00  207      up
150    hdd  1.97049   1.00000  2.0 TiB  155 GiB  70 MiB   0 B  41 MiB  1.8 TiB  7.70  1.00  200      up
160    hdd  1.97049   1.00000  2.0 TiB  155 GiB  70 MiB   0 B  56 MiB  1.8 TiB  7.70  1.00  177      up
169    hdd  1.97049   1.00000  2.0 TiB  155 GiB  70 MiB   0 B  51 MiB  1.8 TiB  7.70  1.00  176      up
180    hdd  1.97049   1.00000  2.0 TiB  155 GiB  70 MiB   0 B  51 MiB  1.8 TiB  7.70  1.00  188      up
188    hdd  1.97049   1.00000  2.0 TiB  155 GiB  70 MiB   0 B  42 MiB  1.8 TiB  7.70  1.00  199      up
199    hdd  1.97049   1.00000  2.0 TiB  155 GiB  70 MiB   0 B  56 MiB  1.8 TiB  7.70  1.00  194      up
207    hdd  1.97049   1.00000  2.0 TiB  155 GiB  70 MiB   0 B  41 MiB  1.8 TiB  7.70  1.00  182      up
217    hdd  1.97049   1.00000  2.0 TiB  155 GiB  70 MiB   0 B  41 MiB  1.8 TiB  7.70  1.00  179      up
227    hdd  1.97049   1.00000  2.0 TiB  155 GiB  70 MiB   0 B  52 MiB  1.8 TiB  7.70  1.00  196      up
237    hdd  1.97049   1.00000  2.0 TiB  155 GiB  70 MiB   0 B  51 MiB  1.8 TiB  7.70  1.00  163      up
247    hdd  1.97049   1.00000  2.0 TiB  155 GiB  70 MiB   0 B  42 MiB  1.8 TiB  7.70  1.00  213      up
257    hdd  1.97049   1.00000  2.0 TiB  155 GiB  70 MiB   0 B  56 MiB  1.8 TiB  7.70  1.00  172      up
 29    hdd  1.97049   1.00000  2.0 TiB  155 GiB  70 MiB   0 B  51 MiB  1.8 TiB  7.70  1.00  176      up
 38    hdd  1.97049   1.00000  2.0 TiB  155 GiB  70 MiB   0 B  51 MiB  1.8 TiB  7.70  1.00  186      up
 49    hdd  1.97049   1.00000  2.0 TiB  155 GiB  70 MiB   0 B  55 MiB  1.8 TiB  7.70  1.00  205      up
 61    hdd  1.97049   1.00000  2.0 TiB  155 GiB  70 MiB   0 B  61 MiB  1.8 TiB  7.70  1.00  198      up
 71    hdd  1.97049   1.00000  2.0 TiB  155 GiB  70 MiB   0 B  41 MiB  1.8 TiB  7.70  1.00  201      up
 81    hdd  1.97049   1.00000  2.0 TiB  155 GiB  70 MiB   0 B  51 MiB  1.8 TiB  7.70  1.00  178      up
 91    hdd  1.97049   1.00000  2.0 TiB  155 GiB  70 MiB   0 B  40 MiB  1.8 TiB  7.70  1.00  159      up
101    hdd  1.97049   1.00000  2.0 TiB  155 GiB  70 MiB   0 B  52 MiB  1.8 TiB  7.70  1.00  179      up
111    hdd  1.97049   1.00000  2.0 TiB  155 GiB  70 MiB   0 B  53 MiB  1.8 TiB  7.70  1.00  191      up
121    hdd  1.97049   1.00000  2.0 TiB  155 GiB  70 MiB   0 B  56 MiB  1.8 TiB  7.70  1.00  174      up
131    hdd  1.97049   1.00000  2.0 TiB  155 GiB  70 MiB   0 B  56 MiB  1.8 TiB  7.70  1.00  188      up
141    hdd  1.97049   1.00000  2.0 TiB  155 GiB  70 MiB   0 B  56 MiB  1.8 TiB  7.70  1.00  184      up
151    hdd  1.97049   1.00000  2.0 TiB  155 GiB  70 MiB   0 B  52 MiB  1.8 TiB  7.70  1.00  168      up
161    hdd  1.97049   1.00000  2.0 TiB  155 GiB  70 MiB   0 B  41 MiB  1.8 TiB  7.70  1.00  164      up
171    hdd  1.97049   1.00000  2.0 TiB  155 GiB  70 MiB   0 B  42 MiB  1.8 TiB  7.70  1.00  196      up
181    hdd  1.97049   1.00000  2.0 TiB  155 GiB  70 MiB   0 B  51 MiB  1.8 TiB  7.70  1.00  175      up
191    hdd  1.97049   1.00000  2.0 TiB  155 GiB  70 MiB   0 B  41 MiB  1.8 TiB  7.70  1.00  183      up
201    hdd  1.97049   1.00000  2.0 TiB  155 GiB  70 MiB   0 B  56 MiB  1.8 TiB  7.70  1.00  194      up
211    hdd  1.97049   1.00000  2.0 TiB  155 GiB  70 MiB   0 B  41 MiB  1.8 TiB  7.70  1.00  192      up
221    hdd  1.97049   1.00000  2.0 TiB  155 GiB  70 MiB   0 B  55 MiB  1.8 TiB  7.70  1.00  196      up
231    hdd  1.97049   1.00000  2.0 TiB  155 GiB  70 MiB   0 B  52 MiB  1.8 TiB  7.70  1.00  184      up
241    hdd  1.97049   1.00000  2.0 TiB  155 GiB  70 MiB   0 B  51 MiB  1.8 TiB  7.70  1.00  158      up
249    hdd  1.97049   1.00000  2.0 TiB  155 GiB  70 MiB   0 B  41 MiB  1.8 TiB  7.70  1.00  209      up
261    hdd  1.97049   1.00000  2.0 TiB  155 GiB  70 MiB   0 B  41 MiB  1.8 TiB  7.70  1.00  182      up
 33    hdd  1.97049   1.00000  2.0 TiB  155 GiB  70 MiB   0 B  55 MiB  1.8 TiB  7.70  1.00  187      up
 43    hdd  1.97049   1.00000  2.0 TiB  155 GiB  70 MiB   0 B  41 MiB  1.8 TiB  7.70  1.00  185      up
 52    hdd  1.97049   1.00000  2.0 TiB  155 GiB  70 MiB   0 B  51 MiB  1.8 TiB  7.70  1.00  186      up
 62    hdd  1.97049   1.00000  2.0 TiB  155 GiB  70 MiB   0 B  41 MiB  1.8 TiB  7.70  1.00  204      up
 72    hdd  1.97049   1.00000  2.0 TiB  155 GiB  70 MiB   0 B  41 MiB  1.8 TiB  7.70  1.00  186      up
 82    hdd  1.97049   1.00000  2.0 TiB  155 GiB  70 MiB   0 B  40 MiB  1.8 TiB  7.70  1.00  188      up
 92    hdd  1.97049   1.00000  2.0 TiB  155 GiB  70 MiB   0 B  56 MiB  1.8 TiB  7.70  1.00  202      up
102    hdd  1.97049   1.00000  2.0 TiB  155 GiB  70 MiB   0 B  42 MiB  1.8 TiB  7.70  1.00  209      up
112    hdd  1.97049   1.00000  2.0 TiB  155 GiB  70 MiB   0 B  56 MiB  1.8 TiB  7.70  1.00  195      up
122    hdd  1.97049   1.00000  2.0 TiB  155 GiB  70 MiB   0 B  42 MiB  1.8 TiB  7.70  1.00  198      up
132    hdd  1.97049   1.00000  2.0 TiB  155 GiB  70 MiB   0 B  42 MiB  1.8 TiB  7.70  1.00  210      up
142    hdd  1.97049   1.00000  2.0 TiB  155 GiB  70 MiB   0 B  41 MiB  1.8 TiB  7.70  1.00  183      up
152    hdd  1.97049   1.00000  2.0 TiB  155 GiB  70 MiB   0 B  41 MiB  1.8 TiB  7.70  1.00  201      up
162    hdd  1.97049   1.00000  2.0 TiB  155 GiB  70 MiB   0 B  52 MiB  1.8 TiB  7.70  1.00  202      up
172    hdd  1.97049   1.00000  2.0 TiB  155 GiB  70 MiB   0 B  52 MiB  1.8 TiB  7.70  1.00  179      up
182    hdd  1.97049   1.00000  2.0 TiB  155 GiB  70 MiB   0 B  56 MiB  1.8 TiB  7.70  1.00  189      up
192    hdd  1.97049   1.00000  2.0 TiB  155 GiB  70 MiB   0 B  56 MiB  1.8 TiB  7.70  1.00  185      up
202    hdd  1.97049   1.00000  2.0 TiB  155 GiB  70 MiB   0 B  41 MiB  1.8 TiB  7.70  1.00  186      up
212    hdd  1.97049   1.00000  2.0 TiB  155 GiB  70 MiB   0 B  41 MiB  1.8 TiB  7.70  1.00  193      up
222    hdd  1.97049   1.00000  2.0 TiB  155 GiB  70 MiB   0 B  41 MiB  1.8 TiB  7.70  1.00  185      up
232    hdd  1.97049   1.00000  2.0 TiB  155 GiB  70 MiB   0 B  51 MiB  1.8 TiB  7.70  1.00  181      up
242    hdd  1.97049   1.00000  2.0 TiB  155 GiB  70 MiB   0 B  56 MiB  1.8 TiB  7.70  1.00  201      up
252    hdd  1.97049   1.00000  2.0 TiB  155 GiB  70 MiB   0 B  55 MiB  1.8 TiB  7.70  1.00  193      up
262    hdd  1.97049   1.00000  2.0 TiB  155 GiB  70 MiB   0 B  51 MiB  1.8 TiB  7.70  1.00  181      up
264    hdd  1.97049   1.00000  2.0 TiB  155 GiB  70 MiB   0 B  40 MiB  1.8 TiB  7.70  1.00  183      up
265    hdd  1.97049   1.00000  2.0 TiB  155 GiB  70 MiB   0 B  60 MiB  1.8 TiB  7.70  1.00  170      up
266    hdd  1.97049   1.00000  2.0 TiB  155 GiB  70 MiB   0 B  40 MiB  1.8 TiB  7.70  1.00  200      up
267    hdd  1.97049   1.00000  2.0 TiB  155 GiB  70 MiB   0 B  41 MiB  1.8 TiB  7.70  1.00  206      up
268    hdd  1.97049   1.00000  2.0 TiB  155 GiB  70 MiB   0 B  55 MiB  1.8 TiB  7.70  1.00  188      up
269    hdd  1.97049   1.00000  2.0 TiB  155 GiB  70 MiB   0 B  50 MiB  1.8 TiB  7.70  1.00  169      up
270    hdd  1.97049   1.00000  2.0 TiB  155 GiB  70 MiB   0 B  40 MiB  1.8 TiB  7.70  1.00  185      up
271    hdd  1.97049   1.00000  2.0 TiB  155 GiB  70 MiB   0 B  40 MiB  1.8 TiB  7.70  1.00  210      up
272    hdd  1.97049   1.00000  2.0 TiB  155 GiB  70 MiB   0 B  54 MiB  1.8 TiB  7.70  1.00  183      up
273    hdd  1.97049   1.00000  2.0 TiB  155 GiB  70 MiB   0 B  50 MiB  1.8 TiB  7.70  1.00  182      up
274    hdd  1.97049   1.00000  2.0 TiB  155 GiB  70 MiB   0 B  51 MiB  1.8 TiB  7.70  1.00  186      up
275    hdd  1.97049   1.00000  2.0 TiB  155 GiB  70 MiB   0 B  50 MiB  1.8 TiB  7.70  1.00  180      up
276    hdd  1.97049   1.00000  2.0 TiB  155 GiB  70 MiB   0 B  50 MiB  1.8 TiB  7.70  1.00  197      up
277    hdd  1.97049   1.00000  2.0 TiB  155 GiB  70 MiB   0 B  40 MiB  1.8 TiB  7.70  1.00  188      up
278    hdd  1.97049   1.00000  2.0 TiB  155 GiB  70 MiB   0 B  50 MiB  1.8 TiB  7.70  1.00  202      up
279    hdd  1.97049   1.00000  2.0 TiB  155 GiB  70 MiB   0 B  55 MiB  1.8 TiB  7.70  1.00  190      up
280    hdd  1.97049   1.00000  2.0 TiB  155 GiB  70 MiB   0 B  54 MiB  1.8 TiB  7.70  1.00  175      up
281    hdd  1.97049   1.00000  2.0 TiB  155 GiB  70 MiB   0 B  54 MiB  1.8 TiB  7.70  1.00  173      up
282    hdd  1.97049   1.00000  2.0 TiB  155 GiB  70 MiB   0 B  50 MiB  1.8 TiB  7.70  1.00  170      up
283    hdd  1.97049   1.00000  2.0 TiB  155 GiB  70 MiB   0 B  50 MiB  1.8 TiB  7.70  1.00  168      up
284    hdd  1.97049   1.00000  2.0 TiB  155 GiB  70 MiB   0 B  50 MiB  1.8 TiB  7.70  1.00  170      up
285    hdd  1.97049   1.00000  2.0 TiB  155 GiB  70 MiB   0 B  50 MiB  1.8 TiB  7.70  1.00  182      up
286    hdd  1.97049   1.00000  2.0 TiB  155 GiB  70 MiB   0 B  40 MiB  1.8 TiB  7.70  1.00  191      up
287    hdd  1.97049   1.00000  2.0 TiB  155 GiB  70 MiB   0 B  50 MiB  1.8 TiB  7.70  1.00  195      up
 24    hdd  1.97049   1.00000  2.0 TiB  155 GiB  70 MiB   0 B  51 MiB  1.8 TiB  7.70  1.00  149      up
 35    hdd  1.97049   1.00000  2.0 TiB  155 GiB  70 MiB   0 B  42 MiB  1.8 TiB  7.70  1.00  204      up
 45    hdd  1.97049   1.00000  2.0 TiB  155 GiB  70 MiB   0 B  56 MiB  1.8 TiB  7.70  1.00  178      up
 55    hdd  1.97049   1.00000  2.0 TiB  155 GiB  70 MiB   0 B  41 MiB  1.8 TiB  7.70  1.00  195      up
 65    hdd  1.97049   1.00000  2.0 TiB  155 GiB  70 MiB   0 B  55 MiB  1.8 TiB  7.70  1.00  203      up
 75    hdd  1.97049   1.00000  2.0 TiB  155 GiB  70 MiB   0 B  55 MiB  1.8 TiB  7.70  1.00  164      up
 85    hdd  1.97049   1.00000  2.0 TiB  155 GiB  70 MiB   0 B  56 MiB  1.8 TiB  7.70  1.00  182      up
 95    hdd  1.97049   1.00000  2.0 TiB  155 GiB  70 MiB   0 B  51 MiB  1.8 TiB  7.70  1.00  193      up
105    hdd  1.97049   1.00000  2.0 TiB  155 GiB  70 MiB   0 B  42 MiB  1.8 TiB  7.70  1.00  200      up
115    hdd  1.97049   1.00000  2.0 TiB  155 GiB  70 MiB   0 B  56 MiB  1.8 TiB  7.70  1.00  175      up
128    hdd  1.97049   1.00000  2.0 TiB  155 GiB  70 MiB   0 B  52 MiB  1.8 TiB  7.70  1.00  194      up
137    hdd  1.97049   1.00000  2.0 TiB  155 GiB  70 MiB   0 B  42 MiB  1.8 TiB  7.70  1.00  212      up
148    hdd  1.97049   1.00000  2.0 TiB  155 GiB  70 MiB   0 B  42 MiB  1.8 TiB  7.70  1.00  207      up
157    hdd  1.97049   1.00000  2.0 TiB  155 GiB  70 MiB   0 B  41 MiB  1.8 TiB  7.70  1.00  169      up
167    hdd  1.97049   1.00000  2.0 TiB  155 GiB  70 MiB   0 B  56 MiB  1.8 TiB  7.70  1.00  185      up
177    hdd  1.97049   1.00000  2.0 TiB  155 GiB  70 MiB   0 B  56 MiB  1.8 TiB  7.70  1.00  197      up
186    hdd  1.97049   1.00000  2.0 TiB  155 GiB  70 MiB   0 B  55 MiB  1.8 TiB  7.70  1.00  187      up
197    hdd  1.97049   1.00000  2.0 TiB  155 GiB  70 MiB   0 B  51 MiB  1.8 TiB  7.70  1.00  163      up
206    hdd  1.97049   1.00000  2.0 TiB  155 GiB  70 MiB   0 B  41 MiB  1.8 TiB  7.70  1.00  198      up
216    hdd  1.97049   1.00000  2.0 TiB  155 GiB  70 MiB   0 B  41 MiB  1.8 TiB  7.70  1.00  196      up
226    hdd  1.97049   1.00000  2.0 TiB  155 GiB  70 MiB   0 B  41 MiB  1.8 TiB  7.70  1.00  181      up
236    hdd  1.97049   1.00000  2.0 TiB  155 GiB  70 MiB   0 B  51 MiB  1.8 TiB  7.70  1.00  189      up
246    hdd  1.97049   1.00000  2.0 TiB  155 GiB  70 MiB   0 B  55 MiB  1.8 TiB  7.70  1.00  190      up
256    hdd  1.97049   1.00000  2.0 TiB  155 GiB  70 MiB   0 B  55 MiB  1.8 TiB  7.70  1.00  169      up
 25    hdd  1.97049   1.00000  2.0 TiB  155 GiB  70 MiB   0 B  55 MiB  1.8 TiB  7.70  1.00  201      up
 36    hdd  1.97049   1.00000  2.0 TiB  155 GiB  70 MiB   0 B  55 MiB  1.8 TiB  7.70  1.00  186      up
 46    hdd  1.97049   1.00000  2.0 TiB  155 GiB  70 MiB   0 B  55 MiB  1.8 TiB  7.70  1.00  197      up
 56    hdd  1.97049   1.00000  2.0 TiB  155 GiB  70 MiB   0 B  50 MiB  1.8 TiB  7.70  1.00  171      up
 67    hdd  1.97049   1.00000  2.0 TiB  155 GiB  70 MiB   0 B  51 MiB  1.8 TiB  7.70  1.00  177      up
 78    hdd  1.97049   1.00000  2.0 TiB  155 GiB  70 MiB   0 B  55 MiB  1.8 TiB  7.70  1.00  190      up
 89    hdd  1.97049   1.00000  2.0 TiB  155 GiB  70 MiB   0 B  55 MiB  1.8 TiB  7.70  1.00  189      up
 99    hdd  1.97049   1.00000  2.0 TiB  155 GiB  70 MiB   0 B  50 MiB  1.8 TiB  7.70  1.00  183      up
110    hdd  1.97049   1.00000  2.0 TiB  155 GiB  70 MiB   0 B  42 MiB  1.8 TiB  7.70  1.00  190      up
120    hdd  1.97049   1.00000  2.0 TiB  155 GiB  70 MiB   0 B  56 MiB  1.8 TiB  7.70  1.00  163      up
127    hdd  1.97049   1.00000  2.0 TiB  155 GiB  70 MiB   0 B  52 MiB  1.8 TiB  7.70  1.00  174      up
138    hdd  1.97049   1.00000  2.0 TiB  155 GiB  70 MiB   0 B  57 MiB  1.8 TiB  7.70  1.00  208      up
147    hdd  1.97049   1.00000  2.0 TiB  155 GiB  70 MiB   0 B  42 MiB  1.8 TiB  7.70  1.00  178      up
158    hdd  1.97049   1.00000  2.0 TiB  155 GiB  70 MiB   0 B  42 MiB  1.8 TiB  7.70  1.00  193      up
168    hdd  1.97049   1.00000  2.0 TiB  155 GiB  70 MiB   0 B  41 MiB  1.8 TiB  7.70  1.00  185      up
178    hdd  1.97049   1.00000  2.0 TiB  155 GiB  70 MiB   0 B  41 MiB  1.8 TiB  7.70  1.00  181      up
190    hdd  1.97049   1.00000  2.0 TiB  155 GiB  70 MiB   0 B  41 MiB  1.8 TiB  7.70  1.00  180      up
200    hdd  1.97049   1.00000  2.0 TiB  155 GiB  70 MiB   0 B  41 MiB  1.8 TiB  7.70  1.00  183      up
210    hdd  1.97049   1.00000  2.0 TiB  155 GiB  70 MiB   0 B  51 MiB  1.8 TiB  7.70  1.00  185      up
220    hdd  1.97049   1.00000  2.0 TiB  155 GiB  70 MiB   0 B  42 MiB  1.8 TiB  7.70  1.00  197      up
228    hdd  1.97049   1.00000  2.0 TiB  155 GiB  70 MiB   0 B  41 MiB  1.8 TiB  7.70  1.00  175      up
239    hdd  1.97049   1.00000  2.0 TiB  155 GiB  70 MiB   0 B  51 MiB  1.8 TiB  7.70  1.00  196      up
251    hdd  1.97049   1.00000  2.0 TiB  155 GiB  70 MiB   0 B  56 MiB  1.8 TiB  7.70  1.00  183      up
260    hdd  1.97049   1.00000  2.0 TiB  155 GiB  70 MiB   0 B  41 MiB  1.8 TiB  7.70  1.00  210      up
 30    hdd  1.97049   1.00000  2.0 TiB  155 GiB  70 MiB   0 B  55 MiB  1.8 TiB  7.70  1.00  165      up
 39    hdd  1.97049   1.00000  2.0 TiB  155 GiB  70 MiB   0 B  40 MiB  1.8 TiB  7.70  1.00  186      up
 48    hdd  1.97049   1.00000  2.0 TiB  155 GiB  70 MiB   0 B  51 MiB  1.8 TiB  7.70  1.00  180      up
 60    hdd  1.97049   1.00000  2.0 TiB  155 GiB  70 MiB   0 B  55 MiB  1.8 TiB  7.70  1.00  188      up
 70    hdd  1.97049   1.00000  2.0 TiB  155 GiB  70 MiB   0 B  41 MiB  1.8 TiB  7.70  1.00  195      up
 80    hdd  1.97049   1.00000  2.0 TiB  155 GiB  70 MiB   0 B  40 MiB  1.8 TiB  7.70  1.00  181      up
 90    hdd  1.97049   1.00000  2.0 TiB  155 GiB  70 MiB   0 B  41 MiB  1.8 TiB  7.70  1.00  185      up
100    hdd  1.97049   1.00000  2.0 TiB  155 GiB  70 MiB   0 B  42 MiB  1.8 TiB  7.70  1.00  202      up
109    hdd  1.97049   1.00000  2.0 TiB  155 GiB  70 MiB   0 B  56 MiB  1.8 TiB  7.70  1.00  180      up
119    hdd  1.97049   1.00000  2.0 TiB  155 GiB  70 MiB   0 B  56 MiB  1.8 TiB  7.70  1.00  203      up
126    hdd  1.97049   1.00000  2.0 TiB  155 GiB  70 MiB   0 B  56 MiB  1.8 TiB  7.70  1.00  185      up
136    hdd  1.97049   1.00000  2.0 TiB  155 GiB  70 MiB   0 B  52 MiB  1.8 TiB  7.70  1.00  167      up
146    hdd  1.97049   1.00000  2.0 TiB  155 GiB  70 MiB   0 B  41 MiB  1.8 TiB  7.70  1.00  178      up
156    hdd  1.97049   1.00000  2.0 TiB  155 GiB  70 MiB   0 B  52 MiB  1.8 TiB  7.70  1.00  184      up
166    hdd  1.97049   1.00000  2.0 TiB  155 GiB  70 MiB   0 B  56 MiB  1.8 TiB  7.70  1.00  185      up
176    hdd  1.97049   1.00000  2.0 TiB  155 GiB  70 MiB   0 B  56 MiB  1.8 TiB  7.70  1.00  200      up
185    hdd  1.97049   1.00000  2.0 TiB  155 GiB  70 MiB   0 B  41 MiB  1.8 TiB  7.70  1.00  199      up
195    hdd  1.97049   1.00000  2.0 TiB  155 GiB  70 MiB   0 B  56 MiB  1.8 TiB  7.70  1.00  183      up
209    hdd  1.97049   1.00000  2.0 TiB  155 GiB  70 MiB   0 B  41 MiB  1.8 TiB  7.70  1.00  195      up
219    hdd  1.97049   1.00000  2.0 TiB  155 GiB  70 MiB   0 B  51 MiB  1.8 TiB  7.70  1.00  172      up
229    hdd  1.97049   1.00000  2.0 TiB  155 GiB  70 MiB   0 B  56 MiB  1.8 TiB  7.70  1.00  158      up
238    hdd  1.97049   1.00000  2.0 TiB  155 GiB  70 MiB   0 B  56 MiB  1.8 TiB  7.70  1.00  190      up
248    hdd  1.97049   1.00000  2.0 TiB  155 GiB  70 MiB   0 B  51 MiB  1.8 TiB  7.70  1.00  202      up
258    hdd  1.97049   1.00000  2.0 TiB  155 GiB  70 MiB   0 B  51 MiB  1.8 TiB  7.70  1.00  187      up
 28    hdd  1.97049   1.00000  2.0 TiB  155 GiB  70 MiB   0 B  41 MiB  1.8 TiB  7.70  1.00  219      up
 37    hdd  1.97049   1.00000  2.0 TiB  155 GiB  70 MiB   0 B  55 MiB  1.8 TiB  7.70  1.00  181      up
 47    hdd  1.97049   1.00000  2.0 TiB  155 GiB  70 MiB   0 B  55 MiB  1.8 TiB  7.70  1.00  178      up
 57    hdd  1.97049   1.00000  2.0 TiB  155 GiB  70 MiB   0 B  51 MiB  1.8 TiB  7.70  1.00  189      up
 66    hdd  1.97049   1.00000  2.0 TiB  155 GiB  70 MiB   0 B  41 MiB  1.8 TiB  7.70  1.00  202      up
 76    hdd  1.97049   1.00000  2.0 TiB  155 GiB  70 MiB   0 B  50 MiB  1.8 TiB  7.70  1.00  168      up
 86    hdd  1.97049   1.00000  2.0 TiB  155 GiB  70 MiB   0 B  51 MiB  1.8 TiB  7.70  1.00  180      up
 97    hdd  1.97049   1.00000  2.0 TiB  155 GiB  70 MiB   0 B  40 MiB  1.8 TiB  7.70  1.00  187      up
107    hdd  1.97049   1.00000  2.0 TiB  155 GiB  70 MiB   0 B  42 MiB  1.8 TiB  7.70  1.00  167      up
117    hdd  1.97049   1.00000  2.0 TiB  155 GiB  70 MiB   0 B  56 MiB  1.8 TiB  7.70  1.00  166      up
125    hdd  1.97049   1.00000  2.0 TiB  155 GiB  70 MiB   0 B  41 MiB  1.8 TiB  7.70  1.00  180      up
135    hdd  1.97049   1.00000  2.0 TiB  155 GiB  70 MiB   0 B  51 MiB  1.8 TiB  7.70  1.00  175      up
145    hdd  1.97049   1.00000  2.0 TiB  155 GiB  70 MiB   0 B  56 MiB  1.8 TiB  7.70  1.00  180      up
155    hdd  1.97049   1.00000  2.0 TiB  155 GiB  70 MiB   0 B  41 MiB  1.8 TiB  7.70  1.00  172      up
165    hdd  1.97049   1.00000  2.0 TiB  155 GiB  70 MiB   0 B  56 MiB  1.8 TiB  7.70  1.00  171      up
175    hdd  1.97049   1.00000  2.0 TiB  155 GiB  70 MiB   0 B  56 MiB  1.8 TiB  7.70  1.00  187      up
187    hdd  1.97049   1.00000  2.0 TiB  155 GiB  70 MiB   0 B  56 MiB  1.8 TiB  7.70  1.00  199      up
196    hdd  1.97049   1.00000  2.0 TiB  155 GiB  70 MiB   0 B  41 MiB  1.8 TiB  7.70  1.00  205      up
205    hdd  1.97049   1.00000  2.0 TiB  155 GiB  70 MiB   0 B  42 MiB  1.8 TiB  7.70  1.00  210      up
215    hdd  1.97049   1.00000  2.0 TiB  155 GiB  70 MiB   0 B  41 MiB  1.8 TiB  7.70  1.00  183      up
225    hdd  1.97049   1.00000  2.0 TiB  155 GiB  70 MiB   0 B  55 MiB  1.8 TiB  7.70  1.00  169      up
235    hdd  1.97049   1.00000  2.0 TiB  155 GiB  70 MiB   0 B  41 MiB  1.8 TiB  7.70  1.00  201      up
245    hdd  1.97049   1.00000  2.0 TiB  155 GiB  70 MiB   0 B  52 MiB  1.8 TiB  7.70  1.00  186      up
255    hdd  1.97049   1.00000  2.0 TiB  155 GiB  70 MiB   0 B  56 MiB  1.8 TiB  7.70  1.00  187      up
 26    hdd  1.97049   1.00000  2.0 TiB  155 GiB  70 MiB   0 B  41 MiB  1.8 TiB  7.70  1.00  208      up
 34    hdd  1.97049   1.00000  2.0 TiB  155 GiB  70 MiB   0 B  51 MiB  1.8 TiB  7.70  1.00  184      up
 44    hdd  1.97049   1.00000  2.0 TiB  155 GiB  70 MiB   0 B  41 MiB  1.8 TiB  7.70  1.00  199      up
 54    hdd  1.97049   1.00000  2.0 TiB  155 GiB  70 MiB   0 B  55 MiB  1.8 TiB  7.70  1.00  190      up
 64    hdd  1.97049   1.00000  2.0 TiB  155 GiB  70 MiB   0 B  51 MiB  1.8 TiB  7.70  1.00  188      up
 74    hdd  1.97049   1.00000  2.0 TiB  155 GiB  70 MiB   0 B  41 MiB  1.8 TiB  7.70  1.00  205      up
 84    hdd  1.97049   1.00000  2.0 TiB  155 GiB  70 MiB   0 B  51 MiB  1.8 TiB  7.70  1.00  182      up
 94    hdd  1.97049   1.00000  2.0 TiB  155 GiB  70 MiB   0 B  55 MiB  1.8 TiB  7.70  1.00  175      up
104    hdd  1.97049   1.00000  2.0 TiB  155 GiB  70 MiB   0 B  56 MiB  1.8 TiB  7.70  1.00  181      up
114    hdd  1.97049   1.00000  2.0 TiB  155 GiB  70 MiB   0 B  52 MiB  1.8 TiB  7.70  1.00  178      up
124    hdd  1.97049   1.00000  2.0 TiB  155 GiB  70 MiB   0 B  52 MiB  1.8 TiB  7.70  1.00  176      up
134    hdd  1.97049   1.00000  2.0 TiB  155 GiB  70 MiB   0 B  42 MiB  1.8 TiB  7.70  1.00  204      up
144    hdd  1.97049   1.00000  2.0 TiB  155 GiB  70 MiB   0 B  56 MiB  1.8 TiB  7.70  1.00  197      up
154    hdd  1.97049   1.00000  2.0 TiB  155 GiB  70 MiB   0 B  57 MiB  1.8 TiB  7.70  1.00  181      up
164    hdd  1.97049   1.00000  2.0 TiB  155 GiB  70 MiB   0 B  42 MiB  1.8 TiB  7.70  1.00  197      up
174    hdd  1.97049   1.00000  2.0 TiB  155 GiB  70 MiB   0 B  56 MiB  1.8 TiB  7.70  1.00  207      up
184    hdd  1.97049   1.00000  2.0 TiB  155 GiB  70 MiB   0 B  56 MiB  1.8 TiB  7.70  1.00  184      up
194    hdd  1.97049   1.00000  2.0 TiB  155 GiB  70 MiB   0 B  61 MiB  1.8 TiB  7.70  1.00  191      up
204    hdd  1.97049   1.00000  2.0 TiB  155 GiB  70 MiB   0 B  41 MiB  1.8 TiB  7.70  1.00  177      up
214    hdd  1.97049   1.00000  2.0 TiB  155 GiB  70 MiB   0 B  41 MiB  1.8 TiB  7.70  1.00  193      up
224    hdd  1.97049   1.00000  2.0 TiB  155 GiB  70 MiB   0 B  52 MiB  1.8 TiB  7.70  1.00  187      up
234    hdd  1.97049   1.00000  2.0 TiB  155 GiB  70 MiB   0 B  56 MiB  1.8 TiB  7.70  1.00  184      up
244    hdd  1.97049   1.00000  2.0 TiB  155 GiB  70 MiB   0 B  41 MiB  1.8 TiB  7.70  1.00  194      up
254    hdd  1.97049   1.00000  2.0 TiB  155 GiB  70 MiB   0 B  51 MiB  1.8 TiB  7.70  1.00  182      up
                        TOTAL  567 TiB   44 TiB  20 GiB   0 B  14 GiB  524 TiB  7.70                   
MIN/MAX VAR: 1.00/1.00  STDDEV: 0
2022/02/10-06:22:41: %RAW USED 7.70; Pending GCs 

PG Autoscale:
POOL                         SIZE  TARGET SIZE  RATE  RAW CAPACITY   RATIO  TARGET RATIO  EFFECTIVE RATIO  BIAS  PG_NUM  NEW PG_NUM  AUTOSCALE  
device_health_metrics          0                 3.0        567.4T  0.0000                                  1.0       1              on         
default.rgw.control            0                 3.0        567.4T  0.0000                                  1.0     256              on         
default.rgw.buckets.data       0                 1.5        567.4T  0.0000                                  1.0    8192              on         
default.rgw.buckets.index      0                 3.0        567.4T  0.0000                                  1.0     512              on         
default.rgw.log             3702                 3.0        567.4T  0.0000                                  1.0     256              on         
default.rgw.meta            3327                 3.0        567.4T  0.0000                                  1.0     256              on         
.rgw.root                   1323                 3.0        567.4T  0.0000                                  1.0     256              on         

RGW netstat & qlen/qactive ...
f10-h01-000-6049p.rdu2.scalelab.redhat.com
Proto Recv-Q Send-Q Local Address           Foreign Address         State       PID/Program name    
tcp        1      0 172.17.36.220:8080      0.0.0.0:*               LISTEN      522247/radosgw      
        "qlen": 232,
        "qactive": 232,
f10-h05-000-6049p.rdu2.scalelab.redhat.com
Proto Recv-Q Send-Q Local Address           Foreign Address         State       PID/Program name    
tcp        0      0 172.17.36.178:8080      0.0.0.0:*               LISTEN      1212254/radosgw     
        "qlen": 124,
        "qactive": 124,
f10-h09-000-6049p.rdu2.scalelab.redhat.com
Proto Recv-Q Send-Q Local Address           Foreign Address         State       PID/Program name    
tcp        0      0 172.17.39.213:8080      0.0.0.0:*               LISTEN      1217193/radosgw     
        "qlen": 120,
        "qactive": 120,
f10-h13-000-6049p.rdu2.scalelab.redhat.com
Proto Recv-Q Send-Q Local Address           Foreign Address         State       PID/Program name    
tcp        0      0 172.17.39.109:8080      0.0.0.0:*               LISTEN      1218568/radosgw     
        "qlen": 269,
        "qactive": 269,

--------------------------------------------------------

2022/02/10-06:27:46: RESHARD Queue Length 11
2022/02/10-06:27:46: RESHARD List [
    {
        "time": "2022-02-10T06:27:36.580084Z",
        "tenant": "",
        "bucket_name": "mycontainers1",
        "bucket_id": "fd5f3bd5-9643-4da9-9cc9-1b8ba1a8667b.34443.1",
        "new_instance_id": "",
        "old_num_shards": 31,
        "new_num_shards": 89
    }
]

LA: 2022/02/10-06:27:46:   20.99, 10.18, 4.93

RGW stats:          proc   %cpu %mem  vsz    rss     memused       memlimit
f10-h01-000-6049p.rdu2.scalelab.redhat.com   radosgw 55.0 0.0 9695812 237848   63305486336   9223372036854771712
f10-h05-000-6049p.rdu2.scalelab.redhat.com   radosgw 54.8 0.1 9992772 477472   67341185024   9223372036854771712
f10-h09-000-6049p.rdu2.scalelab.redhat.com   radosgw 53.9 0.0 9729672 239228   64249679872   9223372036854771712
f10-h13-000-6049p.rdu2.scalelab.redhat.com   radosgw 56.1 0.0 9786356 254576   66248957952   9223372036854771712

OSD: 
2022/02/10-06:27:48: f10-h01-000-6049p.rdu2.scalelab.redhat.com ceph-osd         4.4  0.3 2633220 1241140
ceph-osd         6.5  0.3 4466180 1365888
ceph-osd         5.9  0.2 2625028 1165196
ceph-osd         7.5  0.2 2610696 1077488
ceph-osd         5.3  0.4 3651080 1674084
ceph-osd         6.8  0.3 4541060 1208056
ceph-osd         5.6  0.2 2912776 1099820
ceph-osd         5.2  0.3 3392008 1369776
ceph-osd         6.4  0.2 2998796 1087864
ceph-osd         5.3  0.3 3252744 1373644
ceph-osd         4.9  0.3 2333192 1280320
ceph-osd         5.1  0.3 2325004 1248376
ceph-osd         6.7  0.2 3481092 1176120
ceph-osd         5.1  0.2 2451980 1100360
ceph-osd         6.9  0.3 2394696 1482284
ceph-osd         4.8  0.2 2447884 1071476
ceph-osd         8.3  0.3 2429448 1195980
ceph-osd        13.9  0.3 2531844 1278992
ceph-osd         6.2  0.3 4006408 1335040
ceph-osd         6.4  0.3 3838480 1328320
ceph-osd         5.3  0.2 3173896 1110980
ceph-osd         5.2  0.3 3588616 1301228
ceph-osd         5.4  0.2 3262980 1123740
ceph-osd         4.6  0.2 2413068 1041760
2022/02/10-06:27:48: f10-h05-000-6049p.rdu2.scalelab.redhat.com ceph-osd         5.4  0.3 2601008 1212872
ceph-osd        11.3  0.4 3572780 1638428
ceph-osd         6.8  0.2 3093872 1098568
ceph-osd         8.9  0.2 2719600 1129348
ceph-osd         7.7  0.3 4849876 1268620
ceph-osd         6.2  0.3 3576532 1278676
ceph-osd         5.4  0.3 2268488 1268564
ceph-osd        10.0  0.2 3880756 1177084
ceph-osd         6.1  0.3 2930736 1212816
ceph-osd        11.3  0.3 3797040 1215072
ceph-osd         7.4  0.3 2282824 1280996
ceph-osd        11.1  0.3 3905580 1388928
ceph-osd         6.6  0.4 3940676 1770464
ceph-osd         5.3  0.3 2078768 1215420
ceph-osd        14.5  0.3 2326576 1287028
ceph-osd         7.1  0.2 2371632 950020
ceph-osd         5.5  0.3 2271276 1257384
ceph-osd         6.5  0.3 2845620 1342596
ceph-osd         6.0  0.3 2315588 1278156
ceph-osd         7.4  0.3 3054332 1340520
ceph-osd         6.2  0.3 2518064 1282260
ceph-osd        15.2  0.3 2179580 1320656
ceph-osd         7.0  0.3 4390956 1520528
ceph-osd         8.3  0.2 2401324 1178424
2022/02/10-06:27:48: f10-h09-000-6049p.rdu2.scalelab.redhat.com ceph-osd         7.4  0.2 2247964 1031116
ceph-osd         6.5  0.2 3540312 886420
ceph-osd         7.7  0.3 2620072 1211888
ceph-osd         7.9  0.3 2650588 1266360
ceph-osd         9.3  0.2 2358360 1104580
ceph-osd         6.7  0.3 3118808 1276780
ceph-osd        10.0  0.4 3225932 1685752
ceph-osd         6.1  0.3 2561796 1200500
ceph-osd         5.2  0.2 2211888 1163732
ceph-osd         5.4  0.3 3288828 1250248
ceph-osd         5.9  0.3 4806704 1485724
ceph-osd         7.2  0.2 4234356 1116396
ceph-osd         5.9  0.2 4439804 1162788
ceph-osd         5.5  0.3 2650164 1314180
ceph-osd         9.2  0.3 2879224 1257460
ceph-osd         6.3  0.3 3367984 1323464
ceph-osd         7.0  0.2 3751684 1103020
ceph-osd         6.0  0.3 2156284 1264848
ceph-osd         8.4  0.4 4670512 1836904
ceph-osd         7.2  0.3 4676476 1246232
ceph-osd         7.3  0.3 5850160 1274012
ceph-osd         7.4  0.3 2881284 1263112
ceph-osd         5.4  0.3 2237488 1200848
ceph-osd         6.6  0.2 4486476 1091772
2022/02/10-06:27:49: f10-h13-000-6049p.rdu2.scalelab.redhat.com ceph-osd         5.0  0.2 2214852 1114228
ceph-osd         5.7  0.3 2505664 1202732
ceph-osd         5.0  0.3 3128932 1222268
ceph-osd         6.1  0.2 4611432 1123972
ceph-osd         6.4  0.2 2489432 1111404
ceph-osd         9.2  0.3 2946920 1275024
ceph-osd         4.2  0.3 2096176 1224392
ceph-osd         5.4  0.3 2266444 1290048
ceph-osd         8.0  0.3 4262960 1213004
ceph-osd         6.6  0.3 2369584 1318872
ceph-osd         7.3  0.2 3485744 1160316
ceph-osd        10.8  0.3 3677516 1465456
ceph-osd         5.4  0.3 2445364 1401108
ceph-osd         9.3  0.2 2878212 1160064
ceph-osd        11.0  0.4 5873712 1616784
ceph-osd         5.1  0.3 2871344 1301016
ceph-osd        17.3  0.3 3136300 1475444
ceph-osd        10.2  0.2 3087408 1060412
ceph-osd         5.9  0.2 2956620 1145332
ceph-osd         6.1  0.2 2434380 1153348
ceph-osd         7.5  0.2 3732524 1096524
ceph-osd         6.0  0.2 2454580 1061120
ceph-osd         7.5  0.2 3381296 1113960
ceph-osd         8.2  0.3 4627784 1244320

Site1 buckets (rgw):
2022/02/10-06:28:21:         "bucket": "mycontainers1",
        "num_shards": 31,
                "num_objects": 4789614
        "bucket": "mycontainers3",
        "num_shards": 11,
        "bucket": "mycontainers4",
        "num_shards": 11,
        "bucket": "mycontainers2",
        "num_shards": 11,
        "bucket": "mycontainers5",
        "num_shards": 11,

Cluster status
  cluster:
    id:     259f4a8e-8a30-11ec-b380-ac1f6b2d5d2a
    health: HEALTH_WARN
            Degraded data redundancy: 1205/32690592 objects degraded (0.004%), 2 pgs degraded
 
  services:
    mon: 3 daemons, quorum f13-h26-b04-5039ms.rdu2.scalelab.redhat.com,f13-h26-b07-5039ms,f13-h26-b08-5039ms (age 67m)
    mgr: f13-h26-b04-5039ms.rdu2.scalelab.redhat.com.gggmog(active, since 14m), standbys: f13-h26-b08-5039ms.lgcsid, f13-h26-b07-5039ms.mryrto
    osd: 288 osds: 288 up (since 39m), 288 in (since 44m); 10 remapped pgs
    rgw: 12 daemons active (12 hosts, 1 zones)
 
  data:
    pools:   7 pools, 9729 pgs
    objects: 5.45M objects, 76 GiB
    usage:   44 TiB used, 524 TiB / 567 TiB avail
    pgs:     1205/32690592 objects degraded (0.004%)
             1951/32690592 objects misplaced (0.006%)
             9719 active+clean
             8    active+recovering+undersized+remapped
             2    active+recovery_wait+undersized+degraded+remapped
 
  io:
    client:   107 MiB/s rd, 358 MiB/s wr, 109.25k op/s rd, 262.25k op/s wr
    recovery: 3.2 MiB/s, 219 objects/s
 
2022/02/10-06:28:21: ceph df detail --- RAW STORAGE ---
CLASS     SIZE    AVAIL    USED  RAW USED  %RAW USED
hdd    567 TiB  524 TiB  44 TiB    44 TiB       7.73
TOTAL  567 TiB  524 TiB  44 TiB    44 TiB       7.73
 
--- POOLS ---
POOL                       ID   PGS   STORED   (DATA)   (OMAP)  OBJECTS     USED   (DATA)   (OMAP)  %USED  MAX AVAIL  QUOTA OBJECTS  QUOTA BYTES  DIRTY  USED COMPR  UNDER COMPR
device_health_metrics       1     1      0 B      0 B      0 B        0      0 B      0 B      0 B      0    165 TiB            N/A          N/A      0         0 B          0 B
default.rgw.control        12   256      0 B      0 B      0 B        8      0 B      0 B      0 B      0    165 TiB            N/A          N/A      8         0 B          0 B
default.rgw.buckets.data   13  8192  140 GiB  140 GiB      0 B    5.45M  210 GiB  210 GiB      0 B   0.04    330 TiB            N/A          N/A  5.45M         0 B          0 B
default.rgw.buckets.index  14   512  1.5 GiB      0 B  1.5 GiB       86  4.4 GiB      0 B  4.4 GiB      0    165 TiB            N/A          N/A     86         0 B          0 B
default.rgw.log            15   256  297 KiB  7.7 KiB  290 KiB      193  1.4 MiB  600 KiB  869 KiB      0    165 TiB            N/A          N/A    193         0 B          0 B
default.rgw.meta           16   256  280 KiB  3.2 KiB  277 KiB       15  999 KiB  168 KiB  831 KiB      0    165 TiB            N/A          N/A     15         0 B          0 B
.rgw.root                  17   256  1.3 KiB  1.3 KiB      0 B        4   48 KiB   48 KiB      0 B      0    165 TiB            N/A          N/A      4         0 B          0 B

Site1 pool PG counts:
pool 1 'device_health_metrics' replicated size 3 min_size 2 crush_rule 0 object_hash rjenkins pg_num 1 pgp_num 1 autoscale_mode on last_change 936 flags hashpspool stripe_width 0 pg_num_min 1 application mgr_devicehealth,rgw
pool 12 'default.rgw.control' replicated size 3 min_size 2 crush_rule 0 object_hash rjenkins pg_num 256 pgp_num 256 autoscale_mode on last_change 896 flags hashpspool stripe_width 0 pg_num_min 256 application rgw
pool 13 'default.rgw.buckets.data' erasure profile myprofile size 6 min_size 5 crush_rule 1 object_hash rjenkins pg_num 8192 pgp_num 8192 autoscale_mode on last_change 918 lfor 0/0/916 flags hashpspool stripe_width 16384 pg_num_min 8192 application rgw
pool 14 'default.rgw.buckets.index' replicated size 3 min_size 2 crush_rule 0 object_hash rjenkins pg_num 512 pgp_num 512 autoscale_mode on last_change 898 flags hashpspool stripe_width 0 pg_num_min 512 application rgw
pool 15 'default.rgw.log' replicated size 3 min_size 2 crush_rule 0 object_hash rjenkins pg_num 256 pgp_num 256 autoscale_mode on last_change 899 flags hashpspool stripe_width 0 pg_num_min 256 application rgw
pool 16 'default.rgw.meta' replicated size 3 min_size 2 crush_rule 0 object_hash rjenkins pg_num 256 pgp_num 256 autoscale_mode on last_change 900 flags hashpspool stripe_width 0 pg_num_min 256 application rgw
pool 17 '.rgw.root' replicated size 3 min_size 2 crush_rule 0 object_hash rjenkins pg_num 256 pgp_num 256 autoscale_mode on last_change 901 flags hashpspool stripe_width 0 pg_num_min 256 application rgw


Site1 buckets df
2022/02/10-06:28:22: POOL                       ID   PGS   STORED  OBJECTS     USED  %USED  MAX AVAIL
default.rgw.control        12   256      0 B        8      0 B      0    165 TiB
default.rgw.buckets.data   13  8192  140 GiB    5.45M  210 GiB   0.04    330 TiB
default.rgw.buckets.index  14   512  1.5 GiB       86  4.4 GiB      0    165 TiB
default.rgw.log            15   256  297 KiB      193  1.4 MiB      0    165 TiB
default.rgw.meta           16   256  280 KiB       15  999 KiB      0    165 TiB

OSD/RGW free:
2022/02/10-06:28:22: f10-h01-000-6049p.rdu2.scalelab.redhat.com                total        used        free      shared  buff/cache   available
Mem:          376Gi        31Gi       305Gi       1.4Gi        39Gi       341Gi
Swap:         4.0Gi          0B       4.0Gi

Ceph osd df:
2022/02/10-06:28:22: ID   CLASS  WEIGHT   REWEIGHT  SIZE     RAW USE  DATA     OMAP     META      AVAIL    %USE  VAR   PGS  STATUS
  0    hdd  1.97049   1.00000  2.0 TiB  156 GiB  821 MiB      0 B   277 MiB  1.8 TiB  7.73  1.00  177      up
  1    hdd  1.97049   1.00000  2.0 TiB  156 GiB  846 MiB   36 MiB   575 MiB  1.8 TiB  7.74  1.00  192      up
  2    hdd  1.97049   1.00000  2.0 TiB  156 GiB  855 MiB   35 MiB   584 MiB  1.8 TiB  7.74  1.00  197      up
  3    hdd  1.97049   1.00000  2.0 TiB  156 GiB  814 MiB   52 MiB   986 MiB  1.8 TiB  7.73  1.00  183      up
  4    hdd  1.97049   1.00000  2.0 TiB  156 GiB  853 MiB      0 B   332 MiB  1.8 TiB  7.74  1.00  190      up
  5    hdd  1.97049   1.00000  2.0 TiB  156 GiB  726 MiB    1 KiB   1.0 GiB  1.8 TiB  7.73  1.00  168      up
  6    hdd  1.97049   1.00000  2.0 TiB  156 GiB  923 MiB      0 B   436 MiB  1.8 TiB  7.74  1.00  205      up
  7    hdd  1.97049   1.00000  2.0 TiB  156 GiB  772 MiB    2 KiB   506 MiB  1.8 TiB  7.73  1.00  173      up
  8    hdd  1.97049   1.00000  2.0 TiB  156 GiB  759 MiB      0 B   1.0 GiB  1.8 TiB  7.73  1.00  160      up
  9    hdd  1.97049   1.00000  2.0 TiB  156 GiB  718 MiB      0 B   980 MiB  1.8 TiB  7.73  1.00  167      up
 10    hdd  1.97049   1.00000  2.0 TiB  156 GiB  871 MiB   46 MiB   626 MiB  1.8 TiB  7.74  1.00  193      up
 11    hdd  1.97049   1.00000  2.0 TiB  156 GiB  721 MiB   55 MiB   856 MiB  1.8 TiB  7.73  1.00  156      up
 12    hdd  1.97049   1.00000  2.0 TiB  156 GiB  863 MiB    1 KiB   343 MiB  1.8 TiB  7.74  1.00  192      up
 13    hdd  1.97049   1.00000  2.0 TiB  156 GiB  877 MiB   45 MiB   626 MiB  1.8 TiB  7.74  1.00  199      up
 14    hdd  1.97049   1.00000  2.0 TiB  156 GiB  919 MiB      0 B   434 MiB  1.8 TiB  7.74  1.00  210      up
 15    hdd  1.97049   1.00000  2.0 TiB  156 GiB  869 MiB      0 B   348 MiB  1.8 TiB  7.74  1.00  192      up
 16    hdd  1.97049   1.00000  2.0 TiB  156 GiB  833 MiB   47 MiB   574 MiB  1.8 TiB  7.73  1.00  194      up
 17    hdd  1.97049   1.00000  2.0 TiB  156 GiB  868 MiB      0 B   357 MiB  1.8 TiB  7.74  1.00  192      up
 18    hdd  1.97049   1.00000  2.0 TiB  156 GiB  831 MiB    1 KiB   306 MiB  1.8 TiB  7.73  1.00  182      up
 19    hdd  1.97049   1.00000  2.0 TiB  156 GiB  819 MiB      0 B   275 MiB  1.8 TiB  7.73  1.00  180      up
 20    hdd  1.97049   1.00000  2.0 TiB  156 GiB  912 MiB      0 B   418 MiB  1.8 TiB  7.74  1.00  205      up
 21    hdd  1.97049   1.00000  2.0 TiB  156 GiB  880 MiB   96 MiB   1.2 GiB  1.8 TiB  7.74  1.00  203      up
 22    hdd  1.97049   1.00000  2.0 TiB  156 GiB  908 MiB      0 B   417 MiB  1.8 TiB  7.74  1.00  206      up
 23    hdd  1.97049   1.00000  2.0 TiB  156 GiB  768 MiB   53 MiB   917 MiB  1.8 TiB  7.73  1.00  175      up
 32    hdd  1.97049   1.00000  2.0 TiB  156 GiB  859 MiB      0 B   342 MiB  1.8 TiB  7.74  1.00  190      up
 42    hdd  1.97049   1.00000  2.0 TiB  156 GiB  840 MiB    2 KiB   305 MiB  1.8 TiB  7.73  1.00  184      up
 53    hdd  1.97049   1.00000  2.0 TiB  156 GiB  857 MiB      0 B   334 MiB  1.8 TiB  7.74  1.00  191      up
 63    hdd  1.97049   1.00000  2.0 TiB  156 GiB  835 MiB      0 B   307 MiB  1.8 TiB  7.73  1.00  181      up
 73    hdd  1.97049   1.00000  2.0 TiB  156 GiB  830 MiB   51 MiB   1.0 GiB  1.8 TiB  7.73  1.00  187      up
 83    hdd  1.97049   1.00000  2.0 TiB  156 GiB  914 MiB    2 KiB   432 MiB  1.8 TiB  7.74  1.00  207      up
 93    hdd  1.97049   1.00000  2.0 TiB  156 GiB  875 MiB   45 MiB   616 MiB  1.8 TiB  7.74  1.00  200      up
103    hdd  1.97049   1.00000  2.0 TiB  156 GiB  805 MiB    1 KiB   559 MiB  1.8 TiB  7.73  1.00  178      up
113    hdd  1.97049   1.00000  2.0 TiB  156 GiB  866 MiB   55 MiB   1.1 GiB  1.8 TiB  7.74  1.00  200      up
123    hdd  1.97049   1.00000  2.0 TiB  156 GiB  912 MiB    2 KiB   426 MiB  1.8 TiB  7.74  1.00  206      up
133    hdd  1.97049   1.00000  2.0 TiB  156 GiB  877 MiB   35 MiB   621 MiB  1.8 TiB  7.74  1.00  192      up
143    hdd  1.97049   1.00000  2.0 TiB  156 GiB  906 MiB   44 MiB   670 MiB  1.8 TiB  7.74  1.00  201      up
153    hdd  1.97049   1.00000  2.0 TiB  156 GiB  799 MiB      0 B   543 MiB  1.8 TiB  7.73  1.00  179      up
163    hdd  1.97049   1.00000  2.0 TiB  156 GiB  825 MiB      0 B   281 MiB  1.8 TiB  7.73  1.00  187      up
173    hdd  1.97049   1.00000  2.0 TiB  156 GiB  806 MiB   75 MiB   881 MiB  1.8 TiB  7.73  1.00  185      up
183    hdd  1.97049   1.00000  2.0 TiB  156 GiB  804 MiB    1 KiB   547 MiB  1.8 TiB  7.73  1.00  184      up
193    hdd  1.97049   1.00000  2.0 TiB  156 GiB  905 MiB   34 MiB   661 MiB  1.8 TiB  7.74  1.00  202      up
203    hdd  1.97049   1.00000  2.0 TiB  156 GiB  823 MiB   74 MiB   826 MiB  1.8 TiB  7.73  1.00  182      up
213    hdd  1.97049   1.00000  2.0 TiB  156 GiB  910 MiB   69 MiB   965 MiB  1.8 TiB  7.74  1.00  199      up
223    hdd  1.97049   1.00000  2.0 TiB  156 GiB  810 MiB    1 KiB   553 MiB  1.8 TiB  7.73  1.00  180      up
233    hdd  1.97049   1.00000  2.0 TiB  156 GiB  802 MiB      0 B   546 MiB  1.8 TiB  7.73  1.00  180      up
243    hdd  1.97049   1.00000  2.0 TiB  156 GiB  811 MiB   52 MiB   988 MiB  1.8 TiB  7.73  1.00  180      up
253    hdd  1.97049   1.00000  2.0 TiB  156 GiB  807 MiB   37 MiB   715 MiB  1.8 TiB  7.73  1.00  180      up
263    hdd  1.97049   1.00000  2.0 TiB  156 GiB  827 MiB    2 KiB   293 MiB  1.8 TiB  7.73  1.00  186      up
 27    hdd  1.97049   1.00000  2.0 TiB  156 GiB  842 MiB   46 MiB   569 MiB  1.8 TiB  7.73  1.00  187      up
 41    hdd  1.97049   1.00000  2.0 TiB  156 GiB  826 MiB      0 B   294 MiB  1.8 TiB  7.73  1.00  188      up
 50    hdd  1.97049   1.00000  2.0 TiB  156 GiB  839 MiB   82 MiB   857 MiB  1.8 TiB  7.73  1.00  189      up
 58    hdd  1.97049   1.00000  2.0 TiB  156 GiB  807 MiB      0 B   547 MiB  1.8 TiB  7.73  1.00  179      up
 68    hdd  1.97049   1.00000  2.0 TiB  156 GiB  802 MiB      0 B   550 MiB  1.8 TiB  7.73  1.00  172      up
 77    hdd  1.97049   1.00000  2.0 TiB  156 GiB  818 MiB    3 KiB   281 MiB  1.8 TiB  7.73  1.00  185      up
 87    hdd  1.97049   1.00000  2.0 TiB  156 GiB  796 MiB      0 B   532 MiB  1.8 TiB  7.73  1.00  177      up
 96    hdd  1.97049   1.00000  2.0 TiB  156 GiB  913 MiB      0 B   415 MiB  1.8 TiB  7.74  1.00  207      up
106    hdd  1.97049   1.00000  2.0 TiB  156 GiB  755 MiB      0 B   1.1 GiB  1.8 TiB  7.73  1.00  169      up
116    hdd  1.97049   1.00000  2.0 TiB  156 GiB  743 MiB    1 KiB   1.1 GiB  1.8 TiB  7.73  1.00  165      up
129    hdd  1.97049   1.00000  2.0 TiB  156 GiB  911 MiB   34 MiB   677 MiB  1.8 TiB  7.74  1.00  207      up
139    hdd  1.97049   1.00000  2.0 TiB  156 GiB  907 MiB   44 MiB   681 MiB  1.8 TiB  7.74  1.00  201      up
149    hdd  1.97049   1.00000  2.0 TiB  156 GiB  773 MiB   77 MiB   789 MiB  1.8 TiB  7.73  1.00  174      up
159    hdd  1.97049   1.00000  2.0 TiB  156 GiB  857 MiB   45 MiB   590 MiB  1.8 TiB  7.74  1.00  184      up
170    hdd  1.97049   1.00000  2.0 TiB  156 GiB  897 MiB   94 MiB   449 MiB  1.8 TiB  7.74  1.00  196      up
179    hdd  1.97049   1.00000  2.0 TiB  156 GiB  797 MiB      0 B   543 MiB  1.8 TiB  7.73  1.00  176      up
189    hdd  1.97049   1.00000  2.0 TiB  156 GiB  783 MiB      0 B   511 MiB  1.8 TiB  7.73  1.00  168      up
198    hdd  1.97049   1.00000  2.0 TiB  156 GiB  818 MiB      0 B   284 MiB  1.8 TiB  7.73  1.00  185      up
208    hdd  1.97049   1.00000  2.0 TiB  156 GiB  744 MiB      0 B   1.0 GiB  1.8 TiB  7.73  1.00  168      up
218    hdd  1.97049   1.00000  2.0 TiB  156 GiB  910 MiB      0 B   417 MiB  1.8 TiB  7.74  1.00  199      up
230    hdd  1.97049   1.00000  2.0 TiB  156 GiB  758 MiB      0 B   1.0 GiB  1.8 TiB  7.73  1.00  168      up
240    hdd  1.97049   1.00000  2.0 TiB  156 GiB  857 MiB      0 B   340 MiB  1.8 TiB  7.74  1.00  187      up
250    hdd  1.97049   1.00000  2.0 TiB  156 GiB  807 MiB   52 MiB   990 MiB  1.8 TiB  7.73  1.00  187      up
259    hdd  1.97049   1.00000  2.0 TiB  156 GiB  854 MiB    2 KiB   330 MiB  1.8 TiB  7.74  1.00  184      up
 31    hdd  1.97049   1.00000  2.0 TiB  156 GiB  875 MiB   50 MiB   1.1 GiB  1.8 TiB  7.74  1.00  195      up
 40    hdd  1.97049   1.00000  2.0 TiB  156 GiB  758 MiB   78 MiB   747 MiB  1.8 TiB  7.73  1.00  169      up
 51    hdd  1.97049   1.00000  2.0 TiB  156 GiB  771 MiB      0 B   508 MiB  1.8 TiB  7.73  1.00  168      up
 59    hdd  1.97049   1.00000  2.0 TiB  156 GiB  777 MiB    2 KiB   507 MiB  1.8 TiB  7.73  1.00  175      up
 69    hdd  1.97049   1.00000  2.0 TiB  156 GiB  912 MiB      0 B   416 MiB  1.8 TiB  7.74  1.00  197      up
 79    hdd  1.97049   1.00000  2.0 TiB  156 GiB  897 MiB      0 B   396 MiB  1.8 TiB  7.74  1.00  197      up
 88    hdd  1.97049   1.00000  2.0 TiB  156 GiB  925 MiB      0 B   432 MiB  1.8 TiB  7.74  1.00  203      up
 98    hdd  1.97049   1.00000  2.0 TiB  156 GiB  897 MiB   44 MiB   646 MiB  1.8 TiB  7.74  1.00  204      up
108    hdd  1.97049   1.00000  2.0 TiB  156 GiB  763 MiB      0 B   1.0 GiB  1.8 TiB  7.73  1.00  168      up
118    hdd  1.97049   1.00000  2.0 TiB  156 GiB  802 MiB      0 B   548 MiB  1.8 TiB  7.73  1.00  175      up
130    hdd  1.97049   1.00000  2.0 TiB  156 GiB  769 MiB      0 B   501 MiB  1.8 TiB  7.73  1.00  171      up
140    hdd  1.97049   1.00000  2.0 TiB  156 GiB  924 MiB    2 KiB   434 MiB  1.8 TiB  7.74  1.00  205      up
150    hdd  1.97049   1.00000  2.0 TiB  156 GiB  927 MiB      0 B   433 MiB  1.8 TiB  7.74  1.00  198      up
160    hdd  1.97049   1.00000  2.0 TiB  156 GiB  808 MiB   52 MiB   987 MiB  1.8 TiB  7.73  1.00  177      up
169    hdd  1.97049   1.00000  2.0 TiB  156 GiB  816 MiB      0 B   560 MiB  1.8 TiB  7.73  1.00  176      up
180    hdd  1.97049   1.00000  2.0 TiB  156 GiB  847 MiB    2 KiB   322 MiB  1.8 TiB  7.74  1.00  188      up
188    hdd  1.97049   1.00000  2.0 TiB  156 GiB  909 MiB   34 MiB   655 MiB  1.8 TiB  7.74  1.00  199      up
199    hdd  1.97049   1.00000  2.0 TiB  156 GiB  853 MiB      0 B   328 MiB  1.8 TiB  7.74  1.00  194      up
207    hdd  1.97049   1.00000  2.0 TiB  156 GiB  835 MiB   47 MiB   565 MiB  1.8 TiB  7.73  1.00  182      up
217    hdd  1.97049   1.00000  2.0 TiB  156 GiB  790 MiB   57 MiB   1.0 GiB  1.8 TiB  7.73  1.00  179      up
227    hdd  1.97049   1.00000  2.0 TiB  156 GiB  882 MiB      0 B   372 MiB  1.8 TiB  7.74  1.00  196      up
237    hdd  1.97049   1.00000  2.0 TiB  156 GiB  756 MiB   54 MiB   914 MiB  1.8 TiB  7.73  1.00  165      up
247    hdd  1.97049   1.00000  2.0 TiB  156 GiB  910 MiB   49 MiB   1.1 GiB  1.8 TiB  7.74  1.00  211      up
257    hdd  1.97049   1.00000  2.0 TiB  156 GiB  781 MiB    3 KiB   522 MiB  1.8 TiB  7.73  1.00  172      up
 29    hdd  1.97049   1.00000  2.0 TiB  156 GiB  791 MiB    1 KiB   1.1 GiB  1.8 TiB  7.73  1.00  176      up
 38    hdd  1.97049   1.00000  2.0 TiB  156 GiB  849 MiB    2 KiB   322 MiB  1.8 TiB  7.74  1.00  186      up
 49    hdd  1.97049   1.00000  2.0 TiB  156 GiB  923 MiB      0 B   436 MiB  1.8 TiB  7.74  1.00  203      up
 61    hdd  1.97049   1.00000  2.0 TiB  156 GiB  892 MiB      0 B   395 MiB  1.8 TiB  7.74  1.00  198      up
 71    hdd  1.97049   1.00000  2.0 TiB  156 GiB  899 MiB   49 MiB   1.1 GiB  1.8 TiB  7.74  1.00  201      up
 81    hdd  1.97049   1.00000  2.0 TiB  156 GiB  800 MiB   37 MiB   692 MiB  1.8 TiB  7.73  1.00  178      up
 91    hdd  1.97049   1.00000  2.0 TiB  156 GiB  712 MiB      0 B   975 MiB  1.8 TiB  7.73  1.00  161      up
101    hdd  1.97049   1.00000  2.0 TiB  156 GiB  791 MiB      0 B   1.1 GiB  1.8 TiB  7.73  1.00  179      up
111    hdd  1.97049   1.00000  2.0 TiB  156 GiB  867 MiB      0 B   344 MiB  1.8 TiB  7.74  1.00  191      up
121    hdd  1.97049   1.00000  2.0 TiB  156 GiB  788 MiB      0 B   521 MiB  1.8 TiB  7.73  1.00  174      up
131    hdd  1.97049   1.00000  2.0 TiB  156 GiB  856 MiB    2 KiB   336 MiB  1.8 TiB  7.74  1.00  188      up
141    hdd  1.97049   1.00000  2.0 TiB  156 GiB  812 MiB    2 KiB   564 MiB  1.8 TiB  7.73  1.00  184      up
151    hdd  1.97049   1.00000  2.0 TiB  156 GiB  753 MiB      0 B   1.0 GiB  1.8 TiB  7.73  1.00  168      up
161    hdd  1.97049   1.00000  2.0 TiB  156 GiB  731 MiB    2 KiB   1.0 GiB  1.8 TiB  7.73  1.00  164      up
171    hdd  1.97049   1.00000  2.0 TiB  156 GiB  910 MiB      0 B   411 MiB  1.8 TiB  7.74  1.00  196      up
181    hdd  1.97049   1.00000  2.0 TiB  156 GiB  786 MiB      0 B   526 MiB  1.8 TiB  7.73  1.00  175      up
191    hdd  1.97049   1.00000  2.0 TiB  156 GiB  828 MiB      0 B   1.2 GiB  1.8 TiB  7.73  1.00  183      up
201    hdd  1.97049   1.00000  2.0 TiB  156 GiB  858 MiB   46 MiB   598 MiB  1.8 TiB  7.74  1.00  194      up
211    hdd  1.97049   1.00000  2.0 TiB  156 GiB  851 MiB      0 B   334 MiB  1.8 TiB  7.74  1.00  192      up
221    hdd  1.97049   1.00000  2.0 TiB  156 GiB  868 MiB   50 MiB   1.1 GiB  1.8 TiB  7.74  1.00  196      up
231    hdd  1.97049   1.00000  2.0 TiB  156 GiB  821 MiB      0 B   297 MiB  1.8 TiB  7.73  1.00  184      up
241    hdd  1.97049   1.00000  2.0 TiB  156 GiB  718 MiB      0 B   988 MiB  1.8 TiB  7.73  1.00  159      up
249    hdd  1.97049   1.00000  2.0 TiB  156 GiB  897 MiB   34 MiB   651 MiB  1.8 TiB  7.74  1.00  209      up
261    hdd  1.97049   1.00000  2.0 TiB  156 GiB  838 MiB    2 KiB   317 MiB  1.8 TiB  7.73  1.00  182      up
 33    hdd  1.97049   1.00000  2.0 TiB  156 GiB  817 MiB   37 MiB   539 MiB  1.8 TiB  7.73  1.00  187      up
 43    hdd  1.97049   1.00000  2.0 TiB  156 GiB  830 MiB    1 KiB   290 MiB  1.8 TiB  7.73  1.00  185      up
 52    hdd  1.97049   1.00000  2.0 TiB  156 GiB  846 MiB    2 KiB   313 MiB  1.8 TiB  7.74  1.00  186      up
 62    hdd  1.97049   1.00000  2.0 TiB  156 GiB  916 MiB      0 B   418 MiB  1.8 TiB  7.74  1.00  202      up
 72    hdd  1.97049   1.00000  2.0 TiB  156 GiB  819 MiB    1 KiB   285 MiB  1.8 TiB  7.73  1.00  186      up
 82    hdd  1.97049   1.00000  2.0 TiB  156 GiB  837 MiB      0 B   308 MiB  1.8 TiB  7.73  1.00  188      up
 92    hdd  1.97049   1.00000  2.0 TiB  156 GiB  921 MiB      0 B   425 MiB  1.8 TiB  7.74  1.00  200      up
102    hdd  1.97049   1.00000  2.0 TiB  156 GiB  907 MiB   44 MiB   667 MiB  1.8 TiB  7.74  1.00  209      up
112    hdd  1.97049   1.00000  2.0 TiB  156 GiB  892 MiB    2 KiB   388 MiB  1.8 TiB  7.74  1.00  195      up
122    hdd  1.97049   1.00000  2.0 TiB  156 GiB  908 MiB   44 MiB   663 MiB  1.8 TiB  7.74  1.00  198      up
132    hdd  1.97049   1.00000  2.0 TiB  156 GiB  922 MiB      0 B   430 MiB  1.8 TiB  7.74  1.00  209      up
142    hdd  1.97049   1.00000  2.0 TiB  156 GiB  824 MiB      0 B   284 MiB  1.8 TiB  7.73  1.00  183      up
152    hdd  1.97049   1.00000  2.0 TiB  156 GiB  891 MiB      0 B   388 MiB  1.8 TiB  7.74  1.00  201      up
162    hdd  1.97049   1.00000  2.0 TiB  156 GiB  908 MiB      0 B   416 MiB  1.8 TiB  7.74  1.00  202      up
172    hdd  1.97049   1.00000  2.0 TiB  156 GiB  811 MiB   52 MiB   992 MiB  1.8 TiB  7.73  1.00  179      up
182    hdd  1.97049   1.00000  2.0 TiB  156 GiB  837 MiB    2 KiB   303 MiB  1.8 TiB  7.73  1.00  189      up
192    hdd  1.97049   1.00000  2.0 TiB  156 GiB  836 MiB      0 B   303 MiB  1.8 TiB  7.73  1.00  185      up
202    hdd  1.97049   1.00000  2.0 TiB  156 GiB  818 MiB    2 KiB   279 MiB  1.8 TiB  7.73  1.00  186      up
212    hdd  1.97049   1.00000  2.0 TiB  156 GiB  847 MiB      0 B   317 MiB  1.8 TiB  7.74  1.00  193      up
222    hdd  1.97049   1.00000  2.0 TiB  156 GiB  850 MiB   51 MiB   1.0 GiB  1.8 TiB  7.74  1.00  185      up
232    hdd  1.97049   1.00000  2.0 TiB  156 GiB  815 MiB      0 B   572 MiB  1.8 TiB  7.73  1.00  181      up
242    hdd  1.97049   1.00000  2.0 TiB  156 GiB  913 MiB      0 B   419 MiB  1.8 TiB  7.74  1.00  201      up
252    hdd  1.97049   1.00000  2.0 TiB  156 GiB  839 MiB    1 KiB   318 MiB  1.8 TiB  7.73  1.00  193      up
262    hdd  1.97049   1.00000  2.0 TiB  156 GiB  821 MiB    2 KiB   281 MiB  1.8 TiB  7.73  1.00  181      up
264    hdd  1.97049   1.00000  2.0 TiB  156 GiB  842 MiB  137 MiB   645 MiB  1.8 TiB  7.73  1.00  183      up
265    hdd  1.97049   1.00000  2.0 TiB  156 GiB  779 MiB      0 B   503 MiB  1.8 TiB  7.73  1.00  171      up
266    hdd  1.97049   1.00000  2.0 TiB  156 GiB  897 MiB      0 B   394 MiB  1.8 TiB  7.74  1.00  200      up
267    hdd  1.97049   1.00000  2.0 TiB  156 GiB  914 MiB      0 B   416 MiB  1.8 TiB  7.74  1.00  204      up
268    hdd  1.97049   1.00000  2.0 TiB  156 GiB  816 MiB    2 KiB   1.2 GiB  1.8 TiB  7.73  1.00  188      up
269    hdd  1.97049   1.00000  2.0 TiB  156 GiB  773 MiB      0 B   503 MiB  1.8 TiB  7.73  1.00  169      up
270    hdd  1.97049   1.00000  2.0 TiB  156 GiB  833 MiB      0 B   301 MiB  1.8 TiB  7.73  1.00  185      up
271    hdd  1.97049   1.00000  2.0 TiB  156 GiB  913 MiB   44 MiB   673 MiB  1.8 TiB  7.74  1.00  208      up
272    hdd  1.97049   1.00000  2.0 TiB  156 GiB  805 MiB      0 B   545 MiB  1.8 TiB  7.73  1.00  183      up
273    hdd  1.97049   1.00000  2.0 TiB  156 GiB  817 MiB      0 B   1.2 GiB  1.8 TiB  7.73  1.00  182      up
274    hdd  1.97049   1.00000  2.0 TiB  156 GiB  877 MiB      0 B   359 MiB  1.8 TiB  7.74  1.00  186      up
275    hdd  1.97049   1.00000  2.0 TiB  156 GiB  834 MiB    1 KiB   297 MiB  1.8 TiB  7.73  1.00  180      up
276    hdd  1.97049   1.00000  2.0 TiB  156 GiB  892 MiB   44 MiB   634 MiB  1.8 TiB  7.74  1.00  197      up
277    hdd  1.97049   1.00000  2.0 TiB  156 GiB  827 MiB   51 MiB  1017 MiB  1.8 TiB  7.73  1.00  188      up
278    hdd  1.97049   1.00000  2.0 TiB  156 GiB  899 MiB    3 KiB   397 MiB  1.8 TiB  7.74  1.00  202      up
279    hdd  1.97049   1.00000  2.0 TiB  156 GiB  861 MiB      0 B   338 MiB  1.8 TiB  7.74  1.00  190      up
280    hdd  1.97049   1.00000  2.0 TiB  156 GiB  808 MiB    2 KiB   550 MiB  1.8 TiB  7.73  1.00  175      up
281    hdd  1.97049   1.00000  2.0 TiB  156 GiB  820 MiB      0 B   274 MiB  1.8 TiB  7.73  1.00  173      up
282    hdd  1.97049   1.00000  2.0 TiB  156 GiB  781 MiB    3 KiB   519 MiB  1.8 TiB  7.73  1.00  172      up
283    hdd  1.97049   1.00000  2.0 TiB  156 GiB  769 MiB   53 MiB   923 MiB  1.8 TiB  7.73  1.00  170      up
284    hdd  1.97049   1.00000  2.0 TiB  156 GiB  770 MiB    2 KiB   500 MiB  1.8 TiB  7.73  1.00  171      up
285    hdd  1.97049   1.00000  2.0 TiB  156 GiB  806 MiB    1 KiB   548 MiB  1.8 TiB  7.73  1.00  182      up
286    hdd  1.97049   1.00000  2.0 TiB  156 GiB  875 MiB      0 B   359 MiB  1.8 TiB  7.74  1.00  191      up
287    hdd  1.97049   1.00000  2.0 TiB  156 GiB  858 MiB    2 KiB   329 MiB  1.8 TiB  7.74  1.00  195      up
 24    hdd  1.97049   1.00000  2.0 TiB  156 GiB  718 MiB      0 B   986 MiB  1.8 TiB  7.73  1.00  151      up
 35    hdd  1.97049   1.00000  2.0 TiB  156 GiB  928 MiB   33 MiB   688 MiB  1.8 TiB  7.74  1.00  202      up
 45    hdd  1.97049   1.00000  2.0 TiB  156 GiB  786 MiB      0 B   1.1 GiB  1.8 TiB  7.73  1.00  178      up
 55    hdd  1.97049   1.00000  2.0 TiB  156 GiB  875 MiB      0 B   365 MiB  1.8 TiB  7.74  1.00  195      up
 65    hdd  1.97049   1.00000  2.0 TiB  156 GiB  906 MiB   44 MiB   658 MiB  1.8 TiB  7.74  1.00  203      up
 75    hdd  1.97049   1.00000  2.0 TiB  156 GiB  757 MiB    1 KiB   1.1 GiB  1.8 TiB  7.73  1.00  164      up
 85    hdd  1.97049   1.00000  2.0 TiB  156 GiB  834 MiB      0 B   294 MiB  1.8 TiB  7.73  1.00  182      up
 95    hdd  1.97049   1.00000  2.0 TiB  156 GiB  846 MiB      0 B   315 MiB  1.8 TiB  7.74  1.00  193      up
105    hdd  1.97049   1.00000  2.0 TiB  156 GiB  913 MiB   43 MiB   670 MiB  1.8 TiB  7.74  1.00  200      up
115    hdd  1.97049   1.00000  2.0 TiB  156 GiB  783 MiB      0 B   518 MiB  1.8 TiB  7.73  1.00  175      up
128    hdd  1.97049   1.00000  2.0 TiB  156 GiB  824 MiB  132 MiB   804 MiB  1.8 TiB  7.73  1.00  194      up
137    hdd  1.97049   1.00000  2.0 TiB  156 GiB  912 MiB      0 B   415 MiB  1.8 TiB  7.74  1.00  212      up
148    hdd  1.97049   1.00000  2.0 TiB  156 GiB  892 MiB      0 B   395 MiB  1.8 TiB  7.74  1.00  207      up
157    hdd  1.97049   1.00000  2.0 TiB  156 GiB  749 MiB      0 B   1.0 GiB  1.8 TiB  7.73  1.00  169      up
167    hdd  1.97049   1.00000  2.0 TiB  156 GiB  829 MiB   74 MiB   818 MiB  1.8 TiB  7.73  1.00  185      up
177    hdd  1.97049   1.00000  2.0 TiB  156 GiB  889 MiB      0 B   378 MiB  1.8 TiB  7.74  1.00  197      up
186    hdd  1.97049   1.00000  2.0 TiB  156 GiB  819 MiB    1 KiB   282 MiB  1.8 TiB  7.73  1.00  187      up
197    hdd  1.97049   1.00000  2.0 TiB  156 GiB  740 MiB      0 B  1016 MiB  1.8 TiB  7.73  1.00  163      up
206    hdd  1.97049   1.00000  2.0 TiB  156 GiB  916 MiB      0 B   427 MiB  1.8 TiB  7.74  1.00  198      up
216    hdd  1.97049   1.00000  2.0 TiB  156 GiB  888 MiB    2 KiB   385 MiB  1.8 TiB  7.74  1.00  196      up
226    hdd  1.97049   1.00000  2.0 TiB  156 GiB  821 MiB      0 B   292 MiB  1.8 TiB  7.73  1.00  181      up
236    hdd  1.97049   1.00000  2.0 TiB  156 GiB  841 MiB      0 B   321 MiB  1.8 TiB  7.73  1.00  189      up
246    hdd  1.97049   1.00000  2.0 TiB  156 GiB  835 MiB   51 MiB   1.0 GiB  1.8 TiB  7.73  1.00  190      up
256    hdd  1.97049   1.00000  2.0 TiB  156 GiB  766 MiB    2 KiB   1.1 GiB  1.8 TiB  7.73  1.00  169      up
 25    hdd  1.97049   1.00000  2.0 TiB  156 GiB  906 MiB      0 B   420 MiB  1.8 TiB  7.74  1.00  198      up
 36    hdd  1.97049   1.00000  2.0 TiB  156 GiB  830 MiB      0 B   296 MiB  1.8 TiB  7.73  1.00  186      up
 46    hdd  1.97049   1.00000  2.0 TiB  156 GiB  880 MiB   50 MiB   1.1 GiB  1.8 TiB  7.74  1.00  197      up
 56    hdd  1.97049   1.00000  2.0 TiB  156 GiB  774 MiB   38 MiB   645 MiB  1.8 TiB  7.73  1.00  174      up
 67    hdd  1.97049   1.00000  2.0 TiB  156 GiB  814 MiB      0 B   563 MiB  1.8 TiB  7.73  1.00  177      up
 78    hdd  1.97049   1.00000  2.0 TiB  156 GiB  884 MiB    2 KiB   379 MiB  1.8 TiB  7.74  1.00  190      up
 89    hdd  1.97049   1.00000  2.0 TiB  156 GiB  863 MiB   80 MiB   900 MiB  1.8 TiB  7.74  1.00  189      up
 99    hdd  1.97049   1.00000  2.0 TiB  156 GiB  817 MiB      0 B   1.2 GiB  1.8 TiB  7.73  1.00  183      up
110    hdd  1.97049   1.00000  2.0 TiB  156 GiB  847 MiB   46 MiB   581 MiB  1.8 TiB  7.74  1.00  190      up
120    hdd  1.97049   1.00000  2.0 TiB  156 GiB  772 MiB      0 B   506 MiB  1.8 TiB  7.73  1.00  163      up
127    hdd  1.97049   1.00000  2.0 TiB  156 GiB  785 MiB      0 B   523 MiB  1.8 TiB  7.73  1.00  174      up
138    hdd  1.97049   1.00000  2.0 TiB  156 GiB  927 MiB    3 KiB   431 MiB  1.8 TiB  7.74  1.00  206      up
147    hdd  1.97049   1.00000  2.0 TiB  156 GiB  798 MiB      0 B   549 MiB  1.8 TiB  7.73  1.00  178      up
158    hdd  1.97049   1.00000  2.0 TiB  156 GiB  844 MiB      0 B   330 MiB  1.8 TiB  7.74  1.00  193      up
168    hdd  1.97049   1.00000  2.0 TiB  156 GiB  808 MiB      0 B   564 MiB  1.8 TiB  7.73  1.00  185      up
178    hdd  1.97049   1.00000  2.0 TiB  156 GiB  799 MiB      0 B   536 MiB  1.8 TiB  7.73  1.00  181      up
190    hdd  1.97049   1.00000  2.0 TiB  156 GiB  804 MiB      0 B   547 MiB  1.8 TiB  7.73  1.00  180      up
200    hdd  1.97049   1.00000  2.0 TiB  156 GiB  813 MiB   82 MiB   885 MiB  1.8 TiB  7.73  1.00  183      up
210    hdd  1.97049   1.00000  2.0 TiB  156 GiB  818 MiB    1 KiB   277 MiB  1.8 TiB  7.73  1.00  185      up
220    hdd  1.97049   1.00000  2.0 TiB  156 GiB  864 MiB      0 B   354 MiB  1.8 TiB  7.74  1.00  197      up
228    hdd  1.97049   1.00000  2.0 TiB  156 GiB  761 MiB      0 B   1.0 GiB  1.8 TiB  7.73  1.00  178      up
239    hdd  1.97049   1.00000  2.0 TiB  156 GiB  867 MiB      0 B   349 MiB  1.8 TiB  7.74  1.00  196      up
251    hdd  1.97049   1.00000  2.0 TiB  156 GiB  832 MiB   56 MiB   1.1 GiB  1.8 TiB  7.73  1.00  183      up
260    hdd  1.97049   1.00000  2.0 TiB  156 GiB  914 MiB    2 KiB   420 MiB  1.8 TiB  7.74  1.00  208      up
 30    hdd  1.97049   1.00000  2.0 TiB  156 GiB  765 MiB    2 KiB   1.1 GiB  1.8 TiB  7.73  1.00  165      up
 39    hdd  1.97049   1.00000  2.0 TiB  156 GiB  806 MiB    2 KiB   551 MiB  1.8 TiB  7.73  1.00  186      up
 48    hdd  1.97049   1.00000  2.0 TiB  156 GiB  783 MiB      0 B   523 MiB  1.8 TiB  7.73  1.00  180      up
 60    hdd  1.97049   1.00000  2.0 TiB  156 GiB  853 MiB   46 MiB   593 MiB  1.8 TiB  7.74  1.00  188      up
 70    hdd  1.97049   1.00000  2.0 TiB  156 GiB  858 MiB   46 MiB   591 MiB  1.8 TiB  7.74  1.00  195      up
 80    hdd  1.97049   1.00000  2.0 TiB  156 GiB  809 MiB   37 MiB   708 MiB  1.8 TiB  7.73  1.00  181      up
 90    hdd  1.97049   1.00000  2.0 TiB  156 GiB  806 MiB   52 MiB   975 MiB  1.8 TiB  7.73  1.00  185      up
100    hdd  1.97049   1.00000  2.0 TiB  156 GiB  893 MiB   44 MiB   646 MiB  1.8 TiB  7.74  1.00  202      up
109    hdd  1.97049   1.00000  2.0 TiB  156 GiB  831 MiB    3 KiB   300 MiB  1.8 TiB  7.73  1.00  180      up
119    hdd  1.97049   1.00000  2.0 TiB  156 GiB  920 MiB      0 B   424 MiB  1.8 TiB  7.74  1.00  201      up
126    hdd  1.97049   1.00000  2.0 TiB  156 GiB  828 MiB    2 KiB   300 MiB  1.8 TiB  7.73  1.00  185      up
136    hdd  1.97049   1.00000  2.0 TiB  156 GiB  769 MiB      0 B   490 MiB  1.8 TiB  7.73  1.00  167      up
146    hdd  1.97049   1.00000  2.0 TiB  156 GiB  801 MiB   52 MiB   978 MiB  1.8 TiB  7.73  1.00  178      up
156    hdd  1.97049   1.00000  2.0 TiB  156 GiB  842 MiB      0 B   313 MiB  1.8 TiB  7.73  1.00  184      up
166    hdd  1.97049   1.00000  2.0 TiB  156 GiB  852 MiB   46 MiB   589 MiB  1.8 TiB  7.74  1.00  185      up
176    hdd  1.97049   1.00000  2.0 TiB  156 GiB  892 MiB      0 B   380 MiB  1.8 TiB  7.74  1.00  200      up
185    hdd  1.97049   1.00000  2.0 TiB  156 GiB  918 MiB      0 B   428 MiB  1.8 TiB  7.74  1.00  199      up
195    hdd  1.97049   1.00000  2.0 TiB  156 GiB  834 MiB    2 KiB   301 MiB  1.8 TiB  7.73  1.00  183      up
209    hdd  1.97049   1.00000  2.0 TiB  156 GiB  842 MiB    1 KiB   312 MiB  1.8 TiB  7.73  1.00  195      up
219    hdd  1.97049   1.00000  2.0 TiB  156 GiB  765 MiB   58 MiB   1.0 GiB  1.8 TiB  7.73  1.00  172      up
229    hdd  1.97049   1.00000  2.0 TiB  156 GiB  728 MiB   54 MiB   867 MiB  1.8 TiB  7.73  1.00  162      up
238    hdd  1.97049   1.00000  2.0 TiB  156 GiB  841 MiB  142 MiB   647 MiB  1.8 TiB  7.73  1.00  190      up
248    hdd  1.97049   1.00000  2.0 TiB  156 GiB  916 MiB      0 B   433 MiB  1.8 TiB  7.74  1.00  200      up
258    hdd  1.97049   1.00000  2.0 TiB  156 GiB  827 MiB      0 B   293 MiB  1.8 TiB  7.73  1.00  187      up
 28    hdd  1.97049   1.00000  2.0 TiB  156 GiB  919 MiB   33 MiB   688 MiB  1.8 TiB  7.74  1.00  217      up
 37    hdd  1.97049   1.00000  2.0 TiB  156 GiB  822 MiB   74 MiB   822 MiB  1.8 TiB  7.73  1.00  181      up
 47    hdd  1.97049   1.00000  2.0 TiB  156 GiB  781 MiB    1 KiB   1.1 GiB  1.8 TiB  7.73  1.00  178      up
 57    hdd  1.97049   1.00000  2.0 TiB  156 GiB  843 MiB   36 MiB   583 MiB  1.8 TiB  7.74  1.00  189      up
 66    hdd  1.97049   1.00000  2.0 TiB  156 GiB  908 MiB    2 KiB   411 MiB  1.8 TiB  7.74  1.00  202      up
 76    hdd  1.97049   1.00000  2.0 TiB  156 GiB  777 MiB      0 B   516 MiB  1.8 TiB  7.73  1.00  168      up
 86    hdd  1.97049   1.00000  2.0 TiB  156 GiB  787 MiB      0 B   1.1 GiB  1.8 TiB  7.73  1.00  180      up
 97    hdd  1.97049   1.00000  2.0 TiB  156 GiB  814 MiB    2 KiB   1.2 GiB  1.8 TiB  7.73  1.00  187      up
107    hdd  1.97049   1.00000  2.0 TiB  156 GiB  765 MiB      0 B   490 MiB  1.8 TiB  7.73  1.00  168      up
117    hdd  1.97049   1.00000  2.0 TiB  156 GiB  770 MiB      0 B   503 MiB  1.8 TiB  7.73  1.00  167      up
125    hdd  1.97049   1.00000  2.0 TiB  156 GiB  824 MiB      0 B   291 MiB  1.8 TiB  7.73  1.00  180      up
135    hdd  1.97049   1.00000  2.0 TiB  156 GiB  787 MiB      0 B   527 MiB  1.8 TiB  7.73  1.00  175      up
145    hdd  1.97049   1.00000  2.0 TiB  156 GiB  823 MiB    2 KiB   291 MiB  1.8 TiB  7.73  1.00  180      up
155    hdd  1.97049   1.00000  2.0 TiB  156 GiB  770 MiB      0 B   508 MiB  1.8 TiB  7.73  1.00  172      up
165    hdd  1.97049   1.00000  2.0 TiB  156 GiB  767 MiB      0 B   1.2 GiB  1.8 TiB  7.73  1.00  172      up
175    hdd  1.97049   1.00000  2.0 TiB  156 GiB  828 MiB   36 MiB   543 MiB  1.8 TiB  7.73  1.00  187      up
187    hdd  1.97049   1.00000  2.0 TiB  156 GiB  918 MiB   43 MiB   677 MiB  1.8 TiB  7.74  1.00  198      up
196    hdd  1.97049   1.00000  2.0 TiB  156 GiB  917 MiB      0 B   427 MiB  1.8 TiB  7.74  1.00  203      up
205    hdd  1.97049   1.00000  2.0 TiB  156 GiB  903 MiB      0 B   399 MiB  1.8 TiB  7.74  1.00  209      up
215    hdd  1.97049   1.00000  2.0 TiB  156 GiB  829 MiB      0 B   310 MiB  1.8 TiB  7.73  1.00  183      up
225    hdd  1.97049   1.00000  2.0 TiB  156 GiB  795 MiB      0 B   526 MiB  1.8 TiB  7.73  1.00  169      up
235    hdd  1.97049   1.00000  2.0 TiB  156 GiB  905 MiB    3 KiB   400 MiB  1.8 TiB  7.74  1.00  201      up
245    hdd  1.97049   1.00000  2.0 TiB  156 GiB  832 MiB      0 B   306 MiB  1.8 TiB  7.73  1.00  186      up
255    hdd  1.97049   1.00000  2.0 TiB  156 GiB  823 MiB      0 B   291 MiB  1.8 TiB  7.73  1.00  187      up
 26    hdd  1.97049   1.00000  2.0 TiB  156 GiB  927 MiB      0 B   433 MiB  1.8 TiB  7.74  1.00  206      up
 34    hdd  1.97049   1.00000  2.0 TiB  156 GiB  834 MiB   51 MiB  1023 MiB  1.8 TiB  7.73  1.00  184      up
 44    hdd  1.97049   1.00000  2.0 TiB  156 GiB  867 MiB      0 B   350 MiB  1.8 TiB  7.74  1.00  199      up
 54    hdd  1.97049   1.00000  2.0 TiB  156 GiB  864 MiB    2 KiB   346 MiB  1.8 TiB  7.74  1.00  190      up
 64    hdd  1.97049   1.00000  2.0 TiB  156 GiB  857 MiB      0 B   327 MiB  1.8 TiB  7.74  1.00  188      up
 74    hdd  1.97049   1.00000  2.0 TiB  156 GiB  923 MiB   33 MiB   697 MiB  1.8 TiB  7.74  1.00  203      up
 84    hdd  1.97049   1.00000  2.0 TiB  156 GiB  837 MiB   36 MiB   552 MiB  1.8 TiB  7.73  1.00  182      up
 94    hdd  1.97049   1.00000  2.0 TiB  156 GiB  811 MiB      0 B   567 MiB  1.8 TiB  7.73  1.00  176      up
104    hdd  1.97049   1.00000  2.0 TiB  156 GiB  818 MiB  100 MiB   328 MiB  1.8 TiB  7.73  1.00  182      up
114    hdd  1.97049   1.00000  2.0 TiB  156 GiB  813 MiB    2 KiB   571 MiB  1.8 TiB  7.73  1.00  179      up
124    hdd  1.97049   1.00000  2.0 TiB  156 GiB  812 MiB    2 KiB   571 MiB  1.8 TiB  7.73  1.00  177      up
134    hdd  1.97049   1.00000  2.0 TiB  156 GiB  924 MiB   53 MiB   971 MiB  1.8 TiB  7.74  1.00  202      up
144    hdd  1.97049   1.00000  2.0 TiB  156 GiB  894 MiB   44 MiB   649 MiB  1.8 TiB  7.74  1.00  197      up
154    hdd  1.97049   1.00000  2.0 TiB  156 GiB  835 MiB    2 KiB   316 MiB  1.8 TiB  7.73  1.00  181      up
164    hdd  1.97049   1.00000  2.0 TiB  156 GiB  866 MiB   35 MiB   611 MiB  1.8 TiB  7.74  1.00  197      up
174    hdd  1.97049   1.00000  2.0 TiB  156 GiB  925 MiB   43 MiB   694 MiB  1.8 TiB  7.74  1.00  205      up
184    hdd  1.97049   1.00000  2.0 TiB  156 GiB  813 MiB    2 KiB   569 MiB  1.8 TiB  7.73  1.00  184      up
194    hdd  1.97049   1.00000  2.0 TiB  156 GiB  816 MiB      0 B   561 MiB  1.8 TiB  7.73  1.00  191      up
204    hdd  1.97049   1.00000  2.0 TiB  156 GiB  799 MiB      0 B   548 MiB  1.8 TiB  7.73  1.00  178      up
214    hdd  1.97049   1.00000  2.0 TiB  156 GiB  842 MiB    2 KiB   320 MiB  1.8 TiB  7.74  1.00  193      up
224    hdd  1.97049   1.00000  2.0 TiB  156 GiB  861 MiB   35 MiB   602 MiB  1.8 TiB  7.74  1.00  187      up
234    hdd  1.97049   1.00000  2.0 TiB  156 GiB  827 MiB      0 B   291 MiB  1.8 TiB  7.73  1.00  184      up
244    hdd  1.97049   1.00000  2.0 TiB  156 GiB  863 MiB    1 KiB   344 MiB  1.8 TiB  7.74  1.00  194      up
254    hdd  1.97049   1.00000  2.0 TiB  156 GiB  810 MiB      0 B   557 MiB  1.8 TiB  7.73  1.00  183      up
                        TOTAL  567 TiB   44 TiB  236 GiB  4.6 GiB   167 GiB  524 TiB  7.73                   
MIN/MAX VAR: 1.00/1.00  STDDEV: 0.00
2022/02/10-06:28:22: %RAW USED 7.73; Pending GCs 

PG Autoscale:
POOL                         SIZE  TARGET SIZE  RATE  RAW CAPACITY   RATIO  TARGET RATIO  EFFECTIVE RATIO  BIAS  PG_NUM  NEW PG_NUM  AUTOSCALE  
device_health_metrics          0                 3.0        567.4T  0.0000                                  1.0       1              on         
default.rgw.control            0                 3.0        567.4T  0.0000                                  1.0     256              on         
default.rgw.buckets.data   143.1G                1.5        567.4T  0.0004                                  1.0    8192              on         
default.rgw.buckets.index   1582M                3.0        567.4T  0.0000                                  1.0     512              on         
default.rgw.log            297.2k                3.0        567.4T  0.0000                                  1.0     256              on         
default.rgw.meta           280.3k                3.0        567.4T  0.0000                                  1.0     256              on         
.rgw.root                   1323                 3.0        567.4T  0.0000                                  1.0     256              on         

RGW netstat & qlen/qactive ...
f10-h01-000-6049p.rdu2.scalelab.redhat.com
Proto Recv-Q Send-Q Local Address           Foreign Address         State       PID/Program name    
tcp        0      0 172.17.36.220:8080      0.0.0.0:*               LISTEN      522247/radosgw      
        "qlen": 30,
        "qactive": 30,
f10-h05-000-6049p.rdu2.scalelab.redhat.com
Proto Recv-Q Send-Q Local Address           Foreign Address         State       PID/Program name    
tcp        0      0 172.17.36.178:8080      0.0.0.0:*               LISTEN      1212254/radosgw     
        "qlen": 33,
        "qactive": 33,
f10-h09-000-6049p.rdu2.scalelab.redhat.com
Proto Recv-Q Send-Q Local Address           Foreign Address         State       PID/Program name    
tcp        0      0 172.17.39.213:8080      0.0.0.0:*               LISTEN      1217193/radosgw     
        "qlen": 27,
        "qactive": 27,
f10-h13-000-6049p.rdu2.scalelab.redhat.com
Proto Recv-Q Send-Q Local Address           Foreign Address         State       PID/Program name    
tcp        0      0 172.17.39.109:8080      0.0.0.0:*               LISTEN      1218568/radosgw     
        "qlen": 408,
        "qactive": 408,

--------------------------------------------------------

2022/02/10-06:33:27: RESHARD Queue Length 11
2022/02/10-06:33:27: RESHARD List [
    {
        "time": "2022-02-10T06:33:24.983581Z",
        "tenant": "",
        "bucket_name": "mycontainers1",
        "bucket_id": "fd5f3bd5-9643-4da9-9cc9-1b8ba1a8667b.34443.1",
        "new_instance_id": "",
        "old_num_shards": 31,
        "new_num_shards": 269
    }
]

LA: 2022/02/10-06:33:27:   23.68, 19.58, 10.83

RGW stats:          proc   %cpu %mem  vsz    rss     memused       memlimit
f10-h01-000-6049p.rdu2.scalelab.redhat.com   radosgw 131 0.0 9693748 206704   153052741632   9223372036854771712
f10-h05-000-6049p.rdu2.scalelab.redhat.com   radosgw 129 0.1 9927756 419872   161154084864   9223372036854771712
f10-h09-000-6049p.rdu2.scalelab.redhat.com   radosgw 129 0.0 9662076 208944   155246383104   9223372036854771712
f10-h13-000-6049p.rdu2.scalelab.redhat.com   radosgw 132 0.0 9854156 299892   154099380224   9223372036854771712

OSD: 
2022/02/10-06:33:29: f10-h01-000-6049p.rdu2.scalelab.redhat.com ceph-osd         7.8  0.5 3142156 2143908
ceph-osd        13.6  0.6 4474372 2418320
ceph-osd        13.0  0.6 3388940 2511912
ceph-osd        10.4  0.5 3102216 1996164
ceph-osd         9.3  0.6 3823112 2436784
ceph-osd        14.5  0.6 4549252 2574556
ceph-osd         9.7  0.6 3544592 2492076
ceph-osd         9.3  0.6 3564040 2476192
ceph-osd        13.8  0.5 3352076 2289196
ceph-osd         9.5  0.6 3416584 2462336
ceph-osd         8.6  0.5 3148304 2248424
ceph-osd         8.9  0.5 3156500 2135328
ceph-osd        14.1  0.6 3481092 2444908
ceph-osd         9.4  0.6 3556884 2500980
ceph-osd        20.5  0.7 3671184 2795072
ceph-osd         9.1  0.6 3544596 2437836
ceph-osd        11.9  0.5 3127816 2252592
ceph-osd        16.9  0.5 3290644 2021160
ceph-osd        10.4  0.5 4178440 2354148
ceph-osd        13.3  0.5 3904016 2184604
ceph-osd         9.6  0.6 3555848 2496988
ceph-osd         8.7  0.5 3760648 2140704
ceph-osd         9.0  0.5 3426820 2055168
ceph-osd         8.2  0.4 3052052 1860976
2022/02/10-06:33:29: f10-h05-000-6049p.rdu2.scalelab.redhat.com ceph-osd         9.6  0.5 3145784 2075660
ceph-osd        19.9  0.6 3777580 2413616
ceph-osd        11.6  0.6 3555696 2488620
ceph-osd        24.6  0.6 3399544 2558668
ceph-osd        16.8  0.6 4849876 2535316
ceph-osd        10.5  0.5 3748564 2057672
ceph-osd         9.8  0.5 3142992 2233144
ceph-osd        27.6  0.5 3954484 2197972
ceph-osd        10.1  0.5 3141680 2056328
ceph-osd        38.2  0.6 3805232 2593500
ceph-osd        20.0  0.5 3459704 2323776
ceph-osd        30.8  0.6 3946540 2679116
ceph-osd        10.8  0.5 4104516 2090224
ceph-osd         9.9  0.5 3149880 2086636
ceph-osd        18.3  0.5 3260480 2030812
ceph-osd        21.3  0.5 3245176 2102312
ceph-osd        10.0  0.5 3154996 2178560
ceph-osd        11.3  0.6 3304372 2409980
