2022/02/10-11:54:40: runIOworkload.sh - Created logfile: ./RESULTS/runIOworkload.sh_20220210-115439.log
Runtime Environment:
Linux f10-h29-b02-5039ms.rdu2.scalelab.redhat.com 4.18.0-348.el8.x86_64 #1 SMP Mon Oct 4 12:17:22 EDT 2021 x86_64 x86_64 x86_64 GNU/Linux
Red Hat Enterprise Linux release 8.5 (Ootpa)
ceph version 16.2.0-152.el8cp (e456e8b705cb2f4a779689a0d80b122bcb0d67c9) pacific (stable)
2022/02/10-11:54:41: > runmode=containerized
Key Variable Values:
2022/02/10-11:54:41: > pollinterval=300
2022/02/10-11:54:41: > RESULTSDIR=./RESULTS
Cluster variable settings:
2022/02/10-11:54:41: > MONhostname=f13-h26-b04-5039ms.rdu2.scalelab.redhat.com
2022/02/10-11:54:41: > RGWhostname=f10-h01-000-6049p.rdu2.scalelab.redhat.com
2022/02/10-11:54:41: ---------------------------------
2022/02/10-11:54:41: BEGIN /root/git_repo/DFGRGWtest/RGWtest/measure.xml contents:
<?xml version="1.0" encoding="UTF-8" ?>
<workload name="hybridSS" description="RGW testing">


<!-- Initialization -->
  <storage type="s3" config="timeout=900000;accesskey=J5R44SUNTK94AB7KRL2S;secretkey=mxgvXdh9v8VDQVtMhkIehUIrcco1apQyxGBR0BfS;endpoint=http://localhost:5000;path_style_access=true"/>
  <auth type="none"/>

  <workflow>

<!-- Use operation mix & object sizes as defined in vars.shinc	 -->

    <workstage name="MAIN">
        <work name="hybrid" workers="1988" runtime="3600" >
            <operation name="writeOP" type="write" ratio="36" config="containers=u(1,2);objects=u(1,75000000);sizes=h(1|2|25,2|4|40,4|8|25,8|256|10)KB" />
            <operation name="deleteOP" type="delete" ratio="5" config="containers=u(1,2);objects=u(1,75000000);sizes=h(1|2|25,2|4|40,4|8|25,8|256|10)KB" />
	    <operation name="readOP" type="read" ratio="44" config="containers=u(3,5);objects=u(1,75000000);hashCheck=true" />
            <operation name="listOP" type="list" ratio="15" config="containers=u(3,5);objects=u(1,75000000);hashCheck=true" />
        </work>
    </workstage>

  </workflow>

</workload>
2022/02/10-11:54:41: END /root/git_repo/DFGRGWtest/RGWtest/measure.xml
2022/02/10-11:54:41: 
CLASS     SIZE    AVAIL    USED  RAW USED  %RAW USED
TOTAL  567 TiB  510 TiB  58 TiB    58 TiB      10.18
POOL                       ID   PGS   STORED  OBJECTS     USED  %USED  MAX AVAIL
GC: 2022/02/10-11:54:42: Pending GC's == 1
2022/02/10-11:54:42: START: poll backgrd process
2022/02/10-11:54:43: ** POLL started

ceph balancer status
{
    "active": true,
    "last_optimize_duration": "0:00:00.114857",
    "last_optimize_started": "Thu Feb 10 11:53:49 2022",
    "mode": "upmap",
    "optimize_result": "Unable to find further optimization, or pool(s) pg_num is decreasing, or distribution is already perfect",
    "plans": []
}
2022/02/10-11:54:44: POLL backgrd processID 69027
2022/02/10-11:54:44: START: cosbench launched
2022/02/10-11:54:45: OSD Settings:      "bluefs_buffered_io": "true",
    "bluestore_cache_trim_max_skip_pinned": "1000",
    "bluestore_rocksdb_options": "compression=kNoCompression,max_write_buffer_number=4,min_write_buffer_number_to_merge=1,recycle_log_file_num=4,write_buffer_size=268435456,writable_file_max_buffer_size=0,compaction_readahead_size=2097152,max_background_compactions=2,max_total_wal_size=1073741824",
    "bluestore_rocksdb_options_annex": "",
    "debug_objclass": "0/5",
    "log_to_file": "true",
    "mon_cluster_log_to_file": "true",
    "osd_crush_initial_weight": "-1.000000",
    "osd_deep_scrub_interval": "604800.000000",
    "osd_deep_scrub_large_omap_object_key_threshold": "200000",
    "osd_delete_sleep": "0.000000",
    "osd_delete_sleep_hdd": "5.000000",
    "osd_delete_sleep_hybrid": "1.000000",
    "osd_delete_sleep_ssd": "1.000000",
    "osd_max_backfills": "1",
    "osd_max_scrubs": "1",
    "osd_memory_target": "4294967296",
    "osd_memory_target_autotune": "false",
    "osd_memory_target_cgroup_limit_ratio": "0.800000",
    "osd_op_thread_timeout": "15",
    "osd_recovery_max_omap_entries_per_chunk": "8096",
    "osd_scrub_auto_repair": "false",
    "osd_scrub_auto_repair_num_errors": "5",
    "osd_scrub_begin_hour": "0",
    "osd_scrub_during_recovery": "false",
    "osd_scrub_end_hour": "0",
    "osd_scrub_max_interval": "604800.000000",
    "osd_scrub_sleep": "0.000000",
    "rocksdb_cache_size": "536870912",
2022/02/10-11:54:45: RGW Settings:      "debug_ms": "0/0",
    "debug_rgw": "1/5",
    "debug_rgw_sync": "1/5",
    "log_to_file": "true",
    "mon_cluster_log_to_file": "true",
    "rgw_dynamic_resharding": "true",
    "rgw_frontend_defaults": "beast ssl_certificate=config://rgw/cert/$realm/$zone.crt ssl_private_key=config://rgw/cert/$realm/$zone.key",
    "rgw_frontends": "beast endpoint=172.17.36.220:8080",
    "rgw_gc_max_concurrent_io": "10",
    "rgw_gc_max_deferred": "50",
    "rgw_gc_max_deferred_entries_size": "3072",
    "rgw_gc_max_objs": "32",
    "rgw_gc_max_queue_size": "134213632",
    "rgw_gc_max_trim_chunk": "16",
    "rgw_gc_obj_min_wait": "7200",
    "rgw_gc_processor_max_time": "3600",
    "rgw_gc_processor_period": "3600",
    "rgw_override_bucket_index_max_shards": "0",
    "rgw_run_sync_thread": "true",
    "rgw_thread_pool_size": "1024",

TCMALLOC checks:
2022/02/10-11:54:45: Accepted with ID: w2
2022/02/10-11:54:45: COSbench jobID is: w2 - Started
f11-h17-000-6049p.rdu2.scalelab.redhat.com | FAILED | rc=127 >>
/bin/sh: /root/check-osd-hacks.sh: No such file or directorynon-zero return code
f11-h09-000-6049p.rdu2.scalelab.redhat.com | FAILED | rc=127 >>
/bin/sh: /root/check-osd-hacks.sh: No such file or directorynon-zero return code
f11-h01-000-6049p.rdu2.scalelab.redhat.com | FAILED | rc=127 >>
/bin/sh: /root/check-osd-hacks.sh: No such file or directorynon-zero return code
f11-h05-000-6049p.rdu2.scalelab.redhat.com | FAILED | rc=127 >>
/bin/sh: /root/check-osd-hacks.sh: No such file or directorynon-zero return code
f11-h13-000-6049p.rdu2.scalelab.redhat.com | FAILED | rc=127 >>
/bin/sh: /root/check-osd-hacks.sh: No such file or directorynon-zero return code
f10-h01-000-6049p.rdu2.scalelab.redhat.com | FAILED | rc=127 >>
/bin/sh: /root/check-osd-hacks.sh: No such file or directorynon-zero return code
f10-h13-000-6049p.rdu2.scalelab.redhat.com | FAILED | rc=127 >>
/bin/sh: /root/check-osd-hacks.sh: No such file or directorynon-zero return code
f10-h05-000-6049p.rdu2.scalelab.redhat.com | FAILED | rc=127 >>
/bin/sh: /root/check-osd-hacks.sh: No such file or directorynon-zero return code
f10-h09-000-6049p.rdu2.scalelab.redhat.com | FAILED | rc=127 >>
/bin/sh: /root/check-osd-hacks.sh: No such file or directorynon-zero return code
f10-h17-000-6049p.rdu2.scalelab.redhat.com | FAILED | rc=127 >>
/bin/sh: /root/check-osd-hacks.sh: No such file or directorynon-zero return code
f10-h21-000-6049p.rdu2.scalelab.redhat.com | FAILED | rc=127 >>
/bin/sh: /root/check-osd-hacks.sh: No such file or directorynon-zero return code
f10-h25-000-6049p.rdu2.scalelab.redhat.com | FAILED | rc=127 >>
/bin/sh: /root/check-osd-hacks.sh: No such file or directorynon-zero return code
f13-h26-b04-5039ms.rdu2.scalelab.redhat.com | FAILED | rc=127 >>
/bin/sh: /root/check-mon-hacks.sh: No such file or directorynon-zero return code
f13-h26-b07-5039ms.rdu2.scalelab.redhat.com | FAILED | rc=127 >>
/bin/sh: /root/check-mon-hacks.sh: No such file or directorynon-zero return code
f13-h26-b08-5039ms.rdu2.scalelab.redhat.com | FAILED | rc=127 >>
/bin/sh: /root/check-mon-hacks.sh: No such file or directorynon-zero return code

OSD swapon -s ...
f11-h05-000-6049p.rdu2.scalelab.redhat.com | CHANGED | rc=0 | (stdout) Filename				Type		Size	Used	Priority\n/dev/md1                               	partition	4189180	16260	-2
f11-h01-000-6049p.rdu2.scalelab.redhat.com | CHANGED | rc=0 | (stdout) Filename				Type		Size	Used	Priority\n/dev/md1                               	partition	4189180	13112	-2
f11-h17-000-6049p.rdu2.scalelab.redhat.com | CHANGED | rc=0 | (stdout) Filename				Type		Size	Used	Priority\n/dev/md1                               	partition	4189180	13440	-2
f11-h09-000-6049p.rdu2.scalelab.redhat.com | CHANGED | rc=0 | (stdout) Filename				Type		Size	Used	Priority\n/dev/md1                               	partition	4189180	17508	-2
f11-h13-000-6049p.rdu2.scalelab.redhat.com | CHANGED | rc=0 | (stdout) Filename				Type		Size	Used	Priority\n/dev/md1                               	partition	4189180	12644	-2
f10-h01-000-6049p.rdu2.scalelab.redhat.com | CHANGED | rc=0 | (stdout) Filename				Type		Size	Used	Priority\n/dev/md1                               	partition	4189180	29456	-2
f10-h05-000-6049p.rdu2.scalelab.redhat.com | CHANGED | rc=0 | (stdout) Filename				Type		Size	Used	Priority\n/dev/md1                               	partition	4189180	11388	-2
f10-h09-000-6049p.rdu2.scalelab.redhat.com | CHANGED | rc=0 | (stdout) Filename				Type		Size	Used	Priority\n/dev/md1                               	partition	4189180	11604	-2
f10-h17-000-6049p.rdu2.scalelab.redhat.com | CHANGED | rc=0 | (stdout) Filename				Type		Size	Used	Priority\n/dev/md1                               	partition	4189180	13688	-2
f10-h13-000-6049p.rdu2.scalelab.redhat.com | CHANGED | rc=0 | (stdout) Filename				Type		Size	Used	Priority\n/dev/md1                               	partition	4189180	15744	-2
f10-h21-000-6049p.rdu2.scalelab.redhat.com | CHANGED | rc=0 | (stdout) Filename				Type		Size	Used	Priority\n/dev/md1                               	partition	4189180	30732	-2
f10-h25-000-6049p.rdu2.scalelab.redhat.com | CHANGED | rc=0 | (stdout) Filename				Type		Size	Used	Priority\n/dev/md1                               	partition	4189180	2335620	-2

2022/02/10-11:54:53: %RAW USED 10.18; Pending GCs 

--------------------------------------------------------

2022/02/10-11:54:56: RESHARD Queue Length 1
2022/02/10-11:54:56: RESHARD List []

LA: 2022/02/10-11:54:56:   4.03, 1.47, 2.38

RGW stats:          proc   %cpu %mem  vsz    rss     memused       memlimit
f10-h01-000-6049p.rdu2.scalelab.redhat.com   radosgw 379 0.1 10029880 431560   359723810816   9223372036854771712
f10-h05-000-6049p.rdu2.scalelab.redhat.com   radosgw 362 0.0 9986008 227312   371601412096   9223372036854771712
f10-h09-000-6049p.rdu2.scalelab.redhat.com   radosgw 360 0.0 9965952 268848   369872015360   9223372036854771712
f10-h13-000-6049p.rdu2.scalelab.redhat.com   radosgw 371 0.1 10088560 396404   366168002560   9223372036854771712

OSD: 
2022/02/10-11:54:59: f10-h01-000-6049p.rdu2.scalelab.redhat.com ceph-osd        45.7  1.0 5972844 4215468
ceph-osd        64.8  1.0 6112204 4206876
ceph-osd        54.1  1.0 6068252 4199656
ceph-osd        51.7  1.0 5936328 4122644
ceph-osd        55.8  1.0 5913496 4154432
ceph-osd        53.3  1.0 5903396 4176068
ceph-osd        53.1  1.0 6012632 4129248
ceph-osd        56.3  1.0 5835456 4032388
ceph-osd        58.0  1.0 5875532 4245752
ceph-osd        53.8  1.0 6027840 4041240
ceph-osd        46.3  1.0 5943384 4165396
ceph-osd        50.2  1.0 5930652 4151748
ceph-osd        58.9  1.0 6070228 4090544
ceph-osd        44.7  1.0 5822244 4213940
ceph-osd        62.7  0.9 6147712 3896052
ceph-osd        52.9  1.0 6022764 4116652
ceph-osd        64.2  0.8 6107768 3255184
ceph-osd        49.0  0.6 5955164 2606872
ceph-osd        57.3  0.9 6188952 3802172
ceph-osd        63.5  0.8 6038696 3414652
ceph-osd        56.0  1.0 6016600 4031660
ceph-osd        50.0  0.7 6123784 3148200
ceph-osd        49.9  0.9 5837372 3714492
ceph-osd        58.5  1.0 6087420 4232504
2022/02/10-11:54:59: f10-h05-000-6049p.rdu2.scalelab.redhat.com ceph-osd        54.0  1.0 5953560 4039868
ceph-osd        50.9  1.0 5861972 4038396
ceph-osd        64.5  0.8 5937704 3338864
ceph-osd        57.8  1.0 5987272 4213160
ceph-osd        44.0  1.0 5908692 4135880
ceph-osd        46.4  1.0 6013900 4129608
ceph-osd        52.1  0.8 6088992 3355244
ceph-osd        54.8  1.0 5941484 4109048
ceph-osd        52.6  1.0 6090224 4166684
ceph-osd        67.2  1.0 6148736 4006324
ceph-osd        47.1  0.9 5726760 3826516
ceph-osd        54.4  1.0 6064308 4174300
ceph-osd        54.1  1.0 5948004 4149820
ceph-osd        53.1  0.9 5913944 3899108
ceph-osd        52.0  1.0 5894368 4207724
ceph-osd        53.3  1.0 5722848 4155960
ceph-osd        55.7  0.9 6094972 3936852
ceph-osd        53.8  1.0 5943604 4195980
ceph-osd        44.7  1.0 5791316 4152236
ceph-osd        49.0  0.8 5933092 3538788
ceph-osd        47.3  0.9 5844248 3933040
ceph-osd        54.6  0.7 6030956 2920384
ceph-osd        59.1  1.0 5958756 4226404
ceph-osd        61.0  0.8 6276428 3246344
2022/02/10-11:54:59: f10-h09-000-6049p.rdu2.scalelab.redhat.com ceph-osd        56.5  1.0 5972436 4121360
ceph-osd        56.4  0.9 6062928 3866200
ceph-osd        58.3  1.0 6117168 4203400
ceph-osd        60.6  1.0 6003852 3990576
ceph-osd        63.0  1.0 5921056 4217796
ceph-osd        44.9  1.0 5905344 4193360
ceph-osd        56.1  0.9 6040476 3737604
ceph-osd        48.7  1.0 5926836 4157484
ceph-osd        43.5  1.0 5840232 4174280
ceph-osd        59.4  1.0 5849124 4181180
ceph-osd        52.6  0.8 6101072 3348632
ceph-osd        58.2  1.0 6085764 4080340
ceph-osd        53.1  1.0 5843612 4153000
ceph-osd        47.5  1.0 5933364 4123644
ceph-osd        63.6  1.0 6119432 4241132
ceph-osd        49.2  1.0 5856496 4102412
ceph-osd        52.6  1.0 5891868 4035840
ceph-osd        43.3  1.0 5887020 4065580
ceph-osd        65.9  1.0 6093632 4064620
ceph-osd        49.8  1.0 5853772 4178096
ceph-osd        49.1  1.0 6186032 4123188
ceph-osd        56.6  0.9 6131876 3564972
ceph-osd        51.8  1.0 6070560 4215044
ceph-osd        62.3  1.0 6018548 4173224
2022/02/10-11:54:59: f10-h13-000-6049p.rdu2.scalelab.redhat.com ceph-osd        44.2  1.0 5694500 4160108
ceph-osd        48.0  1.0 6020080 4058852
ceph-osd        39.5  1.0 5851972 4180064
ceph-osd        52.1  1.0 6073744 3956120
ceph-osd        55.5  0.9 5855384 3593980
ceph-osd        48.3  1.0 5792736 4172608
ceph-osd        51.1  1.0 5856456 4102912
ceph-osd        55.1  1.0 5938468 4133804
ceph-osd        65.0  1.0 6031496 4237440
ceph-osd        58.4  1.0 6017432 4079920
ceph-osd        59.0  1.0 6025584 4129628
ceph-osd        58.1  0.8 6280700 3400464
ceph-osd        53.8  1.0 5940460 4065560
ceph-osd        63.3  1.0 5999524 4110760
ceph-osd        62.6  1.0 6176816 4140604
ceph-osd        62.8  1.0 6000472 4125968
ceph-osd        50.0  0.6 6020972 2571504
ceph-osd        58.0  1.0 5836968 4059304
ceph-osd        43.1  1.0 5773860 4004980
ceph-osd        56.7  0.7 6079916 3069576
ceph-osd        62.5  1.0 6132364 4203276
ceph-osd        48.1  1.0 6020244 4152992
ceph-osd        58.1  1.0 5896720 4171652
ceph-osd        52.0  1.0 5908816 4114944

Site1 buckets (rgw):
2022/02/10-11:55:02:         "bucket": "mycontainers1",
        "num_shards": 1409,
                "num_objects": 74989025
        "bucket": "mycontainers3",
        "num_shards": 839,
                "num_objects": 74993261
        "bucket": "mycontainers4",
        "num_shards": 797,
                "num_objects": 74995025
        "bucket": "mycontainers2",
        "num_shards": 1361,
                "num_objects": 74988748
        "bucket": "mycontainers5",
        "num_shards": 1499,
                "num_objects": 74994674

Cluster status
  cluster:
    id:     259f4a8e-8a30-11ec-b380-ac1f6b2d5d2a
    health: HEALTH_OK
 
  services:
    mon: 3 daemons, quorum f13-h26-b04-5039ms.rdu2.scalelab.redhat.com,f13-h26-b07-5039ms,f13-h26-b08-5039ms (age 6h)
    mgr: f13-h26-b04-5039ms.rdu2.scalelab.redhat.com.gggmog(active, since 5h), standbys: f13-h26-b08-5039ms.lgcsid, f13-h26-b07-5039ms.mryrto
    osd: 288 osds: 288 up (since 6h), 288 in (since 6h)
    rgw: 12 daemons active (12 hosts, 1 zones)
 
  data:
    pools:   7 pools, 9729 pgs
    objects: 375.00M objects, 5.1 TiB
    usage:   58 TiB used, 510 TiB / 567 TiB avail
    pgs:     9729 active+clean
 
  io:
    client:   146 MiB/s rd, 82 MiB/s wr, 82.98k op/s rd, 67.28k op/s wr
 
2022/02/10-11:55:02: ceph df detail --- RAW STORAGE ---
CLASS     SIZE    AVAIL    USED  RAW USED  %RAW USED
hdd    567 TiB  510 TiB  58 TiB    58 TiB      10.18
TOTAL  567 TiB  510 TiB  58 TiB    58 TiB      10.18
 
--- POOLS ---
POOL                       ID   PGS   STORED   (DATA)   (OMAP)  OBJECTS     USED   (DATA)   (OMAP)  %USED  MAX AVAIL  QUOTA OBJECTS  QUOTA BYTES    DIRTY  USED COMPR  UNDER COMPR
device_health_metrics       1     1      0 B      0 B      0 B        0      0 B      0 B      0 B      0    160 TiB            N/A          N/A        0         0 B          0 B
default.rgw.control        12   256      0 B      0 B      0 B        8      0 B      0 B      0 B      0    160 TiB            N/A          N/A        8         0 B          0 B
default.rgw.buckets.data   13  8192  9.4 TiB  9.4 TiB      0 B  374.99M   14 TiB   14 TiB      0 B   2.84    321 TiB            N/A          N/A  374.99M         0 B          0 B
default.rgw.buckets.index  14   512  105 GiB      0 B  105 GiB    6.36k  314 GiB      0 B  314 GiB   0.06    160 TiB            N/A          N/A    6.36k         0 B          0 B
default.rgw.log            15   256  3.9 MiB   58 KiB  3.8 MiB      371   14 MiB  2.7 MiB   11 MiB      0    160 TiB            N/A          N/A      371         0 B          0 B
default.rgw.meta           16   256  2.9 MiB  3.2 KiB  2.9 MiB       15  8.8 MiB  168 KiB  8.7 MiB      0    160 TiB            N/A          N/A       15         0 B          0 B
.rgw.root                  17   256  1.3 KiB  1.3 KiB      0 B        4   48 KiB   48 KiB      0 B      0    160 TiB            N/A          N/A        4         0 B          0 B

Site1 pool PG counts:
pool 1 'device_health_metrics' replicated size 3 min_size 2 crush_rule 0 object_hash rjenkins pg_num 1 pgp_num 1 autoscale_mode on last_change 936 flags hashpspool stripe_width 0 pg_num_min 1 application mgr_devicehealth,rgw
pool 12 'default.rgw.control' replicated size 3 min_size 2 crush_rule 0 object_hash rjenkins pg_num 256 pgp_num 256 autoscale_mode on last_change 896 flags hashpspool stripe_width 0 pg_num_min 256 application rgw
pool 13 'default.rgw.buckets.data' erasure profile myprofile size 6 min_size 5 crush_rule 1 object_hash rjenkins pg_num 8192 pgp_num 8192 autoscale_mode on last_change 918 lfor 0/0/916 flags hashpspool stripe_width 16384 pg_num_min 8192 application rgw
pool 14 'default.rgw.buckets.index' replicated size 3 min_size 2 crush_rule 0 object_hash rjenkins pg_num 512 pgp_num 512 autoscale_mode on last_change 898 flags hashpspool stripe_width 0 pg_num_min 512 application rgw
pool 15 'default.rgw.log' replicated size 3 min_size 2 crush_rule 0 object_hash rjenkins pg_num 256 pgp_num 256 autoscale_mode on last_change 899 flags hashpspool stripe_width 0 pg_num_min 256 application rgw
pool 16 'default.rgw.meta' replicated size 3 min_size 2 crush_rule 0 object_hash rjenkins pg_num 256 pgp_num 256 autoscale_mode on last_change 900 flags hashpspool stripe_width 0 pg_num_min 256 application rgw
pool 17 '.rgw.root' replicated size 3 min_size 2 crush_rule 0 object_hash rjenkins pg_num 256 pgp_num 256 autoscale_mode on last_change 901 flags hashpspool stripe_width 0 pg_num_min 256 application rgw


Site1 buckets df
2022/02/10-11:55:03: POOL                       ID   PGS   STORED  OBJECTS     USED  %USED  MAX AVAIL
default.rgw.control        12   256      0 B        8      0 B      0    160 TiB
default.rgw.buckets.data   13  8192  9.4 TiB  374.99M   14 TiB   2.84    321 TiB
default.rgw.buckets.index  14   512  105 GiB    6.36k  314 GiB   0.06    160 TiB
default.rgw.log            15   256  3.9 MiB      371   14 MiB      0    160 TiB
default.rgw.meta           16   256  2.9 MiB       15  8.8 MiB      0    160 TiB

OSD/RGW free:
2022/02/10-11:55:03: f10-h01-000-6049p.rdu2.scalelab.redhat.com                total        used        free      shared  buff/cache   available
Mem:          376Gi        94Gi        25Gi       4.1Gi       255Gi       274Gi
Swap:         4.0Gi        28Mi       4.0Gi

Ceph osd df:
2022/02/10-11:55:03: ID   CLASS  WEIGHT   REWEIGHT  SIZE     RAW USE  DATA    OMAP      META     AVAIL    %USE   VAR   PGS  STATUS
  0    hdd  1.97049   1.00000  2.0 TiB  204 GiB  49 GiB   988 MiB   11 GiB  1.8 TiB  10.13  0.99  178      up
  1    hdd  1.97049   1.00000  2.0 TiB  206 GiB  51 GiB   1.3 GiB   12 GiB  1.8 TiB  10.23  1.00  192      up
  2    hdd  1.97049   1.00000  2.0 TiB  206 GiB  51 GiB   2.0 GiB   12 GiB  1.8 TiB  10.23  1.00  197      up
  3    hdd  1.97049   1.00000  2.0 TiB  204 GiB  49 GiB   918 MiB   11 GiB  1.8 TiB  10.13  0.99  186      up
  4    hdd  1.97049   1.00000  2.0 TiB  206 GiB  51 GiB   1.1 GiB   11 GiB  1.8 TiB  10.22  1.00  190      up
  5    hdd  1.97049   1.00000  2.0 TiB  204 GiB  49 GiB   1.8 GiB   11 GiB  1.8 TiB  10.13  0.99  190      up
  6    hdd  1.97049   1.00000  2.0 TiB  207 GiB  52 GiB   1.1 GiB   12 GiB  1.8 TiB  10.25  1.01  191      up
  7    hdd  1.97049   1.00000  2.0 TiB  204 GiB  49 GiB   1.2 GiB   11 GiB  1.8 TiB  10.13  0.99  183      up
  8    hdd  1.97049   1.00000  2.0 TiB  204 GiB  49 GiB   763 MiB   11 GiB  1.8 TiB  10.13  0.99  174      up
  9    hdd  1.97049   1.00000  2.0 TiB  204 GiB  49 GiB   1.6 GiB   11 GiB  1.8 TiB  10.13  0.99  189      up
 10    hdd  1.97049   1.00000  2.0 TiB  207 GiB  52 GiB   1.6 GiB   12 GiB  1.8 TiB  10.25  1.01  190      up
 11    hdd  1.97049   1.00000  2.0 TiB  204 GiB  49 GiB   1.2 GiB   11 GiB  1.8 TiB  10.13  0.99  179      up
 12    hdd  1.97049   1.00000  2.0 TiB  207 GiB  52 GiB   678 MiB   12 GiB  1.8 TiB  10.25  1.01  190      up
 13    hdd  1.97049   1.00000  2.0 TiB  207 GiB  51 GiB   997 MiB   12 GiB  1.8 TiB  10.25  1.01  194      up
 14    hdd  1.97049   1.00000  2.0 TiB  207 GiB  51 GiB   1.4 GiB   12 GiB  1.8 TiB  10.25  1.01  197      up
 15    hdd  1.97049   1.00000  2.0 TiB  207 GiB  51 GiB   871 MiB   12 GiB  1.8 TiB  10.24  1.01  189      up
 16    hdd  1.97049   1.00000  2.0 TiB  206 GiB  50 GiB   1.4 GiB   12 GiB  1.8 TiB  10.19  1.00  194      up
 17    hdd  1.97049   1.00000  2.0 TiB  207 GiB  51 GiB   781 MiB   12 GiB  1.8 TiB  10.24  1.01  189      up
 18    hdd  1.97049   1.00000  2.0 TiB  205 GiB  50 GiB   573 MiB   12 GiB  1.8 TiB  10.17  1.00  182      up
 19    hdd  1.97049   1.00000  2.0 TiB  204 GiB  49 GiB   737 MiB   11 GiB  1.8 TiB  10.13  1.00  182      up
 20    hdd  1.97049   1.00000  2.0 TiB  207 GiB  52 GiB   447 MiB   12 GiB  1.8 TiB  10.25  1.01  191      up
 21    hdd  1.97049   1.00000  2.0 TiB  207 GiB  52 GiB   2.0 GiB   12 GiB  1.8 TiB  10.25  1.01  197      up
 22    hdd  1.97049   1.00000  2.0 TiB  207 GiB  51 GiB   796 MiB   12 GiB  1.8 TiB  10.25  1.01  195      up
 23    hdd  1.97049   1.00000  2.0 TiB  204 GiB  49 GiB   1.9 GiB   11 GiB  1.8 TiB  10.13  0.99  187      up
 32    hdd  1.97049   1.00000  2.0 TiB  207 GiB  52 GiB   846 MiB   12 GiB  1.8 TiB  10.25  1.01  189      up
 42    hdd  1.97049   1.00000  2.0 TiB  205 GiB  50 GiB   437 MiB   11 GiB  1.8 TiB  10.16  1.00  184      up
 53    hdd  1.97049   1.00000  2.0 TiB  207 GiB  51 GiB   578 MiB   12 GiB  1.8 TiB  10.24  1.01  191      up
 63    hdd  1.97049   1.00000  2.0 TiB  206 GiB  50 GiB   683 MiB   11 GiB  1.8 TiB  10.19  1.00  181      up
 73    hdd  1.97049   1.00000  2.0 TiB  205 GiB  50 GiB   1.1 GiB   11 GiB  1.8 TiB  10.17  1.00  187      up
 83    hdd  1.97049   1.00000  2.0 TiB  207 GiB  52 GiB   1.4 GiB   12 GiB  1.8 TiB  10.25  1.01  193      up
 93    hdd  1.97049   1.00000  2.0 TiB  207 GiB  52 GiB   2.0 GiB   12 GiB  1.8 TiB  10.25  1.01  196      up
103    hdd  1.97049   1.00000  2.0 TiB  205 GiB  49 GiB   1.5 GiB   11 GiB  1.8 TiB  10.15  1.00  183      up
113    hdd  1.97049   1.00000  2.0 TiB  207 GiB  51 GiB   1.1 GiB   12 GiB  1.8 TiB  10.24  1.01  198      up
123    hdd  1.97049   1.00000  2.0 TiB  207 GiB  51 GiB   1.5 GiB   12 GiB  1.8 TiB  10.25  1.01  193      up
133    hdd  1.97049   1.00000  2.0 TiB  207 GiB  52 GiB   1.2 GiB   12 GiB  1.8 TiB  10.25  1.01  189      up
143    hdd  1.97049   1.00000  2.0 TiB  207 GiB  51 GiB   497 MiB   12 GiB  1.8 TiB  10.24  1.01  189      up
153    hdd  1.97049   1.00000  2.0 TiB  205 GiB  49 GiB   1.0 GiB   11 GiB  1.8 TiB  10.14  1.00  184      up
163    hdd  1.97049   1.00000  2.0 TiB  205 GiB  50 GiB   1.4 GiB   12 GiB  1.8 TiB  10.16  1.00  187      up
173    hdd  1.97049   1.00000  2.0 TiB  205 GiB  49 GiB   1.6 GiB   11 GiB  1.8 TiB  10.15  1.00  190      up
183    hdd  1.97049   1.00000  2.0 TiB  205 GiB  49 GiB   1.8 GiB   11 GiB  1.8 TiB  10.14  1.00  189      up
193    hdd  1.97049   1.00000  2.0 TiB  207 GiB  52 GiB   1.8 GiB   12 GiB  1.8 TiB  10.25  1.01  189      up
203    hdd  1.97049   1.00000  2.0 TiB  205 GiB  50 GiB   704 MiB   11 GiB  1.8 TiB  10.16  1.00  182      up
213    hdd  1.97049   1.00000  2.0 TiB  207 GiB  52 GiB   684 MiB   12 GiB  1.8 TiB  10.25  1.01  186      up
223    hdd  1.97049   1.00000  2.0 TiB  204 GiB  49 GiB   1.6 GiB   11 GiB  1.8 TiB  10.13  0.99  183      up
233    hdd  1.97049   1.00000  2.0 TiB  204 GiB  49 GiB   843 MiB   11 GiB  1.8 TiB  10.13  0.99  182      up
243    hdd  1.97049   1.00000  2.0 TiB  204 GiB  49 GiB   704 MiB   11 GiB  1.8 TiB  10.13  0.99  183      up
253    hdd  1.97049   1.00000  2.0 TiB  204 GiB  49 GiB   881 MiB   12 GiB  1.8 TiB  10.13  0.99  185      up
263    hdd  1.97049   1.00000  2.0 TiB  204 GiB  49 GiB   1.6 GiB   11 GiB  1.8 TiB  10.13  0.99  186      up
 27    hdd  1.97049   1.00000  2.0 TiB  206 GiB  51 GiB   1.1 GiB   12 GiB  1.8 TiB  10.21  1.00  187      up
 41    hdd  1.97049   1.00000  2.0 TiB  205 GiB  49 GiB   514 MiB   11 GiB  1.8 TiB  10.14  1.00  188      up
 50    hdd  1.97049   1.00000  2.0 TiB  206 GiB  50 GiB   1.3 GiB   12 GiB  1.8 TiB  10.19  1.00  189      up
 58    hdd  1.97049   1.00000  2.0 TiB  204 GiB  49 GiB   455 MiB   11 GiB  1.8 TiB  10.13  0.99  184      up
 68    hdd  1.97049   1.00000  2.0 TiB  204 GiB  49 GiB   459 MiB   11 GiB  1.8 TiB  10.13  0.99  176      up
 77    hdd  1.97049   1.00000  2.0 TiB  204 GiB  49 GiB   1.4 GiB   11 GiB  1.8 TiB  10.13  0.99  185      up
 87    hdd  1.97049   1.00000  2.0 TiB  204 GiB  49 GiB   1.1 GiB   11 GiB  1.8 TiB  10.13  0.99  183      up
 96    hdd  1.97049   1.00000  2.0 TiB  207 GiB  52 GiB   1.8 GiB   12 GiB  1.8 TiB  10.25  1.01  196      up
106    hdd  1.97049   1.00000  2.0 TiB  204 GiB  49 GiB   951 MiB   11 GiB  1.8 TiB  10.13  0.99  183      up
116    hdd  1.97049   1.00000  2.0 TiB  204 GiB  49 GiB   1.1 GiB   11 GiB  1.8 TiB  10.13  0.99  181      up
129    hdd  1.97049   1.00000  2.0 TiB  207 GiB  51 GiB   1.5 GiB   12 GiB  1.8 TiB  10.25  1.01  194      up
139    hdd  1.97049   1.00000  2.0 TiB  207 GiB  51 GiB   1.4 GiB   12 GiB  1.8 TiB  10.25  1.01  189      up
149    hdd  1.97049   1.00000  2.0 TiB  204 GiB  49 GiB   1.7 GiB   11 GiB  1.8 TiB  10.13  0.99  185      up
159    hdd  1.97049   1.00000  2.0 TiB  207 GiB  51 GiB   676 MiB   12 GiB  1.8 TiB  10.24  1.01  183      up
170    hdd  1.97049   1.00000  2.0 TiB  207 GiB  52 GiB   1.6 GiB   11 GiB  1.8 TiB  10.25  1.01  187      up
179    hdd  1.97049   1.00000  2.0 TiB  204 GiB  49 GiB   918 MiB   11 GiB  1.8 TiB  10.13  0.99  182      up
189    hdd  1.97049   1.00000  2.0 TiB  204 GiB  49 GiB   554 MiB   11 GiB  1.8 TiB  10.13  0.99  177      up
198    hdd  1.97049   1.00000  2.0 TiB  204 GiB  49 GiB  1014 MiB   11 GiB  1.8 TiB  10.13  0.99  186      up
208    hdd  1.97049   1.00000  2.0 TiB  204 GiB  49 GiB   1.4 GiB   11 GiB  1.8 TiB  10.11  0.99  183      up
218    hdd  1.97049   1.00000  2.0 TiB  207 GiB  52 GiB   1.5 GiB   12 GiB  1.8 TiB  10.25  1.01  186      up
230    hdd  1.97049   1.00000  2.0 TiB  204 GiB  49 GiB   1.0 GiB   11 GiB  1.8 TiB  10.11  0.99  179      up
240    hdd  1.97049   1.00000  2.0 TiB  206 GiB  51 GiB   449 MiB   12 GiB  1.8 TiB  10.23  1.00  187      up
250    hdd  1.97049   1.00000  2.0 TiB  204 GiB  49 GiB   2.2 GiB   11 GiB  1.8 TiB  10.12  0.99  191      up
259    hdd  1.97049   1.00000  2.0 TiB  206 GiB  51 GiB   131 MiB   11 GiB  1.8 TiB  10.22  1.00  184      up
 31    hdd  1.97049   1.00000  2.0 TiB  207 GiB  51 GiB   640 MiB   12 GiB  1.8 TiB  10.24  1.01  190      up
 40    hdd  1.97049   1.00000  2.0 TiB  205 GiB  49 GiB   872 MiB   11 GiB  1.8 TiB  10.15  1.00  185      up
 51    hdd  1.97049   1.00000  2.0 TiB  205 GiB  49 GiB   715 MiB   11 GiB  1.8 TiB  10.14  1.00  180      up
 59    hdd  1.97049   1.00000  2.0 TiB  204 GiB  49 GiB   1.5 GiB   11 GiB  1.8 TiB  10.13  0.99  187      up
 69    hdd  1.97049   1.00000  2.0 TiB  207 GiB  52 GiB   1.1 GiB   12 GiB  1.8 TiB  10.25  1.01  186      up
 79    hdd  1.97049   1.00000  2.0 TiB  207 GiB  52 GiB   572 MiB   12 GiB  1.8 TiB  10.25  1.01  188      up
 88    hdd  1.97049   1.00000  2.0 TiB  207 GiB  52 GiB  1022 MiB   12 GiB  1.8 TiB  10.25  1.01  189      up
 98    hdd  1.97049   1.00000  2.0 TiB  207 GiB  52 GiB   831 MiB   12 GiB  1.8 TiB  10.25  1.01  197      up
108    hdd  1.97049   1.00000  2.0 TiB  204 GiB  49 GiB   315 MiB   11 GiB  1.8 TiB  10.13  1.00  183      up
118    hdd  1.97049   1.00000  2.0 TiB  204 GiB  49 GiB   735 MiB   11 GiB  1.8 TiB  10.13  0.99  181      up
130    hdd  1.97049   1.00000  2.0 TiB  204 GiB  49 GiB   229 MiB   11 GiB  1.8 TiB  10.13  0.99  182      up
140    hdd  1.97049   1.00000  2.0 TiB  207 GiB  52 GiB   959 MiB   12 GiB  1.8 TiB  10.25  1.01  192      up
150    hdd  1.97049   1.00000  2.0 TiB  207 GiB  51 GiB   674 MiB   12 GiB  1.8 TiB  10.25  1.01  185      up
160    hdd  1.97049   1.00000  2.0 TiB  204 GiB  49 GiB   496 MiB   11 GiB  1.8 TiB  10.13  0.99  179      up
169    hdd  1.97049   1.00000  2.0 TiB  204 GiB  49 GiB   698 MiB   12 GiB  1.8 TiB  10.13  0.99  180      up
180    hdd  1.97049   1.00000  2.0 TiB  206 GiB  51 GiB   1.3 GiB   12 GiB  1.8 TiB  10.20  1.00  188      up
188    hdd  1.97049   1.00000  2.0 TiB  207 GiB  51 GiB   1.8 GiB   12 GiB  1.8 TiB  10.25  1.01  190      up
199    hdd  1.97049   1.00000  2.0 TiB  207 GiB  51 GiB   1.2 GiB   12 GiB  1.8 TiB  10.24  1.01  194      up
207    hdd  1.97049   1.00000  2.0 TiB  205 GiB  50 GiB   1.7 GiB   11 GiB  1.8 TiB  10.17  1.00  182      up
217    hdd  1.97049   1.00000  2.0 TiB  204 GiB  49 GiB   1.9 GiB   11 GiB  1.8 TiB  10.13  0.99  185      up
227    hdd  1.97049   1.00000  2.0 TiB  207 GiB  51 GiB   1.1 GiB   12 GiB  1.8 TiB  10.25  1.01  189      up
237    hdd  1.97049   1.00000  2.0 TiB  204 GiB  49 GiB   2.1 GiB   11 GiB  1.8 TiB  10.13  0.99  180      up
247    hdd  1.97049   1.00000  2.0 TiB  207 GiB  52 GiB   1.9 GiB   12 GiB  1.8 TiB  10.25  1.01  198      up
257    hdd  1.97049   1.00000  2.0 TiB  204 GiB  49 GiB   2.0 GiB   11 GiB  1.8 TiB  10.13  0.99  180      up
 29    hdd  1.97049   1.00000  2.0 TiB  204 GiB  49 GiB  1014 MiB   11 GiB  1.8 TiB  10.13  0.99  182      up
 38    hdd  1.97049   1.00000  2.0 TiB  206 GiB  51 GiB   1.2 GiB   12 GiB  1.8 TiB  10.20  1.00  186      up
 49    hdd  1.97049   1.00000  2.0 TiB  207 GiB  51 GiB   921 MiB   12 GiB  1.8 TiB  10.25  1.01  189      up
 61    hdd  1.97049   1.00000  2.0 TiB  207 GiB  51 GiB   149 MiB   12 GiB  1.8 TiB  10.24  1.01  190      up
 71    hdd  1.97049   1.00000  2.0 TiB  207 GiB  52 GiB   726 MiB   12 GiB  1.8 TiB  10.25  1.01  192      up
 81    hdd  1.97049   1.00000  2.0 TiB  204 GiB  49 GiB   1.5 GiB   11 GiB  1.8 TiB  10.13  0.99  183      up
 91    hdd  1.97049   1.00000  2.0 TiB  204 GiB  49 GiB   1.1 GiB   11 GiB  1.8 TiB  10.13  0.99  184      up
101    hdd  1.97049   1.00000  2.0 TiB  204 GiB  49 GiB  1006 MiB   11 GiB  1.8 TiB  10.13  0.99  186      up
111    hdd  1.97049   1.00000  2.0 TiB  207 GiB  51 GiB   1.3 GiB   12 GiB  1.8 TiB  10.25  1.01  190      up
121    hdd  1.97049   1.00000  2.0 TiB  204 GiB  49 GiB   637 MiB   11 GiB  1.8 TiB  10.13  0.99  181      up
131    hdd  1.97049   1.00000  2.0 TiB  207 GiB  51 GiB   995 MiB   12 GiB  1.8 TiB  10.25  1.01  187      up
141    hdd  1.97049   1.00000  2.0 TiB  204 GiB  49 GiB   1.1 GiB   11 GiB  1.8 TiB  10.13  0.99  184      up
151    hdd  1.97049   1.00000  2.0 TiB  204 GiB  49 GiB   780 MiB   11 GiB  1.8 TiB  10.13  0.99  183      up
161    hdd  1.97049   1.00000  2.0 TiB  204 GiB  49 GiB   1.6 GiB   11 GiB  1.8 TiB  10.13  0.99  185      up
171    hdd  1.97049   1.00000  2.0 TiB  207 GiB  51 GiB   607 MiB   12 GiB  1.8 TiB  10.24  1.01  184      up
181    hdd  1.97049   1.00000  2.0 TiB  204 GiB  49 GiB   626 MiB   11 GiB  1.8 TiB  10.13  0.99  182      up
191    hdd  1.97049   1.00000  2.0 TiB  205 GiB  49 GiB   721 MiB   11 GiB  1.8 TiB  10.14  1.00  183      up
201    hdd  1.97049   1.00000  2.0 TiB  207 GiB  52 GiB   1.8 GiB   12 GiB  1.8 TiB  10.25  1.01  194      up
211    hdd  1.97049   1.00000  2.0 TiB  206 GiB  51 GiB   982 MiB   12 GiB  1.8 TiB  10.23  1.00  192      up
221    hdd  1.97049   1.00000  2.0 TiB  207 GiB  52 GiB   1.6 GiB   12 GiB  1.8 TiB  10.25  1.01  194      up
231    hdd  1.97049   1.00000  2.0 TiB  205 GiB  49 GiB   197 MiB   12 GiB  1.8 TiB  10.15  1.00  184      up
241    hdd  1.97049   1.00000  2.0 TiB  204 GiB  49 GiB   342 MiB   11 GiB  1.8 TiB  10.12  0.99  182      up
249    hdd  1.97049   1.00000  2.0 TiB  207 GiB  52 GiB   2.1 GiB   12 GiB  1.8 TiB  10.25  1.01  199      up
261    hdd  1.97049   1.00000  2.0 TiB  205 GiB  50 GiB   1.3 GiB   11 GiB  1.8 TiB  10.17  1.00  182      up
 33    hdd  1.97049   1.00000  2.0 TiB  205 GiB  49 GiB   1.1 GiB   12 GiB  1.8 TiB  10.15  1.00  189      up
 43    hdd  1.97049   1.00000  2.0 TiB  205 GiB  49 GiB   702 MiB   11 GiB  1.8 TiB  10.15  1.00  185      up
 52    hdd  1.97049   1.00000  2.0 TiB  206 GiB  51 GiB   706 MiB   12 GiB  1.8 TiB  10.20  1.00  186      up
 62    hdd  1.97049   1.00000  2.0 TiB  207 GiB  51 GiB   628 MiB   11 GiB  1.8 TiB  10.24  1.01  188      up
 72    hdd  1.97049   1.00000  2.0 TiB  205 GiB  50 GiB   1.6 GiB   12 GiB  1.8 TiB  10.15  1.00  187      up
 82    hdd  1.97049   1.00000  2.0 TiB  205 GiB  50 GiB   785 MiB   11 GiB  1.8 TiB  10.17  1.00  188      up
 92    hdd  1.97049   1.00000  2.0 TiB  207 GiB  52 GiB   567 MiB   12 GiB  1.8 TiB  10.25  1.01  186      up
102    hdd  1.97049   1.00000  2.0 TiB  207 GiB  51 GiB   1.1 GiB   12 GiB  1.8 TiB  10.25  1.01  198      up
112    hdd  1.97049   1.00000  2.0 TiB  207 GiB  51 GiB   483 MiB   12 GiB  1.8 TiB  10.25  1.01  186      up
122    hdd  1.97049   1.00000  2.0 TiB  207 GiB  52 GiB  1010 MiB   12 GiB  1.8 TiB  10.25  1.01  185      up
132    hdd  1.97049   1.00000  2.0 TiB  207 GiB  51 GiB   412 MiB   12 GiB  1.8 TiB  10.25  1.01  195      up
142    hdd  1.97049   1.00000  2.0 TiB  205 GiB  49 GiB   911 MiB   11 GiB  1.8 TiB  10.15  1.00  185      up
152    hdd  1.97049   1.00000  2.0 TiB  207 GiB  51 GiB   852 MiB   12 GiB  1.8 TiB  10.24  1.01  192      up
162    hdd  1.97049   1.00000  2.0 TiB  207 GiB  51 GiB   1.2 GiB   12 GiB  1.8 TiB  10.25  1.01  191      up
172    hdd  1.97049   1.00000  2.0 TiB  205 GiB  49 GiB   482 MiB   12 GiB  1.8 TiB  10.14  1.00  181      up
182    hdd  1.97049   1.00000  2.0 TiB  205 GiB  50 GiB   1.3 GiB   11 GiB  1.8 TiB  10.17  1.00  189      up
192    hdd  1.97049   1.00000  2.0 TiB  205 GiB  50 GiB   728 MiB   11 GiB  1.8 TiB  10.16  1.00  185      up
202    hdd  1.97049   1.00000  2.0 TiB  205 GiB  49 GiB   1.6 GiB   11 GiB  1.8 TiB  10.15  1.00  188      up
212    hdd  1.97049   1.00000  2.0 TiB  206 GiB  51 GiB   1.4 GiB   12 GiB  1.8 TiB  10.20  1.00  193      up
222    hdd  1.97049   1.00000  2.0 TiB  206 GiB  51 GiB   906 MiB   12 GiB  1.8 TiB  10.23  1.00  185      up
232    hdd  1.97049   1.00000  2.0 TiB  205 GiB  49 GiB   1.0 GiB   12 GiB  1.8 TiB  10.14  1.00  183      up
242    hdd  1.97049   1.00000  2.0 TiB  207 GiB  52 GiB   1.3 GiB   12 GiB  1.8 TiB  10.25  1.01  188      up
252    hdd  1.97049   1.00000  2.0 TiB  206 GiB  50 GiB   2.3 GiB   12 GiB  1.8 TiB  10.19  1.00  193      up
262    hdd  1.97049   1.00000  2.0 TiB  205 GiB  49 GiB   1.3 GiB   12 GiB  1.8 TiB  10.14  1.00  183      up
264    hdd  1.97049   1.00000  2.0 TiB  205 GiB  50 GiB   1.4 GiB   12 GiB  1.8 TiB  10.18  1.00  183      up
265    hdd  1.97049   1.00000  2.0 TiB  204 GiB  49 GiB   410 MiB   11 GiB  1.8 TiB  10.13  0.99  181      up
266    hdd  1.97049   1.00000  2.0 TiB  207 GiB  52 GiB   1.5 GiB   12 GiB  1.8 TiB  10.25  1.01  191      up
267    hdd  1.97049   1.00000  2.0 TiB  207 GiB  52 GiB   980 MiB   12 GiB  1.8 TiB  10.25  1.01  191      up
268    hdd  1.97049   1.00000  2.0 TiB  204 GiB  49 GiB   2.2 GiB   12 GiB  1.8 TiB  10.13  0.99  188      up
269    hdd  1.97049   1.00000  2.0 TiB  204 GiB  49 GiB   774 MiB   11 GiB  1.8 TiB  10.13  0.99  179      up
270    hdd  1.97049   1.00000  2.0 TiB  205 GiB  50 GiB   993 MiB   11 GiB  1.8 TiB  10.16  1.00  185      up
271    hdd  1.97049   1.00000  2.0 TiB  207 GiB  51 GiB   1.1 GiB   12 GiB  1.8 TiB  10.25  1.01  195      up
272    hdd  1.97049   1.00000  2.0 TiB  204 GiB  49 GiB   984 MiB   11 GiB  1.8 TiB  10.12  0.99  184      up
273    hdd  1.97049   1.00000  2.0 TiB  204 GiB  49 GiB   845 MiB   11 GiB  1.8 TiB  10.13  0.99  182      up
274    hdd  1.97049   1.00000  2.0 TiB  207 GiB  51 GiB   550 MiB   12 GiB  1.8 TiB  10.25  1.01  183      up
275    hdd  1.97049   1.00000  2.0 TiB  205 GiB  49 GiB   733 MiB   11 GiB  1.8 TiB  10.14  1.00  180      up
276    hdd  1.97049   1.00000  2.0 TiB  207 GiB  52 GiB   1.6 GiB   12 GiB  1.8 TiB  10.25  1.01  189      up
277    hdd  1.97049   1.00000  2.0 TiB  205 GiB  50 GiB   1.1 GiB   11 GiB  1.8 TiB  10.16  1.00  188      up
278    hdd  1.97049   1.00000  2.0 TiB  207 GiB  51 GiB   1.8 GiB   12 GiB  1.8 TiB  10.25  1.01  192      up
279    hdd  1.97049   1.00000  2.0 TiB  207 GiB  51 GiB   862 MiB   12 GiB  1.8 TiB  10.24  1.01  190      up
280    hdd  1.97049   1.00000  2.0 TiB  204 GiB  49 GiB   470 MiB   11 GiB  1.8 TiB  10.12  0.99  175      up
281    hdd  1.97049   1.00000  2.0 TiB  204 GiB  49 GiB   183 MiB   11 GiB  1.8 TiB  10.12  0.99  173      up
282    hdd  1.97049   1.00000  2.0 TiB  204 GiB  49 GiB   841 MiB   11 GiB  1.8 TiB  10.12  0.99  181      up
283    hdd  1.97049   1.00000  2.0 TiB  204 GiB  49 GiB   519 MiB   11 GiB  1.8 TiB  10.12  0.99  179      up
284    hdd  1.97049   1.00000  2.0 TiB  204 GiB  49 GiB   1.1 GiB   11 GiB  1.8 TiB  10.11  0.99  181      up
285    hdd  1.97049   1.00000  2.0 TiB  204 GiB  49 GiB   1.7 GiB   12 GiB  1.8 TiB  10.12  0.99  184      up
286    hdd  1.97049   1.00000  2.0 TiB  207 GiB  51 GiB   358 MiB   12 GiB  1.8 TiB  10.25  1.01  187      up
287    hdd  1.97049   1.00000  2.0 TiB  207 GiB  52 GiB   1.7 GiB   12 GiB  1.8 TiB  10.25  1.01  195      up
 24    hdd  1.97049   1.00000  2.0 TiB  205 GiB  49 GiB   770 MiB   11 GiB  1.8 TiB  10.15  1.00  177      up
 35    hdd  1.97049   1.00000  2.0 TiB  207 GiB  51 GiB   981 MiB   12 GiB  1.8 TiB  10.25  1.01  188      up
 45    hdd  1.97049   1.00000  2.0 TiB  205 GiB  49 GiB   2.3 GiB   11 GiB  1.8 TiB  10.15  1.00  186      up
 55    hdd  1.97049   1.00000  2.0 TiB  207 GiB  52 GiB   1.3 GiB   12 GiB  1.8 TiB  10.25  1.01  189      up
 65    hdd  1.97049   1.00000  2.0 TiB  207 GiB  51 GiB   909 MiB   12 GiB  1.8 TiB  10.24  1.01  192      up
 75    hdd  1.97049   1.00000  2.0 TiB  205 GiB  49 GiB  1012 MiB   12 GiB  1.8 TiB  10.14  1.00  179      up
 85    hdd  1.97049   1.00000  2.0 TiB  205 GiB  49 GiB   793 MiB   11 GiB  1.8 TiB  10.15  1.00  182      up
 95    hdd  1.97049   1.00000  2.0 TiB  206 GiB  51 GiB   1.8 GiB   12 GiB  1.8 TiB  10.20  1.00  193      up
105    hdd  1.97049   1.00000  2.0 TiB  207 GiB  52 GiB   557 MiB   12 GiB  1.8 TiB  10.25  1.01  188      up
115    hdd  1.97049   1.00000  2.0 TiB  205 GiB  49 GiB   1.2 GiB   12 GiB  1.8 TiB  10.15  1.00  185      up
128    hdd  1.97049   1.00000  2.0 TiB  205 GiB  50 GiB   1.8 GiB   12 GiB  1.8 TiB  10.16  1.00  194      up
137    hdd  1.97049   1.00000  2.0 TiB  207 GiB  51 GiB   604 MiB   12 GiB  1.8 TiB  10.25  1.01  199      up
148    hdd  1.97049   1.00000  2.0 TiB  207 GiB  52 GiB   1.0 GiB   12 GiB  1.8 TiB  10.25  1.01  197      up
157    hdd  1.97049   1.00000  2.0 TiB  205 GiB  49 GiB   758 MiB   11 GiB  1.8 TiB  10.14  1.00  187      up
167    hdd  1.97049   1.00000  2.0 TiB  204 GiB  49 GiB   1.6 GiB   12 GiB  1.8 TiB  10.13  0.99  185      up
177    hdd  1.97049   1.00000  2.0 TiB  207 GiB  52 GiB   1.6 GiB   12 GiB  1.8 TiB  10.25  1.01  191      up
186    hdd  1.97049   1.00000  2.0 TiB  204 GiB  49 GiB   2.1 GiB   11 GiB  1.8 TiB  10.13  1.00  187      up
197    hdd  1.97049   1.00000  2.0 TiB  204 GiB  49 GiB   1.4 GiB   11 GiB  1.8 TiB  10.13  0.99  180      up
206    hdd  1.97049   1.00000  2.0 TiB  207 GiB  51 GiB   439 MiB   12 GiB  1.8 TiB  10.25  1.01  186      up
216    hdd  1.97049   1.00000  2.0 TiB  207 GiB  51 GiB   694 MiB   12 GiB  1.8 TiB  10.25  1.01  189      up
226    hdd  1.97049   1.00000  2.0 TiB  205 GiB  49 GiB   373 MiB   11 GiB  1.8 TiB  10.14  1.00  181      up
236    hdd  1.97049   1.00000  2.0 TiB  206 GiB  51 GiB   1.1 GiB   12 GiB  1.8 TiB  10.20  1.00  189      up
246    hdd  1.97049   1.00000  2.0 TiB  206 GiB  50 GiB   1.1 GiB   12 GiB  1.8 TiB  10.19  1.00  190      up
256    hdd  1.97049   1.00000  2.0 TiB  204 GiB  49 GiB   844 MiB   11 GiB  1.8 TiB  10.13  0.99  183      up
 25    hdd  1.97049   1.00000  2.0 TiB  207 GiB  51 GiB   604 MiB   12 GiB  1.8 TiB  10.24  1.01  185      up
 36    hdd  1.97049   1.00000  2.0 TiB  205 GiB  50 GiB   1.3 GiB   11 GiB  1.8 TiB  10.16  1.00  186      up
 46    hdd  1.97049   1.00000  2.0 TiB  207 GiB  51 GiB   1.1 GiB   12 GiB  1.8 TiB  10.25  1.01  192      up
 56    hdd  1.97049   1.00000  2.0 TiB  204 GiB  49 GiB   636 MiB   12 GiB  1.8 TiB  10.13  0.99  186      up
 67    hdd  1.97049   1.00000  2.0 TiB  204 GiB  49 GiB   340 MiB   11 GiB  1.8 TiB  10.13  1.00  180      up
 78    hdd  1.97049   1.00000  2.0 TiB  207 GiB  52 GiB   1.1 GiB   12 GiB  1.8 TiB  10.25  1.01  186      up
 89    hdd  1.97049   1.00000  2.0 TiB  207 GiB  51 GiB   549 MiB   12 GiB  1.8 TiB  10.25  1.01  188      up
 99    hdd  1.97049   1.00000  2.0 TiB  204 GiB  49 GiB   1.8 GiB   11 GiB  1.8 TiB  10.13  0.99  185      up
110    hdd  1.97049   1.00000  2.0 TiB  206 GiB  51 GiB   2.0 GiB   11 GiB  1.8 TiB  10.22  1.00  190      up
120    hdd  1.97049   1.00000  2.0 TiB  204 GiB  49 GiB  1001 MiB   12 GiB  1.8 TiB  10.13  0.99  174      up
127    hdd  1.97049   1.00000  2.0 TiB  204 GiB  49 GiB   1.5 GiB   11 GiB  1.8 TiB  10.13  0.99  182      up
138    hdd  1.97049   1.00000  2.0 TiB  207 GiB  51 GiB   982 MiB   12 GiB  1.8 TiB  10.25  1.01  193      up
147    hdd  1.97049   1.00000  2.0 TiB  204 GiB  49 GiB   596 MiB   11 GiB  1.8 TiB  10.13  0.99  183      up
158    hdd  1.97049   1.00000  2.0 TiB  206 GiB  51 GiB   632 MiB   12 GiB  1.8 TiB  10.23  1.00  193      up
168    hdd  1.97049   1.00000  2.0 TiB  204 GiB  49 GiB   1.3 GiB   12 GiB  1.8 TiB  10.13  1.00  186      up
178    hdd  1.97049   1.00000  2.0 TiB  204 GiB  49 GiB   2.0 GiB   12 GiB  1.8 TiB  10.13  0.99  186      up
190    hdd  1.97049   1.00000  2.0 TiB  204 GiB  49 GiB   1.3 GiB   11 GiB  1.8 TiB  10.13  0.99  184      up
200    hdd  1.97049   1.00000  2.0 TiB  204 GiB  49 GiB   1.3 GiB   11 GiB  1.8 TiB  10.12  0.99  183      up
210    hdd  1.97049   1.00000  2.0 TiB  204 GiB  49 GiB   2.0 GiB   11 GiB  1.8 TiB  10.12  0.99  185      up
220    hdd  1.97049   1.00000  2.0 TiB  207 GiB  52 GiB   1.0 GiB   12 GiB  1.8 TiB  10.25  1.01  196      up
228    hdd  1.97049   1.00000  2.0 TiB  204 GiB  49 GiB   1.8 GiB   11 GiB  1.8 TiB  10.11  0.99  189      up
239    hdd  1.97049   1.00000  2.0 TiB  207 GiB  51 GiB   1.3 GiB   12 GiB  1.8 TiB  10.24  1.01  192      up
251    hdd  1.97049   1.00000  2.0 TiB  205 GiB  50 GiB   830 MiB   11 GiB  1.8 TiB  10.16  1.00  183      up
260    hdd  1.97049   1.00000  2.0 TiB  207 GiB  51 GiB   1.2 GiB   12 GiB  1.8 TiB  10.24  1.01  195      up
 30    hdd  1.97049   1.00000  2.0 TiB  204 GiB  49 GiB   533 MiB   11 GiB  1.8 TiB  10.13  0.99  178      up
 39    hdd  1.97049   1.00000  2.0 TiB  204 GiB  49 GiB   1.7 GiB   11 GiB  1.8 TiB  10.13  1.00  189      up
 48    hdd  1.97049   1.00000  2.0 TiB  204 GiB  49 GiB   1.9 GiB   12 GiB  1.8 TiB  10.13  0.99  188      up
 60    hdd  1.97049   1.00000  2.0 TiB  206 GiB  51 GiB   1.1 GiB   12 GiB  1.8 TiB  10.22  1.00  188      up
 70    hdd  1.97049   1.00000  2.0 TiB  206 GiB  51 GiB   1.8 GiB   12 GiB  1.8 TiB  10.23  1.00  195      up
 80    hdd  1.97049   1.00000  2.0 TiB  204 GiB  49 GiB   1.1 GiB   11 GiB  1.8 TiB  10.13  0.99  184      up
 90    hdd  1.97049   1.00000  2.0 TiB  204 GiB  49 GiB   1.4 GiB   12 GiB  1.8 TiB  10.13  0.99  189      up
100    hdd  1.97049   1.00000  2.0 TiB  207 GiB  51 GiB   2.3 GiB   12 GiB  1.8 TiB  10.25  1.01  194      up
109    hdd  1.97049   1.00000  2.0 TiB  205 GiB  50 GiB   680 MiB   12 GiB  1.8 TiB  10.17  1.00  180      up
119    hdd  1.97049   1.00000  2.0 TiB  207 GiB  52 GiB   1.3 GiB   12 GiB  1.8 TiB  10.25  1.01  187      up
126    hdd  1.97049   1.00000  2.0 TiB  205 GiB  50 GiB   1.4 GiB   11 GiB  1.8 TiB  10.16  1.00  185      up
136    hdd  1.97049   1.00000  2.0 TiB  204 GiB  49 GiB   301 MiB   11 GiB  1.8 TiB  10.13  0.99  179      up
146    hdd  1.97049   1.00000  2.0 TiB  204 GiB  49 GiB   1.2 GiB   11 GiB  1.8 TiB  10.13  0.99  183      up
156    hdd  1.97049   1.00000  2.0 TiB  206 GiB  50 GiB   408 MiB   11 GiB  1.8 TiB  10.19  1.00  184      up
166    hdd  1.97049   1.00000  2.0 TiB  206 GiB  51 GiB   546 MiB   11 GiB  1.8 TiB  10.22  1.00  185      up
176    hdd  1.97049   1.00000  2.0 TiB  207 GiB  52 GiB   1.6 GiB   12 GiB  1.8 TiB  10.25  1.01  193      up
185    hdd  1.97049   1.00000  2.0 TiB  207 GiB  51 GiB   431 MiB   12 GiB  1.8 TiB  10.25  1.01  186      up
195    hdd  1.97049   1.00000  2.0 TiB  205 GiB  50 GiB   1.4 GiB   12 GiB  1.8 TiB  10.17  1.00  183      up
209    hdd  1.97049   1.00000  2.0 TiB  206 GiB  50 GiB   1.8 GiB   12 GiB  1.8 TiB  10.19  1.00  195      up
219    hdd  1.97049   1.00000  2.0 TiB  204 GiB  49 GiB   928 MiB   11 GiB  1.8 TiB  10.11  0.99  184      up
229    hdd  1.97049   1.00000  2.0 TiB  204 GiB  49 GiB   672 MiB   11 GiB  1.8 TiB  10.12  0.99  181      up
238    hdd  1.97049   1.00000  2.0 TiB  206 GiB  50 GiB   779 MiB   12 GiB  1.8 TiB  10.19  1.00  190      up
248    hdd  1.97049   1.00000  2.0 TiB  207 GiB  51 GiB   250 MiB   12 GiB  1.8 TiB  10.25  1.01  187      up
258    hdd  1.97049   1.00000  2.0 TiB  205 GiB  49 GiB   1.3 GiB   11 GiB  1.8 TiB  10.14  1.00  187      up
 28    hdd  1.97049   1.00000  2.0 TiB  207 GiB  51 GiB   2.0 GiB   12 GiB  1.8 TiB  10.25  1.01  203      up
 37    hdd  1.97049   1.00000  2.0 TiB  204 GiB  49 GiB   1.3 GiB   11 GiB  1.8 TiB  10.13  0.99  182      up
 47    hdd  1.97049   1.00000  2.0 TiB  204 GiB  49 GiB   1.5 GiB   11 GiB  1.8 TiB  10.13  0.99  188      up
 57    hdd  1.97049   1.00000  2.0 TiB  206 GiB  51 GiB   1.6 GiB   12 GiB  1.8 TiB  10.21  1.00  189      up
 66    hdd  1.97049   1.00000  2.0 TiB  207 GiB  51 GiB   1.1 GiB   12 GiB  1.8 TiB  10.24  1.01  190      up
 76    hdd  1.97049   1.00000  2.0 TiB  204 GiB  49 GiB   1.1 GiB   11 GiB  1.8 TiB  10.13  0.99  178      up
 86    hdd  1.97049   1.00000  2.0 TiB  204 GiB  49 GiB   1.5 GiB   11 GiB  1.8 TiB  10.13  0.99  188      up
 97    hdd  1.97049   1.00000  2.0 TiB  204 GiB  49 GiB   2.4 GiB   11 GiB  1.8 TiB  10.13  1.00  189      up
107    hdd  1.97049   1.00000  2.0 TiB  204 GiB  49 GiB   787 MiB   11 GiB  1.8 TiB  10.13  0.99  180      up
117    hdd  1.97049   1.00000  2.0 TiB  204 GiB  49 GiB   839 MiB   11 GiB  1.8 TiB  10.13  1.00  179      up
125    hdd  1.97049   1.00000  2.0 TiB  204 GiB  49 GiB   1.3 GiB   11 GiB  1.8 TiB  10.13  0.99  180      up
135    hdd  1.97049   1.00000  2.0 TiB  204 GiB  49 GiB   1.2 GiB   11 GiB  1.8 TiB  10.13  0.99  183      up
145    hdd  1.97049   1.00000  2.0 TiB  205 GiB  49 GiB   1.1 GiB   11 GiB  1.8 TiB  10.14  1.00  180      up
155    hdd  1.97049   1.00000  2.0 TiB  204 GiB  49 GiB   1.0 GiB   11 GiB  1.8 TiB  10.11  0.99  183      up
165    hdd  1.97049   1.00000  2.0 TiB  204 GiB  49 GiB   848 MiB   11 GiB  1.8 TiB  10.12  0.99  184      up
175    hdd  1.97049   1.00000  2.0 TiB  205 GiB  50 GiB   1.0 GiB   12 GiB  1.8 TiB  10.16  1.00  187      up
187    hdd  1.97049   1.00000  2.0 TiB  207 GiB  51 GiB   523 MiB   12 GiB  1.8 TiB  10.25  1.01  185      up
196    hdd  1.97049   1.00000  2.0 TiB  207 GiB  51 GiB   958 MiB   12 GiB  1.8 TiB  10.24  1.01  190      up
205    hdd  1.97049   1.00000  2.0 TiB  207 GiB  52 GiB   1.4 GiB   12 GiB  1.8 TiB  10.25  1.01  196      up
215    hdd  1.97049   1.00000  2.0 TiB  206 GiB  50 GiB   316 MiB   12 GiB  1.8 TiB  10.19  1.00  183      up
225    hdd  1.97049   1.00000  2.0 TiB  204 GiB  49 GiB   421 MiB   11 GiB  1.8 TiB  10.12  0.99  175      up
235    hdd  1.97049   1.00000  2.0 TiB  207 GiB  51 GiB   1.5 GiB   12 GiB  1.8 TiB  10.24  1.01  192      up
245    hdd  1.97049   1.00000  2.0 TiB  206 GiB  50 GiB   495 MiB   12 GiB  1.8 TiB  10.19  1.00  186      up
255    hdd  1.97049   1.00000  2.0 TiB  204 GiB  49 GiB   1.2 GiB   11 GiB  1.8 TiB  10.13  0.99  187      up
 26    hdd  1.97049   1.00000  2.0 TiB  207 GiB  52 GiB   1.1 GiB   12 GiB  1.8 TiB  10.25  1.01  192      up
 34    hdd  1.97049   1.00000  2.0 TiB  205 GiB  49 GiB   757 MiB   11 GiB  1.8 TiB  10.15  1.00  184      up
 44    hdd  1.97049   1.00000  2.0 TiB  207 GiB  51 GiB   1.7 GiB   12 GiB  1.8 TiB  10.24  1.01  195      up
 54    hdd  1.97049   1.00000  2.0 TiB  207 GiB  52 GiB   887 MiB   12 GiB  1.8 TiB  10.25  1.01  188      up
 64    hdd  1.97049   1.00000  2.0 TiB  207 GiB  52 GiB   692 MiB   12 GiB  1.8 TiB  10.25  1.01  188      up
 74    hdd  1.97049   1.00000  2.0 TiB  207 GiB  51 GiB   1.5 GiB   12 GiB  1.8 TiB  10.24  1.01  189      up
 84    hdd  1.97049   1.00000  2.0 TiB  205 GiB  50 GiB   529 MiB   11 GiB  1.8 TiB  10.17  1.00  182      up
 94    hdd  1.97049   1.00000  2.0 TiB  205 GiB  49 GiB   586 MiB   11 GiB  1.8 TiB  10.15  1.00  179      up
104    hdd  1.97049   1.00000  2.0 TiB  204 GiB  49 GiB   969 MiB   11 GiB  1.8 TiB  10.13  0.99  184      up
114    hdd  1.97049   1.00000  2.0 TiB  204 GiB  49 GiB   452 MiB   11 GiB  1.8 TiB  10.13  0.99  181      up
124    hdd  1.97049   1.00000  2.0 TiB  204 GiB  49 GiB   1.2 GiB   11 GiB  1.8 TiB  10.13  0.99  179      up
134    hdd  1.97049   1.00000  2.0 TiB  207 GiB  52 GiB   1.3 GiB   12 GiB  1.8 TiB  10.25  1.01  189      up
144    hdd  1.97049   1.00000  2.0 TiB  207 GiB  52 GiB   541 MiB   12 GiB  1.8 TiB  10.25  1.01  190      up
154    hdd  1.97049   1.00000  2.0 TiB  206 GiB  51 GiB   521 MiB   12 GiB  1.8 TiB  10.20  1.00  181      up
164    hdd  1.97049   1.00000  2.0 TiB  207 GiB  52 GiB   1.2 GiB   12 GiB  1.8 TiB  10.25  1.01  195      up
174    hdd  1.97049   1.00000  2.0 TiB  207 GiB  52 GiB   1.9 GiB   12 GiB  1.8 TiB  10.25  1.01  192      up
184    hdd  1.97049   1.00000  2.0 TiB  204 GiB  49 GiB   1.8 GiB   11 GiB  1.8 TiB  10.13  0.99  187      up
194    hdd  1.97049   1.00000  2.0 TiB  204 GiB  49 GiB   1.5 GiB   11 GiB  1.8 TiB  10.13  0.99  193      up
204    hdd  1.97049   1.00000  2.0 TiB  204 GiB  49 GiB   217 MiB   11 GiB  1.8 TiB  10.13  0.99  181      up
214    hdd  1.97049   1.00000  2.0 TiB  206 GiB  50 GiB   1.5 GiB   12 GiB  1.8 TiB  10.19  1.00  193      up
224    hdd  1.97049   1.00000  2.0 TiB  207 GiB  51 GiB   943 MiB   12 GiB  1.8 TiB  10.24  1.01  186      up
234    hdd  1.97049   1.00000  2.0 TiB  205 GiB  50 GiB   559 MiB   11 GiB  1.8 TiB  10.16  1.00  184      up
244    hdd  1.97049   1.00000  2.0 TiB  207 GiB  51 GiB   1.7 GiB   12 GiB  1.8 TiB  10.25  1.01  192      up
254    hdd  1.97049   1.00000  2.0 TiB  204 GiB  49 GiB   1.1 GiB   11 GiB  1.8 TiB  10.13  0.99  186      up
                        TOTAL  567 TiB   58 TiB  14 TiB   314 GiB  3.3 TiB  510 TiB  10.18                   
MIN/MAX VAR: 0.99/1.01  STDDEV: 0.05
2022/02/10-11:55:04: %RAW USED 10.18; Pending GCs 

PG Autoscale:
POOL                         SIZE  TARGET SIZE  RATE  RAW CAPACITY   RATIO  TARGET RATIO  EFFECTIVE RATIO  BIAS  PG_NUM  NEW PG_NUM  AUTOSCALE  
device_health_metrics          0                 3.0        567.4T  0.0000                                  1.0       1              on         
default.rgw.control            0                 3.0        567.4T  0.0000                                  1.0     256              on         
default.rgw.buckets.data    9612G                1.5        567.4T  0.0248                                  1.0    8192              on         
default.rgw.buckets.index  104.8G                3.0        567.4T  0.0005                                  1.0     512              on         
default.rgw.log             3954k                3.0        567.4T  0.0000                                  1.0     256              on         
default.rgw.meta            2967k                3.0        567.4T  0.0000                                  1.0     256              on         
.rgw.root                   1323                 3.0        567.4T  0.0000                                  1.0     256              on         

RGW netstat & qlen/qactive ...
f10-h01-000-6049p.rdu2.scalelab.redhat.com
Proto Recv-Q Send-Q Local Address           Foreign Address         State       PID/Program name    
tcp        0      0 172.17.36.220:8080      0.0.0.0:*               LISTEN      522247/radosgw      
        "qlen": 128,
        "qactive": 128,
f10-h05-000-6049p.rdu2.scalelab.redhat.com
Proto Recv-Q Send-Q Local Address           Foreign Address         State       PID/Program name    
tcp        0      0 172.17.36.178:8080      0.0.0.0:*               LISTEN      1212254/radosgw     
        "qlen": 58,
        "qactive": 58,
f10-h09-000-6049p.rdu2.scalelab.redhat.com
Proto Recv-Q Send-Q Local Address           Foreign Address         State       PID/Program name    
tcp        0      0 172.17.39.213:8080      0.0.0.0:*               LISTEN      1217193/radosgw     
        "qlen": 139,
        "qactive": 139,
f10-h13-000-6049p.rdu2.scalelab.redhat.com
Proto Recv-Q Send-Q Local Address           Foreign Address         State       PID/Program name    
tcp        0      0 172.17.39.109:8080      0.0.0.0:*               LISTEN      1218568/radosgw     
        "qlen": 188,
        "qactive": 188,

--------------------------------------------------------

2022/02/10-12:00:11: RESHARD Queue Length 1
2022/02/10-12:00:11: RESHARD List []

LA: 2022/02/10-12:00:12:   18.90, 11.80, 6.56

RGW stats:          proc   %cpu %mem  vsz    rss     memused       memlimit
f10-h01-000-6049p.rdu2.scalelab.redhat.com   radosgw 378 0.1 10045876 409308   364049129472   9223372036854771712
f10-h05-000-6049p.rdu2.scalelab.redhat.com   radosgw 361 0.0 9949372 280788   370502037504   9223372036854771712
f10-h09-000-6049p.rdu2.scalelab.redhat.com   radosgw 360 0.0 10108884 288100   382888656896   9223372036854771712
f10-h13-000-6049p.rdu2.scalelab.redhat.com   radosgw 370 0.1 9944080 436028   373989765120   9223372036854771712

OSD: 
2022/02/10-12:00:15: f10-h01-000-6049p.rdu2.scalelab.redhat.com ceph-osd        45.7  1.0 5972844 4171120
ceph-osd        64.6  0.9 6144972 3772100
ceph-osd        53.9  0.9 6068252 3819808
ceph-osd        51.6  1.0 5936328 4095716
ceph-osd        55.6  0.9 5913496 3808244
ceph-osd        53.2  0.9 5968932 3939924
ceph-osd        52.9  0.9 6176472 3883436
ceph-osd        56.2  1.0 5835456 4057228
ceph-osd        57.8  1.0 6006604 4202272
ceph-osd        53.7  1.0 6027840 4099532
ceph-osd        46.3  1.0 5943384 4125996
ceph-osd        50.1  0.9 5930652 3820952
ceph-osd        58.7  1.0 6070228 4056336
ceph-osd        44.7  1.0 5855012 4155332
ceph-osd        62.5  0.8 6147712 3449120
ceph-osd        52.8  1.0 6022764 4151784
ceph-osd        64.0  0.9 6140536 3894176
ceph-osd        48.9  0.8 5987932 3237748
ceph-osd        57.2  0.9 6188952 3905372
ceph-osd        63.3  1.0 6104232 4040152
ceph-osd        55.9  1.0 6016600 4182004
ceph-osd        49.8  0.9 6320392 3787720
ceph-osd        49.8  1.0 5870140 4033708
ceph-osd        58.4  0.9 6120188 3843708
2022/02/10-12:00:15: f10-h05-000-6049p.rdu2.scalelab.redhat.com ceph-osd        53.9  0.9 6019096 3646392
ceph-osd        50.9  0.9 5861972 3856040
ceph-osd        64.2  0.9 5937704 3881612
ceph-osd        57.6  1.0 6118344 4053780
ceph-osd        43.9  1.0 5908692 4064084
ceph-osd        46.3  1.0 6013900 4119096
ceph-osd        52.1  0.9 6121760 3822592
ceph-osd        54.6  1.0 5941484 4165792
ceph-osd        52.5  1.0 6155760 3985720
ceph-osd        67.0  0.8 6378112 3391668
ceph-osd        47.0  1.0 5759528 4043460
ceph-osd        54.3  1.0 6064308 4080624
ceph-osd        54.0  0.9 6242916 3902904
ceph-osd        53.0  1.0 5913944 4135024
ceph-osd        51.9  0.9 5927136 3763548
ceph-osd        53.1  1.0 5722848 4028216
ceph-osd        55.6  1.0 6094972 4064060
ceph-osd        53.7  0.9 6009140 3896292
ceph-osd        44.7  0.9 5889620 3772384
ceph-osd        48.8  0.9 5933092 3866348
ceph-osd        47.3  0.9 5975320 3940580
ceph-osd        54.5  0.8 6129260 3439408
ceph-osd        58.9  1.0 5958756 4017048
ceph-osd        60.7  0.8 6276428 3507448
2022/02/10-12:00:15: f10-h09-000-6049p.rdu2.scalelab.redhat.com ceph-osd        56.4  1.0 5972436 4046820
ceph-osd        56.3  1.0 6062928 4252564
ceph-osd        58.1  1.0 6117168 4116200
ceph-osd        60.4  1.0 6003852 4056580
ceph-osd        62.8  1.0 5921056 3952800
ceph-osd        44.8  1.0 5905344 4143196
ceph-osd        56.0  1.0 6040476 4095720
ceph-osd        48.7  1.0 5926836 4051380
ceph-osd        43.5  0.9 5938536 3906200
ceph-osd        59.1  1.0 5849124 4080372
ceph-osd        52.5  0.9 6101072 3911480
ceph-osd        58.0  1.0 6085764 4071376
ceph-osd        53.1  1.0 5843612 4103744
ceph-osd        47.4  0.9 6064436 3748520
ceph-osd        63.5  0.9 6119432 3812060
ceph-osd        49.1  1.0 6020336 4143592
ceph-osd        52.4  1.0 5891868 4091160
ceph-osd        43.3  0.9 5919788 3794048
ceph-osd        65.7  1.0 6093632 3950076
ceph-osd        49.7  1.0 5853772 4085728
ceph-osd        49.0  1.0 6186032 4044104
ceph-osd        56.4  1.0 6131876 4089268
ceph-osd        51.7  1.0 6103328 4056292
ceph-osd        62.3  1.0 6116852 4222944
2022/02/10-12:00:15: f10-h13-000-6049p.rdu2.scalelab.redhat.com ceph-osd        44.1  1.0 5760036 4104072
ceph-osd        48.0  1.0 6020080 4124728
ceph-osd        39.5  1.0 5851972 4054708
ceph-osd        52.0  1.0 6073744 4036212
ceph-osd        55.3  1.0 5888152 4064400
ceph-osd        48.2  1.0 5923808 3990960
ceph-osd        51.1  1.0 5954760 4226536
ceph-osd        54.9  0.9 6135076 3938584
ceph-osd        64.8  1.0 6064264 4137684
ceph-osd        58.3  1.0 6082968 3995640
ceph-osd        58.9  0.9 6091120 3552084
ceph-osd        58.0  1.0 6346236 4082824
ceph-osd        53.7  1.0 5940460 4113208
ceph-osd        63.1  0.9 6065060 3584876
ceph-osd        62.4  1.0 6176816 4015208
ceph-osd        62.7  1.0 6000472 3949864
ceph-osd        49.9  0.8 6020972 3406088
ceph-osd        57.8  1.0 5836968 4134468
ceph-osd        43.1  0.9 5904932 3865608
ceph-osd        56.6  0.9 6079916 3813228
ceph-osd        62.3  1.0 6328972 4063504
ceph-osd        48.0  1.0 6020244 4101164
ceph-osd        57.9  0.9 5896720 3677636
ceph-osd        51.8  0.9 5908816 3886156

Site1 buckets (rgw):
2022/02/10-12:00:18:         "bucket": "mycontainers1",
        "num_shards": 1409,
                "num_objects": 74813015
        "bucket": "mycontainers3",
        "num_shards": 839,
                "num_objects": 74993261
        "bucket": "mycontainers4",
        "num_shards": 797,
                "num_objects": 74995025
        "bucket": "mycontainers2",
        "num_shards": 1361,
                "num_objects": 74812338
        "bucket": "mycontainers5",
        "num_shards": 1499,
                "num_objects": 74994674

Cluster status
  cluster:
    id:     259f4a8e-8a30-11ec-b380-ac1f6b2d5d2a
    health: HEALTH_OK
 
  services:
    mon: 3 daemons, quorum f13-h26-b04-5039ms.rdu2.scalelab.redhat.com,f13-h26-b07-5039ms,f13-h26-b08-5039ms (age 6h)
    mgr: f13-h26-b04-5039ms.rdu2.scalelab.redhat.com.gggmog(active, since 5h), standbys: f13-h26-b08-5039ms.lgcsid, f13-h26-b07-5039ms.mryrto
    osd: 288 osds: 288 up (since 6h), 288 in (since 6h)
    rgw: 12 daemons active (12 hosts, 1 zones)
 
  data:
    pools:   7 pools, 9729 pgs
    objects: 374.64M objects, 5.1 TiB
    usage:   58 TiB used, 510 TiB / 567 TiB avail
    pgs:     9729 active+clean
 
  io:
    client:   255 MiB/s rd, 146 MiB/s wr, 143.80k op/s rd, 119.18k op/s wr
 
2022/02/10-12:00:19: ceph df detail --- RAW STORAGE ---
CLASS     SIZE    AVAIL    USED  RAW USED  %RAW USED
hdd    567 TiB  510 TiB  58 TiB    58 TiB      10.18
TOTAL  567 TiB  510 TiB  58 TiB    58 TiB      10.18
 
--- POOLS ---
POOL                       ID   PGS   STORED   (DATA)   (OMAP)  OBJECTS     USED   (DATA)   (OMAP)  %USED  MAX AVAIL  QUOTA OBJECTS  QUOTA BYTES    DIRTY  USED COMPR  UNDER COMPR
device_health_metrics       1     1      0 B      0 B      0 B        0      0 B      0 B      0 B      0    160 TiB            N/A          N/A        0         0 B          0 B
default.rgw.control        12   256      0 B      0 B      0 B        8      0 B      0 B      0 B      0    160 TiB            N/A          N/A        8         0 B          0 B
default.rgw.buckets.data   13  8192  9.4 TiB  9.4 TiB      0 B  374.63M   14 TiB   14 TiB      0 B   2.84    321 TiB            N/A          N/A  374.63M         0 B          0 B
default.rgw.buckets.index  14   512  113 GiB      0 B  113 GiB    6.36k  340 GiB      0 B  340 GiB   0.07    160 TiB            N/A          N/A    6.36k         0 B          0 B
default.rgw.log            15   256  4.9 MiB   58 KiB  4.9 MiB      371   17 MiB  2.7 MiB   15 MiB      0    160 TiB            N/A          N/A      371         0 B          0 B
default.rgw.meta           16   256  3.7 MiB  3.2 KiB  3.7 MiB       15   11 MiB  168 KiB   11 MiB      0    160 TiB            N/A          N/A       15         0 B          0 B
.rgw.root                  17   256  1.3 KiB  1.3 KiB      0 B        4   48 KiB   48 KiB      0 B      0    160 TiB            N/A          N/A        4         0 B          0 B

Site1 pool PG counts:
pool 1 'device_health_metrics' replicated size 3 min_size 2 crush_rule 0 object_hash rjenkins pg_num 1 pgp_num 1 autoscale_mode on last_change 936 flags hashpspool stripe_width 0 pg_num_min 1 application mgr_devicehealth,rgw
pool 12 'default.rgw.control' replicated size 3 min_size 2 crush_rule 0 object_hash rjenkins pg_num 256 pgp_num 256 autoscale_mode on last_change 896 flags hashpspool stripe_width 0 pg_num_min 256 application rgw
pool 13 'default.rgw.buckets.data' erasure profile myprofile size 6 min_size 5 crush_rule 1 object_hash rjenkins pg_num 8192 pgp_num 8192 autoscale_mode on last_change 918 lfor 0/0/916 flags hashpspool stripe_width 16384 pg_num_min 8192 application rgw
pool 14 'default.rgw.buckets.index' replicated size 3 min_size 2 crush_rule 0 object_hash rjenkins pg_num 512 pgp_num 512 autoscale_mode on last_change 898 flags hashpspool stripe_width 0 pg_num_min 512 application rgw
pool 15 'default.rgw.log' replicated size 3 min_size 2 crush_rule 0 object_hash rjenkins pg_num 256 pgp_num 256 autoscale_mode on last_change 899 flags hashpspool stripe_width 0 pg_num_min 256 application rgw
pool 16 'default.rgw.meta' replicated size 3 min_size 2 crush_rule 0 object_hash rjenkins pg_num 256 pgp_num 256 autoscale_mode on last_change 900 flags hashpspool stripe_width 0 pg_num_min 256 application rgw
pool 17 '.rgw.root' replicated size 3 min_size 2 crush_rule 0 object_hash rjenkins pg_num 256 pgp_num 256 autoscale_mode on last_change 901 flags hashpspool stripe_width 0 pg_num_min 256 application rgw


Site1 buckets df
2022/02/10-12:00:19: POOL                       ID   PGS   STORED  OBJECTS     USED  %USED  MAX AVAIL
default.rgw.control        12   256      0 B        8      0 B      0    160 TiB
default.rgw.buckets.data   13  8192  9.4 TiB  374.63M   14 TiB   2.84    321 TiB
default.rgw.buckets.index  14   512  113 GiB    6.36k  340 GiB   0.07    160 TiB
default.rgw.log            15   256  4.9 MiB      371   17 MiB      0    160 TiB
default.rgw.meta           16   256  3.7 MiB       15   11 MiB      0    160 TiB

OSD/RGW free:
2022/02/10-12:00:19: f10-h01-000-6049p.rdu2.scalelab.redhat.com                total        used        free      shared  buff/cache   available
Mem:          376Gi        95Gi        24Gi       4.1Gi       256Gi       274Gi
Swap:         4.0Gi        28Mi       4.0Gi

Ceph osd df:
2022/02/10-12:00:20: ID   CLASS  WEIGHT   REWEIGHT  SIZE     RAW USE  DATA    OMAP      META     AVAIL    %USE   VAR   PGS  STATUS
  0    hdd  1.97049   1.00000  2.0 TiB  204 GiB  49 GiB   1.0 GiB   11 GiB  1.8 TiB  10.13  0.99  178      up
  1    hdd  1.97049   1.00000  2.0 TiB  206 GiB  51 GiB   1.6 GiB   12 GiB  1.8 TiB  10.23  1.00  192      up
  2    hdd  1.97049   1.00000  2.0 TiB  206 GiB  51 GiB   2.2 GiB   12 GiB  1.8 TiB  10.23  1.00  197      up
  3    hdd  1.97049   1.00000  2.0 TiB  204 GiB  49 GiB   1.1 GiB   11 GiB  1.8 TiB  10.12  0.99  186      up
  4    hdd  1.97049   1.00000  2.0 TiB  206 GiB  51 GiB   1.2 GiB   12 GiB  1.8 TiB  10.22  1.00  190      up
  5    hdd  1.97049   1.00000  2.0 TiB  204 GiB  49 GiB   1.6 GiB   12 GiB  1.8 TiB  10.13  0.99  190      up
  6    hdd  1.97049   1.00000  2.0 TiB  207 GiB  51 GiB   1.1 GiB   12 GiB  1.8 TiB  10.24  1.01  191      up
  7    hdd  1.97049   1.00000  2.0 TiB  204 GiB  49 GiB   1.3 GiB   11 GiB  1.8 TiB  10.13  0.99  183      up
  8    hdd  1.97049   1.00000  2.0 TiB  204 GiB  49 GiB   681 MiB   11 GiB  1.8 TiB  10.13  0.99  174      up
  9    hdd  1.97049   1.00000  2.0 TiB  204 GiB  49 GiB   1.7 GiB   11 GiB  1.8 TiB  10.13  0.99  189      up
 10    hdd  1.97049   1.00000  2.0 TiB  207 GiB  51 GiB   1.7 GiB   12 GiB  1.8 TiB  10.25  1.01  190      up
 11    hdd  1.97049   1.00000  2.0 TiB  204 GiB  49 GiB   1.2 GiB   12 GiB  1.8 TiB  10.13  0.99  179      up
 12    hdd  1.97049   1.00000  2.0 TiB  207 GiB  51 GiB   860 MiB   12 GiB  1.8 TiB  10.24  1.01  190      up
 13    hdd  1.97049   1.00000  2.0 TiB  207 GiB  51 GiB   1.0 GiB   12 GiB  1.8 TiB  10.24  1.01  194      up
 14    hdd  1.97049   1.00000  2.0 TiB  207 GiB  51 GiB   1.7 GiB   12 GiB  1.8 TiB  10.24  1.01  197      up
 15    hdd  1.97049   1.00000  2.0 TiB  207 GiB  51 GiB   830 MiB   12 GiB  1.8 TiB  10.24  1.01  189      up
 16    hdd  1.97049   1.00000  2.0 TiB  206 GiB  50 GiB   1.7 GiB   11 GiB  1.8 TiB  10.19  1.00  194      up
 17    hdd  1.97049   1.00000  2.0 TiB  207 GiB  51 GiB   907 MiB   12 GiB  1.8 TiB  10.24  1.01  189      up
 18    hdd  1.97049   1.00000  2.0 TiB  205 GiB  50 GiB   580 MiB   12 GiB  1.8 TiB  10.17  1.00  182      up
 19    hdd  1.97049   1.00000  2.0 TiB  204 GiB  49 GiB   792 MiB   11 GiB  1.8 TiB  10.13  1.00  182      up
 20    hdd  1.97049   1.00000  2.0 TiB  207 GiB  51 GiB   447 MiB   12 GiB  1.8 TiB  10.24  1.01  191      up
 21    hdd  1.97049   1.00000  2.0 TiB  207 GiB  51 GiB   1.9 GiB   12 GiB  1.8 TiB  10.25  1.01  197      up
 22    hdd  1.97049   1.00000  2.0 TiB  207 GiB  51 GiB   859 MiB   12 GiB  1.8 TiB  10.24  1.01  195      up
 23    hdd  1.97049   1.00000  2.0 TiB  204 GiB  49 GiB   2.0 GiB   11 GiB  1.8 TiB  10.13  0.99  187      up
 32    hdd  1.97049   1.00000  2.0 TiB  207 GiB  51 GiB   846 MiB   12 GiB  1.8 TiB  10.25  1.01  189      up
 42    hdd  1.97049   1.00000  2.0 TiB  205 GiB  50 GiB   517 MiB   11 GiB  1.8 TiB  10.16  1.00  184      up
 53    hdd  1.97049   1.00000  2.0 TiB  207 GiB  51 GiB   635 MiB   12 GiB  1.8 TiB  10.24  1.01  191      up
 63    hdd  1.97049   1.00000  2.0 TiB  206 GiB  50 GiB   845 MiB   11 GiB  1.8 TiB  10.19  1.00  181      up
 73    hdd  1.97049   1.00000  2.0 TiB  205 GiB  50 GiB   1.2 GiB   11 GiB  1.8 TiB  10.17  1.00  187      up
 83    hdd  1.97049   1.00000  2.0 TiB  207 GiB  51 GiB   1.6 GiB   12 GiB  1.8 TiB  10.24  1.01  193      up
 93    hdd  1.97049   1.00000  2.0 TiB  207 GiB  51 GiB   2.4 GiB   12 GiB  1.8 TiB  10.25  1.01  196      up
103    hdd  1.97049   1.00000  2.0 TiB  205 GiB  49 GiB   1.8 GiB   11 GiB  1.8 TiB  10.14  1.00  183      up
113    hdd  1.97049   1.00000  2.0 TiB  207 GiB  51 GiB   1.2 GiB   12 GiB  1.8 TiB  10.24  1.01  198      up
123    hdd  1.97049   1.00000  2.0 TiB  207 GiB  51 GiB   1.6 GiB   12 GiB  1.8 TiB  10.24  1.01  193      up
133    hdd  1.97049   1.00000  2.0 TiB  207 GiB  51 GiB   1.4 GiB   12 GiB  1.8 TiB  10.25  1.01  189      up
143    hdd  1.97049   1.00000  2.0 TiB  207 GiB  51 GiB   585 MiB   12 GiB  1.8 TiB  10.24  1.01  189      up
153    hdd  1.97049   1.00000  2.0 TiB  205 GiB  49 GiB   1.0 GiB   12 GiB  1.8 TiB  10.14  1.00  184      up
163    hdd  1.97049   1.00000  2.0 TiB  205 GiB  50 GiB   1.5 GiB   11 GiB  1.8 TiB  10.16  1.00  187      up
173    hdd  1.97049   1.00000  2.0 TiB  205 GiB  49 GiB   1.6 GiB   12 GiB  1.8 TiB  10.15  1.00  190      up
183    hdd  1.97049   1.00000  2.0 TiB  205 GiB  49 GiB   2.1 GiB   12 GiB  1.8 TiB  10.14  1.00  189      up
193    hdd  1.97049   1.00000  2.0 TiB  207 GiB  51 GiB   2.0 GiB   12 GiB  1.8 TiB  10.25  1.01  189      up
203    hdd  1.97049   1.00000  2.0 TiB  205 GiB  50 GiB   841 MiB   11 GiB  1.8 TiB  10.15  1.00  182      up
213    hdd  1.97049   1.00000  2.0 TiB  207 GiB  51 GiB   684 MiB   12 GiB  1.8 TiB  10.25  1.01  186      up
223    hdd  1.97049   1.00000  2.0 TiB  204 GiB  49 GiB   1.9 GiB   11 GiB  1.8 TiB  10.13  0.99  183      up
233    hdd  1.97049   1.00000  2.0 TiB  204 GiB  49 GiB   843 MiB   11 GiB  1.8 TiB  10.13  0.99  182      up
243    hdd  1.97049   1.00000  2.0 TiB  204 GiB  49 GiB   897 MiB   11 GiB  1.8 TiB  10.13  0.99  183      up
253    hdd  1.97049   1.00000  2.0 TiB  204 GiB  49 GiB   917 MiB   12 GiB  1.8 TiB  10.13  0.99  185      up
263    hdd  1.97049   1.00000  2.0 TiB  204 GiB  49 GiB   1.7 GiB   11 GiB  1.8 TiB  10.13  0.99  186      up
 27    hdd  1.97049   1.00000  2.0 TiB  206 GiB  51 GiB   1.3 GiB   12 GiB  1.8 TiB  10.20  1.00  187      up
 41    hdd  1.97049   1.00000  2.0 TiB  205 GiB  49 GiB   554 MiB   11 GiB  1.8 TiB  10.14  1.00  188      up
 50    hdd  1.97049   1.00000  2.0 TiB  206 GiB  50 GiB   1.3 GiB   12 GiB  1.8 TiB  10.19  1.00  189      up
 58    hdd  1.97049   1.00000  2.0 TiB  204 GiB  49 GiB   455 MiB   12 GiB  1.8 TiB  10.13  0.99  184      up
 68    hdd  1.97049   1.00000  2.0 TiB  204 GiB  49 GiB   506 MiB   11 GiB  1.8 TiB  10.13  0.99  176      up
 77    hdd  1.97049   1.00000  2.0 TiB  204 GiB  49 GiB   1.6 GiB   11 GiB  1.8 TiB  10.13  0.99  185      up
 87    hdd  1.97049   1.00000  2.0 TiB  204 GiB  49 GiB   1.3 GiB   11 GiB  1.8 TiB  10.13  0.99  183      up
 96    hdd  1.97049   1.00000  2.0 TiB  207 GiB  51 GiB   2.0 GiB   12 GiB  1.8 TiB  10.25  1.01  196      up
106    hdd  1.97049   1.00000  2.0 TiB  204 GiB  49 GiB   994 MiB   12 GiB  1.8 TiB  10.13  0.99  183      up
116    hdd  1.97049   1.00000  2.0 TiB  204 GiB  49 GiB   1.1 GiB   11 GiB  1.8 TiB  10.12  0.99  181      up
129    hdd  1.97049   1.00000  2.0 TiB  207 GiB  51 GiB   1.6 GiB   12 GiB  1.8 TiB  10.24  1.01  194      up
139    hdd  1.97049   1.00000  2.0 TiB  207 GiB  51 GiB   1.4 GiB   12 GiB  1.8 TiB  10.24  1.01  189      up
149    hdd  1.97049   1.00000  2.0 TiB  204 GiB  49 GiB   1.9 GiB   11 GiB  1.8 TiB  10.12  0.99  185      up
159    hdd  1.97049   1.00000  2.0 TiB  207 GiB  51 GiB   676 MiB   12 GiB  1.8 TiB  10.24  1.01  183      up
170    hdd  1.97049   1.00000  2.0 TiB  207 GiB  51 GiB   1.6 GiB   12 GiB  1.8 TiB  10.25  1.01  187      up
179    hdd  1.97049   1.00000  2.0 TiB  204 GiB  49 GiB   935 MiB   11 GiB  1.8 TiB  10.13  0.99  182      up
189    hdd  1.97049   1.00000  2.0 TiB  204 GiB  49 GiB   628 MiB   12 GiB  1.8 TiB  10.13  0.99  177      up
198    hdd  1.97049   1.00000  2.0 TiB  204 GiB  49 GiB   1.1 GiB   12 GiB  1.8 TiB  10.13  0.99  186      up
208    hdd  1.97049   1.00000  2.0 TiB  204 GiB  49 GiB   1.7 GiB   11 GiB  1.8 TiB  10.11  0.99  183      up
218    hdd  1.97049   1.00000  2.0 TiB  207 GiB  51 GiB   1.7 GiB   12 GiB  1.8 TiB  10.24  1.01  186      up
230    hdd  1.97049   1.00000  2.0 TiB  204 GiB  49 GiB   966 MiB   11 GiB  1.8 TiB  10.11  0.99  179      up
240    hdd  1.97049   1.00000  2.0 TiB  206 GiB  51 GiB   587 MiB   12 GiB  1.8 TiB  10.23  1.00  187      up
250    hdd  1.97049   1.00000  2.0 TiB  204 GiB  49 GiB   2.1 GiB   11 GiB  1.8 TiB  10.12  0.99  191      up
259    hdd  1.97049   1.00000  2.0 TiB  206 GiB  51 GiB   131 MiB   12 GiB  1.8 TiB  10.22  1.00  184      up
 31    hdd  1.97049   1.00000  2.0 TiB  207 GiB  51 GiB   725 MiB   12 GiB  1.8 TiB  10.24  1.01  190      up
 40    hdd  1.97049   1.00000  2.0 TiB  205 GiB  49 GiB   927 MiB   12 GiB  1.8 TiB  10.14  1.00  185      up
 51    hdd  1.97049   1.00000  2.0 TiB  205 GiB  49 GiB   785 MiB   11 GiB  1.8 TiB  10.14  1.00  180      up
 59    hdd  1.97049   1.00000  2.0 TiB  204 GiB  49 GiB   1.5 GiB   11 GiB  1.8 TiB  10.13  0.99  187      up
 69    hdd  1.97049   1.00000  2.0 TiB  207 GiB  51 GiB   1.3 GiB   12 GiB  1.8 TiB  10.25  1.01  186      up
 79    hdd  1.97049   1.00000  2.0 TiB  207 GiB  52 GiB   678 MiB   12 GiB  1.8 TiB  10.25  1.01  188      up
 88    hdd  1.97049   1.00000  2.0 TiB  207 GiB  51 GiB   1.2 GiB   12 GiB  1.8 TiB  10.24  1.01  189      up
 98    hdd  1.97049   1.00000  2.0 TiB  207 GiB  51 GiB   888 MiB   12 GiB  1.8 TiB  10.24  1.01  197      up
108    hdd  1.97049   1.00000  2.0 TiB  204 GiB  49 GiB   261 MiB   11 GiB  1.8 TiB  10.13  1.00  183      up
118    hdd  1.97049   1.00000  2.0 TiB  204 GiB  49 GiB   805 MiB   11 GiB  1.8 TiB  10.13  0.99  181      up
130    hdd  1.97049   1.00000  2.0 TiB  204 GiB  49 GiB   214 MiB   11 GiB  1.8 TiB  10.13  0.99  182      up
140    hdd  1.97049   1.00000  2.0 TiB  207 GiB  51 GiB  1000 MiB   12 GiB  1.8 TiB  10.24  1.01  192      up
150    hdd  1.97049   1.00000  2.0 TiB  207 GiB  51 GiB   657 MiB   12 GiB  1.8 TiB  10.24  1.01  185      up
160    hdd  1.97049   1.00000  2.0 TiB  204 GiB  49 GiB   497 MiB   11 GiB  1.8 TiB  10.12  0.99  179      up
169    hdd  1.97049   1.00000  2.0 TiB  204 GiB  49 GiB   821 MiB   11 GiB  1.8 TiB  10.13  0.99  180      up
180    hdd  1.97049   1.00000  2.0 TiB  206 GiB  51 GiB   1.4 GiB   12 GiB  1.8 TiB  10.20  1.00  188      up
188    hdd  1.97049   1.00000  2.0 TiB  207 GiB  51 GiB   2.0 GiB   12 GiB  1.8 TiB  10.24  1.01  190      up
199    hdd  1.97049   1.00000  2.0 TiB  207 GiB  51 GiB   1.3 GiB   12 GiB  1.8 TiB  10.24  1.01  194      up
207    hdd  1.97049   1.00000  2.0 TiB  205 GiB  50 GiB   1.9 GiB   11 GiB  1.8 TiB  10.17  1.00  182      up
217    hdd  1.97049   1.00000  2.0 TiB  204 GiB  49 GiB   1.8 GiB   11 GiB  1.8 TiB  10.13  0.99  185      up
227    hdd  1.97049   1.00000  2.0 TiB  207 GiB  51 GiB   1.4 GiB   12 GiB  1.8 TiB  10.24  1.01  189      up
237    hdd  1.97049   1.00000  2.0 TiB  204 GiB  49 GiB   2.0 GiB   11 GiB  1.8 TiB  10.13  0.99  180      up
247    hdd  1.97049   1.00000  2.0 TiB  207 GiB  51 GiB   1.9 GiB   12 GiB  1.8 TiB  10.25  1.01  198      up
257    hdd  1.97049   1.00000  2.0 TiB  204 GiB  49 GiB   2.2 GiB   11 GiB  1.8 TiB  10.13  0.99  180      up
 29    hdd  1.97049   1.00000  2.0 TiB  204 GiB  49 GiB   1.2 GiB   11 GiB  1.8 TiB  10.13  0.99  182      up
 38    hdd  1.97049   1.00000  2.0 TiB  206 GiB  51 GiB   1.5 GiB   11 GiB  1.8 TiB  10.20  1.00  186      up
 49    hdd  1.97049   1.00000  2.0 TiB  207 GiB  51 GiB   1.0 GiB   12 GiB  1.8 TiB  10.24  1.01  189      up
 61    hdd  1.97049   1.00000  2.0 TiB  207 GiB  51 GiB   166 MiB   12 GiB  1.8 TiB  10.24  1.01  190      up
 71    hdd  1.97049   1.00000  2.0 TiB  207 GiB  51 GiB   872 MiB   12 GiB  1.8 TiB  10.24  1.01  192      up
 81    hdd  1.97049   1.00000  2.0 TiB  204 GiB  49 GiB   1.5 GiB   11 GiB  1.8 TiB  10.13  0.99  183      up
 91    hdd  1.97049   1.00000  2.0 TiB  204 GiB  49 GiB   1.2 GiB   11 GiB  1.8 TiB  10.13  0.99  184      up
101    hdd  1.97049   1.00000  2.0 TiB  204 GiB  49 GiB   1.1 GiB   12 GiB  1.8 TiB  10.13  0.99  186      up
111    hdd  1.97049   1.00000  2.0 TiB  207 GiB  51 GiB   1.5 GiB   12 GiB  1.8 TiB  10.24  1.01  190      up
121    hdd  1.97049   1.00000  2.0 TiB  204 GiB  49 GiB   596 MiB   12 GiB  1.8 TiB  10.13  0.99  181      up
131    hdd  1.97049   1.00000  2.0 TiB  207 GiB  51 GiB   1.1 GiB   12 GiB  1.8 TiB  10.24  1.01  187      up
141    hdd  1.97049   1.00000  2.0 TiB  204 GiB  49 GiB   1.4 GiB   11 GiB  1.8 TiB  10.13  0.99  184      up
151    hdd  1.97049   1.00000  2.0 TiB  204 GiB  49 GiB   981 MiB   12 GiB  1.8 TiB  10.13  1.00  183      up
161    hdd  1.97049   1.00000  2.0 TiB  204 GiB  49 GiB   2.0 GiB   11 GiB  1.8 TiB  10.13  0.99  185      up
171    hdd  1.97049   1.00000  2.0 TiB  207 GiB  51 GiB   665 MiB   12 GiB  1.8 TiB  10.24  1.01  184      up
181    hdd  1.97049   1.00000  2.0 TiB  204 GiB  49 GiB   598 MiB   11 GiB  1.8 TiB  10.13  0.99  182      up
191    hdd  1.97049   1.00000  2.0 TiB  205 GiB  49 GiB   859 MiB   12 GiB  1.8 TiB  10.14  1.00  183      up
201    hdd  1.97049   1.00000  2.0 TiB  207 GiB  51 GiB   1.8 GiB   12 GiB  1.8 TiB  10.25  1.01  194      up
211    hdd  1.97049   1.00000  2.0 TiB  206 GiB  51 GiB   1.1 GiB   12 GiB  1.8 TiB  10.23  1.00  192      up
221    hdd  1.97049   1.00000  2.0 TiB  207 GiB  51 GiB   1.7 GiB   12 GiB  1.8 TiB  10.25  1.01  194      up
231    hdd  1.97049   1.00000  2.0 TiB  205 GiB  49 GiB   199 MiB   11 GiB  1.8 TiB  10.14  1.00  184      up
241    hdd  1.97049   1.00000  2.0 TiB  204 GiB  49 GiB   364 MiB   11 GiB  1.8 TiB  10.11  0.99  182      up
249    hdd  1.97049   1.00000  2.0 TiB  207 GiB  52 GiB   2.2 GiB   12 GiB  1.8 TiB  10.25  1.01  199      up
261    hdd  1.97049   1.00000  2.0 TiB  205 GiB  50 GiB   1.3 GiB   12 GiB  1.8 TiB  10.17  1.00  182      up
 33    hdd  1.97049   1.00000  2.0 TiB  205 GiB  49 GiB   1.2 GiB   11 GiB  1.8 TiB  10.14  1.00  189      up
 43    hdd  1.97049   1.00000  2.0 TiB  205 GiB  49 GiB   854 MiB   11 GiB  1.8 TiB  10.14  1.00  185      up
 52    hdd  1.97049   1.00000  2.0 TiB  206 GiB  51 GiB   796 MiB   12 GiB  1.8 TiB  10.20  1.00  186      up
 62    hdd  1.97049   1.00000  2.0 TiB  207 GiB  51 GiB   689 MiB   11 GiB  1.8 TiB  10.24  1.01  188      up
 72    hdd  1.97049   1.00000  2.0 TiB  205 GiB  49 GiB   1.6 GiB   11 GiB  1.8 TiB  10.15  1.00  187      up
 82    hdd  1.97049   1.00000  2.0 TiB  205 GiB  50 GiB   861 MiB   12 GiB  1.8 TiB  10.17  1.00  188      up
 92    hdd  1.97049   1.00000  2.0 TiB  207 GiB  51 GiB   665 MiB   12 GiB  1.8 TiB  10.24  1.01  186      up
102    hdd  1.97049   1.00000  2.0 TiB  207 GiB  51 GiB   1.2 GiB   12 GiB  1.8 TiB  10.24  1.01  198      up
112    hdd  1.97049   1.00000  2.0 TiB  207 GiB  51 GiB   538 MiB   12 GiB  1.8 TiB  10.24  1.01  186      up
122    hdd  1.97049   1.00000  2.0 TiB  207 GiB  52 GiB   1.1 GiB   12 GiB  1.8 TiB  10.25  1.01  185      up
132    hdd  1.97049   1.00000  2.0 TiB  207 GiB  51 GiB   508 MiB   12 GiB  1.8 TiB  10.24  1.01  195      up
142    hdd  1.97049   1.00000  2.0 TiB  205 GiB  49 GiB  1012 MiB   12 GiB  1.8 TiB  10.14  1.00  185      up
152    hdd  1.97049   1.00000  2.0 TiB  207 GiB  51 GiB   996 MiB   12 GiB  1.8 TiB  10.24  1.01  192      up
162    hdd  1.97049   1.00000  2.0 TiB  207 GiB  51 GiB   1.2 GiB   12 GiB  1.8 TiB  10.24  1.01  191      up
172    hdd  1.97049   1.00000  2.0 TiB  205 GiB  49 GiB   496 MiB   12 GiB  1.8 TiB  10.14  1.00  181      up
182    hdd  1.97049   1.00000  2.0 TiB  205 GiB  50 GiB   1.3 GiB   11 GiB  1.8 TiB  10.17  1.00  189      up
192    hdd  1.97049   1.00000  2.0 TiB  205 GiB  50 GiB   786 MiB   12 GiB  1.8 TiB  10.16  1.00  185      up
202    hdd  1.97049   1.00000  2.0 TiB  205 GiB  49 GiB   1.7 GiB   12 GiB  1.8 TiB  10.14  1.00  188      up
212    hdd  1.97049   1.00000  2.0 TiB  206 GiB  51 GiB   1.8 GiB   12 GiB  1.8 TiB  10.20  1.00  193      up
222    hdd  1.97049   1.00000  2.0 TiB  206 GiB  51 GiB   977 MiB   12 GiB  1.8 TiB  10.23  1.00  185      up
232    hdd  1.97049   1.00000  2.0 TiB  205 GiB  49 GiB   1.3 GiB   11 GiB  1.8 TiB  10.14  1.00  183      up
242    hdd  1.97049   1.00000  2.0 TiB  207 GiB  51 GiB   1.3 GiB   12 GiB  1.8 TiB  10.24  1.01  188      up
252    hdd  1.97049   1.00000  2.0 TiB  206 GiB  50 GiB   2.2 GiB   12 GiB  1.8 TiB  10.19  1.00  193      up
262    hdd  1.97049   1.00000  2.0 TiB  205 GiB  49 GiB   1.7 GiB   11 GiB  1.8 TiB  10.14  1.00  183      up
264    hdd  1.97049   1.00000  2.0 TiB  205 GiB  50 GiB   1.5 GiB   12 GiB  1.8 TiB  10.17  1.00  183      up
265    hdd  1.97049   1.00000  2.0 TiB  204 GiB  49 GiB   417 MiB   11 GiB  1.8 TiB  10.13  0.99  181      up
266    hdd  1.97049   1.00000  2.0 TiB  207 GiB  51 GiB   1.7 GiB   12 GiB  1.8 TiB  10.25  1.01  191      up
267    hdd  1.97049   1.00000  2.0 TiB  207 GiB  51 GiB   980 MiB   12 GiB  1.8 TiB  10.24  1.01  191      up
268    hdd  1.97049   1.00000  2.0 TiB  204 GiB  49 GiB   2.2 GiB   11 GiB  1.8 TiB  10.13  0.99  188      up
269    hdd  1.97049   1.00000  2.0 TiB  204 GiB  49 GiB   865 MiB   11 GiB  1.8 TiB  10.13  0.99  179      up
270    hdd  1.97049   1.00000  2.0 TiB  205 GiB  50 GiB   1.1 GiB   12 GiB  1.8 TiB  10.16  1.00  185      up
271    hdd  1.97049   1.00000  2.0 TiB  207 GiB  51 GiB   1.3 GiB   12 GiB  1.8 TiB  10.24  1.01  195      up
272    hdd  1.97049   1.00000  2.0 TiB  204 GiB  49 GiB   1.0 GiB   12 GiB  1.8 TiB  10.11  0.99  184      up
273    hdd  1.97049   1.00000  2.0 TiB  204 GiB  49 GiB   743 MiB   12 GiB  1.8 TiB  10.13  0.99  182      up
274    hdd  1.97049   1.00000  2.0 TiB  207 GiB  51 GiB   625 MiB   12 GiB  1.8 TiB  10.24  1.01  183      up
275    hdd  1.97049   1.00000  2.0 TiB  205 GiB  49 GiB   938 MiB   12 GiB  1.8 TiB  10.14  1.00  180      up
276    hdd  1.97049   1.00000  2.0 TiB  207 GiB  51 GiB   1.8 GiB   12 GiB  1.8 TiB  10.25  1.01  189      up
277    hdd  1.97049   1.00000  2.0 TiB  205 GiB  50 GiB   1.3 GiB   12 GiB  1.8 TiB  10.16  1.00  188      up
278    hdd  1.97049   1.00000  2.0 TiB  207 GiB  51 GiB   2.1 GiB   12 GiB  1.8 TiB  10.24  1.01  192      up
279    hdd  1.97049   1.00000  2.0 TiB  207 GiB  51 GiB   985 MiB   12 GiB  1.8 TiB  10.24  1.01  190      up
280    hdd  1.97049   1.00000  2.0 TiB  204 GiB  49 GiB   485 MiB   11 GiB  1.8 TiB  10.11  0.99  175      up
281    hdd  1.97049   1.00000  2.0 TiB  204 GiB  49 GiB   183 MiB   11 GiB  1.8 TiB  10.11  0.99  173      up
282    hdd  1.97049   1.00000  2.0 TiB  204 GiB  49 GiB   925 MiB   11 GiB  1.8 TiB  10.12  0.99  181      up
283    hdd  1.97049   1.00000  2.0 TiB  204 GiB  49 GiB   587 MiB   12 GiB  1.8 TiB  10.11  0.99  179      up
284    hdd  1.97049   1.00000  2.0 TiB  204 GiB  49 GiB   1.1 GiB   11 GiB  1.8 TiB  10.11  0.99  181      up
285    hdd  1.97049   1.00000  2.0 TiB  204 GiB  49 GiB   2.0 GiB   11 GiB  1.8 TiB  10.11  0.99  184      up
286    hdd  1.97049   1.00000  2.0 TiB  207 GiB  51 GiB   456 MiB   11 GiB  1.8 TiB  10.24  1.01  187      up
287    hdd  1.97049   1.00000  2.0 TiB  207 GiB  51 GiB   1.7 GiB   12 GiB  1.8 TiB  10.24  1.01  195      up
 24    hdd  1.97049   1.00000  2.0 TiB  205 GiB  49 GiB   916 MiB   11 GiB  1.8 TiB  10.14  1.00  177      up
 35    hdd  1.97049   1.00000  2.0 TiB  207 GiB  51 GiB   1.1 GiB   12 GiB  1.8 TiB  10.24  1.01  188      up
 45    hdd  1.97049   1.00000  2.0 TiB  205 GiB  49 GiB   2.6 GiB   12 GiB  1.8 TiB  10.14  1.00  186      up
 55    hdd  1.97049   1.00000  2.0 TiB  207 GiB  51 GiB   1.5 GiB   11 GiB  1.8 TiB  10.25  1.01  189      up
 65    hdd  1.97049   1.00000  2.0 TiB  207 GiB  51 GiB   935 MiB   12 GiB  1.8 TiB  10.24  1.01  192      up
 75    hdd  1.97049   1.00000  2.0 TiB  205 GiB  49 GiB   1.1 GiB   12 GiB  1.8 TiB  10.14  1.00  179      up
 85    hdd  1.97049   1.00000  2.0 TiB  205 GiB  49 GiB   867 MiB   11 GiB  1.8 TiB  10.14  1.00  182      up
 95    hdd  1.97049   1.00000  2.0 TiB  206 GiB  51 GiB   1.9 GiB   12 GiB  1.8 TiB  10.20  1.00  193      up
105    hdd  1.97049   1.00000  2.0 TiB  207 GiB  51 GiB   601 MiB   12 GiB  1.8 TiB  10.24  1.01  188      up
115    hdd  1.97049   1.00000  2.0 TiB  205 GiB  49 GiB   1.3 GiB   11 GiB  1.8 TiB  10.14  1.00  185      up
128    hdd  1.97049   1.00000  2.0 TiB  205 GiB  50 GiB   2.0 GiB   12 GiB  1.8 TiB  10.16  1.00  194      up
137    hdd  1.97049   1.00000  2.0 TiB  207 GiB  51 GiB   833 MiB   12 GiB  1.8 TiB  10.24  1.01  199      up
148    hdd  1.97049   1.00000  2.0 TiB  207 GiB  51 GiB   1.2 GiB   12 GiB  1.8 TiB  10.25  1.01  197      up
157    hdd  1.97049   1.00000  2.0 TiB  205 GiB  49 GiB   758 MiB   12 GiB  1.8 TiB  10.14  1.00  187      up
167    hdd  1.97049   1.00000  2.0 TiB  204 GiB  49 GiB   1.8 GiB   11 GiB  1.8 TiB  10.13  0.99  185      up
177    hdd  1.97049   1.00000  2.0 TiB  207 GiB  51 GiB   1.9 GiB   12 GiB  1.8 TiB  10.24  1.01  191      up
186    hdd  1.97049   1.00000  2.0 TiB  204 GiB  49 GiB   2.2 GiB   11 GiB  1.8 TiB  10.13  1.00  187      up
197    hdd  1.97049   1.00000  2.0 TiB  204 GiB  49 GiB   1.6 GiB   11 GiB  1.8 TiB  10.13  0.99  180      up
206    hdd  1.97049   1.00000  2.0 TiB  207 GiB  51 GiB   463 MiB   12 GiB  1.8 TiB  10.24  1.01  186      up
216    hdd  1.97049   1.00000  2.0 TiB  207 GiB  51 GiB   877 MiB   12 GiB  1.8 TiB  10.24  1.01  189      up
226    hdd  1.97049   1.00000  2.0 TiB  205 GiB  49 GiB   377 MiB   12 GiB  1.8 TiB  10.14  1.00  181      up
236    hdd  1.97049   1.00000  2.0 TiB  206 GiB  51 GiB   1.1 GiB   12 GiB  1.8 TiB  10.20  1.00  189      up
246    hdd  1.97049   1.00000  2.0 TiB  205 GiB  50 GiB   1.4 GiB   12 GiB  1.8 TiB  10.18  1.00  190      up
256    hdd  1.97049   1.00000  2.0 TiB  204 GiB  49 GiB   983 MiB   12 GiB  1.8 TiB  10.13  0.99  183      up
 25    hdd  1.97049   1.00000  2.0 TiB  207 GiB  51 GiB   649 MiB   12 GiB  1.8 TiB  10.24  1.01  185      up
 36    hdd  1.97049   1.00000  2.0 TiB  205 GiB  50 GiB   1.6 GiB   11 GiB  1.8 TiB  10.16  1.00  186      up
 46    hdd  1.97049   1.00000  2.0 TiB  207 GiB  51 GiB   1.1 GiB   12 GiB  1.8 TiB  10.24  1.01  192      up
 56    hdd  1.97049   1.00000  2.0 TiB  204 GiB  49 GiB   688 MiB   11 GiB  1.8 TiB  10.13  0.99  186      up
 67    hdd  1.97049   1.00000  2.0 TiB  204 GiB  49 GiB   385 MiB   11 GiB  1.8 TiB  10.13  1.00  180      up
 78    hdd  1.97049   1.00000  2.0 TiB  207 GiB  51 GiB   1.2 GiB   12 GiB  1.8 TiB  10.24  1.01  186      up
 89    hdd  1.97049   1.00000  2.0 TiB  207 GiB  51 GiB   673 MiB   12 GiB  1.8 TiB  10.24  1.01  188      up
 99    hdd  1.97049   1.00000  2.0 TiB  204 GiB  49 GiB   1.8 GiB   12 GiB  1.8 TiB  10.13  0.99  185      up
110    hdd  1.97049   1.00000  2.0 TiB  206 GiB  51 GiB   1.9 GiB   11 GiB  1.8 TiB  10.21  1.00  190      up
120    hdd  1.97049   1.00000  2.0 TiB  204 GiB  49 GiB   1.2 GiB   11 GiB  1.8 TiB  10.12  0.99  174      up
127    hdd  1.97049   1.00000  2.0 TiB  204 GiB  49 GiB   1.6 GiB   11 GiB  1.8 TiB  10.13  0.99  182      up
138    hdd  1.97049   1.00000  2.0 TiB  207 GiB  51 GiB   1.3 GiB   12 GiB  1.8 TiB  10.24  1.01  193      up
147    hdd  1.97049   1.00000  2.0 TiB  204 GiB  49 GiB   704 MiB   11 GiB  1.8 TiB  10.13  0.99  183      up
158    hdd  1.97049   1.00000  2.0 TiB  206 GiB  51 GiB   676 MiB   12 GiB  1.8 TiB  10.23  1.00  193      up
168    hdd  1.97049   1.00000  2.0 TiB  204 GiB  49 GiB   1.5 GiB   11 GiB  1.8 TiB  10.13  1.00  186      up
178    hdd  1.97049   1.00000  2.0 TiB  204 GiB  49 GiB   2.0 GiB   12 GiB  1.8 TiB  10.13  0.99  186      up
190    hdd  1.97049   1.00000  2.0 TiB  204 GiB  49 GiB   1.3 GiB   12 GiB  1.8 TiB  10.13  0.99  184      up
200    hdd  1.97049   1.00000  2.0 TiB  204 GiB  49 GiB   1.3 GiB   11 GiB  1.8 TiB  10.11  0.99  183      up
210    hdd  1.97049   1.00000  2.0 TiB  204 GiB  49 GiB   2.0 GiB   12 GiB  1.8 TiB  10.12  0.99  185      up
220    hdd  1.97049   1.00000  2.0 TiB  207 GiB  51 GiB   1.2 GiB   12 GiB  1.8 TiB  10.25  1.01  196      up
228    hdd  1.97049   1.00000  2.0 TiB  204 GiB  49 GiB   1.8 GiB   11 GiB  1.8 TiB  10.11  0.99  189      up
239    hdd  1.97049   1.00000  2.0 TiB  207 GiB  51 GiB   1.4 GiB   12 GiB  1.8 TiB  10.24  1.01  192      up
251    hdd  1.97049   1.00000  2.0 TiB  205 GiB  50 GiB   878 MiB   12 GiB  1.8 TiB  10.16  1.00  183      up
260    hdd  1.97049   1.00000  2.0 TiB  207 GiB  51 GiB   1.5 GiB   12 GiB  1.8 TiB  10.24  1.01  195      up
 30    hdd  1.97049   1.00000  2.0 TiB  204 GiB  49 GiB   607 MiB   11 GiB  1.8 TiB  10.13  0.99  178      up
 39    hdd  1.97049   1.00000  2.0 TiB  204 GiB  49 GiB   1.9 GiB   12 GiB  1.8 TiB  10.13  1.00  189      up
 48    hdd  1.97049   1.00000  2.0 TiB  204 GiB  49 GiB   1.7 GiB   11 GiB  1.8 TiB  10.13  0.99  188      up
 60    hdd  1.97049   1.00000  2.0 TiB  206 GiB  51 GiB   1.2 GiB   12 GiB  1.8 TiB  10.21  1.00  188      up
 70    hdd  1.97049   1.00000  2.0 TiB  206 GiB  51 GiB   1.7 GiB   12 GiB  1.8 TiB  10.23  1.00  195      up
 80    hdd  1.97049   1.00000  2.0 TiB  204 GiB  49 GiB   1.1 GiB   12 GiB  1.8 TiB  10.13  0.99  184      up
 90    hdd  1.97049   1.00000  2.0 TiB  204 GiB  49 GiB   1.5 GiB   11 GiB  1.8 TiB  10.13  0.99  189      up
100    hdd  1.97049   1.00000  2.0 TiB  207 GiB  51 GiB   2.2 GiB   12 GiB  1.8 TiB  10.24  1.01  194      up
109    hdd  1.97049   1.00000  2.0 TiB  205 GiB  50 GiB   680 MiB   12 GiB  1.8 TiB  10.17  1.00  180      up
119    hdd  1.97049   1.00000  2.0 TiB  207 GiB  51 GiB   1.4 GiB   12 GiB  1.8 TiB  10.24  1.01  187      up
126    hdd  1.97049   1.00000  2.0 TiB  205 GiB  50 GiB   1.6 GiB   12 GiB  1.8 TiB  10.16  1.00  185      up
136    hdd  1.97049   1.00000  2.0 TiB  204 GiB  49 GiB   304 MiB   12 GiB  1.8 TiB  10.13  0.99  179      up
146    hdd  1.97049   1.00000  2.0 TiB  204 GiB  49 GiB   1.2 GiB   11 GiB  1.8 TiB  10.13  0.99  183      up
156    hdd  1.97049   1.00000  2.0 TiB  205 GiB  50 GiB   423 MiB   11 GiB  1.8 TiB  10.18  1.00  184      up
166    hdd  1.97049   1.00000  2.0 TiB  206 GiB  51 GiB   565 MiB   12 GiB  1.8 TiB  10.21  1.00  185      up
176    hdd  1.97049   1.00000  2.0 TiB  207 GiB  51 GiB   1.6 GiB   12 GiB  1.8 TiB  10.25  1.01  193      up
185    hdd  1.97049   1.00000  2.0 TiB  207 GiB  51 GiB   484 MiB   12 GiB  1.8 TiB  10.24  1.01  186      up
195    hdd  1.97049   1.00000  2.0 TiB  205 GiB  50 GiB   1.5 GiB   12 GiB  1.8 TiB  10.17  1.00  183      up
209    hdd  1.97049   1.00000  2.0 TiB  206 GiB  50 GiB   1.9 GiB   11 GiB  1.8 TiB  10.19  1.00  195      up
219    hdd  1.97049   1.00000  2.0 TiB  204 GiB  49 GiB   928 MiB   12 GiB  1.8 TiB  10.11  0.99  184      up
229    hdd  1.97049   1.00000  2.0 TiB  204 GiB  49 GiB   787 MiB   11 GiB  1.8 TiB  10.11  0.99  181      up
238    hdd  1.97049   1.00000  2.0 TiB  206 GiB  50 GiB   946 MiB   12 GiB  1.8 TiB  10.19  1.00  190      up
248    hdd  1.97049   1.00000  2.0 TiB  207 GiB  51 GiB   267 MiB   12 GiB  1.8 TiB  10.24  1.01  187      up
258    hdd  1.97049   1.00000  2.0 TiB  205 GiB  49 GiB   1.4 GiB   12 GiB  1.8 TiB  10.14  1.00  187      up
 28    hdd  1.97049   1.00000  2.0 TiB  207 GiB  51 GiB   2.0 GiB   12 GiB  1.8 TiB  10.24  1.01  203      up
 37    hdd  1.97049   1.00000  2.0 TiB  204 GiB  49 GiB   1.5 GiB   11 GiB  1.8 TiB  10.13  0.99  182      up
 47    hdd  1.97049   1.00000  2.0 TiB  204 GiB  49 GiB   1.7 GiB   11 GiB  1.8 TiB  10.13  0.99  188      up
 57    hdd  1.97049   1.00000  2.0 TiB  206 GiB  51 GiB   1.7 GiB   12 GiB  1.8 TiB  10.20  1.00  189      up
 66    hdd  1.97049   1.00000  2.0 TiB  207 GiB  51 GiB   1.2 GiB   12 GiB  1.8 TiB  10.24  1.01  190      up
 76    hdd  1.97049   1.00000  2.0 TiB  204 GiB  49 GiB   1.2 GiB   11 GiB  1.8 TiB  10.13  0.99  178      up
 86    hdd  1.97049   1.00000  2.0 TiB  204 GiB  49 GiB   1.6 GiB   11 GiB  1.8 TiB  10.13  0.99  188      up
 97    hdd  1.97049   1.00000  2.0 TiB  204 GiB  49 GiB   2.1 GiB   11 GiB  1.8 TiB  10.13  1.00  189      up
107    hdd  1.97049   1.00000  2.0 TiB  204 GiB  49 GiB   941 MiB   12 GiB  1.8 TiB  10.12  0.99  180      up
117    hdd  1.97049   1.00000  2.0 TiB  204 GiB  49 GiB   867 MiB   12 GiB  1.8 TiB  10.13  1.00  179      up
125    hdd  1.97049   1.00000  2.0 TiB  204 GiB  49 GiB   1.3 GiB   11 GiB  1.8 TiB  10.13  0.99  180      up
135    hdd  1.97049   1.00000  2.0 TiB  204 GiB  49 GiB   1.4 GiB   11 GiB  1.8 TiB  10.13  0.99  183      up
145    hdd  1.97049   1.00000  2.0 TiB  205 GiB  49 GiB   1.2 GiB   12 GiB  1.8 TiB  10.14  1.00  180      up
155    hdd  1.97049   1.00000  2.0 TiB  204 GiB  49 GiB   1.0 GiB   11 GiB  1.8 TiB  10.11  0.99  183      up
165    hdd  1.97049   1.00000  2.0 TiB  204 GiB  49 GiB   963 MiB   11 GiB  1.8 TiB  10.11  0.99  184      up
175    hdd  1.97049   1.00000  2.0 TiB  205 GiB  50 GiB   1.2 GiB   12 GiB  1.8 TiB  10.15  1.00  187      up
187    hdd  1.97049   1.00000  2.0 TiB  207 GiB  51 GiB   458 MiB   12 GiB  1.8 TiB  10.24  1.01  185      up
196    hdd  1.97049   1.00000  2.0 TiB  207 GiB  51 GiB   1.1 GiB   12 GiB  1.8 TiB  10.24  1.01  190      up
205    hdd  1.97049   1.00000  2.0 TiB  207 GiB  52 GiB   1.7 GiB   12 GiB  1.8 TiB  10.25  1.01  196      up
215    hdd  1.97049   1.00000  2.0 TiB  206 GiB  50 GiB   316 MiB   12 GiB  1.8 TiB  10.19  1.00  183      up
225    hdd  1.97049   1.00000  2.0 TiB  204 GiB  49 GiB   457 MiB   11 GiB  1.8 TiB  10.11  0.99  175      up
235    hdd  1.97049   1.00000  2.0 TiB  207 GiB  51 GiB   1.7 GiB   12 GiB  1.8 TiB  10.24  1.01  192      up
245    hdd  1.97049   1.00000  2.0 TiB  206 GiB  50 GiB   511 MiB   12 GiB  1.8 TiB  10.19  1.00  186      up
255    hdd  1.97049   1.00000  2.0 TiB  204 GiB  49 GiB   1.2 GiB   12 GiB  1.8 TiB  10.13  0.99  187      up
 26    hdd  1.97049   1.00000  2.0 TiB  207 GiB  51 GiB   1.1 GiB   12 GiB  1.8 TiB  10.24  1.01  192      up
 34    hdd  1.97049   1.00000  2.0 TiB  205 GiB  49 GiB   827 MiB   11 GiB  1.8 TiB  10.14  1.00  184      up
 44    hdd  1.97049   1.00000  2.0 TiB  207 GiB  51 GiB   1.8 GiB   12 GiB  1.8 TiB  10.24  1.01  195      up
 54    hdd  1.97049   1.00000  2.0 TiB  207 GiB  51 GiB   958 MiB   12 GiB  1.8 TiB  10.25  1.01  188      up
 64    hdd  1.97049   1.00000  2.0 TiB  207 GiB  51 GiB   735 MiB   12 GiB  1.8 TiB  10.25  1.01  188      up
 74    hdd  1.97049   1.00000  2.0 TiB  207 GiB  51 GiB   1.6 GiB   12 GiB  1.8 TiB  10.24  1.01  189      up
 84    hdd  1.97049   1.00000  2.0 TiB  205 GiB  50 GiB   529 MiB   12 GiB  1.8 TiB  10.17  1.00  182      up
 94    hdd  1.97049   1.00000  2.0 TiB  205 GiB  49 GiB   668 MiB   11 GiB  1.8 TiB  10.14  1.00  179      up
104    hdd  1.97049   1.00000  2.0 TiB  204 GiB  49 GiB   969 MiB   12 GiB  1.8 TiB  10.13  0.99  184      up
114    hdd  1.97049   1.00000  2.0 TiB  204 GiB  49 GiB   452 MiB   11 GiB  1.8 TiB  10.13  0.99  181      up
124    hdd  1.97049   1.00000  2.0 TiB  204 GiB  49 GiB   1.3 GiB   11 GiB  1.8 TiB  10.13  0.99  179      up
134    hdd  1.97049   1.00000  2.0 TiB  207 GiB  51 GiB   1.5 GiB   12 GiB  1.8 TiB  10.25  1.01  189      up
144    hdd  1.97049   1.00000  2.0 TiB  207 GiB  52 GiB   582 MiB   12 GiB  1.8 TiB  10.25  1.01  190      up
154    hdd  1.97049   1.00000  2.0 TiB  206 GiB  51 GiB   555 MiB   12 GiB  1.8 TiB  10.20  1.00  181      up
164    hdd  1.97049   1.00000  2.0 TiB  207 GiB  51 GiB   1.2 GiB   12 GiB  1.8 TiB  10.24  1.01  195      up
174    hdd  1.97049   1.00000  2.0 TiB  207 GiB  51 GiB   1.7 GiB   12 GiB  1.8 TiB  10.25  1.01  192      up
184    hdd  1.97049   1.00000  2.0 TiB  204 GiB  49 GiB   1.9 GiB   11 GiB  1.8 TiB  10.12  0.99  187      up
194    hdd  1.97049   1.00000  2.0 TiB  204 GiB  49 GiB   1.6 GiB   12 GiB  1.8 TiB  10.13  0.99  193      up
204    hdd  1.97049   1.00000  2.0 TiB  204 GiB  49 GiB   217 MiB   12 GiB  1.8 TiB  10.13  0.99  181      up
214    hdd  1.97049   1.00000  2.0 TiB  206 GiB  50 GiB   1.7 GiB   11 GiB  1.8 TiB  10.19  1.00  193      up
224    hdd  1.97049   1.00000  2.0 TiB  207 GiB  51 GiB   1.1 GiB   12 GiB  1.8 TiB  10.24  1.01  186      up
234    hdd  1.97049   1.00000  2.0 TiB  205 GiB  50 GiB   576 MiB   12 GiB  1.8 TiB  10.15  1.00  184      up
244    hdd  1.97049   1.00000  2.0 TiB  207 GiB  51 GiB   1.8 GiB   12 GiB  1.8 TiB  10.24  1.01  192      up
254    hdd  1.97049   1.00000  2.0 TiB  204 GiB  49 GiB   1.2 GiB   12 GiB  1.8 TiB  10.13  0.99  186      up
                        TOTAL  567 TiB   58 TiB  14 TiB   340 GiB  3.3 TiB  510 TiB  10.18                   
MIN/MAX VAR: 0.99/1.01  STDDEV: 0.05
2022/02/10-12:00:20: %RAW USED 10.18; Pending GCs 

PG Autoscale:
POOL                         SIZE  TARGET SIZE  RATE  RAW CAPACITY   RATIO  TARGET RATIO  EFFECTIVE RATIO  BIAS  PG_NUM  NEW PG_NUM  AUTOSCALE  
device_health_metrics          0                 3.0        567.4T  0.0000                                  1.0       1              on         
default.rgw.control            0                 3.0        567.4T  0.0000                                  1.0     256              on         
default.rgw.buckets.data    9603G                1.5        567.4T  0.0248                                  1.0    8192              on         
default.rgw.buckets.index  113.2G                3.0        567.4T  0.0006                                  1.0     512              on         
default.rgw.log             5049k                3.0        567.4T  0.0000                                  1.0     256              on         
default.rgw.meta            3817k                3.0        567.4T  0.0000                                  1.0     256              on         
.rgw.root                   1323                 3.0        567.4T  0.0000                                  1.0     256              on         

RGW netstat & qlen/qactive ...
f10-h01-000-6049p.rdu2.scalelab.redhat.com
Proto Recv-Q Send-Q Local Address           Foreign Address         State       PID/Program name    
tcp        0      0 172.17.36.220:8080      0.0.0.0:*               LISTEN      522247/radosgw      
        "qlen": 283,
        "qactive": 283,
f10-h05-000-6049p.rdu2.scalelab.redhat.com
Proto Recv-Q Send-Q Local Address           Foreign Address         State       PID/Program name    
tcp        0      0 172.17.36.178:8080      0.0.0.0:*               LISTEN      1212254/radosgw     
        "qlen": 236,
        "qactive": 236,
f10-h09-000-6049p.rdu2.scalelab.redhat.com
Proto Recv-Q Send-Q Local Address           Foreign Address         State       PID/Program name    
tcp        0      0 172.17.39.213:8080      0.0.0.0:*               LISTEN      1217193/radosgw     
        "qlen": 118,
        "qactive": 118,
f10-h13-000-6049p.rdu2.scalelab.redhat.com
Proto Recv-Q Send-Q Local Address           Foreign Address         State       PID/Program name    
tcp        0      0 172.17.39.109:8080      0.0.0.0:*               LISTEN      1218568/radosgw     
        "qlen": 265,
        "qactive": 265,

--------------------------------------------------------

2022/02/10-12:05:28: RESHARD Queue Length 1
2022/02/10-12:05:28: RESHARD List []

LA: 2022/02/10-12:05:28:   21.35, 16.45, 9.99

RGW stats:          proc   %cpu %mem  vsz    rss     memused       memlimit
f10-h01-000-6049p.rdu2.scalelab.redhat.com   radosgw 377 0.0 9969508 389252   362841149440   9223372036854771712
f10-h05-000-6049p.rdu2.scalelab.redhat.com   radosgw 360 0.0 9958660 291520   373379432448   9223372036854771712
f10-h09-000-6049p.rdu2.scalelab.redhat.com   radosgw 359 0.0 10008780 299736   377050394624   9223372036854771712
f10-h13-000-6049p.rdu2.scalelab.redhat.com   radosgw 370 0.1 10013224 421432   375424630784   9223372036854771712

OSD: 
2022/02/10-12:05:31: f10-h01-000-6049p.rdu2.scalelab.redhat.com ceph-osd        45.6  0.9 5972844 3580668
ceph-osd        64.4  1.0 6144972 4107844
ceph-osd        53.8  0.9 6068252 3800252
ceph-osd        51.4  1.0 5936328 4003504
