2022/02/11-05:01:07: runIOworkload.sh - Created logfile: ./RESULTS/runIOworkload.sh_20220211-050105.log
Runtime Environment:
Linux f10-h29-b02-5039ms.rdu2.scalelab.redhat.com 4.18.0-348.el8.x86_64 #1 SMP Mon Oct 4 12:17:22 EDT 2021 x86_64 x86_64 x86_64 GNU/Linux
Red Hat Enterprise Linux release 8.5 (Ootpa)
ceph version 16.2.7-50.el8cp (c90bc12825144dad216e585dfc37fcad96f9b777) pacific (stable)
2022/02/11-05:01:07: > runmode=containerized
Key Variable Values:
2022/02/11-05:01:07: > pollinterval=300
2022/02/11-05:01:07: > RESULTSDIR=./RESULTS
Cluster variable settings:
2022/02/11-05:01:07: > MONhostname=f13-h26-b04-5039ms.rdu2.scalelab.redhat.com
2022/02/11-05:01:07: > RGWhostname=f10-h01-000-6049p.rdu2.scalelab.redhat.com
2022/02/11-05:01:07: ---------------------------------
2022/02/11-05:01:07: BEGIN /root/git_repo/DFGRGWtest/RGWtest/measure.xml contents:
<?xml version="1.0" encoding="UTF-8" ?>
<workload name="hybridSS" description="RGW testing">


<!-- Initialization -->
  <storage type="s3" config="timeout=900000;accesskey=J5R44SUNTK94AB7KRL2S;secretkey=mxgvXdh9v8VDQVtMhkIehUIrcco1apQyxGBR0BfS;endpoint=http://localhost:5000;path_style_access=true"/>
  <auth type="none"/>

  <workflow>

<!-- Use operation mix & object sizes as defined in vars.shinc	 -->

    <workstage name="MAIN">
        <work name="hybrid" workers="1988" runtime="3600" >
            <operation name="writeOP" type="write" ratio="36" config="containers=u(1,2);objects=u(1,75000000);sizes=h(1|2|25,2|4|40,4|8|25,8|256|10)KB" />
            <operation name="deleteOP" type="delete" ratio="5" config="containers=u(1,2);objects=u(1,75000000);sizes=h(1|2|25,2|4|40,4|8|25,8|256|10)KB" />
	    <operation name="readOP" type="read" ratio="44" config="containers=u(3,5);objects=u(1,75000000);hashCheck=true" />
            <operation name="listOP" type="list" ratio="15" config="containers=u(3,5);objects=u(1,75000000);hashCheck=true" />
        </work>
    </workstage>

  </workflow>

</workload>
2022/02/11-05:01:07: END /root/git_repo/DFGRGWtest/RGWtest/measure.xml
2022/02/11-05:01:07: 
CLASS     SIZE    AVAIL    USED  RAW USED  %RAW USED
TOTAL  567 TiB  510 TiB  57 TiB    57 TiB      10.08
POOL                       ID   PGS   STORED  OBJECTS     USED  %USED  MAX AVAIL
GC: 2022/02/11-05:01:08: Pending GC's == 1
2022/02/11-05:01:08: START: poll backgrd process
2022/02/11-05:01:09: ** POLL started

ceph balancer status
{
    "active": true,
    "last_optimize_duration": "0:00:00.119477",
    "last_optimize_started": "Fri Feb 11 05:00:26 2022",
    "mode": "upmap",
    "optimize_result": "Unable to find further optimization, or pool(s) pg_num is decreasing, or distribution is already perfect",
    "plans": []
}
2022/02/11-05:01:10: POLL backgrd processID 262434
2022/02/11-05:01:10: START: cosbench launched
2022/02/11-05:01:11: OSD Settings:      "bluefs_buffered_io": "true",
    "bluestore_cache_trim_max_skip_pinned": "1000",
    "bluestore_rocksdb_options": "compression=kNoCompression,max_write_buffer_number=4,min_write_buffer_number_to_merge=1,recycle_log_file_num=4,write_buffer_size=268435456,writable_file_max_buffer_size=0,compaction_readahead_size=2097152,max_background_compactions=2,max_total_wal_size=1073741824",
    "bluestore_rocksdb_options_annex": "",
    "debug_objclass": "0/5",
    "log_to_file": "true",
    "mon_cluster_log_to_file": "true",
    "osd_crush_initial_weight": "-1.000000",
    "osd_deep_scrub_interval": "604800.000000",
    "osd_deep_scrub_large_omap_object_key_threshold": "200000",
    "osd_delete_sleep": "0.000000",
    "osd_delete_sleep_hdd": "5.000000",
    "osd_delete_sleep_hybrid": "1.000000",
    "osd_delete_sleep_ssd": "1.000000",
    "osd_max_backfills": "1",
    "osd_max_scrubs": "1",
    "osd_memory_target": "4294967296",
    "osd_memory_target_autotune": "false",
    "osd_memory_target_cgroup_limit_ratio": "0.800000",
    "osd_op_thread_timeout": "15",
    "osd_recovery_max_omap_entries_per_chunk": "8096",
    "osd_scrub_auto_repair": "false",
    "osd_scrub_auto_repair_num_errors": "5",
    "osd_scrub_begin_hour": "0",
    "osd_scrub_during_recovery": "false",
    "osd_scrub_end_hour": "0",
    "osd_scrub_max_interval": "604800.000000",
    "osd_scrub_sleep": "0.000000",
    "rocksdb_cache_size": "536870912",
2022/02/11-05:01:11: RGW Settings:      "debug_ms": "0/0",
    "debug_rgw": "1/5",
    "debug_rgw_sync": "1/5",
    "log_to_file": "true",
    "mon_cluster_log_to_file": "true",
    "rgw_dynamic_resharding": "true",
    "rgw_frontend_defaults": "beast ssl_certificate=config://rgw/cert/$realm/$zone.crt ssl_private_key=config://rgw/cert/$realm/$zone.key",
    "rgw_frontends": "beast endpoint=172.17.36.220:8080",
    "rgw_gc_max_concurrent_io": "10",
    "rgw_gc_max_deferred": "50",
    "rgw_gc_max_deferred_entries_size": "3072",
    "rgw_gc_max_objs": "32",
    "rgw_gc_max_queue_size": "134213632",
    "rgw_gc_max_trim_chunk": "16",
    "rgw_gc_obj_min_wait": "7200",
    "rgw_gc_processor_max_time": "3600",
    "rgw_gc_processor_period": "3600",
    "rgw_max_concurrent_requests": "2048",
    "rgw_override_bucket_index_max_shards": "0",
    "rgw_run_sync_thread": "true",
    "rgw_thread_pool_size": "1024",
2022/02/11-05:01:12: Accepted with ID: w4
2022/02/11-05:01:12: COSbench jobID is: w4 - Started

OSD swapon -s ...
f11-h05-000-6049p.rdu2.scalelab.redhat.com | CHANGED | rc=0 | (stdout) 
f11-h17-000-6049p.rdu2.scalelab.redhat.com | CHANGED | rc=0 | (stdout) 
f11-h01-000-6049p.rdu2.scalelab.redhat.com | CHANGED | rc=0 | (stdout) 
f11-h13-000-6049p.rdu2.scalelab.redhat.com | CHANGED | rc=0 | (stdout) 
f11-h09-000-6049p.rdu2.scalelab.redhat.com | CHANGED | rc=0 | (stdout) 
f10-h05-000-6049p.rdu2.scalelab.redhat.com | CHANGED | rc=0 | (stdout) 
f10-h09-000-6049p.rdu2.scalelab.redhat.com | CHANGED | rc=0 | (stdout) 
f10-h13-000-6049p.rdu2.scalelab.redhat.com | CHANGED | rc=0 | (stdout) 
f10-h17-000-6049p.rdu2.scalelab.redhat.com | CHANGED | rc=0 | (stdout) 
f10-h21-000-6049p.rdu2.scalelab.redhat.com | CHANGED | rc=0 | (stdout) 
f10-h25-000-6049p.rdu2.scalelab.redhat.com | CHANGED | rc=0 | (stdout) 
f10-h01-000-6049p.rdu2.scalelab.redhat.com | CHANGED | rc=0 | (stdout) 

2022/02/11-05:01:16: %RAW USED 10.08; Pending GCs 

--------------------------------------------------------

2022/02/11-05:01:19: RESHARD Queue Length 1
2022/02/11-05:01:19: RESHARD List []

LA: 2022/02/11-05:01:19:   2.61, 1.31, 1.57

RGW stats:          proc   %cpu %mem  vsz    rss     memused       memlimit
f10-h01-000-6049p.rdu2.scalelab.redhat.com   radosgw 222 0.0 9814584 294168   371239792640   9223372036854771712
f10-h05-000-6049p.rdu2.scalelab.redhat.com   radosgw 225 0.0 9875020 297720   368812134400   9223372036854771712
f10-h09-000-6049p.rdu2.scalelab.redhat.com   radosgw 223 0.0 9923224 274208   383964655616   9223372036854771712
f10-h13-000-6049p.rdu2.scalelab.redhat.com   radosgw 225 0.0 9801340 257476   377285423104   9223372036854771712
f10-h17-000-6049p.rdu2.scalelab.redhat.com   radosgw 220 0.0 9829440 279328   368371105792   9223372036854771712
f10-h21-000-6049p.rdu2.scalelab.redhat.com   radosgw 224 0.0 9812028 285900   367358115840   9223372036854771712
f10-h25-000-6049p.rdu2.scalelab.redhat.com   radosgw 224 0.0 9912128 282524   384085348352   9223372036854771712
f11-h01-000-6049p.rdu2.scalelab.redhat.com   radosgw 224 0.0 9942372 293108   356651229184   9223372036854771712
f11-h05-000-6049p.rdu2.scalelab.redhat.com   radosgw 229 0.0 10031144 313608   377836138496   9223372036854771712
f11-h09-000-6049p.rdu2.scalelab.redhat.com   radosgw 223 0.0 9868700 271176   377136189440   9223372036854771712
f11-h13-000-6049p.rdu2.scalelab.redhat.com   radosgw 225 0.0 9829848 270192   367947702272   9223372036854771712
f11-h17-000-6049p.rdu2.scalelab.redhat.com   radosgw 224 0.0 9899020 285632   369107505152   9223372036854771712

OSD: 
2022/02/11-05:01:26: f10-h01-000-6049p.rdu2.scalelab.redhat.com ceph-osd        33.4  1.0 6055760 4047408
ceph-osd        43.7  0.9 5978028 3877196
ceph-osd        36.0  1.0 5945740 4059972
ceph-osd        35.5  1.0 5858004 4050760
ceph-osd        37.4  0.9 5835224 3917200
ceph-osd        36.5  1.0 6040652 4093188
ceph-osd        36.2  0.9 6047996 3894712
ceph-osd        39.2  1.0 5917880 4101004
ceph-osd        42.8  1.0 5938868 4145764
ceph-osd        35.7  1.0 5885904 4072472
ceph-osd        39.8  1.0 5953788 3973136
ceph-osd        42.0  0.9 5855336 3753592
ceph-osd        41.2  0.9 5912596 3943424
ceph-osd        35.2  0.9 6028612 3848628
ceph-osd        35.7  0.9 5905780 3858464
ceph-osd        41.6  0.9 5885864 3842932
ceph-osd        41.0  1.0 5912100 4080356
ceph-osd        36.1  0.9 5986820 3558088
ceph-osd        32.8  1.0 5887044 4038068
ceph-osd        35.9  1.0 5884220 4005032
ceph-osd        33.6  1.0 5888492 4001276
ceph-osd        40.7  1.0 5857988 4154540
ceph-osd        34.9  1.0 6090196 4031304
ceph-osd        44.2  0.9 5808732 3865444
2022/02/11-05:01:26: f10-h05-000-6049p.rdu2.scalelab.redhat.com ceph-osd        41.7  1.0 5846008 4145164
ceph-osd        39.5  1.0 6036704 4038808
ceph-osd        40.1  1.0 5937500 4075276
ceph-osd        36.8  1.0 5946228 3994088
ceph-osd        31.3  0.9 6053240 3691216
ceph-osd        33.2  1.0 6079208 4023884
ceph-osd        41.6  1.0 6035912 4016292
ceph-osd        36.1  0.9 5862140 3770144
ceph-osd        35.9  1.0 5926540 4019844
ceph-osd        35.2  1.0 5892576 4098060
ceph-osd        31.3  1.0 6027228 4114280
ceph-osd        34.3  1.0 5953328 4046924
ceph-osd        35.9  0.9 5916056 3867244
ceph-osd        39.0  0.9 5979600 3901936
ceph-osd        36.5  1.0 5793712 4137720
ceph-osd        41.8  1.0 5929024 4135120
ceph-osd        43.3  1.0 5945140 4055220
ceph-osd        34.1  1.0 5952176 4071500
ceph-osd        37.7  1.0 5977020 4052592
ceph-osd        39.3  0.9 5878284 3777744
ceph-osd        36.0  1.0 5916192 4107348
ceph-osd        39.0  1.0 5864540 4023336
ceph-osd        33.6  0.9 5880216 3836568
ceph-osd        38.8  1.0 5817576 4074572
2022/02/11-05:01:26: f10-h09-000-6049p.rdu2.scalelab.redhat.com ceph-osd        35.7  0.9 5906824 3876504
ceph-osd        40.4  0.9 5892364 3850668
ceph-osd        36.6  1.0 5927396 4034592
ceph-osd        36.7  1.0 5970488 4103220
ceph-osd        43.9  1.0 5997220 4032624
ceph-osd        30.9  1.0 6000172 4122240
ceph-osd        37.3  1.0 5951116 4090504
ceph-osd        36.9  0.9 5892684 3600128
ceph-osd        32.9  0.9 5975932 3789176
ceph-osd        31.1  1.0 5909124 4064240
ceph-osd        40.1  0.9 5934260 3850604
ceph-osd        35.3  1.0 5860244 4083444
ceph-osd        35.1  1.0 5948404 4147552
ceph-osd        37.2  1.0 6039964 4001936
ceph-osd        38.3  1.0 6069144 4157304
ceph-osd        48.5  1.0 5961788 4038460
ceph-osd        32.5  0.9 5960688 3941276
ceph-osd        35.6  0.9 5794924 3824312
ceph-osd        41.1  1.0 5724016 4070540
ceph-osd        36.5  1.0 5926624 4097216
ceph-osd        36.8  1.0 5971716 3952000
ceph-osd        33.2  1.0 5883396 4113076
ceph-osd        47.4  1.0 5888264 3985360
ceph-osd        34.4  1.0 5933888 4031424
2022/02/11-05:01:26: f10-h13-000-6049p.rdu2.scalelab.redhat.com ceph-osd        30.6  1.0 5846680 4115376
ceph-osd        34.5  1.0 5888012 4101124
ceph-osd        30.3  0.9 6083644 3876340
ceph-osd        36.2  1.0 5967224 4040268
ceph-osd        35.8  1.0 5906240 4100208
ceph-osd        35.5  0.9 5777656 3664392
ceph-osd        36.6  1.0 5931416 4095336
ceph-osd        35.6  1.0 5880872 3951016
ceph-osd        34.4  0.9 6038844 3696944
ceph-osd        34.5  1.0 5869660 3977592
ceph-osd        31.0  1.0 5936044 4027156
ceph-osd        41.5  0.9 6014044 3794300
ceph-osd        39.0  0.9 5836324 3620248
ceph-osd        34.3  1.0 5872264 4044740
ceph-osd        35.1  1.0 5871192 4115484
ceph-osd        33.2  1.0 5832144 4068512
ceph-osd        41.9  1.0 5890400 4112236
ceph-osd        42.2  1.0 5945960 4101248
ceph-osd        41.1  1.0 5877416 4098560
ceph-osd        39.3  0.9 5827472 3843612
ceph-osd        37.4  1.0 6010028 4150956
ceph-osd        42.3  1.0 5888140 4166724
ceph-osd        40.5  1.0 5910348 4045532
ceph-osd        43.4  1.0 5889576 4040992
2022/02/11-05:01:26: f10-h17-000-6049p.rdu2.scalelab.redhat.com ceph-osd        35.1  0.9 5907028 3908688
ceph-osd        43.0  0.9 5920644 3903876
ceph-osd        32.7  0.9 5887868 3611224
ceph-osd        36.2  1.0 5889420 4115348
ceph-osd        35.0  1.0 5911656 3961108
ceph-osd        33.6  1.0 5929200 3983764
ceph-osd        40.5  0.9 5881116 3787612
ceph-osd        35.2  1.0 5870340 4097624
ceph-osd        37.3  1.0 5760684 4055696
ceph-osd        35.4  1.0 5888564 4010908
ceph-osd        37.5  1.0 5887580 4093584
ceph-osd        39.9  1.0 5868468 3994724
ceph-osd        36.0  1.0 6029344 4039944
ceph-osd        35.6  0.9 5926152 3795532
ceph-osd        38.1  1.0 5978940 4145508
ceph-osd        34.3  1.0 5891056 4042648
ceph-osd        34.9  1.0 5886440 4133528
ceph-osd        33.8  0.9 5915400 3865472
ceph-osd        32.0  0.9 5959368 3901668
ceph-osd        38.5  0.9 5882352 3844660
ceph-osd        30.2  1.0 5951316 3957880
ceph-osd        31.2  0.9 5964068 3776044
ceph-osd        42.9  0.9 5942528 3916108
ceph-osd        37.6  1.0 5886144 3957976
2022/02/11-05:01:27: f10-h21-000-6049p.rdu2.scalelab.redhat.com ceph-osd        36.5  1.0 5890908 4043904
ceph-osd        36.7  1.0 5850272 3985256
ceph-osd        36.0  0.9 5942500 3672376
ceph-osd        38.1  1.0 5968236 4077444
ceph-osd        35.0  0.9 6069576 3875428
ceph-osd        41.5  0.9 5946032 3862592
ceph-osd        36.3  1.0 5945100 4112520
ceph-osd        32.3  1.0 5917140 4056760
ceph-osd        31.7  1.0 5846316 4100100
ceph-osd        38.3  1.0 5971136 4079360
ceph-osd        31.5  1.0 5938488 4117292
ceph-osd        33.8  0.9 5929724 3799400
ceph-osd        35.0  1.0 5857292 4094536
ceph-osd        42.3  1.0 5904584 3949996
ceph-osd        33.0  1.0 5960096 4047896
ceph-osd        40.5  1.0 5856968 4095332
ceph-osd        35.5  0.9 5860952 3820296
ceph-osd        35.2  1.0 5919628 4061764
ceph-osd        35.5  1.0 5890840 4116336
ceph-osd        35.0  0.9 5793736 3842816
ceph-osd        44.7  0.9 5953836 3909520
ceph-osd        34.5  1.0 5938260 4044556
ceph-osd        38.1  1.0 5902220 4093896
ceph-osd        44.5  0.9 5855416 3865232
2022/02/11-05:01:27: f10-h25-000-6049p.rdu2.scalelab.redhat.com ceph-osd        35.9  0.9 5991136 3823644
ceph-osd        28.6  0.9 5919796 3937232
ceph-osd        38.9  0.9 5938964 3695616
ceph-osd        36.2  1.0 5852700 4074552
ceph-osd        39.2  1.0 5807256 3970324
ceph-osd        32.0  1.0 6027564 4022152
ceph-osd        34.9  1.0 5886824 4112728
ceph-osd        36.5  1.0 5936680 4041752
ceph-osd        32.1  0.9 5970716 3920324
ceph-osd        30.1  1.0 5931300 4115996
ceph-osd        34.7  1.0 5843776 4113508
ceph-osd        33.3  0.9 5954316 3936928
ceph-osd        40.9  0.9 5992644 3871096
ceph-osd        35.7  0.9 5909944 3937804
ceph-osd        40.5  0.9 5971120 3856600
ceph-osd        33.8  0.9 6010620 3817148
ceph-osd        31.4  0.9 5873856 3858108
ceph-osd        30.2  1.0 5822072 3992788
ceph-osd        34.0  1.0 5753184 4056764
ceph-osd        35.5  0.9 5922956 3881080
ceph-osd        39.1  1.0 5877620 4154772
ceph-osd        43.3  1.0 5830564 4120164
ceph-osd        32.1  1.0 5929172 4106088
ceph-osd        38.2  1.0 5956660 4076880
2022/02/11-05:01:27: f11-h01-000-6049p.rdu2.scalelab.redhat.com ceph-osd        33.6  1.0 5923172 4062700
ceph-osd        39.1  1.0 5856196 4041064
ceph-osd        38.7  1.0 6026028 4081728
ceph-osd        37.1  0.9 5923896 3767284
ceph-osd        34.9  1.0 6006908 4079920
ceph-osd        39.7  0.9 5902436 3867280
ceph-osd        43.2  1.0 5735448 4038220
ceph-osd        44.6  0.9 5851080 3874016
ceph-osd        33.4  1.0 5813516 4011180
ceph-osd        30.6  0.9 5921984 3943084
ceph-osd        38.2  1.0 5980660 3953404
ceph-osd        34.6  0.9 6128764 3576380
ceph-osd        46.5  1.0 5906776 3961312
ceph-osd        37.7  0.9 5970152 3745664
ceph-osd        34.5  0.9 5875964 3907248
ceph-osd        38.9  1.0 5927472 4066744
ceph-osd        33.2  1.0 5887628 4163132
ceph-osd        32.6  1.0 5937352 4099084
ceph-osd        36.7  1.0 5836404 4026528
ceph-osd        40.2  0.8 5852416 3526364
ceph-osd        32.9  0.9 6023596 3765296
ceph-osd        31.7  1.0 5985416 4123324
ceph-osd        35.4  0.9 5938704 3812296
ceph-osd        34.6  0.9 5848408 3895636
2022/02/11-05:01:27: f11-h05-000-6049p.rdu2.scalelab.redhat.com ceph-osd        40.9  0.9 5885740 3830452
ceph-osd        35.7  0.9 6073548 3869752
ceph-osd        34.2  1.0 6061640 4171016
ceph-osd        31.5  1.0 6008380 4125540
ceph-osd        35.5  0.9 5829372 3934444
ceph-osd        32.2  1.0 5701928 4033700
ceph-osd        34.7  1.0 5950544 4050860
ceph-osd        40.4  1.0 5748920 4103052
ceph-osd        37.7  1.0 5947712 4074104
ceph-osd        35.7  1.0 5792388 4068136
ceph-osd        40.0  1.0 5879980 4067148
ceph-osd        37.8  1.0 5859328 4060092
ceph-osd        32.8  0.9 5828188 3752228
ceph-osd        33.0  1.0 5952204 3961324
ceph-osd        40.0  1.0 5794604 4120088
ceph-osd        35.1  0.9 5905288 3865068
ceph-osd        40.4  1.0 5822460 4091720
ceph-osd        35.4  1.0 5967968 4084536
ceph-osd        40.0  1.0 5843372 4028092
ceph-osd        37.2  0.9 5852444 3936084
ceph-osd        42.2  1.0 5932800 4088792
ceph-osd        36.0  1.0 5825804 3951744
ceph-osd        30.9  1.0 5869744 3955216
ceph-osd        37.2  0.9 5915204 3897744
2022/02/11-05:01:27: f11-h09-000-6049p.rdu2.scalelab.redhat.com ceph-osd        41.3  0.9 5863768 3806892
ceph-osd        35.4  0.9 5887084 3775432
ceph-osd        29.7  1.0 5850216 4139160
ceph-osd        35.9  1.0 5906972 4112260
ceph-osd        40.0  0.9 5795948 3757964
ceph-osd        37.3  0.9 5832092 3881104
ceph-osd        36.3  1.0 5927172 4138592
ceph-osd        30.5  1.0 5820140 4023420
ceph-osd        37.8  0.9 5900160 3923624
ceph-osd        31.8  1.0 5931432 4043532
ceph-osd        40.1  0.9 5875636 3796648
ceph-osd        30.5  0.9 5894104 3883136
ceph-osd        34.1  0.9 5925236 3852780
ceph-osd        39.1  1.0 6010668 4096360
ceph-osd        32.2  1.0 5926660 4067820
ceph-osd        31.1  1.0 5921660 4073100
ceph-osd        36.8  0.9 5855192 3742108
ceph-osd        37.6  0.9 5970744 3859268
ceph-osd        36.0  1.0 5857988 4159188
ceph-osd        40.6  1.0 5960100 4117000
ceph-osd        35.9  0.9 5866040 3867444
ceph-osd        38.2  1.0 5944516 4080852
ceph-osd        38.4  1.0 5828952 3996980
ceph-osd        35.1  1.0 5867056 4097152
2022/02/11-05:01:28: f11-h13-000-6049p.rdu2.scalelab.redhat.com ceph-osd        33.1  1.0 6044492 4090092
ceph-osd        37.1  0.9 5964848 3800436
ceph-osd        36.2  1.0 5908592 4005032
ceph-osd        37.7  0.9 5903344 3934868
ceph-osd        35.2  1.0 5880804 4101100
ceph-osd        33.2  1.0 6062316 4130640
ceph-osd        37.6  1.0 5929184 4130748
ceph-osd        35.2  1.0 5828932 4081236
ceph-osd        35.3  0.9 5856412 3785084
ceph-osd        35.3  0.9 6047840 3945068
ceph-osd        33.4  1.0 5896004 4167532
ceph-osd        34.1  1.0 5971596 4065748
ceph-osd        37.0  1.0 5905788 4142788
ceph-osd        36.7  1.0 5814092 4098928
ceph-osd        40.8  1.0 5845084 4067396
ceph-osd        32.7  1.0 5912864 3985740
ceph-osd        36.7  0.9 5862384 3896376
ceph-osd        45.7  0.9 5846232 3732508
ceph-osd        30.7  1.0 5945580 4082428
ceph-osd        33.3  1.0 5908320 4141160
ceph-osd        35.5  1.0 5939056 4079696
ceph-osd        29.9  1.0 5894508 4043568
ceph-osd        37.0  1.0 5977120 4068080
ceph-osd        48.2  1.0 5936672 4120060
2022/02/11-05:01:28: f11-h17-000-6049p.rdu2.scalelab.redhat.com ceph-osd        32.1  0.9 5934620 3886376
ceph-osd        28.8  0.9 5923048 3920812
ceph-osd        36.9  0.9 5864856 3823984
ceph-osd        41.4  1.0 5929352 4067972
ceph-osd        34.2  1.0 5896532 4077108
ceph-osd        30.0  1.0 5940980 4036472
ceph-osd        36.3  1.0 5885556 4105300
ceph-osd        37.3  1.0 5871628 4059428
ceph-osd        34.3  1.0 5943144 4063592
ceph-osd        32.5  1.0 6028184 4025096
ceph-osd        38.6  1.0 5852604 4020088
ceph-osd        40.7  1.0 5816712 4086044
ceph-osd        35.9  1.0 5746928 3974404
ceph-osd        36.9  0.9 5895264 3844872
ceph-osd        37.0  0.9 5805724 3877216
ceph-osd        34.1  1.0 5903840 4105488
ceph-osd        45.2  1.0 5820252 4123824
ceph-osd        40.1  0.9 5837352 3837616
ceph-osd        31.6  0.9 5938740 3788232
ceph-osd        44.2  0.9 5822100 3750352
ceph-osd        33.9  1.0 5760736 4071092
ceph-osd        32.6  1.0 5963468 4154008
ceph-osd        40.5  1.0 5864184 4172952
ceph-osd        34.8  1.0 5938056 4050488

Site1 buckets (rgw):
2022/02/11-05:01:28: 

Cluster status
  cluster:
    id:     259f4a8e-8a30-11ec-b380-ac1f6b2d5d2a
    health: HEALTH_OK
 
  services:
    mon: 3 daemons, quorum f13-h26-b04-5039ms.rdu2.scalelab.redhat.com,f13-h26-b07-5039ms,f13-h26-b08-5039ms (age 8h)
    mgr: f13-h26-b04-5039ms.rdu2.scalelab.redhat.com.gggmog(active, since 8h), standbys: f13-h26-b08-5039ms.lgcsid, f13-h26-b07-5039ms.mryrto
    osd: 288 osds: 288 up (since 5h), 288 in (since 23h)
    rgw: 12 daemons active (12 hosts, 1 zones)
 
  data:
    pools:   7 pools, 9729 pgs
    objects: 358.48M objects, 4.9 TiB
    usage:   57 TiB used, 510 TiB / 567 TiB avail
    pgs:     9729 active+clean
 
  io:
    client:   219 MiB/s rd, 127 MiB/s wr, 120.65k op/s rd, 101.80k op/s wr
 
2022/02/11-05:01:29: ceph df detail --- RAW STORAGE ---
CLASS     SIZE    AVAIL    USED  RAW USED  %RAW USED
hdd    567 TiB  510 TiB  57 TiB    57 TiB      10.08
TOTAL  567 TiB  510 TiB  57 TiB    57 TiB      10.08
 
--- POOLS ---
POOL                       ID   PGS   STORED   (DATA)   (OMAP)  OBJECTS     USED   (DATA)   (OMAP)  %USED  MAX AVAIL  QUOTA OBJECTS  QUOTA BYTES  DIRTY  USED COMPR  UNDER COMPR
device_health_metrics       1     1  856 KiB      0 B  856 KiB      315  2.5 MiB      0 B  2.5 MiB      0    161 TiB            N/A          N/A    N/A         0 B          0 B
default.rgw.control        12   256      0 B      0 B      0 B        8      0 B      0 B      0 B      0    161 TiB            N/A          N/A    N/A         0 B          0 B
default.rgw.buckets.data   13  8192  9.0 TiB  9.0 TiB      0 B  358.47M   13 TiB   13 TiB      0 B   2.72    321 TiB            N/A          N/A    N/A         0 B          0 B
default.rgw.buckets.index  14   512  121 GiB      0 B  121 GiB    6.36k  363 GiB      0 B  363 GiB   0.07    161 TiB            N/A          N/A    N/A         0 B          0 B
default.rgw.log            15   256  3.2 MiB   58 KiB  3.2 MiB      403   12 MiB  2.7 MiB  9.5 MiB      0    161 TiB            N/A          N/A    N/A         0 B          0 B
default.rgw.meta           16   256  1.9 MiB  3.6 KiB  1.9 MiB       17  5.8 MiB  192 KiB  5.6 MiB      0    161 TiB            N/A          N/A    N/A         0 B          0 B
.rgw.root                  17   256  1.3 KiB  1.3 KiB      0 B        4   48 KiB   48 KiB      0 B      0    161 TiB            N/A          N/A    N/A         0 B          0 B

Site1 pool PG counts:
pool 1 'device_health_metrics' replicated size 3 min_size 2 crush_rule 0 object_hash rjenkins pg_num 1 pgp_num 1 autoscale_mode on last_change 2770 flags hashpspool stripe_width 0 pg_num_min 1 application mgr_devicehealth,rgw
pool 12 'default.rgw.control' replicated size 3 min_size 2 crush_rule 0 object_hash rjenkins pg_num 256 pgp_num 256 autoscale_mode on last_change 896 flags hashpspool stripe_width 0 pg_num_min 256 application rgw
pool 13 'default.rgw.buckets.data' erasure profile myprofile size 6 min_size 5 crush_rule 1 object_hash rjenkins pg_num 8192 pgp_num 8192 autoscale_mode on last_change 918 lfor 0/0/916 flags hashpspool stripe_width 16384 pg_num_min 8192 application rgw
pool 14 'default.rgw.buckets.index' replicated size 3 min_size 2 crush_rule 0 object_hash rjenkins pg_num 512 pgp_num 512 autoscale_mode on last_change 898 flags hashpspool stripe_width 0 pg_num_min 512 application rgw
pool 15 'default.rgw.log' replicated size 3 min_size 2 crush_rule 0 object_hash rjenkins pg_num 256 pgp_num 256 autoscale_mode on last_change 899 flags hashpspool stripe_width 0 pg_num_min 256 application rgw
pool 16 'default.rgw.meta' replicated size 3 min_size 2 crush_rule 0 object_hash rjenkins pg_num 256 pgp_num 256 autoscale_mode on last_change 900 flags hashpspool stripe_width 0 pg_num_min 256 application rgw
pool 17 '.rgw.root' replicated size 3 min_size 2 crush_rule 0 object_hash rjenkins pg_num 256 pgp_num 256 autoscale_mode on last_change 901 flags hashpspool stripe_width 0 pg_num_min 256 application rgw


Site1 buckets df
2022/02/11-05:01:30: POOL                       ID   PGS   STORED  OBJECTS     USED  %USED  MAX AVAIL
default.rgw.control        12   256      0 B        8      0 B      0    161 TiB
default.rgw.buckets.data   13  8192  9.0 TiB  358.47M   13 TiB   2.72    321 TiB
default.rgw.buckets.index  14   512  121 GiB    6.36k  363 GiB   0.07    161 TiB
default.rgw.log            15   256  3.2 MiB      403   12 MiB      0    161 TiB
default.rgw.meta           16   256  1.9 MiB       17  5.8 MiB      0    161 TiB

OSD/RGW free:
2022/02/11-05:01:30: f10-h01-000-6049p.rdu2.scalelab.redhat.com                total        used        free      shared  buff/cache   available
Mem:          376Gi        95Gi        15Gi       4.1Gi       265Gi       273Gi
Swap:            0B          0B          0B

Ceph osd df:
2022/02/11-05:01:30: ID   CLASS  WEIGHT   REWEIGHT  SIZE     RAW USE  DATA    OMAP      META     AVAIL    %USE   VAR   PGS  STATUS
  0    hdd  1.97049   1.00000  2.0 TiB  202 GiB  47 GiB   1.1 GiB   13 GiB  1.8 TiB  10.03  1.00  178      up
  1    hdd  1.97049   1.00000  2.0 TiB  204 GiB  49 GiB   1.8 GiB   14 GiB  1.8 TiB  10.12  1.00  192      up
  2    hdd  1.97049   1.00000  2.0 TiB  204 GiB  49 GiB   2.4 GiB   14 GiB  1.8 TiB  10.12  1.00  197      up
  3    hdd  1.97049   1.00000  2.0 TiB  202 GiB  47 GiB   1.1 GiB   13 GiB  1.8 TiB  10.02  0.99  186      up
  4    hdd  1.97049   1.00000  2.0 TiB  204 GiB  49 GiB   1.1 GiB   14 GiB  1.8 TiB  10.11  1.00  190      up
  5    hdd  1.97049   1.00000  2.0 TiB  202 GiB  47 GiB   2.0 GiB   13 GiB  1.8 TiB  10.03  1.00  190      up
  6    hdd  1.97049   1.00000  2.0 TiB  205 GiB  49 GiB   1.4 GiB   14 GiB  1.8 TiB  10.14  1.01  191      up
  7    hdd  1.97049   1.00000  2.0 TiB  202 GiB  47 GiB   1.4 GiB   13 GiB  1.8 TiB  10.03  0.99  183      up
  8    hdd  1.97049   1.00000  2.0 TiB  202 GiB  47 GiB   659 MiB   13 GiB  1.8 TiB  10.03  0.99  174      up
  9    hdd  1.97049   1.00000  2.0 TiB  202 GiB  47 GiB   2.0 GiB   13 GiB  1.8 TiB  10.03  0.99  189      up
 10    hdd  1.97049   1.00000  2.0 TiB  205 GiB  49 GiB   1.7 GiB   14 GiB  1.8 TiB  10.14  1.01  190      up
 11    hdd  1.97049   1.00000  2.0 TiB  202 GiB  47 GiB   1.3 GiB   13 GiB  1.8 TiB  10.03  0.99  179      up
 12    hdd  1.97049   1.00000  2.0 TiB  205 GiB  49 GiB   694 MiB   14 GiB  1.8 TiB  10.14  1.01  190      up
 13    hdd  1.97049   1.00000  2.0 TiB  205 GiB  49 GiB   1.0 GiB   14 GiB  1.8 TiB  10.14  1.01  194      up
 14    hdd  1.97049   1.00000  2.0 TiB  205 GiB  49 GiB   1.8 GiB   14 GiB  1.8 TiB  10.14  1.01  197      up
 15    hdd  1.97049   1.00000  2.0 TiB  205 GiB  49 GiB   916 MiB   14 GiB  1.8 TiB  10.14  1.01  189      up
 16    hdd  1.97049   1.00000  2.0 TiB  203 GiB  48 GiB   1.8 GiB   14 GiB  1.8 TiB  10.08  1.00  194      up
 17    hdd  1.97049   1.00000  2.0 TiB  205 GiB  49 GiB   785 MiB   13 GiB  1.8 TiB  10.14  1.01  189      up
 18    hdd  1.97049   1.00000  2.0 TiB  203 GiB  48 GiB   390 MiB   13 GiB  1.8 TiB  10.07  1.00  182      up
 19    hdd  1.97049   1.00000  2.0 TiB  202 GiB  47 GiB   687 MiB   14 GiB  1.8 TiB  10.03  1.00  182      up
 20    hdd  1.97049   1.00000  2.0 TiB  205 GiB  49 GiB   431 MiB   14 GiB  1.8 TiB  10.14  1.01  191      up
 21    hdd  1.97049   1.00000  2.0 TiB  205 GiB  49 GiB   2.3 GiB   14 GiB  1.8 TiB  10.14  1.01  197      up
 22    hdd  1.97049   1.00000  2.0 TiB  205 GiB  49 GiB   985 MiB   14 GiB  1.8 TiB  10.14  1.01  195      up
 23    hdd  1.97049   1.00000  2.0 TiB  202 GiB  47 GiB   2.1 GiB   13 GiB  1.8 TiB  10.03  0.99  187      up
 32    hdd  1.97049   1.00000  2.0 TiB  205 GiB  49 GiB   934 MiB   14 GiB  1.8 TiB  10.14  1.01  189      up
 42    hdd  1.97049   1.00000  2.0 TiB  203 GiB  48 GiB   491 MiB   14 GiB  1.8 TiB  10.05  1.00  184      up
 53    hdd  1.97049   1.00000  2.0 TiB  205 GiB  49 GiB   541 MiB   14 GiB  1.8 TiB  10.14  1.01  191      up
 63    hdd  1.97049   1.00000  2.0 TiB  203 GiB  48 GiB   805 MiB   14 GiB  1.8 TiB  10.08  1.00  181      up
 73    hdd  1.97049   1.00000  2.0 TiB  203 GiB  48 GiB   1.3 GiB   14 GiB  1.8 TiB  10.07  1.00  187      up
 83    hdd  1.97049   1.00000  2.0 TiB  205 GiB  49 GiB   1.6 GiB   14 GiB  1.8 TiB  10.14  1.01  193      up
 93    hdd  1.97049   1.00000  2.0 TiB  205 GiB  49 GiB   2.5 GiB   14 GiB  1.8 TiB  10.14  1.01  196      up
103    hdd  1.97049   1.00000  2.0 TiB  203 GiB  47 GiB   2.0 GiB   13 GiB  1.8 TiB  10.04  1.00  183      up
113    hdd  1.97049   1.00000  2.0 TiB  205 GiB  49 GiB   1.4 GiB   14 GiB  1.8 TiB  10.14  1.01  198      up
123    hdd  1.97049   1.00000  2.0 TiB  205 GiB  49 GiB   1.7 GiB   14 GiB  1.8 TiB  10.14  1.01  193      up
133    hdd  1.97049   1.00000  2.0 TiB  205 GiB  49 GiB   1.4 GiB   14 GiB  1.8 TiB  10.14  1.01  189      up
143    hdd  1.97049   1.00000  2.0 TiB  205 GiB  49 GiB   417 MiB   14 GiB  1.8 TiB  10.14  1.01  189      up
153    hdd  1.97049   1.00000  2.0 TiB  203 GiB  47 GiB   1.1 GiB   13 GiB  1.8 TiB  10.04  1.00  184      up
163    hdd  1.97049   1.00000  2.0 TiB  203 GiB  48 GiB   1.8 GiB   13 GiB  1.8 TiB  10.05  1.00  187      up
173    hdd  1.97049   1.00000  2.0 TiB  203 GiB  47 GiB   1.7 GiB   14 GiB  1.8 TiB  10.04  1.00  190      up
183    hdd  1.97049   1.00000  2.0 TiB  203 GiB  47 GiB   2.2 GiB   13 GiB  1.8 TiB  10.04  1.00  189      up
193    hdd  1.97049   1.00000  2.0 TiB  205 GiB  49 GiB   2.2 GiB   14 GiB  1.8 TiB  10.14  1.01  189      up
203    hdd  1.97049   1.00000  2.0 TiB  203 GiB  48 GiB   803 MiB   13 GiB  1.8 TiB  10.05  1.00  182      up
213    hdd  1.97049   1.00000  2.0 TiB  205 GiB  49 GiB   642 MiB   14 GiB  1.8 TiB  10.14  1.01  186      up
223    hdd  1.97049   1.00000  2.0 TiB  202 GiB  47 GiB   2.0 GiB   13 GiB  1.8 TiB  10.03  0.99  183      up
233    hdd  1.97049   1.00000  2.0 TiB  202 GiB  47 GiB   722 MiB   13 GiB  1.8 TiB  10.03  0.99  182      up
243    hdd  1.97049   1.00000  2.0 TiB  202 GiB  47 GiB   937 MiB   13 GiB  1.8 TiB  10.03  0.99  183      up
253    hdd  1.97049   1.00000  2.0 TiB  202 GiB  47 GiB   1.1 GiB   13 GiB  1.8 TiB  10.02  0.99  185      up
263    hdd  1.97049   1.00000  2.0 TiB  202 GiB  47 GiB   1.7 GiB   13 GiB  1.8 TiB  10.03  1.00  186      up
 27    hdd  1.97049   1.00000  2.0 TiB  204 GiB  48 GiB   1.5 GiB   14 GiB  1.8 TiB  10.10  1.00  187      up
 41    hdd  1.97049   1.00000  2.0 TiB  203 GiB  47 GiB   524 MiB   13 GiB  1.8 TiB  10.04  1.00  188      up
 50    hdd  1.97049   1.00000  2.0 TiB  203 GiB  48 GiB   1.6 GiB   13 GiB  1.8 TiB  10.08  1.00  189      up
 58    hdd  1.97049   1.00000  2.0 TiB  202 GiB  47 GiB   424 MiB   13 GiB  1.8 TiB  10.03  1.00  184      up
 68    hdd  1.97049   1.00000  2.0 TiB  202 GiB  47 GiB   428 MiB   13 GiB  1.8 TiB  10.02  0.99  176      up
 77    hdd  1.97049   1.00000  2.0 TiB  202 GiB  47 GiB   1.8 GiB   13 GiB  1.8 TiB  10.03  0.99  185      up
 87    hdd  1.97049   1.00000  2.0 TiB  202 GiB  47 GiB   1.5 GiB   14 GiB  1.8 TiB  10.03  1.00  183      up
 96    hdd  1.97049   1.00000  2.0 TiB  205 GiB  49 GiB   2.4 GiB   14 GiB  1.8 TiB  10.14  1.01  196      up
106    hdd  1.97049   1.00000  2.0 TiB  202 GiB  47 GiB   1.0 GiB   13 GiB  1.8 TiB  10.03  0.99  183      up
116    hdd  1.97049   1.00000  2.0 TiB  202 GiB  47 GiB   1.4 GiB   13 GiB  1.8 TiB  10.02  0.99  181      up
129    hdd  1.97049   1.00000  2.0 TiB  205 GiB  49 GiB   1.8 GiB   14 GiB  1.8 TiB  10.14  1.01  194      up
139    hdd  1.97049   1.00000  2.0 TiB  205 GiB  49 GiB   1.7 GiB   14 GiB  1.8 TiB  10.14  1.01  189      up
149    hdd  1.97049   1.00000  2.0 TiB  202 GiB  47 GiB   2.1 GiB   13 GiB  1.8 TiB  10.03  0.99  185      up
159    hdd  1.97049   1.00000  2.0 TiB  205 GiB  49 GiB   613 MiB   14 GiB  1.8 TiB  10.14  1.01  183      up
170    hdd  1.97049   1.00000  2.0 TiB  205 GiB  49 GiB   1.6 GiB   14 GiB  1.8 TiB  10.14  1.01  187      up
179    hdd  1.97049   1.00000  2.0 TiB  202 GiB  47 GiB   851 MiB   13 GiB  1.8 TiB  10.03  0.99  182      up
189    hdd  1.97049   1.00000  2.0 TiB  202 GiB  47 GiB   549 MiB   13 GiB  1.8 TiB  10.02  0.99  177      up
198    hdd  1.97049   1.00000  2.0 TiB  202 GiB  47 GiB   1.1 GiB   13 GiB  1.8 TiB  10.03  1.00  186      up
208    hdd  1.97049   1.00000  2.0 TiB  202 GiB  47 GiB   1.9 GiB   13 GiB  1.8 TiB  10.01  0.99  183      up
218    hdd  1.97049   1.00000  2.0 TiB  205 GiB  49 GiB   1.8 GiB   14 GiB  1.8 TiB  10.14  1.01  186      up
230    hdd  1.97049   1.00000  2.0 TiB  202 GiB  47 GiB   1.1 GiB   13 GiB  1.8 TiB  10.01  0.99  179      up
240    hdd  1.97049   1.00000  2.0 TiB  204 GiB  49 GiB   491 MiB   14 GiB  1.8 TiB  10.13  1.00  187      up
250    hdd  1.97049   1.00000  2.0 TiB  202 GiB  47 GiB   2.4 GiB   13 GiB  1.8 TiB  10.01  0.99  191      up
259    hdd  1.97049   1.00000  2.0 TiB  204 GiB  49 GiB   158 MiB   14 GiB  1.8 TiB  10.11  1.00  184      up
 31    hdd  1.97049   1.00000  2.0 TiB  205 GiB  49 GiB   610 MiB   14 GiB  1.8 TiB  10.14  1.01  190      up
 40    hdd  1.97049   1.00000  2.0 TiB  203 GiB  47 GiB   1.0 GiB   13 GiB  1.8 TiB  10.04  1.00  185      up
 51    hdd  1.97049   1.00000  2.0 TiB  203 GiB  47 GiB   758 MiB   13 GiB  1.8 TiB  10.04  1.00  180      up
 59    hdd  1.97049   1.00000  2.0 TiB  202 GiB  47 GiB   1.6 GiB   13 GiB  1.8 TiB  10.03  1.00  187      up
 69    hdd  1.97049   1.00000  2.0 TiB  205 GiB  49 GiB   1.4 GiB   14 GiB  1.8 TiB  10.14  1.01  186      up
 79    hdd  1.97049   1.00000  2.0 TiB  205 GiB  49 GiB   546 MiB   14 GiB  1.8 TiB  10.14  1.01  188      up
 88    hdd  1.97049   1.00000  2.0 TiB  205 GiB  49 GiB   1.2 GiB   14 GiB  1.8 TiB  10.14  1.01  189      up
 98    hdd  1.97049   1.00000  2.0 TiB  205 GiB  49 GiB   869 MiB   14 GiB  1.8 TiB  10.14  1.01  197      up
108    hdd  1.97049   1.00000  2.0 TiB  202 GiB  47 GiB   165 MiB   13 GiB  1.8 TiB  10.03  1.00  183      up
118    hdd  1.97049   1.00000  2.0 TiB  202 GiB  47 GiB   857 MiB   13 GiB  1.8 TiB  10.02  0.99  181      up
130    hdd  1.97049   1.00000  2.0 TiB  202 GiB  47 GiB   211 MiB   14 GiB  1.8 TiB  10.03  0.99  182      up
140    hdd  1.97049   1.00000  2.0 TiB  205 GiB  49 GiB   981 MiB   14 GiB  1.8 TiB  10.14  1.01  192      up
150    hdd  1.97049   1.00000  2.0 TiB  205 GiB  49 GiB   658 MiB   14 GiB  1.8 TiB  10.14  1.01  185      up
160    hdd  1.97049   1.00000  2.0 TiB  202 GiB  47 GiB   521 MiB   13 GiB  1.8 TiB  10.02  0.99  179      up
169    hdd  1.97049   1.00000  2.0 TiB  202 GiB  47 GiB   814 MiB   13 GiB  1.8 TiB  10.03  1.00  180      up
180    hdd  1.97049   1.00000  2.0 TiB  204 GiB  48 GiB   1.6 GiB   14 GiB  1.8 TiB  10.10  1.00  188      up
188    hdd  1.97049   1.00000  2.0 TiB  205 GiB  49 GiB   2.0 GiB   14 GiB  1.8 TiB  10.14  1.01  190      up
199    hdd  1.97049   1.00000  2.0 TiB  205 GiB  49 GiB   1.5 GiB   14 GiB  1.8 TiB  10.14  1.01  194      up
207    hdd  1.97049   1.00000  2.0 TiB  203 GiB  48 GiB   2.1 GiB   14 GiB  1.8 TiB  10.07  1.00  182      up
217    hdd  1.97049   1.00000  2.0 TiB  202 GiB  47 GiB   2.2 GiB   13 GiB  1.8 TiB  10.03  0.99  185      up
227    hdd  1.97049   1.00000  2.0 TiB  205 GiB  49 GiB   1.5 GiB   14 GiB  1.8 TiB  10.14  1.01  189      up
237    hdd  1.97049   1.00000  2.0 TiB  202 GiB  47 GiB   2.3 GiB   13 GiB  1.8 TiB  10.03  1.00  180      up
247    hdd  1.97049   1.00000  2.0 TiB  205 GiB  49 GiB   2.3 GiB   14 GiB  1.8 TiB  10.14  1.01  198      up
257    hdd  1.97049   1.00000  2.0 TiB  202 GiB  47 GiB   2.3 GiB   13 GiB  1.8 TiB  10.03  0.99  180      up
 29    hdd  1.97049   1.00000  2.0 TiB  202 GiB  47 GiB   1.3 GiB   14 GiB  1.8 TiB  10.03  1.00  182      up
 38    hdd  1.97049   1.00000  2.0 TiB  204 GiB  48 GiB   1.7 GiB   14 GiB  1.8 TiB  10.10  1.00  186      up
 49    hdd  1.97049   1.00000  2.0 TiB  205 GiB  49 GiB   1.3 GiB   14 GiB  1.8 TiB  10.14  1.01  189      up
 61    hdd  1.97049   1.00000  2.0 TiB  205 GiB  49 GiB    72 MiB   14 GiB  1.8 TiB  10.14  1.01  190      up
 71    hdd  1.97049   1.00000  2.0 TiB  205 GiB  49 GiB   826 MiB   14 GiB  1.8 TiB  10.14  1.01  192      up
 81    hdd  1.97049   1.00000  2.0 TiB  202 GiB  47 GiB   1.7 GiB   13 GiB  1.8 TiB  10.03  1.00  183      up
 91    hdd  1.97049   1.00000  2.0 TiB  202 GiB  47 GiB   1.4 GiB   13 GiB  1.8 TiB  10.03  0.99  184      up
101    hdd  1.97049   1.00000  2.0 TiB  202 GiB  47 GiB   1.3 GiB   13 GiB  1.8 TiB  10.03  0.99  186      up
111    hdd  1.97049   1.00000  2.0 TiB  205 GiB  49 GiB   1.8 GiB   14 GiB  1.8 TiB  10.14  1.01  190      up
121    hdd  1.97049   1.00000  2.0 TiB  202 GiB  47 GiB   594 MiB   13 GiB  1.8 TiB  10.03  0.99  181      up
131    hdd  1.97049   1.00000  2.0 TiB  205 GiB  49 GiB   1.3 GiB   14 GiB  1.8 TiB  10.14  1.01  187      up
141    hdd  1.97049   1.00000  2.0 TiB  202 GiB  47 GiB   1.5 GiB   13 GiB  1.8 TiB  10.03  0.99  184      up
151    hdd  1.97049   1.00000  2.0 TiB  202 GiB  47 GiB   858 MiB   13 GiB  1.8 TiB  10.03  1.00  183      up
161    hdd  1.97049   1.00000  2.0 TiB  202 GiB  47 GiB   2.0 GiB   13 GiB  1.8 TiB  10.03  0.99  185      up
171    hdd  1.97049   1.00000  2.0 TiB  205 GiB  49 GiB   604 MiB   14 GiB  1.8 TiB  10.14  1.01  184      up
181    hdd  1.97049   1.00000  2.0 TiB  202 GiB  47 GiB   569 MiB   13 GiB  1.8 TiB  10.02  0.99  182      up
191    hdd  1.97049   1.00000  2.0 TiB  203 GiB  47 GiB   759 MiB   13 GiB  1.8 TiB  10.04  1.00  183      up
201    hdd  1.97049   1.00000  2.0 TiB  205 GiB  49 GiB   2.0 GiB   14 GiB  1.8 TiB  10.14  1.01  194      up
211    hdd  1.97049   1.00000  2.0 TiB  204 GiB  49 GiB   1.2 GiB   14 GiB  1.8 TiB  10.12  1.00  192      up
221    hdd  1.97049   1.00000  2.0 TiB  205 GiB  49 GiB   1.9 GiB   14 GiB  1.8 TiB  10.14  1.01  194      up
231    hdd  1.97049   1.00000  2.0 TiB  203 GiB  47 GiB   142 MiB   13 GiB  1.8 TiB  10.04  1.00  184      up
241    hdd  1.97049   1.00000  2.0 TiB  202 GiB  47 GiB   345 MiB   13 GiB  1.8 TiB  10.01  0.99  182      up
249    hdd  1.97049   1.00000  2.0 TiB  205 GiB  49 GiB   2.4 GiB   14 GiB  1.8 TiB  10.14  1.01  199      up
261    hdd  1.97049   1.00000  2.0 TiB  203 GiB  48 GiB   1.4 GiB   14 GiB  1.8 TiB  10.07  1.00  182      up
 33    hdd  1.97049   1.00000  2.0 TiB  203 GiB  47 GiB   1.4 GiB   13 GiB  1.8 TiB  10.04  1.00  189      up
 43    hdd  1.97049   1.00000  2.0 TiB  203 GiB  47 GiB   779 MiB   13 GiB  1.8 TiB  10.04  1.00  185      up
 52    hdd  1.97049   1.00000  2.0 TiB  204 GiB  48 GiB   767 MiB   14 GiB  1.8 TiB  10.09  1.00  186      up
 62    hdd  1.97049   1.00000  2.0 TiB  204 GiB  49 GiB   550 MiB   14 GiB  1.8 TiB  10.13  1.01  188      up
 72    hdd  1.97049   1.00000  2.0 TiB  203 GiB  47 GiB   1.9 GiB   13 GiB  1.8 TiB  10.04  1.00  187      up
 82    hdd  1.97049   1.00000  2.0 TiB  203 GiB  48 GiB   829 MiB   14 GiB  1.8 TiB  10.07  1.00  188      up
 92    hdd  1.97049   1.00000  2.0 TiB  205 GiB  49 GiB   596 MiB   14 GiB  1.8 TiB  10.14  1.01  186      up
102    hdd  1.97049   1.00000  2.0 TiB  205 GiB  49 GiB   1.0 GiB   14 GiB  1.8 TiB  10.14  1.01  198      up
112    hdd  1.97049   1.00000  2.0 TiB  205 GiB  49 GiB   479 MiB   15 GiB  1.8 TiB  10.14  1.01  186      up
122    hdd  1.97049   1.00000  2.0 TiB  205 GiB  49 GiB   1.1 GiB   14 GiB  1.8 TiB  10.14  1.01  185      up
132    hdd  1.97049   1.00000  2.0 TiB  205 GiB  49 GiB   449 MiB   14 GiB  1.8 TiB  10.14  1.01  195      up
142    hdd  1.97049   1.00000  2.0 TiB  203 GiB  47 GiB   919 MiB   13 GiB  1.8 TiB  10.04  1.00  185      up
152    hdd  1.97049   1.00000  2.0 TiB  205 GiB  49 GiB   916 MiB   14 GiB  1.8 TiB  10.14  1.01  192      up
162    hdd  1.97049   1.00000  2.0 TiB  205 GiB  49 GiB   1.3 GiB   14 GiB  1.8 TiB  10.14  1.01  191      up
172    hdd  1.97049   1.00000  2.0 TiB  203 GiB  47 GiB   533 MiB   14 GiB  1.8 TiB  10.04  1.00  181      up
182    hdd  1.97049   1.00000  2.0 TiB  203 GiB  48 GiB   1.6 GiB   14 GiB  1.8 TiB  10.07  1.00  189      up
192    hdd  1.97049   1.00000  2.0 TiB  203 GiB  48 GiB   822 MiB   14 GiB  1.8 TiB  10.05  1.00  185      up
202    hdd  1.97049   1.00000  2.0 TiB  203 GiB  47 GiB   1.8 GiB   13 GiB  1.8 TiB  10.04  1.00  188      up
212    hdd  1.97049   1.00000  2.0 TiB  204 GiB  48 GiB   1.9 GiB   14 GiB  1.8 TiB  10.09  1.00  193      up
222    hdd  1.97049   1.00000  2.0 TiB  204 GiB  49 GiB   843 MiB   14 GiB  1.8 TiB  10.13  1.00  185      up
232    hdd  1.97049   1.00000  2.0 TiB  203 GiB  47 GiB   1.2 GiB   14 GiB  1.8 TiB  10.04  1.00  183      up
242    hdd  1.97049   1.00000  2.0 TiB  205 GiB  49 GiB   1.5 GiB   14 GiB  1.8 TiB  10.14  1.01  188      up
252    hdd  1.97049   1.00000  2.0 TiB  203 GiB  48 GiB   2.4 GiB   14 GiB  1.8 TiB  10.08  1.00  193      up
262    hdd  1.97049   1.00000  2.0 TiB  203 GiB  47 GiB   1.7 GiB   13 GiB  1.8 TiB  10.04  1.00  183      up
264    hdd  1.97049   1.00000  2.0 TiB  203 GiB  48 GiB   1.8 GiB   13 GiB  1.8 TiB  10.07  1.00  183      up
265    hdd  1.97049   1.00000  2.0 TiB  202 GiB  47 GiB   401 MiB   13 GiB  1.8 TiB  10.03  0.99  181      up
266    hdd  1.97049   1.00000  2.0 TiB  205 GiB  49 GiB   1.6 GiB   14 GiB  1.8 TiB  10.14  1.01  191      up
267    hdd  1.97049   1.00000  2.0 TiB  205 GiB  49 GiB   1.1 GiB   14 GiB  1.8 TiB  10.14  1.01  191      up
268    hdd  1.97049   1.00000  2.0 TiB  202 GiB  47 GiB   2.3 GiB   13 GiB  1.8 TiB  10.03  0.99  188      up
269    hdd  1.97049   1.00000  2.0 TiB  202 GiB  47 GiB   999 MiB   13 GiB  1.8 TiB  10.03  0.99  179      up
270    hdd  1.97049   1.00000  2.0 TiB  203 GiB  48 GiB   1.3 GiB   13 GiB  1.8 TiB  10.05  1.00  185      up
271    hdd  1.97049   1.00000  2.0 TiB  205 GiB  49 GiB   1.4 GiB   14 GiB  1.8 TiB  10.14  1.01  195      up
272    hdd  1.97049   1.00000  2.0 TiB  202 GiB  47 GiB   1.0 GiB   13 GiB  1.8 TiB  10.01  0.99  184      up
273    hdd  1.97049   1.00000  2.0 TiB  202 GiB  47 GiB   788 MiB   13 GiB  1.8 TiB  10.03  0.99  182      up
274    hdd  1.97049   1.00000  2.0 TiB  205 GiB  49 GiB   555 MiB   14 GiB  1.8 TiB  10.14  1.01  183      up
275    hdd  1.97049   1.00000  2.0 TiB  203 GiB  47 GiB   828 MiB   13 GiB  1.8 TiB  10.04  1.00  180      up
276    hdd  1.97049   1.00000  2.0 TiB  205 GiB  49 GiB   2.0 GiB   14 GiB  1.8 TiB  10.14  1.01  189      up
277    hdd  1.97049   1.00000  2.0 TiB  203 GiB  48 GiB   1.4 GiB   13 GiB  1.8 TiB  10.05  1.00  188      up
278    hdd  1.97049   1.00000  2.0 TiB  205 GiB  49 GiB   2.1 GiB   14 GiB  1.8 TiB  10.14  1.01  192      up
279    hdd  1.97049   1.00000  2.0 TiB  205 GiB  49 GiB   1.1 GiB   14 GiB  1.8 TiB  10.14  1.01  190      up
280    hdd  1.97049   1.00000  2.0 TiB  202 GiB  47 GiB   386 MiB   13 GiB  1.8 TiB  10.01  0.99  175      up
281    hdd  1.97049   1.00000  2.0 TiB  202 GiB  47 GiB   175 MiB   13 GiB  1.8 TiB  10.01  0.99  173      up
282    hdd  1.97049   1.00000  2.0 TiB  202 GiB  47 GiB   927 MiB   13 GiB  1.8 TiB  10.01  0.99  181      up
283    hdd  1.97049   1.00000  2.0 TiB  202 GiB  47 GiB   627 MiB   13 GiB  1.8 TiB  10.01  0.99  179      up
284    hdd  1.97049   1.00000  2.0 TiB  202 GiB  47 GiB   1.0 GiB   13 GiB  1.8 TiB  10.01  0.99  181      up
285    hdd  1.97049   1.00000  2.0 TiB  202 GiB  47 GiB   2.2 GiB   13 GiB  1.8 TiB  10.02  0.99  184      up
286    hdd  1.97049   1.00000  2.0 TiB  205 GiB  49 GiB   420 MiB   14 GiB  1.8 TiB  10.14  1.01  187      up
287    hdd  1.97049   1.00000  2.0 TiB  205 GiB  49 GiB   1.9 GiB   14 GiB  1.8 TiB  10.14  1.01  195      up
 24    hdd  1.97049   1.00000  2.0 TiB  203 GiB  47 GiB   930 MiB   13 GiB  1.8 TiB  10.04  1.00  177      up
 35    hdd  1.97049   1.00000  2.0 TiB  205 GiB  49 GiB   1.1 GiB   14 GiB  1.8 TiB  10.14  1.01  188      up
 45    hdd  1.97049   1.00000  2.0 TiB  203 GiB  47 GiB   2.5 GiB   14 GiB  1.8 TiB  10.04  1.00  186      up
 55    hdd  1.97049   1.00000  2.0 TiB  205 GiB  49 GiB   1.4 GiB   14 GiB  1.8 TiB  10.14  1.01  189      up
 65    hdd  1.97049   1.00000  2.0 TiB  205 GiB  49 GiB   991 MiB   14 GiB  1.8 TiB  10.14  1.01  192      up
 75    hdd  1.97049   1.00000  2.0 TiB  203 GiB  47 GiB   1.2 GiB   13 GiB  1.8 TiB  10.04  1.00  179      up
 85    hdd  1.97049   1.00000  2.0 TiB  203 GiB  47 GiB   863 MiB   13 GiB  1.8 TiB  10.04  1.00  182      up
 95    hdd  1.97049   1.00000  2.0 TiB  204 GiB  48 GiB   1.9 GiB   14 GiB  1.8 TiB  10.10  1.00  193      up
105    hdd  1.97049   1.00000  2.0 TiB  205 GiB  49 GiB   619 MiB   14 GiB  1.8 TiB  10.14  1.01  188      up
115    hdd  1.97049   1.00000  2.0 TiB  203 GiB  47 GiB   1.6 GiB   14 GiB  1.8 TiB  10.04  1.00  185      up
128    hdd  1.97049   1.00000  2.0 TiB  203 GiB  48 GiB   2.4 GiB   13 GiB  1.8 TiB  10.06  1.00  194      up
137    hdd  1.97049   1.00000  2.0 TiB  205 GiB  49 GiB   854 MiB   14 GiB  1.8 TiB  10.14  1.01  199      up
148    hdd  1.97049   1.00000  2.0 TiB  205 GiB  49 GiB   1.4 GiB   14 GiB  1.8 TiB  10.14  1.01  197      up
157    hdd  1.97049   1.00000  2.0 TiB  203 GiB  47 GiB   772 MiB   14 GiB  1.8 TiB  10.04  1.00  187      up
167    hdd  1.97049   1.00000  2.0 TiB  202 GiB  47 GiB   1.9 GiB   13 GiB  1.8 TiB  10.03  0.99  185      up
177    hdd  1.97049   1.00000  2.0 TiB  205 GiB  49 GiB   2.1 GiB   14 GiB  1.8 TiB  10.14  1.01  191      up
186    hdd  1.97049   1.00000  2.0 TiB  202 GiB  47 GiB   2.4 GiB   13 GiB  1.8 TiB  10.03  1.00  187      up
197    hdd  1.97049   1.00000  2.0 TiB  202 GiB  47 GiB   1.8 GiB   13 GiB  1.8 TiB  10.03  0.99  180      up
206    hdd  1.97049   1.00000  2.0 TiB  205 GiB  49 GiB   339 MiB   14 GiB  1.8 TiB  10.14  1.01  186      up
216    hdd  1.97049   1.00000  2.0 TiB  205 GiB  49 GiB   772 MiB   14 GiB  1.8 TiB  10.14  1.01  189      up
226    hdd  1.97049   1.00000  2.0 TiB  203 GiB  47 GiB   383 MiB   14 GiB  1.8 TiB  10.04  1.00  181      up
236    hdd  1.97049   1.00000  2.0 TiB  204 GiB  48 GiB   1.0 GiB   14 GiB  1.8 TiB  10.09  1.00  189      up
246    hdd  1.97049   1.00000  2.0 TiB  203 GiB  48 GiB   1.4 GiB   14 GiB  1.8 TiB  10.08  1.00  190      up
256    hdd  1.97049   1.00000  2.0 TiB  202 GiB  47 GiB   1.0 GiB   13 GiB  1.8 TiB  10.03  0.99  183      up
 25    hdd  1.97049   1.00000  2.0 TiB  205 GiB  49 GiB   606 MiB   14 GiB  1.8 TiB  10.14  1.01  185      up
 36    hdd  1.97049   1.00000  2.0 TiB  203 GiB  48 GiB   1.7 GiB   13 GiB  1.8 TiB  10.05  1.00  186      up
 46    hdd  1.97049   1.00000  2.0 TiB  205 GiB  49 GiB   1.2 GiB   14 GiB  1.8 TiB  10.14  1.01  192      up
 56    hdd  1.97049   1.00000  2.0 TiB  202 GiB  47 GiB   562 MiB   13 GiB  1.8 TiB  10.02  0.99  186      up
 67    hdd  1.97049   1.00000  2.0 TiB  202 GiB  47 GiB   322 MiB   14 GiB  1.8 TiB  10.03  1.00  180      up
 78    hdd  1.97049   1.00000  2.0 TiB  205 GiB  49 GiB   1.3 GiB   14 GiB  1.8 TiB  10.14  1.01  186      up
 89    hdd  1.97049   1.00000  2.0 TiB  204 GiB  49 GiB   429 MiB   14 GiB  1.8 TiB  10.13  1.01  188      up
 99    hdd  1.97049   1.00000  2.0 TiB  202 GiB  47 GiB   2.1 GiB   13 GiB  1.8 TiB  10.03  0.99  185      up
110    hdd  1.97049   1.00000  2.0 TiB  204 GiB  49 GiB   2.1 GiB   13 GiB  1.8 TiB  10.11  1.00  190      up
120    hdd  1.97049   1.00000  2.0 TiB  202 GiB  47 GiB   1.3 GiB   14 GiB  1.8 TiB  10.02  0.99  174      up
127    hdd  1.97049   1.00000  2.0 TiB  202 GiB  47 GiB   1.5 GiB   13 GiB  1.8 TiB  10.02  0.99  182      up
138    hdd  1.97049   1.00000  2.0 TiB  205 GiB  49 GiB   1.4 GiB   14 GiB  1.8 TiB  10.14  1.01  193      up
147    hdd  1.97049   1.00000  2.0 TiB  202 GiB  47 GiB   786 MiB   13 GiB  1.8 TiB  10.03  0.99  183      up
158    hdd  1.97049   1.00000  2.0 TiB  204 GiB  49 GiB   703 MiB   14 GiB  1.8 TiB  10.12  1.00  193      up
168    hdd  1.97049   1.00000  2.0 TiB  202 GiB  47 GiB   1.6 GiB   13 GiB  1.8 TiB  10.03  1.00  186      up
178    hdd  1.97049   1.00000  2.0 TiB  202 GiB  47 GiB   2.4 GiB   13 GiB  1.8 TiB  10.03  0.99  186      up
190    hdd  1.97049   1.00000  2.0 TiB  202 GiB  47 GiB   1.6 GiB   13 GiB  1.8 TiB  10.02  0.99  184      up
200    hdd  1.97049   1.00000  2.0 TiB  202 GiB  47 GiB   1.6 GiB   13 GiB  1.8 TiB  10.01  0.99  183      up
210    hdd  1.97049   1.00000  2.0 TiB  202 GiB  47 GiB   2.4 GiB   13 GiB  1.8 TiB  10.02  0.99  185      up
220    hdd  1.97049   1.00000  2.0 TiB  205 GiB  49 GiB   1.2 GiB   14 GiB  1.8 TiB  10.14  1.01  196      up
228    hdd  1.97049   1.00000  2.0 TiB  202 GiB  47 GiB   2.0 GiB   13 GiB  1.8 TiB  10.01  0.99  189      up
239    hdd  1.97049   1.00000  2.0 TiB  205 GiB  49 GiB   1.4 GiB   14 GiB  1.8 TiB  10.14  1.01  192      up
251    hdd  1.97049   1.00000  2.0 TiB  203 GiB  48 GiB   934 MiB   13 GiB  1.8 TiB  10.05  1.00  183      up
260    hdd  1.97049   1.00000  2.0 TiB  205 GiB  49 GiB   1.5 GiB   14 GiB  1.8 TiB  10.14  1.01  195      up
 30    hdd  1.97049   1.00000  2.0 TiB  202 GiB  47 GiB   458 MiB   13 GiB  1.8 TiB  10.02  0.99  178      up
 39    hdd  1.97049   1.00000  2.0 TiB  202 GiB  47 GiB   2.0 GiB   13 GiB  1.8 TiB  10.03  1.00  189      up
 48    hdd  1.97049   1.00000  2.0 TiB  202 GiB  47 GiB   2.0 GiB   13 GiB  1.8 TiB  10.02  0.99  188      up
 60    hdd  1.97049   1.00000  2.0 TiB  204 GiB  49 GiB   1.3 GiB   14 GiB  1.8 TiB  10.11  1.00  188      up
 70    hdd  1.97049   1.00000  2.0 TiB  204 GiB  49 GiB   2.2 GiB   14 GiB  1.8 TiB  10.12  1.00  195      up
 80    hdd  1.97049   1.00000  2.0 TiB  202 GiB  47 GiB   1.3 GiB   13 GiB  1.8 TiB  10.03  0.99  184      up
 90    hdd  1.97049   1.00000  2.0 TiB  202 GiB  47 GiB   1.5 GiB   13 GiB  1.8 TiB  10.03  0.99  189      up
100    hdd  1.97049   1.00000  2.0 TiB  205 GiB  49 GiB   2.7 GiB   14 GiB  1.8 TiB  10.14  1.01  194      up
109    hdd  1.97049   1.00000  2.0 TiB  203 GiB  48 GiB   665 MiB   14 GiB  1.8 TiB  10.07  1.00  180      up
119    hdd  1.97049   1.00000  2.0 TiB  205 GiB  49 GiB   1.7 GiB   14 GiB  1.8 TiB  10.14  1.01  187      up
126    hdd  1.97049   1.00000  2.0 TiB  203 GiB  48 GiB   1.7 GiB   13 GiB  1.8 TiB  10.05  1.00  185      up
136    hdd  1.97049   1.00000  2.0 TiB  202 GiB  47 GiB   227 MiB   14 GiB  1.8 TiB  10.03  1.00  179      up
146    hdd  1.97049   1.00000  2.0 TiB  202 GiB  47 GiB   1.3 GiB   14 GiB  1.8 TiB  10.03  1.00  183      up
156    hdd  1.97049   1.00000  2.0 TiB  203 GiB  48 GiB   344 MiB   13 GiB  1.8 TiB  10.08  1.00  184      up
166    hdd  1.97049   1.00000  2.0 TiB  204 GiB  49 GiB   485 MiB   14 GiB  1.8 TiB  10.11  1.00  185      up
176    hdd  1.97049   1.00000  2.0 TiB  205 GiB  49 GiB   1.8 GiB   14 GiB  1.8 TiB  10.14  1.01  193      up
185    hdd  1.97049   1.00000  2.0 TiB  205 GiB  49 GiB   417 MiB   14 GiB  1.8 TiB  10.14  1.01  186      up
195    hdd  1.97049   1.00000  2.0 TiB  203 GiB  48 GiB   1.7 GiB   13 GiB  1.8 TiB  10.07  1.00  183      up
209    hdd  1.97049   1.00000  2.0 TiB  203 GiB  48 GiB   2.2 GiB   14 GiB  1.8 TiB  10.08  1.00  195      up
219    hdd  1.97049   1.00000  2.0 TiB  202 GiB  47 GiB  1011 MiB   13 GiB  1.8 TiB  10.01  0.99  184      up
229    hdd  1.97049   1.00000  2.0 TiB  202 GiB  47 GiB   762 MiB   13 GiB  1.8 TiB  10.01  0.99  181      up
238    hdd  1.97049   1.00000  2.0 TiB  203 GiB  48 GiB   1.1 GiB   14 GiB  1.8 TiB  10.08  1.00  190      up
248    hdd  1.97049   1.00000  2.0 TiB  205 GiB  49 GiB   259 MiB   14 GiB  1.8 TiB  10.14  1.01  187      up
258    hdd  1.97049   1.00000  2.0 TiB  203 GiB  47 GiB   1.4 GiB   13 GiB  1.8 TiB  10.04  1.00  187      up
 28    hdd  1.97049   1.00000  2.0 TiB  205 GiB  49 GiB   2.2 GiB   14 GiB  1.8 TiB  10.14  1.01  203      up
 37    hdd  1.97049   1.00000  2.0 TiB  202 GiB  47 GiB   1.7 GiB   13 GiB  1.8 TiB  10.03  1.00  182      up
 47    hdd  1.97049   1.00000  2.0 TiB  202 GiB  47 GiB   1.8 GiB   13 GiB  1.8 TiB  10.03  1.00  188      up
 57    hdd  1.97049   1.00000  2.0 TiB  204 GiB  49 GiB   1.9 GiB   14 GiB  1.8 TiB  10.10  1.00  189      up
 66    hdd  1.97049   1.00000  2.0 TiB  205 GiB  49 GiB   1.3 GiB   14 GiB  1.8 TiB  10.14  1.01  190      up
 76    hdd  1.97049   1.00000  2.0 TiB  202 GiB  47 GiB   1.3 GiB   13 GiB  1.8 TiB  10.03  1.00  178      up
 86    hdd  1.97049   1.00000  2.0 TiB  202 GiB  47 GiB   1.8 GiB   13 GiB  1.8 TiB  10.02  0.99  188      up
 97    hdd  1.97049   1.00000  2.0 TiB  202 GiB  47 GiB   2.6 GiB   13 GiB  1.8 TiB  10.03  0.99  189      up
107    hdd  1.97049   1.00000  2.0 TiB  202 GiB  47 GiB   1.0 GiB   14 GiB  1.8 TiB  10.02  0.99  180      up
117    hdd  1.97049   1.00000  2.0 TiB  202 GiB  47 GiB   1.0 GiB   13 GiB  1.8 TiB  10.03  0.99  179      up
125    hdd  1.97049   1.00000  2.0 TiB  202 GiB  47 GiB   1.4 GiB   13 GiB  1.8 TiB  10.03  0.99  180      up
135    hdd  1.97049   1.00000  2.0 TiB  202 GiB  47 GiB   1.6 GiB   13 GiB  1.8 TiB  10.02  0.99  183      up
145    hdd  1.97049   1.00000  2.0 TiB  203 GiB  47 GiB   1.4 GiB   14 GiB  1.8 TiB  10.04  1.00  180      up
155    hdd  1.97049   1.00000  2.0 TiB  202 GiB  47 GiB   1.4 GiB   13 GiB  1.8 TiB  10.01  0.99  183      up
165    hdd  1.97049   1.00000  2.0 TiB  202 GiB  47 GiB   1.0 GiB   13 GiB  1.8 TiB  10.01  0.99  184      up
175    hdd  1.97049   1.00000  2.0 TiB  203 GiB  48 GiB   1.2 GiB   13 GiB  1.8 TiB  10.05  1.00  187      up
187    hdd  1.97049   1.00000  2.0 TiB  205 GiB  49 GiB   415 MiB   14 GiB  1.8 TiB  10.14  1.01  185      up
196    hdd  1.97049   1.00000  2.0 TiB  205 GiB  49 GiB   1.1 GiB   14 GiB  1.8 TiB  10.14  1.01  190      up
205    hdd  1.97049   1.00000  2.0 TiB  205 GiB  49 GiB   1.6 GiB   14 GiB  1.8 TiB  10.14  1.01  196      up
215    hdd  1.97049   1.00000  2.0 TiB  203 GiB  48 GiB   250 MiB   14 GiB  1.8 TiB  10.08  1.00  183      up
225    hdd  1.97049   1.00000  2.0 TiB  202 GiB  47 GiB   389 MiB   13 GiB  1.8 TiB  10.01  0.99  175      up
235    hdd  1.97049   1.00000  2.0 TiB  204 GiB  49 GiB   1.8 GiB   14 GiB  1.8 TiB  10.13  1.01  192      up
245    hdd  1.97049   1.00000  2.0 TiB  203 GiB  48 GiB   449 MiB   14 GiB  1.8 TiB  10.08  1.00  186      up
255    hdd  1.97049   1.00000  2.0 TiB  202 GiB  47 GiB   1.5 GiB   13 GiB  1.8 TiB  10.03  0.99  187      up
 26    hdd  1.97049   1.00000  2.0 TiB  205 GiB  49 GiB   1.3 GiB   14 GiB  1.8 TiB  10.14  1.01  192      up
 34    hdd  1.97049   1.00000  2.0 TiB  203 GiB  47 GiB   737 MiB   14 GiB  1.8 TiB  10.04  1.00  184      up
 44    hdd  1.97049   1.00000  2.0 TiB  204 GiB  49 GiB   1.6 GiB   14 GiB  1.8 TiB  10.13  1.01  195      up
 54    hdd  1.97049   1.00000  2.0 TiB  205 GiB  49 GiB   964 MiB   14 GiB  1.8 TiB  10.14  1.01  188      up
 64    hdd  1.97049   1.00000  2.0 TiB  205 GiB  49 GiB   689 MiB   14 GiB  1.8 TiB  10.14  1.01  188      up
 74    hdd  1.97049   1.00000  2.0 TiB  205 GiB  49 GiB   1.8 GiB   14 GiB  1.8 TiB  10.14  1.01  189      up
 84    hdd  1.97049   1.00000  2.0 TiB  203 GiB  48 GiB   562 MiB   14 GiB  1.8 TiB  10.07  1.00  182      up
 94    hdd  1.97049   1.00000  2.0 TiB  203 GiB  47 GiB   651 MiB   13 GiB  1.8 TiB  10.04  1.00  179      up
104    hdd  1.97049   1.00000  2.0 TiB  202 GiB  47 GiB   1.0 GiB   14 GiB  1.8 TiB  10.03  0.99  184      up
114    hdd  1.97049   1.00000  2.0 TiB  202 GiB  47 GiB   322 MiB   13 GiB  1.8 TiB  10.03  0.99  181      up
124    hdd  1.97049   1.00000  2.0 TiB  202 GiB  47 GiB   1.4 GiB   13 GiB  1.8 TiB  10.03  1.00  179      up
134    hdd  1.97049   1.00000  2.0 TiB  205 GiB  49 GiB   1.8 GiB   14 GiB  1.8 TiB  10.14  1.01  189      up
144    hdd  1.97049   1.00000  2.0 TiB  205 GiB  49 GiB   596 MiB   14 GiB  1.8 TiB  10.14  1.01  190      up
154    hdd  1.97049   1.00000  2.0 TiB  204 GiB  48 GiB   456 MiB   14 GiB  1.8 TiB  10.09  1.00  181      up
164    hdd  1.97049   1.00000  2.0 TiB  205 GiB  49 GiB   1.3 GiB   14 GiB  1.8 TiB  10.14  1.01  195      up
174    hdd  1.97049   1.00000  2.0 TiB  205 GiB  49 GiB   2.0 GiB   14 GiB  1.8 TiB  10.14  1.01  192      up
184    hdd  1.97049   1.00000  2.0 TiB  202 GiB  47 GiB   2.2 GiB   13 GiB  1.8 TiB  10.03  0.99  187      up
194    hdd  1.97049   1.00000  2.0 TiB  202 GiB  47 GiB   1.7 GiB   13 GiB  1.8 TiB  10.03  1.00  193      up
204    hdd  1.97049   1.00000  2.0 TiB  202 GiB  47 GiB   209 MiB   13 GiB  1.8 TiB  10.02  0.99  181      up
214    hdd  1.97049   1.00000  2.0 TiB  204 GiB  48 GiB   1.9 GiB   14 GiB  1.8 TiB  10.09  1.00  193      up
224    hdd  1.97049   1.00000  2.0 TiB  204 GiB  49 GiB   1.1 GiB   14 GiB  1.8 TiB  10.13  1.01  186      up
234    hdd  1.97049   1.00000  2.0 TiB  203 GiB  48 GiB   498 MiB   14 GiB  1.8 TiB  10.05  1.00  184      up
244    hdd  1.97049   1.00000  2.0 TiB  205 GiB  49 GiB   1.9 GiB   14 GiB  1.8 TiB  10.14  1.01  192      up
254    hdd  1.97049   1.00000  2.0 TiB  202 GiB  47 GiB   1.3 GiB   13 GiB  1.8 TiB  10.02  0.99  186      up
                        TOTAL  567 TiB   57 TiB  14 TiB   363 GiB  3.8 TiB  510 TiB  10.08                   
MIN/MAX VAR: 0.99/1.01  STDDEV: 0.05
2022/02/11-05:01:30: %RAW USED 10.08; Pending GCs 

PG Autoscale:
POOL                         SIZE  TARGET SIZE  RATE  RAW CAPACITY   RATIO  TARGET RATIO  EFFECTIVE RATIO  BIAS  PG_NUM  NEW PG_NUM  AUTOSCALE  PROFILE   
device_health_metrics      855.6k                3.0        567.4T  0.0000                                  1.0       1              on         scale-up  
default.rgw.control            0                 3.0        567.4T  0.0000                                  1.0     256              on         scale-up  
default.rgw.buckets.data    9189G                1.5        567.4T  0.0237                                  1.0    8192              on         scale-up  
default.rgw.buckets.index  120.8G                3.0        567.4T  0.0006                                  1.0     512              on         scale-up  
default.rgw.log             3310k                3.0        567.4T  0.0000                                  1.0     256              on         scale-up  
default.rgw.meta            1910k                3.0        567.4T  0.0000                                  1.0     256              on         scale-up  
.rgw.root                   1323                 3.0        567.4T  0.0000                                  1.0     256              on         scale-up  

RGW netstat & qlen/qactive ...
f10-h01-000-6049p.rdu2.scalelab.redhat.com
Proto Recv-Q Send-Q Local Address           Foreign Address         State       PID/Program name    
tcp        2      0 172.17.36.220:8080      0.0.0.0:*               LISTEN      1142496/radosgw     
        "qlen": 71,
        "qactive": 71,
f10-h05-000-6049p.rdu2.scalelab.redhat.com
Proto Recv-Q Send-Q Local Address           Foreign Address         State       PID/Program name    
tcp        0      0 172.17.36.178:8080      0.0.0.0:*               LISTEN      1877716/radosgw     
        "qlen": 256,
        "qactive": 256,
f10-h09-000-6049p.rdu2.scalelab.redhat.com
Proto Recv-Q Send-Q Local Address           Foreign Address         State       PID/Program name    
tcp        1      0 172.17.39.213:8080      0.0.0.0:*               LISTEN      1885873/radosgw     
        "qlen": 81,
        "qactive": 81,
f10-h13-000-6049p.rdu2.scalelab.redhat.com
Proto Recv-Q Send-Q Local Address           Foreign Address         State       PID/Program name    
tcp        0      0 172.17.39.109:8080      0.0.0.0:*               LISTEN      1886636/radosgw     
f10-h17-000-6049p.rdu2.scalelab.redhat.com
Proto Recv-Q Send-Q Local Address           Foreign Address         State       PID/Program name    
tcp        0      0 172.17.36.9:8080        0.0.0.0:*               LISTEN      1873557/radosgw     
        "qlen": 303,
        "qactive": 303,
f10-h21-000-6049p.rdu2.scalelab.redhat.com
Proto Recv-Q Send-Q Local Address           Foreign Address         State       PID/Program name    
tcp        1      0 172.17.38.57:8080       0.0.0.0:*               LISTEN      1871329/radosgw     
        "qlen": 114,
        "qactive": 114,
f10-h25-000-6049p.rdu2.scalelab.redhat.com
Proto Recv-Q Send-Q Local Address           Foreign Address         State       PID/Program name    
tcp        0      0 172.17.36.180:8080      0.0.0.0:*               LISTEN      1876073/radosgw     
        "qlen": 97,
        "qactive": 97,
f11-h01-000-6049p.rdu2.scalelab.redhat.com
Proto Recv-Q Send-Q Local Address           Foreign Address         State       PID/Program name    
tcp        0      0 172.17.39.208:8080      0.0.0.0:*               LISTEN      1919182/radosgw     
        "qlen": 97,
        "qactive": 97,
f11-h05-000-6049p.rdu2.scalelab.redhat.com
Proto Recv-Q Send-Q Local Address           Foreign Address         State       PID/Program name    
tcp        0      0 172.17.39.190:8080      0.0.0.0:*               LISTEN      1867320/radosgw     
        "qlen": 108,
        "qactive": 108,
f11-h09-000-6049p.rdu2.scalelab.redhat.com
Proto Recv-Q Send-Q Local Address           Foreign Address         State       PID/Program name    
tcp        0      0 172.17.38.145:8080      0.0.0.0:*               LISTEN      1879275/radosgw     
        "qlen": 291,
        "qactive": 291,
f11-h13-000-6049p.rdu2.scalelab.redhat.com
Proto Recv-Q Send-Q Local Address           Foreign Address         State       PID/Program name    
tcp        0      0 172.17.36.186:8080      0.0.0.0:*               LISTEN      1841705/radosgw     
        "qlen": 141,
        "qactive": 141,
f11-h17-000-6049p.rdu2.scalelab.redhat.com
Proto Recv-Q Send-Q Local Address           Foreign Address         State       PID/Program name    
tcp        0      0 172.17.36.13:8080       0.0.0.0:*               LISTEN      1867818/radosgw     
        "qlen": 109,
        "qactive": 109,

--------------------------------------------------------

2022/02/11-05:06:45: RESHARD Queue Length 1
2022/02/11-05:06:45: RESHARD List []

LA: 2022/02/11-05:06:45:   15.53, 11.57, 6.12

RGW stats:          proc   %cpu %mem  vsz    rss     memused       memlimit
f10-h01-000-6049p.rdu2.scalelab.redhat.com   radosgw 223 0.0 9847608 347484   344763150336   9223372036854771712
f10-h05-000-6049p.rdu2.scalelab.redhat.com   radosgw 225 0.0 9796588 310140   383760523264   9223372036854771712
f10-h09-000-6049p.rdu2.scalelab.redhat.com   radosgw 223 0.0 9878332 304536   383249113088   9223372036854771712
f10-h13-000-6049p.rdu2.scalelab.redhat.com   radosgw 225 0.0 9926512 334204   366687420416   9223372036854771712
f10-h17-000-6049p.rdu2.scalelab.redhat.com   radosgw 221 0.0 9847500 291544   383271088128   9223372036854771712
f10-h21-000-6049p.rdu2.scalelab.redhat.com   radosgw 224 0.0 9820284 304904   378430918656   9223372036854771712
f10-h25-000-6049p.rdu2.scalelab.redhat.com   radosgw 225 0.0 9806348 314340   383671881728   9223372036854771712
f11-h01-000-6049p.rdu2.scalelab.redhat.com   radosgw 224 0.0 9922248 303312   378869481472   9223372036854771712
f11-h05-000-6049p.rdu2.scalelab.redhat.com   radosgw 229 0.0 9957356 324320   380217303040   9223372036854771712
f11-h09-000-6049p.rdu2.scalelab.redhat.com   radosgw 223 0.0 9842384 329072   350087917568   9223372036854771712
f11-h13-000-6049p.rdu2.scalelab.redhat.com   radosgw 226 0.0 9867000 330104   349866962944   9223372036854771712
f11-h17-000-6049p.rdu2.scalelab.redhat.com   radosgw 225 0.0 9877348 312764   372091203584   9223372036854771712

OSD: 
2022/02/11-05:06:53: f10-h01-000-6049p.rdu2.scalelab.redhat.com ceph-osd        33.5  0.9 6055760 3699868
ceph-osd        43.8  0.9 5978028 3926668
ceph-osd        36.1  1.0 5945740 4091436
ceph-osd        35.6  1.0 5858004 4091564
ceph-osd        37.4  1.0 5835224 4062120
ceph-osd        36.6  0.9 6040652 3573992
ceph-osd        36.3  1.0 6047996 4115872
ceph-osd        39.2  0.9 5917880 3938020
ceph-osd        42.9  1.0 5938868 4071860
ceph-osd        35.8  0.9 5885904 3833356
ceph-osd        39.8  1.0 5953788 4068596
ceph-osd        42.1  1.0 5855336 4138336
ceph-osd        41.3  0.9 5912596 3795700
ceph-osd        35.3  1.0 6028612 4085956
ceph-osd        35.7  1.0 5905780 4090640
ceph-osd        41.6  1.0 5885864 4121540
ceph-osd        41.1  1.0 5912100 3994288
ceph-osd        36.2  1.0 5986820 4035516
ceph-osd        32.9  0.9 5887044 3844708
ceph-osd        36.0  1.0 5884220 4120872
ceph-osd        33.7  1.0 5888492 4081356
ceph-osd        40.8  1.0 5857988 4115308
ceph-osd        35.0  1.0 6090196 4001728
ceph-osd        44.3  0.9 5808732 3869896
2022/02/11-05:06:53: f10-h05-000-6049p.rdu2.scalelab.redhat.com ceph-osd        41.8  0.9 5846008 3888716
ceph-osd        39.5  0.9 6036704 3923564
ceph-osd        40.2  1.0 5937500 4137396
ceph-osd        36.8  1.0 5946228 4094344
ceph-osd        31.3  1.0 6053240 4088340
ceph-osd        33.2  1.0 6079208 3971372
ceph-osd        41.7  0.9 6035912 3653460
ceph-osd        36.2  0.9 5862140 3920180
ceph-osd        35.9  1.0 5926540 4088416
ceph-osd        35.3  0.9 5892576 3714484
ceph-osd        31.4  1.0 6027228 4040144
ceph-osd        34.4  1.0 5953328 3970180
ceph-osd        36.0  1.0 5916056 4021316
ceph-osd        39.0  1.0 5979600 4096528
ceph-osd        36.6  1.0 5793712 4112928
ceph-osd        41.8  1.0 5929024 4029656
ceph-osd        43.4  1.0 5945140 4116696
ceph-osd        34.1  1.0 5952176 4027460
ceph-osd        37.7  1.0 5977020 4052092
ceph-osd        39.4  0.9 5878284 3788524
ceph-osd        36.1  1.0 5916192 4170608
ceph-osd        39.1  0.9 5962844 3673036
ceph-osd        33.6  1.0 5880216 4087924
ceph-osd        38.8  1.0 5817576 3974468
2022/02/11-05:06:53: f10-h09-000-6049p.rdu2.scalelab.redhat.com ceph-osd        35.7  1.0 5906824 4060200
ceph-osd        40.5  1.0 5892364 4123872
ceph-osd        36.7  1.0 5927396 4084136
ceph-osd        36.8  0.9 5970488 3916480
ceph-osd        44.0  1.0 5997220 4071948
ceph-osd        31.0  1.0 6032940 4040084
ceph-osd        37.4  1.0 5951116 4060212
ceph-osd        36.9  1.0 5892684 4085820
ceph-osd        33.0  1.0 5975932 4053788
ceph-osd        31.1  1.0 5909124 4035736
ceph-osd        40.2  0.9 5934260 3690084
ceph-osd        35.4  0.9 5860244 3823028
ceph-osd        35.2  1.0 5948404 3948484
ceph-osd        37.3  1.0 6039964 4047384
ceph-osd        38.3  1.0 6069144 4124828
ceph-osd        48.6  0.9 5961788 3808908
ceph-osd        32.5  1.0 5960688 4055420
ceph-osd        35.7  0.9 5794924 3862372
ceph-osd        41.2  0.9 5724016 3864680
ceph-osd        36.6  1.0 5926624 4074148
ceph-osd        36.9  1.0 5971716 4070788
ceph-osd        33.3  1.0 5883396 4064536
ceph-osd        47.5  1.0 5888264 4069400
ceph-osd        34.5  1.0 5933888 4110568
2022/02/11-05:06:53: f10-h13-000-6049p.rdu2.scalelab.redhat.com ceph-osd        30.6  0.9 5846680 3708392
ceph-osd        34.5  1.0 5888012 4097456
ceph-osd        30.4  1.0 6083644 4098564
ceph-osd        36.3  1.0 5967224 4077904
ceph-osd        35.9  1.0 5906240 4087628
ceph-osd        35.6  1.0 5777656 4073980
ceph-osd        36.7  0.9 5931416 3878064
ceph-osd        35.7  0.9 5880872 3852212
ceph-osd        34.4  0.9 6038844 3811656
ceph-osd        34.6  0.9 5869660 3685544
ceph-osd        31.1  1.0 5936044 4148892
ceph-osd        41.5  1.0 6014044 4087536
ceph-osd        39.1  0.9 5836324 3850292
ceph-osd        34.3  1.0 5872264 4070676
ceph-osd        35.1  1.0 5871192 3985324
ceph-osd        33.3  1.0 5832144 3984596
ceph-osd        41.9  1.0 5890400 4077268
ceph-osd        42.3  1.0 5945960 4013600
ceph-osd        41.2  1.0 5877416 4084416
ceph-osd        39.4  0.9 5827472 3774600
ceph-osd        37.5  0.9 6010028 3788388
ceph-osd        42.4  1.0 5888140 4071480
ceph-osd        40.6  1.0 5910348 4085296
ceph-osd        43.5  1.0 5889576 4078992
2022/02/11-05:06:54: f10-h17-000-6049p.rdu2.scalelab.redhat.com ceph-osd        35.2  1.0 5907028 4061892
ceph-osd        43.1  1.0 5920644 4116752
ceph-osd        32.8  1.0 5887868 4100540
ceph-osd        36.3  1.0 5889420 4140532
ceph-osd        35.0  1.0 5911656 4116132
ceph-osd        33.6  1.0 5929200 4015476
ceph-osd        40.5  1.0 5881116 4098844
ceph-osd        35.3  1.0 5870340 4025296
ceph-osd        37.4  0.9 5760684 3612276
ceph-osd        35.5  1.0 5888564 4105112
ceph-osd        37.6  1.0 5887580 3989684
ceph-osd        40.0  0.9 5868468 3890020
ceph-osd        36.1  1.0 6029344 4111960
ceph-osd        35.7  1.0 5926152 4058064
ceph-osd        38.2  1.0 5978940 4042352
ceph-osd        34.3  1.0 5891056 4136612
ceph-osd        34.9  1.0 5886440 4037412
ceph-osd        33.8  1.0 5915400 4056780
ceph-osd        32.1  1.0 5959368 4043884
ceph-osd        38.6  0.9 5882352 3829808
ceph-osd        30.3  1.0 5951316 4119664
ceph-osd        31.3  1.0 5964068 3955176
ceph-osd        43.0  1.0 5942528 4012424
ceph-osd        37.6  1.0 5886144 4084700
2022/02/11-05:06:54: f10-h21-000-6049p.rdu2.scalelab.redhat.com ceph-osd        36.6  1.0 5890908 4069276
ceph-osd        36.8  1.0 5850272 4022040
ceph-osd        36.1  1.0 5942500 4167516
ceph-osd        38.2  1.0 5968236 4121192
ceph-osd        35.1  1.0 6069576 4112540
ceph-osd        41.6  1.0 5946032 4049200
ceph-osd        36.4  0.9 5945100 3882384
ceph-osd        32.3  1.0 5917140 4022700
ceph-osd        31.8  1.0 5846316 3980512
ceph-osd        38.4  0.9 5971136 3760044
ceph-osd        31.6  0.9 5938488 3832384
ceph-osd        33.8  1.0 5929724 4067060
ceph-osd        35.0  1.0 5857292 4052964
ceph-osd        42.4  0.9 5904584 3743948
ceph-osd        33.1  1.0 5960096 4032952
ceph-osd        40.6  0.9 5856968 3673916
ceph-osd        35.6  1.0 5860952 4054896
ceph-osd        35.3  1.0 5919628 4045676
ceph-osd        35.5  0.9 5890840 3897444
ceph-osd        35.1  1.0 5793736 4054124
ceph-osd        44.7  1.0 5953836 4118568
ceph-osd        34.6  1.0 5938260 4052376
ceph-osd        38.1  1.0 5902220 4076076
ceph-osd        44.7  0.9 5855416 3820828
2022/02/11-05:06:54: f10-h25-000-6049p.rdu2.scalelab.redhat.com ceph-osd        35.9  0.9 5991136 3906056
ceph-osd        28.7  1.0 5919796 4052404
ceph-osd        39.0  1.0 5938964 4041184
ceph-osd        36.3  0.9 5852700 3848604
ceph-osd        39.3  1.0 5807256 4003800
ceph-osd        32.0  1.0 6027564 4017156
ceph-osd        35.0  1.0 5886824 4057416
ceph-osd        36.6  0.9 5936680 3817868
ceph-osd        32.1  1.0 5970716 4080156
ceph-osd        30.1  0.9 5931300 3884612
ceph-osd        34.8  1.0 5843776 4099896
ceph-osd        33.4  1.0 5954316 4070848
ceph-osd        41.0  0.9 5992644 3860276
ceph-osd        35.7  0.9 5909944 3862576
ceph-osd        40.6  1.0 5971120 4029644
ceph-osd        33.9  1.0 6010620 4078356
ceph-osd        31.4  1.0 5873856 4015932
ceph-osd        30.3  1.0 5822072 4108920
ceph-osd        34.0  0.9 5753184 3919492
ceph-osd        35.5  1.0 5922956 3959068
ceph-osd        39.2  0.9 5877620 3888400
ceph-osd        43.4  0.9 5830564 3804184
ceph-osd        32.1  1.0 5929172 3971748
ceph-osd        38.3  1.0 5956660 4107008
2022/02/11-05:06:54: f11-h01-000-6049p.rdu2.scalelab.redhat.com ceph-osd        33.7  0.9 5923172 3617848
ceph-osd        39.2  0.9 5856196 3832332
ceph-osd        38.8  1.0 6026028 4105764
ceph-osd        37.1  0.9 5923896 3744756
ceph-osd        35.1  0.9 6006908 3837504
ceph-osd        39.7  1.0 5902436 4034300
ceph-osd        43.3  0.9 5735448 3922156
ceph-osd        44.7  0.9 5851080 3860356
ceph-osd        33.5  1.0 5813516 4024140
ceph-osd        30.6  1.0 5921984 4007360
ceph-osd        38.3  1.0 5980660 4022136
ceph-osd        34.6  1.0 6128764 4072828
ceph-osd        46.6  1.0 5906776 4128888
ceph-osd        37.8  0.9 5970152 3862368
ceph-osd        34.5  1.0 5875964 4062464
ceph-osd        39.0  1.0 5927472 4066548
ceph-osd        33.2  1.0 5920396 4014732
ceph-osd        32.6  0.9 5937352 3770360
ceph-osd        36.7  0.9 5836404 3779836
ceph-osd        40.2  0.9 5852416 3882464
ceph-osd        32.9  1.0 6023596 4090448
ceph-osd        31.8  0.9 5985416 3849728
ceph-osd        35.5  1.0 5938704 4061484
ceph-osd        34.7  1.0 5848408 4100508
2022/02/11-05:06:54: f11-h05-000-6049p.rdu2.scalelab.redhat.com ceph-osd        41.0  0.9 5885740 3810628
ceph-osd        35.8  1.0 6073548 4011120
ceph-osd        34.3  1.0 6061640 3982776
ceph-osd        31.6  0.9 6008380 3730084
ceph-osd        35.6  0.9 5829372 3921128
ceph-osd        32.3  0.9 5701928 3805908
ceph-osd        34.7  1.0 5950544 4156104
ceph-osd        40.4  1.0 5748920 3979752
ceph-osd        37.8  0.9 5947712 3767984
ceph-osd        35.8  0.9 5792388 3843604
ceph-osd        40.1  0.9 5879980 3831776
ceph-osd        37.9  1.0 5859328 3953180
ceph-osd        32.9  1.0 5828188 3983884
ceph-osd        33.1  1.0 5952204 4029988
ceph-osd        40.1  0.9 5827372 3732608
ceph-osd        35.1  1.0 5905288 4074188
ceph-osd        40.5  1.0 5822460 4096980
ceph-osd        35.5  0.9 5967968 3819652
ceph-osd        40.1  0.9 5843372 3789920
ceph-osd        37.3  1.0 5852444 4069548
ceph-osd        42.3  1.0 5932800 4109788
ceph-osd        36.1  1.0 5825804 4030440
ceph-osd        31.0  1.0 5869744 4120668
ceph-osd        37.3  0.9 5915204 3789320
2022/02/11-05:06:55: f11-h09-000-6049p.rdu2.scalelab.redhat.com ceph-osd        41.4  1.0 5863768 4081032
ceph-osd        35.5  0.9 5887084 3939792
ceph-osd        29.8  1.0 5850216 4124736
ceph-osd        36.0  0.9 5906972 3819360
ceph-osd        40.0  1.0 5795948 4056440
ceph-osd        37.4  1.0 5832092 4114152
ceph-osd        36.4  1.0 5927172 3971224
ceph-osd        30.6  1.0 5820140 4068252
ceph-osd        37.9  1.0 5900160 4104248
ceph-osd        31.9  0.9 5964200 3812524
ceph-osd        40.2  1.0 5875636 4088064
ceph-osd        30.6  0.9 5894104 3773196
ceph-osd        34.1  1.0 5925236 4030300
ceph-osd        39.2  1.0 6010668 4113612
ceph-osd        32.2  1.0 5926660 4003320
ceph-osd        31.2  1.0 5921660 4116824
ceph-osd        36.9  0.9 5855192 3881748
ceph-osd        37.7  1.0 5970744 4060692
ceph-osd        36.1  0.9 5857988 3924316
ceph-osd        40.7  1.0 5960100 4186900
ceph-osd        36.0  0.9 5866040 3918764
ceph-osd        38.4  1.0 5944516 3963016
ceph-osd        38.6  0.9 5828952 3878476
ceph-osd        35.2  0.9 5867056 3825324
2022/02/11-05:06:55: f11-h13-000-6049p.rdu2.scalelab.redhat.com ceph-osd        33.1  1.0 6044492 4070524
ceph-osd        37.3  0.9 5964848 3729848
ceph-osd        36.3  0.9 5908592 3832240
ceph-osd        37.8  1.0 5903344 4048400
ceph-osd        35.3  1.0 5880804 4054720
ceph-osd        33.3  1.0 6062316 3962216
ceph-osd        37.8  0.9 5929184 3857092
ceph-osd        35.3  0.9 5828932 3944220
ceph-osd        35.4  1.0 5856412 4061904
ceph-osd        35.4  1.0 6047840 4055084
ceph-osd        33.4  1.0 5896004 4102360
ceph-osd        34.2  1.0 5971596 4092604
ceph-osd        37.0  1.0 5905788 4174940
ceph-osd        36.8  1.0 5814092 4081712
ceph-osd        40.9  0.9 5845084 3815156
ceph-osd        32.8  1.0 5912864 4185644
ceph-osd        36.8  0.9 5862384 3930784
ceph-osd        45.9  0.8 5846232 3502452
ceph-osd        30.8  1.0 5945580 4007640
ceph-osd        33.4  0.9 5982048 3884644
ceph-osd        35.6  1.0 5939056 4261744
ceph-osd        30.0  1.0 5960044 4113776
ceph-osd        37.1  1.0 5977120 4072992
ceph-osd        48.3  1.0 5936672 4020912
2022/02/11-05:06:55: f11-h17-000-6049p.rdu2.scalelab.redhat.com ceph-osd        32.2  1.0 5934620 4145312
ceph-osd        28.9  0.9 5923048 3795744
ceph-osd        36.9  1.0 5864856 3988488
ceph-osd        41.5  0.9 5929352 3920788
ceph-osd        34.3  0.9 5929300 3790108
ceph-osd        30.1  0.9 5940980 3833692
ceph-osd        36.4  1.0 5885556 3977496
ceph-osd        37.4  1.0 5871628 3997332
ceph-osd        34.5  1.0 5943144 3997396
ceph-osd        32.6  1.0 6028184 4072648
ceph-osd        38.7  0.9 5852604 3923644
ceph-osd        40.8  1.0 5816712 4053040
ceph-osd        36.0  0.9 5746928 3647204
ceph-osd        37.0  1.0 5895264 3974128
ceph-osd        37.1  1.0 5805724 4012068
ceph-osd        34.2  0.9 5903840 3869112
ceph-osd        45.3  1.0 5820252 4042628
ceph-osd        40.2  1.0 5837352 4056980
ceph-osd        31.7  1.0 5938740 4137084
ceph-osd        44.3  0.9 5822100 3838928
ceph-osd        34.0  1.0 5760736 4083188
ceph-osd        32.7  1.0 5963468 4065364
ceph-osd        40.6  1.0 5864184 4132804
ceph-osd        34.9  1.0 5938056 4127672

Site1 buckets (rgw):
2022/02/11-05:06:56: 

Cluster status
  cluster:
    id:     259f4a8e-8a30-11ec-b380-ac1f6b2d5d2a
    health: HEALTH_OK
 
  services:
    mon: 3 daemons, quorum f13-h26-b04-5039ms.rdu2.scalelab.redhat.com,f13-h26-b07-5039ms,f13-h26-b08-5039ms (age 9h)
    mgr: f13-h26-b04-5039ms.rdu2.scalelab.redhat.com.gggmog(active, since 9h), standbys: f13-h26-b08-5039ms.lgcsid, f13-h26-b07-5039ms.mryrto
    osd: 288 osds: 288 up (since 6h), 288 in (since 23h)
    rgw: 12 daemons active (12 hosts, 1 zones)
 
  data:
    pools:   7 pools, 9729 pgs
    objects: 358.45M objects, 4.9 TiB
    usage:   57 TiB used, 510 TiB / 567 TiB avail
    pgs:     9729 active+clean
 
  io:
    client:   235 MiB/s rd, 135 MiB/s wr, 129.93k op/s rd, 109.84k op/s wr
 
2022/02/11-05:06:56: ceph df detail --- RAW STORAGE ---
CLASS     SIZE    AVAIL    USED  RAW USED  %RAW USED
hdd    567 TiB  510 TiB  57 TiB    57 TiB      10.08
TOTAL  567 TiB  510 TiB  57 TiB    57 TiB      10.08
 
--- POOLS ---
POOL                       ID   PGS   STORED   (DATA)   (OMAP)  OBJECTS     USED   (DATA)   (OMAP)  %USED  MAX AVAIL  QUOTA OBJECTS  QUOTA BYTES  DIRTY  USED COMPR  UNDER COMPR
device_health_metrics       1     1  856 KiB      0 B  856 KiB      315  2.5 MiB      0 B  2.5 MiB      0    161 TiB            N/A          N/A    N/A         0 B          0 B
default.rgw.control        12   256      0 B      0 B      0 B        8      0 B      0 B      0 B      0    161 TiB            N/A          N/A    N/A         0 B          0 B
default.rgw.buckets.data   13  8192  9.0 TiB  9.0 TiB      0 B  358.44M   13 TiB   13 TiB      0 B   2.72    321 TiB            N/A          N/A    N/A         0 B          0 B
default.rgw.buckets.index  14   512  121 GiB      0 B  121 GiB    6.36k  362 GiB      0 B  362 GiB   0.07    161 TiB            N/A          N/A    N/A         0 B          0 B
default.rgw.log            15   256  3.2 MiB   58 KiB  3.2 MiB      403   12 MiB  2.7 MiB  9.5 MiB      0    161 TiB            N/A          N/A    N/A         0 B          0 B
default.rgw.meta           16   256  2.0 MiB  3.6 KiB  2.0 MiB       17  6.1 MiB  192 KiB  5.9 MiB      0    161 TiB            N/A          N/A    N/A         0 B          0 B
.rgw.root                  17   256  1.3 KiB  1.3 KiB      0 B        4   48 KiB   48 KiB      0 B      0    161 TiB            N/A          N/A    N/A         0 B          0 B

Site1 pool PG counts:
pool 1 'device_health_metrics' replicated size 3 min_size 2 crush_rule 0 object_hash rjenkins pg_num 1 pgp_num 1 autoscale_mode on last_change 2770 flags hashpspool stripe_width 0 pg_num_min 1 application mgr_devicehealth,rgw
pool 12 'default.rgw.control' replicated size 3 min_size 2 crush_rule 0 object_hash rjenkins pg_num 256 pgp_num 256 autoscale_mode on last_change 896 flags hashpspool stripe_width 0 pg_num_min 256 application rgw
pool 13 'default.rgw.buckets.data' erasure profile myprofile size 6 min_size 5 crush_rule 1 object_hash rjenkins pg_num 8192 pgp_num 8192 autoscale_mode on last_change 918 lfor 0/0/916 flags hashpspool stripe_width 16384 pg_num_min 8192 application rgw
pool 14 'default.rgw.buckets.index' replicated size 3 min_size 2 crush_rule 0 object_hash rjenkins pg_num 512 pgp_num 512 autoscale_mode on last_change 898 flags hashpspool stripe_width 0 pg_num_min 512 application rgw
pool 15 'default.rgw.log' replicated size 3 min_size 2 crush_rule 0 object_hash rjenkins pg_num 256 pgp_num 256 autoscale_mode on last_change 899 flags hashpspool stripe_width 0 pg_num_min 256 application rgw
pool 16 'default.rgw.meta' replicated size 3 min_size 2 crush_rule 0 object_hash rjenkins pg_num 256 pgp_num 256 autoscale_mode on last_change 900 flags hashpspool stripe_width 0 pg_num_min 256 application rgw
pool 17 '.rgw.root' replicated size 3 min_size 2 crush_rule 0 object_hash rjenkins pg_num 256 pgp_num 256 autoscale_mode on last_change 901 flags hashpspool stripe_width 0 pg_num_min 256 application rgw


Site1 buckets df
2022/02/11-05:06:57: POOL                       ID   PGS   STORED  OBJECTS     USED  %USED  MAX AVAIL
default.rgw.control        12   256      0 B        8      0 B      0    161 TiB
default.rgw.buckets.data   13  8192  9.0 TiB  358.44M   13 TiB   2.72    321 TiB
default.rgw.buckets.index  14   512  121 GiB    6.36k  362 GiB   0.07    161 TiB
default.rgw.log            15   256  3.2 MiB      403   12 MiB      0    161 TiB
default.rgw.meta           16   256  2.0 MiB       17  6.1 MiB      0    161 TiB

OSD/RGW free:
2022/02/11-05:06:57: f10-h01-000-6049p.rdu2.scalelab.redhat.com                total        used        free      shared  buff/cache   available
Mem:          376Gi        95Gi        51Gi       4.1Gi       229Gi       273Gi
Swap:            0B          0B          0B

Ceph osd df:
2022/02/11-05:06:57: ID   CLASS  WEIGHT   REWEIGHT  SIZE     RAW USE  DATA    OMAP      META     AVAIL    %USE   VAR   PGS  STATUS
  0    hdd  1.97049   1.00000  2.0 TiB  202 GiB  47 GiB   1.1 GiB   13 GiB  1.8 TiB  10.03  1.00  178      up
  1    hdd  1.97049   1.00000  2.0 TiB  204 GiB  49 GiB   1.8 GiB   14 GiB  1.8 TiB  10.12  1.00  192      up
  2    hdd  1.97049   1.00000  2.0 TiB  204 GiB  49 GiB   2.4 GiB   14 GiB  1.8 TiB  10.12  1.00  197      up
  3    hdd  1.97049   1.00000  2.0 TiB  202 GiB  47 GiB   1.1 GiB   13 GiB  1.8 TiB  10.02  0.99  186      up
  4    hdd  1.97049   1.00000  2.0 TiB  204 GiB  49 GiB   1.1 GiB   14 GiB  1.8 TiB  10.11  1.00  190      up
  5    hdd  1.97049   1.00000  2.0 TiB  202 GiB  47 GiB   2.0 GiB   13 GiB  1.8 TiB  10.03  1.00  190      up
  6    hdd  1.97049   1.00000  2.0 TiB  205 GiB  49 GiB   1.4 GiB   14 GiB  1.8 TiB  10.14  1.01  191      up
  7    hdd  1.97049   1.00000  2.0 TiB  202 GiB  47 GiB   1.4 GiB   13 GiB  1.8 TiB  10.03  0.99  183      up
  8    hdd  1.97049   1.00000  2.0 TiB  202 GiB  47 GiB   659 MiB   13 GiB  1.8 TiB  10.03  0.99  174      up
  9    hdd  1.97049   1.00000  2.0 TiB  202 GiB  47 GiB   2.0 GiB   14 GiB  1.8 TiB  10.03  0.99  189      up
 10    hdd  1.97049   1.00000  2.0 TiB  205 GiB  49 GiB   1.8 GiB   14 GiB  1.8 TiB  10.14  1.01  190      up
 11    hdd  1.97049   1.00000  2.0 TiB  202 GiB  47 GiB   1.2 GiB   14 GiB  1.8 TiB  10.03  0.99  179      up
 12    hdd  1.97049   1.00000  2.0 TiB  205 GiB  49 GiB   694 MiB   14 GiB  1.8 TiB  10.14  1.01  190      up
 13    hdd  1.97049   1.00000  2.0 TiB  205 GiB  49 GiB   1.0 GiB   14 GiB  1.8 TiB  10.14  1.01  194      up
 14    hdd  1.97049   1.00000  2.0 TiB  205 GiB  49 GiB   1.8 GiB   14 GiB  1.8 TiB  10.14  1.01  197      up
 15    hdd  1.97049   1.00000  2.0 TiB  205 GiB  49 GiB   924 MiB   14 GiB  1.8 TiB  10.14  1.01  189      up
 16    hdd  1.97049   1.00000  2.0 TiB  203 GiB  48 GiB   1.8 GiB   14 GiB  1.8 TiB  10.08  1.00  194      up
 17    hdd  1.97049   1.00000  2.0 TiB  205 GiB  49 GiB   785 MiB   14 GiB  1.8 TiB  10.14  1.01  189      up
 18    hdd  1.97049   1.00000  2.0 TiB  203 GiB  48 GiB   396 MiB   13 GiB  1.8 TiB  10.07  1.00  182      up
 19    hdd  1.97049   1.00000  2.0 TiB  202 GiB  47 GiB   677 MiB   14 GiB  1.8 TiB  10.03  1.00  182      up
 20    hdd  1.97049   1.00000  2.0 TiB  205 GiB  49 GiB   431 MiB   14 GiB  1.8 TiB  10.14  1.01  191      up
 21    hdd  1.97049   1.00000  2.0 TiB  205 GiB  49 GiB   2.3 GiB   14 GiB  1.8 TiB  10.14  1.01  197      up
 22    hdd  1.97049   1.00000  2.0 TiB  205 GiB  49 GiB   985 MiB   14 GiB  1.8 TiB  10.14  1.01  195      up
 23    hdd  1.97049   1.00000  2.0 TiB  202 GiB  47 GiB   2.1 GiB   13 GiB  1.8 TiB  10.03  0.99  187      up
 32    hdd  1.97049   1.00000  2.0 TiB  205 GiB  49 GiB   943 MiB   14 GiB  1.8 TiB  10.14  1.01  189      up
 42    hdd  1.97049   1.00000  2.0 TiB  203 GiB  48 GiB   494 MiB   13 GiB  1.8 TiB  10.05  1.00  184      up
 53    hdd  1.97049   1.00000  2.0 TiB  205 GiB  49 GiB   540 MiB   14 GiB  1.8 TiB  10.14  1.01  191      up
 63    hdd  1.97049   1.00000  2.0 TiB  203 GiB  48 GiB   799 MiB   13 GiB  1.8 TiB  10.08  1.00  181      up
 73    hdd  1.97049   1.00000  2.0 TiB  203 GiB  48 GiB   1.3 GiB   14 GiB  1.8 TiB  10.07  1.00  187      up
 83    hdd  1.97049   1.00000  2.0 TiB  205 GiB  49 GiB   1.6 GiB   14 GiB  1.8 TiB  10.14  1.01  193      up
 93    hdd  1.97049   1.00000  2.0 TiB  205 GiB  49 GiB   2.5 GiB   14 GiB  1.8 TiB  10.14  1.01  196      up
103    hdd  1.97049   1.00000  2.0 TiB  203 GiB  47 GiB   2.1 GiB   13 GiB  1.8 TiB  10.04  1.00  183      up
113    hdd  1.97049   1.00000  2.0 TiB  205 GiB  49 GiB   1.4 GiB   14 GiB  1.8 TiB  10.14  1.01  198      up
123    hdd  1.97049   1.00000  2.0 TiB  205 GiB  49 GiB   1.7 GiB   14 GiB  1.8 TiB  10.14  1.01  193      up
133    hdd  1.97049   1.00000  2.0 TiB  205 GiB  49 GiB   1.4 GiB   14 GiB  1.8 TiB  10.14  1.01  189      up
143    hdd  1.97049   1.00000  2.0 TiB  205 GiB  49 GiB   417 MiB   14 GiB  1.8 TiB  10.14  1.01  189      up
153    hdd  1.97049   1.00000  2.0 TiB  203 GiB  47 GiB   1.1 GiB   13 GiB  1.8 TiB  10.04  1.00  184      up
163    hdd  1.97049   1.00000  2.0 TiB  203 GiB  48 GiB   1.8 GiB   13 GiB  1.8 TiB  10.05  1.00  187      up
173    hdd  1.97049   1.00000  2.0 TiB  203 GiB  47 GiB   1.7 GiB   13 GiB  1.8 TiB  10.04  1.00  190      up
183    hdd  1.97049   1.00000  2.0 TiB  203 GiB  47 GiB   2.1 GiB   13 GiB  1.8 TiB  10.04  1.00  189      up
193    hdd  1.97049   1.00000  2.0 TiB  205 GiB  49 GiB   2.2 GiB   14 GiB  1.8 TiB  10.14  1.01  189      up
203    hdd  1.97049   1.00000  2.0 TiB  203 GiB  48 GiB   810 MiB   14 GiB  1.8 TiB  10.05  1.00  182      up
213    hdd  1.97049   1.00000  2.0 TiB  205 GiB  49 GiB   650 MiB   14 GiB  1.8 TiB  10.14  1.01  186      up
223    hdd  1.97049   1.00000  2.0 TiB  202 GiB  47 GiB   2.0 GiB   13 GiB  1.8 TiB  10.03  0.99  183      up
233    hdd  1.97049   1.00000  2.0 TiB  202 GiB  47 GiB   722 MiB   14 GiB  1.8 TiB  10.03  0.99  182      up
243    hdd  1.97049   1.00000  2.0 TiB  202 GiB  47 GiB   920 MiB   14 GiB  1.8 TiB  10.03  0.99  183      up
253    hdd  1.97049   1.00000  2.0 TiB  202 GiB  47 GiB   1.1 GiB   14 GiB  1.8 TiB  10.02  0.99  185      up
263    hdd  1.97049   1.00000  2.0 TiB  202 GiB  47 GiB   1.7 GiB   14 GiB  1.8 TiB  10.03  1.00  186      up
 27    hdd  1.97049   1.00000  2.0 TiB  204 GiB  48 GiB   1.5 GiB   14 GiB  1.8 TiB  10.10  1.00  187      up
 41    hdd  1.97049   1.00000  2.0 TiB  203 GiB  47 GiB   524 MiB   14 GiB  1.8 TiB  10.04  1.00  188      up
 50    hdd  1.97049   1.00000  2.0 TiB  203 GiB  48 GiB   1.6 GiB   14 GiB  1.8 TiB  10.08  1.00  189      up
 58    hdd  1.97049   1.00000  2.0 TiB  202 GiB  47 GiB   416 MiB   13 GiB  1.8 TiB  10.03  1.00  184      up
 68    hdd  1.97049   1.00000  2.0 TiB  202 GiB  47 GiB   424 MiB   13 GiB  1.8 TiB  10.02  0.99  176      up
 77    hdd  1.97049   1.00000  2.0 TiB  202 GiB  47 GiB   1.8 GiB   14 GiB  1.8 TiB  10.03  0.99  185      up
 87    hdd  1.97049   1.00000  2.0 TiB  202 GiB  47 GiB   1.5 GiB   13 GiB  1.8 TiB  10.03  1.00  183      up
 96    hdd  1.97049   1.00000  2.0 TiB  205 GiB  49 GiB   2.4 GiB   14 GiB  1.8 TiB  10.14  1.01  196      up
106    hdd  1.97049   1.00000  2.0 TiB  202 GiB  47 GiB   1.0 GiB   13 GiB  1.8 TiB  10.03  0.99  183      up
116    hdd  1.97049   1.00000  2.0 TiB  202 GiB  47 GiB   1.4 GiB   13 GiB  1.8 TiB  10.02  0.99  181      up
129    hdd  1.97049   1.00000  2.0 TiB  205 GiB  49 GiB   1.8 GiB   14 GiB  1.8 TiB  10.14  1.01  194      up
139    hdd  1.97049   1.00000  2.0 TiB  205 GiB  49 GiB   1.7 GiB   14 GiB  1.8 TiB  10.14  1.01  189      up
149    hdd  1.97049   1.00000  2.0 TiB  202 GiB  47 GiB   2.1 GiB   13 GiB  1.8 TiB  10.03  0.99  185      up
159    hdd  1.97049   1.00000  2.0 TiB  205 GiB  49 GiB   606 MiB   14 GiB  1.8 TiB  10.14  1.01  183      up
170    hdd  1.97049   1.00000  2.0 TiB  205 GiB  49 GiB   1.7 GiB   14 GiB  1.8 TiB  10.14  1.01  187      up
179    hdd  1.97049   1.00000  2.0 TiB  202 GiB  47 GiB   851 MiB   13 GiB  1.8 TiB  10.03  0.99  182      up
189    hdd  1.97049   1.00000  2.0 TiB  202 GiB  47 GiB   556 MiB   13 GiB  1.8 TiB  10.02  0.99  177      up
198    hdd  1.97049   1.00000  2.0 TiB  202 GiB  47 GiB   1.1 GiB   14 GiB  1.8 TiB  10.03  1.00  186      up
208    hdd  1.97049   1.00000  2.0 TiB  202 GiB  47 GiB   1.9 GiB   13 GiB  1.8 TiB  10.01  0.99  183      up
218    hdd  1.97049   1.00000  2.0 TiB  205 GiB  49 GiB   1.8 GiB   14 GiB  1.8 TiB  10.14  1.01  186      up
230    hdd  1.97049   1.00000  2.0 TiB  202 GiB  47 GiB   1.1 GiB   13 GiB  1.8 TiB  10.01  0.99  179      up
240    hdd  1.97049   1.00000  2.0 TiB  204 GiB  49 GiB   489 MiB   14 GiB  1.8 TiB  10.13  1.00  187      up
250    hdd  1.97049   1.00000  2.0 TiB  202 GiB  47 GiB   2.3 GiB   13 GiB  1.8 TiB  10.01  0.99  191      up
259    hdd  1.97049   1.00000  2.0 TiB  204 GiB  49 GiB   158 MiB   14 GiB  1.8 TiB  10.11  1.00  184      up
 31    hdd  1.97049   1.00000  2.0 TiB  205 GiB  49 GiB   610 MiB   14 GiB  1.8 TiB  10.14  1.01  190      up
 40    hdd  1.97049   1.00000  2.0 TiB  203 GiB  47 GiB   1.0 GiB   14 GiB  1.8 TiB  10.04  1.00  185      up
 51    hdd  1.97049   1.00000  2.0 TiB  203 GiB  47 GiB   758 MiB   14 GiB  1.8 TiB  10.04  1.00  180      up
 59    hdd  1.97049   1.00000  2.0 TiB  202 GiB  47 GiB   1.6 GiB   13 GiB  1.8 TiB  10.03  1.00  187      up
 69    hdd  1.97049   1.00000  2.0 TiB  205 GiB  49 GiB   1.4 GiB   14 GiB  1.8 TiB  10.14  1.01  186      up
 79    hdd  1.97049   1.00000  2.0 TiB  205 GiB  49 GiB   546 MiB   15 GiB  1.8 TiB  10.14  1.01  188      up
 88    hdd  1.97049   1.00000  2.0 TiB  205 GiB  49 GiB   1.1 GiB   14 GiB  1.8 TiB  10.14  1.01  189      up
 98    hdd  1.97049   1.00000  2.0 TiB  205 GiB  49 GiB   876 MiB   14 GiB  1.8 TiB  10.14  1.01  197      up
108    hdd  1.97049   1.00000  2.0 TiB  202 GiB  47 GiB   166 MiB   13 GiB  1.8 TiB  10.03  1.00  183      up
118    hdd  1.97049   1.00000  2.0 TiB  202 GiB  47 GiB   865 MiB   13 GiB  1.8 TiB  10.02  0.99  181      up
130    hdd  1.97049   1.00000  2.0 TiB  202 GiB  47 GiB   206 MiB   13 GiB  1.8 TiB  10.02  0.99  182      up
140    hdd  1.97049   1.00000  2.0 TiB  205 GiB  49 GiB   989 MiB   14 GiB  1.8 TiB  10.14  1.01  192      up
150    hdd  1.97049   1.00000  2.0 TiB  205 GiB  49 GiB   636 MiB   14 GiB  1.8 TiB  10.14  1.01  185      up
160    hdd  1.97049   1.00000  2.0 TiB  202 GiB  47 GiB   521 MiB   14 GiB  1.8 TiB  10.02  0.99  179      up
169    hdd  1.97049   1.00000  2.0 TiB  202 GiB  47 GiB   823 MiB   13 GiB  1.8 TiB  10.03  1.00  180      up
180    hdd  1.97049   1.00000  2.0 TiB  204 GiB  48 GiB   1.6 GiB   14 GiB  1.8 TiB  10.10  1.00  188      up
188    hdd  1.97049   1.00000  2.0 TiB  205 GiB  49 GiB   1.9 GiB   14 GiB  1.8 TiB  10.14  1.01  190      up
199    hdd  1.97049   1.00000  2.0 TiB  205 GiB  49 GiB   1.5 GiB   14 GiB  1.8 TiB  10.14  1.01  194      up
207    hdd  1.97049   1.00000  2.0 TiB  203 GiB  48 GiB   2.1 GiB   14 GiB  1.8 TiB  10.07  1.00  182      up
217    hdd  1.97049   1.00000  2.0 TiB  202 GiB  47 GiB   2.2 GiB   14 GiB  1.8 TiB  10.03  0.99  185      up
227    hdd  1.97049   1.00000  2.0 TiB  205 GiB  49 GiB   1.5 GiB   14 GiB  1.8 TiB  10.14  1.01  189      up
237    hdd  1.97049   1.00000  2.0 TiB  202 GiB  47 GiB   2.3 GiB   13 GiB  1.8 TiB  10.03  1.00  180      up
247    hdd  1.97049   1.00000  2.0 TiB  205 GiB  49 GiB   2.3 GiB   14 GiB  1.8 TiB  10.14  1.01  198      up
257    hdd  1.97049   1.00000  2.0 TiB  202 GiB  47 GiB   2.3 GiB   13 GiB  1.8 TiB  10.03  0.99  180      up
 29    hdd  1.97049   1.00000  2.0 TiB  202 GiB  47 GiB   1.3 GiB   13 GiB  1.8 TiB  10.03  1.00  182      up
 38    hdd  1.97049   1.00000  2.0 TiB  204 GiB  48 GiB   1.7 GiB   14 GiB  1.8 TiB  10.10  1.00  186      up
 49    hdd  1.97049   1.00000  2.0 TiB  205 GiB  49 GiB   1.3 GiB   15 GiB  1.8 TiB  10.14  1.01  189      up
 61    hdd  1.97049   1.00000  2.0 TiB  205 GiB  49 GiB    72 MiB   14 GiB  1.8 TiB  10.14  1.01  190      up
 71    hdd  1.97049   1.00000  2.0 TiB  205 GiB  49 GiB   822 MiB   14 GiB  1.8 TiB  10.14  1.01  192      up
 81    hdd  1.97049   1.00000  2.0 TiB  202 GiB  47 GiB   1.7 GiB   13 GiB  1.8 TiB  10.03  1.00  183      up
 91    hdd  1.97049   1.00000  2.0 TiB  202 GiB  47 GiB   1.4 GiB   13 GiB  1.8 TiB  10.03  0.99  184      up
101    hdd  1.97049   1.00000  2.0 TiB  202 GiB  47 GiB   1.3 GiB   13 GiB  1.8 TiB  10.03  0.99  186      up
111    hdd  1.97049   1.00000  2.0 TiB  205 GiB  49 GiB   1.8 GiB   14 GiB  1.8 TiB  10.14  1.01  190      up
121    hdd  1.97049   1.00000  2.0 TiB  202 GiB  47 GiB   594 MiB   14 GiB  1.8 TiB  10.03  0.99  181      up
131    hdd  1.97049   1.00000  2.0 TiB  205 GiB  49 GiB   1.3 GiB   14 GiB  1.8 TiB  10.14  1.01  187      up
141    hdd  1.97049   1.00000  2.0 TiB  202 GiB  47 GiB   1.5 GiB   13 GiB  1.8 TiB  10.03  0.99  184      up
151    hdd  1.97049   1.00000  2.0 TiB  202 GiB  47 GiB   848 MiB   13 GiB  1.8 TiB  10.03  1.00  183      up
161    hdd  1.97049   1.00000  2.0 TiB  202 GiB  47 GiB   2.0 GiB   13 GiB  1.8 TiB  10.03  0.99  185      up
171    hdd  1.97049   1.00000  2.0 TiB  204 GiB  49 GiB   611 MiB   14 GiB  1.8 TiB  10.13  1.01  184      up
181    hdd  1.97049   1.00000  2.0 TiB  202 GiB  47 GiB   553 MiB   13 GiB  1.8 TiB  10.02  0.99  182      up
191    hdd  1.97049   1.00000  2.0 TiB  203 GiB  47 GiB   759 MiB   14 GiB  1.8 TiB  10.04  1.00  183      up
201    hdd  1.97049   1.00000  2.0 TiB  205 GiB  49 GiB   2.0 GiB   14 GiB  1.8 TiB  10.14  1.01  194      up
211    hdd  1.97049   1.00000  2.0 TiB  204 GiB  49 GiB   1.2 GiB   14 GiB  1.8 TiB  10.12  1.00  192      up
221    hdd  1.97049   1.00000  2.0 TiB  205 GiB  49 GiB   1.9 GiB   14 GiB  1.8 TiB  10.14  1.01  194      up
231    hdd  1.97049   1.00000  2.0 TiB  203 GiB  47 GiB   143 MiB   13 GiB  1.8 TiB  10.04  1.00  184      up
241    hdd  1.97049   1.00000  2.0 TiB  202 GiB  47 GiB   343 MiB   13 GiB  1.8 TiB  10.01  0.99  182      up
249    hdd  1.97049   1.00000  2.0 TiB  205 GiB  49 GiB   2.4 GiB   14 GiB  1.8 TiB  10.14  1.01  199      up
261    hdd  1.97049   1.00000  2.0 TiB  203 GiB  48 GiB   1.4 GiB   14 GiB  1.8 TiB  10.07  1.00  182      up
 33    hdd  1.97049   1.00000  2.0 TiB  203 GiB  47 GiB   1.4 GiB   13 GiB  1.8 TiB  10.04  1.00  189      up
 43    hdd  1.97049   1.00000  2.0 TiB  203 GiB  47 GiB   779 MiB   13 GiB  1.8 TiB  10.04  1.00  185      up
 52    hdd  1.97049   1.00000  2.0 TiB  204 GiB  48 GiB   774 MiB   14 GiB  1.8 TiB  10.09  1.00  186      up
 62    hdd  1.97049   1.00000  2.0 TiB  204 GiB  49 GiB   557 MiB   14 GiB  1.8 TiB  10.13  1.01  188      up
 72    hdd  1.97049   1.00000  2.0 TiB  203 GiB  47 GiB   1.9 GiB   14 GiB  1.8 TiB  10.04  1.00  187      up
 82    hdd  1.97049   1.00000  2.0 TiB  203 GiB  48 GiB   834 MiB   14 GiB  1.8 TiB  10.07  1.00  188      up
 92    hdd  1.97049   1.00000  2.0 TiB  205 GiB  49 GiB   602 MiB   14 GiB  1.8 TiB  10.14  1.01  186      up
102    hdd  1.97049   1.00000  2.0 TiB  205 GiB  49 GiB   1.0 GiB   14 GiB  1.8 TiB  10.14  1.01  198      up
112    hdd  1.97049   1.00000  2.0 TiB  205 GiB  49 GiB   477 MiB   14 GiB  1.8 TiB  10.14  1.01  186      up
122    hdd  1.97049   1.00000  2.0 TiB  205 GiB  49 GiB   1.1 GiB   14 GiB  1.8 TiB  10.14  1.01  185      up
132    hdd  1.97049   1.00000  2.0 TiB  205 GiB  49 GiB   452 MiB   14 GiB  1.8 TiB  10.14  1.01  195      up
142    hdd  1.97049   1.00000  2.0 TiB  203 GiB  47 GiB   919 MiB   14 GiB  1.8 TiB  10.04  1.00  185      up
152    hdd  1.97049   1.00000  2.0 TiB  205 GiB  49 GiB   904 MiB   14 GiB  1.8 TiB  10.14  1.01  192      up
162    hdd  1.97049   1.00000  2.0 TiB  205 GiB  49 GiB   1.3 GiB   14 GiB  1.8 TiB  10.14  1.01  191      up
172    hdd  1.97049   1.00000  2.0 TiB  203 GiB  47 GiB   523 MiB   13 GiB  1.8 TiB  10.04  1.00  181      up
182    hdd  1.97049   1.00000  2.0 TiB  203 GiB  48 GiB   1.6 GiB   14 GiB  1.8 TiB  10.07  1.00  189      up
192    hdd  1.97049   1.00000  2.0 TiB  203 GiB  48 GiB   821 MiB   14 GiB  1.8 TiB  10.05  1.00  185      up
202    hdd  1.97049   1.00000  2.0 TiB  203 GiB  47 GiB   1.8 GiB   13 GiB  1.8 TiB  10.04  1.00  188      up
212    hdd  1.97049   1.00000  2.0 TiB  204 GiB  48 GiB   1.9 GiB   14 GiB  1.8 TiB  10.09  1.00  193      up
222    hdd  1.97049   1.00000  2.0 TiB  204 GiB  49 GiB   843 MiB   14 GiB  1.8 TiB  10.13  1.00  185      up
232    hdd  1.97049   1.00000  2.0 TiB  203 GiB  47 GiB   1.2 GiB   13 GiB  1.8 TiB  10.04  1.00  183      up
242    hdd  1.97049   1.00000  2.0 TiB  205 GiB  49 GiB   1.5 GiB   14 GiB  1.8 TiB  10.14  1.01  188      up
252    hdd  1.97049   1.00000  2.0 TiB  203 GiB  48 GiB   2.4 GiB   13 GiB  1.8 TiB  10.08  1.00  193      up
262    hdd  1.97049   1.00000  2.0 TiB  203 GiB  47 GiB   1.7 GiB   13 GiB  1.8 TiB  10.04  1.00  183      up
264    hdd  1.97049   1.00000  2.0 TiB  203 GiB  48 GiB   1.8 GiB   14 GiB  1.8 TiB  10.07  1.00  183      up
265    hdd  1.97049   1.00000  2.0 TiB  202 GiB  47 GiB   401 MiB   13 GiB  1.8 TiB  10.03  0.99  181      up
266    hdd  1.97049   1.00000  2.0 TiB  205 GiB  49 GiB   1.6 GiB   14 GiB  1.8 TiB  10.14  1.01  191      up
267    hdd  1.97049   1.00000  2.0 TiB  205 GiB  49 GiB   1.0 GiB   14 GiB  1.8 TiB  10.14  1.01  191      up
268    hdd  1.97049   1.00000  2.0 TiB  202 GiB  47 GiB   2.3 GiB   13 GiB  1.8 TiB  10.03  0.99  188      up
269    hdd  1.97049   1.00000  2.0 TiB  202 GiB  47 GiB   973 MiB   13 GiB  1.8 TiB  10.03  0.99  179      up
270    hdd  1.97049   1.00000  2.0 TiB  203 GiB  48 GiB   1.3 GiB   13 GiB  1.8 TiB  10.05  1.00  185      up
271    hdd  1.97049   1.00000  2.0 TiB  205 GiB  49 GiB   1.4 GiB   14 GiB  1.8 TiB  10.14  1.01  195      up
272    hdd  1.97049   1.00000  2.0 TiB  202 GiB  47 GiB   1.0 GiB   13 GiB  1.8 TiB  10.01  0.99  184      up
273    hdd  1.97049   1.00000  2.0 TiB  202 GiB  47 GiB   777 MiB   13 GiB  1.8 TiB  10.02  0.99  182      up
274    hdd  1.97049   1.00000  2.0 TiB  205 GiB  49 GiB   554 MiB   14 GiB  1.8 TiB  10.14  1.01  183      up
275    hdd  1.97049   1.00000  2.0 TiB  203 GiB  47 GiB   828 MiB   14 GiB  1.8 TiB  10.04  1.00  180      up
276    hdd  1.97049   1.00000  2.0 TiB  205 GiB  49 GiB   2.0 GiB   14 GiB  1.8 TiB  10.14  1.01  189      up
277    hdd  1.97049   1.00000  2.0 TiB  203 GiB  48 GiB   1.4 GiB   14 GiB  1.8 TiB  10.05  1.00  188      up
278    hdd  1.97049   1.00000  2.0 TiB  205 GiB  49 GiB   2.2 GiB   14 GiB  1.8 TiB  10.14  1.01  192      up
279    hdd  1.97049   1.00000  2.0 TiB  205 GiB  49 GiB   1.1 GiB   14 GiB  1.8 TiB  10.14  1.01  190      up
280    hdd  1.97049   1.00000  2.0 TiB  202 GiB  47 GiB   390 MiB   13 GiB  1.8 TiB  10.01  0.99  175      up
281    hdd  1.97049   1.00000  2.0 TiB  202 GiB  47 GiB   175 MiB   13 GiB  1.8 TiB  10.01  0.99  173      up
282    hdd  1.97049   1.00000  2.0 TiB  202 GiB  47 GiB   936 MiB   13 GiB  1.8 TiB  10.01  0.99  181      up
283    hdd  1.97049   1.00000  2.0 TiB  202 GiB  47 GiB   627 MiB   13 GiB  1.8 TiB  10.01  0.99  179      up
284    hdd  1.97049   1.00000  2.0 TiB  202 GiB  47 GiB   1.0 GiB   13 GiB  1.8 TiB  10.01  0.99  181      up
285    hdd  1.97049   1.00000  2.0 TiB  202 GiB  47 GiB   2.1 GiB   13 GiB  1.8 TiB  10.02  0.99  184      up
