2022/02/14-04:51:40: runIOworkload.sh - Created logfile: ./RESULTS/runIOworkload.sh_20220214-045139.log
Runtime Environment:
Linux f10-h29-b02-5039ms.rdu2.scalelab.redhat.com 4.18.0-348.el8.x86_64 #1 SMP Mon Oct 4 12:17:22 EDT 2021 x86_64 x86_64 x86_64 GNU/Linux
Red Hat Enterprise Linux release 8.5 (Ootpa)
ceph version 16.2.7-50.el8cp (c90bc12825144dad216e585dfc37fcad96f9b777) pacific (stable)
2022/02/14-04:51:40: > runmode=containerized
Key Variable Values:
2022/02/14-04:51:40: > pollinterval=300
2022/02/14-04:51:40: > RESULTSDIR=./RESULTS
Cluster variable settings:
2022/02/14-04:51:40: > MONhostname=f13-h26-b04-5039ms.rdu2.scalelab.redhat.com
2022/02/14-04:51:40: > RGWhostname=f10-h01-000-6049p.rdu2.scalelab.redhat.com
2022/02/14-04:51:40: ---------------------------------
2022/02/14-04:51:40: BEGIN /root/git_repo/DFGRGWtest/RGWtest/measure.xml contents:
<?xml version="1.0" encoding="UTF-8" ?>
<workload name="hybridSS" description="RGW testing">


<!-- Initialization -->
  <storage type="s3" config="timeout=900000;accesskey=J5R44SUNTK94AB7KRL2S;secretkey=mxgvXdh9v8VDQVtMhkIehUIrcco1apQyxGBR0BfS;endpoint=http://localhost:5000;path_style_access=true"/>
  <auth type="none"/>

  <workflow>

<!-- Use operation mix & object sizes as defined in vars.shinc	 -->

    <workstage name="MAIN">
        <work name="hybrid" workers="1988" runtime="3600" >
            <operation name="writeOP" type="write" ratio="36" config="containers=u(1,2);objects=u(1,75000000);sizes=h(1|2|25,2|4|40,4|8|25,8|256|10)KB" />
            <operation name="deleteOP" type="delete" ratio="5" config="containers=u(1,2);objects=u(1,75000000);sizes=h(1|2|25,2|4|40,4|8|25,8|256|10)KB" />
	    <operation name="readOP" type="read" ratio="44" config="containers=u(3,5);objects=u(1,75000000);hashCheck=true" />
            <operation name="listOP" type="list" ratio="15" config="containers=u(3,5);objects=u(1,75000000);hashCheck=true" />
        </work>
    </workstage>

  </workflow>

</workload>
2022/02/14-04:51:40: END /root/git_repo/DFGRGWtest/RGWtest/measure.xml
2022/02/14-04:51:41: 
CLASS     SIZE    AVAIL    USED  RAW USED  %RAW USED
TOTAL  567 TiB  506 TiB  62 TiB    62 TiB      10.90
POOL                       ID   PGS   STORED  OBJECTS     USED  %USED  MAX AVAIL
GC: 2022/02/14-04:51:45: Pending GC's == 1
2022/02/14-04:51:45: START: poll backgrd process
2022/02/14-04:51:46: ** POLL started

ceph balancer status
{
    "active": true,
    "last_optimize_duration": "0:00:00.122874",
    "last_optimize_started": "Mon Feb 14 04:51:23 2022",
    "mode": "upmap",
    "optimize_result": "Unable to find further optimization, or pool(s) pg_num is decreasing, or distribution is already perfect",
    "plans": []
}
2022/02/14-04:51:47: POLL backgrd processID 656140
2022/02/14-04:51:47: START: cosbench launched
2022/02/14-04:51:48: OSD Settings:      "bluefs_buffered_io": "true",
    "bluestore_cache_trim_max_skip_pinned": "1000",
    "bluestore_rocksdb_options": "compression=kNoCompression,max_write_buffer_number=4,min_write_buffer_number_to_merge=1,recycle_log_file_num=4,write_buffer_size=268435456,writable_file_max_buffer_size=0,compaction_readahead_size=2097152,max_background_compactions=2,max_total_wal_size=1073741824",
    "bluestore_rocksdb_options_annex": "",
    "debug_objclass": "0/5",
    "log_to_file": "true",
    "mon_cluster_log_to_file": "true",
    "osd_crush_initial_weight": "-1.000000",
    "osd_deep_scrub_interval": "604800.000000",
    "osd_deep_scrub_large_omap_object_key_threshold": "200000",
    "osd_delete_sleep": "0.000000",
    "osd_delete_sleep_hdd": "5.000000",
    "osd_delete_sleep_hybrid": "1.000000",
    "osd_delete_sleep_ssd": "1.000000",
    "osd_max_backfills": "1",
    "osd_max_scrubs": "1",
    "osd_memory_target": "4294967296",
    "osd_memory_target_autotune": "false",
    "osd_memory_target_cgroup_limit_ratio": "0.800000",
    "osd_op_thread_timeout": "15",
    "osd_recovery_max_omap_entries_per_chunk": "8096",
    "osd_scrub_auto_repair": "false",
    "osd_scrub_auto_repair_num_errors": "5",
    "osd_scrub_begin_hour": "0",
    "osd_scrub_during_recovery": "false",
    "osd_scrub_end_hour": "0",
    "osd_scrub_max_interval": "604800.000000",
    "osd_scrub_sleep": "0.000000",
    "rocksdb_cache_size": "536870912",
2022/02/14-04:51:48: RGW Settings:      "debug_ms": "0/0",
    "debug_rgw": "1/5",
    "debug_rgw_sync": "1/5",
    "log_to_file": "true",
    "mon_cluster_log_to_file": "true",
    "rgw_dynamic_resharding": "true",
    "rgw_frontend_defaults": "beast ssl_certificate=config://rgw/cert/$realm/$zone.crt ssl_private_key=config://rgw/cert/$realm/$zone.key",
    "rgw_frontends": "beast endpoint=172.17.36.220:8080",
    "rgw_gc_max_concurrent_io": "10",
    "rgw_gc_max_deferred": "50",
    "rgw_gc_max_deferred_entries_size": "3072",
    "rgw_gc_max_objs": "32",
    "rgw_gc_max_queue_size": "134213632",
    "rgw_gc_max_trim_chunk": "16",
    "rgw_gc_obj_min_wait": "7200",
    "rgw_gc_processor_max_time": "3600",
    "rgw_gc_processor_period": "3600",
    "rgw_max_concurrent_requests": "2048",
    "rgw_override_bucket_index_max_shards": "0",
    "rgw_run_sync_thread": "true",
    "rgw_thread_pool_size": "1024",
2022/02/14-04:51:49: Accepted with ID: w6
2022/02/14-04:51:49: COSbench jobID is: w6 - Started

OSD swapon -s ...
f11-h13-000-6049p.rdu2.scalelab.redhat.com | CHANGED | rc=0 | (stdout) 
f11-h17-000-6049p.rdu2.scalelab.redhat.com | CHANGED | rc=0 | (stdout) 
f11-h09-000-6049p.rdu2.scalelab.redhat.com | CHANGED | rc=0 | (stdout) 
f11-h01-000-6049p.rdu2.scalelab.redhat.com | CHANGED | rc=0 | (stdout) 
f11-h05-000-6049p.rdu2.scalelab.redhat.com | CHANGED | rc=0 | (stdout) 
f10-h01-000-6049p.rdu2.scalelab.redhat.com | CHANGED | rc=0 | (stdout) 
f10-h13-000-6049p.rdu2.scalelab.redhat.com | CHANGED | rc=0 | (stdout) 
f10-h17-000-6049p.rdu2.scalelab.redhat.com | CHANGED | rc=0 | (stdout) 
f10-h09-000-6049p.rdu2.scalelab.redhat.com | CHANGED | rc=0 | (stdout) 
f10-h05-000-6049p.rdu2.scalelab.redhat.com | CHANGED | rc=0 | (stdout) 
f10-h21-000-6049p.rdu2.scalelab.redhat.com | CHANGED | rc=0 | (stdout) 
f10-h25-000-6049p.rdu2.scalelab.redhat.com | CHANGED | rc=0 | (stdout) 

2022/02/14-04:51:53: %RAW USED 10.90; Pending GCs 

--------------------------------------------------------

2022/02/14-04:51:56: RESHARD Queue Length 1
2022/02/14-04:51:56: RESHARD List []

LA: 2022/02/14-04:51:56:   2.39, 1.13, 0.92

RGW stats:          proc   %cpu %mem  vsz    rss     memused       memlimit
f10-h01-000-6049p.rdu2.scalelab.redhat.com   radosgw 120 0.0 9854084 261004   373343817728   9223372036854771712
f10-h05-000-6049p.rdu2.scalelab.redhat.com   radosgw 121 0.0 9848884 251864   382474526720   9223372036854771712
f10-h09-000-6049p.rdu2.scalelab.redhat.com   radosgw 120 0.0 9924156 256384   371778560000   9223372036854771712
f10-h13-000-6049p.rdu2.scalelab.redhat.com   radosgw 121 0.0 9899488 226556   384282300416   9223372036854771712
f10-h17-000-6049p.rdu2.scalelab.redhat.com   radosgw 118 0.0 9976344 248504   368449212416   9223372036854771712
f10-h21-000-6049p.rdu2.scalelab.redhat.com   radosgw 120 0.0 9875984 256320   336150216704   9223372036854771712
f10-h25-000-6049p.rdu2.scalelab.redhat.com   radosgw 120 0.0 9853452 265972   388562296832   9223372036854771712
f11-h01-000-6049p.rdu2.scalelab.redhat.com   radosgw 121 0.0 9963296 291660   380461121536   9223372036854771712
f11-h05-000-6049p.rdu2.scalelab.redhat.com   radosgw 122 0.0 10051440 266816   374262792192   9223372036854771712
f11-h09-000-6049p.rdu2.scalelab.redhat.com   radosgw 120 0.0 9937024 262828   367583977472   9223372036854771712
f11-h13-000-6049p.rdu2.scalelab.redhat.com   radosgw 120 0.0 9967736 249076   370301247488   9223372036854771712
f11-h17-000-6049p.rdu2.scalelab.redhat.com   radosgw 121 0.0 9930336 254036   368125083648   9223372036854771712

OSD: 
2022/02/14-04:52:03: f10-h01-000-6049p.rdu2.scalelab.redhat.com ceph-osd        19.8  1.0 6293328 4103672
ceph-osd        27.0  1.0 6207404 4049956
ceph-osd        21.6  1.0 6207884 3987404
ceph-osd        21.2  1.0 6095572 4008800
ceph-osd        22.5  1.0 6105560 3982376
ceph-osd        21.8  1.0 6171724 4073864
ceph-osd        21.6  1.0 6342908 4064060
ceph-osd        23.6  1.0 6155448 4051292
ceph-osd        25.3  0.9 6069940 3754288
ceph-osd        21.3  1.0 6082512 4060880
ceph-osd        23.9  1.0 6117628 4095560
ceph-osd        24.6  1.0 6117480 4062248
ceph-osd        23.6  1.0 6109204 3986228
ceph-osd        21.7  1.0 6231388 4035744
ceph-osd        21.3  1.0 6102388 4026524
ceph-osd        24.7  1.0 6123432 4137292
ceph-osd        23.5  1.0 6141476 4129012
ceph-osd        21.6  1.0 6117892 4085460
ceph-osd        19.7  1.0 6181956 3946944
ceph-osd        21.5  1.0 6121788 4070584
ceph-osd        20.1  1.0 6216172 4124488
ceph-osd        24.0  1.0 6152900 4241708
ceph-osd        20.8  1.0 6319572 4044536
ceph-osd        25.9  1.0 6204004 4048076
2022/02/14-04:52:03: f10-h05-000-6049p.rdu2.scalelab.redhat.com ceph-osd        24.2  1.0 6022152 4132804
ceph-osd        23.3  1.0 6331616 4068896
ceph-osd        23.8  1.0 6199644 4073744
ceph-osd        21.6  1.0 6175604 4085408
ceph-osd        19.0  1.0 6380920 4030808
ceph-osd        19.9  1.0 6341352 4057996
ceph-osd        24.4  1.0 6199752 3993520
ceph-osd        21.3  1.0 6099708 4093728
ceph-osd        21.5  1.0 6327948 4105776
ceph-osd        21.1  1.0 6097376 4234024
ceph-osd        18.7  0.9 6158300 3914436
ceph-osd        20.8  1.0 6182704 4068676
ceph-osd        21.9  1.0 6151600 4045660
ceph-osd        22.8  1.0 6110672 3999916
ceph-osd        22.2  1.0 6154160 4024204
ceph-osd        25.3  1.0 6199360 4095508
ceph-osd        25.8  1.0 6240052 4075220
ceph-osd        20.0  1.0 6279856 4036624
ceph-osd        22.1  0.8 6140860 3516596
ceph-osd        22.9  1.0 6181388 4087448
ceph-osd        21.1  0.9 6080032 3795264
ceph-osd        22.5  1.0 6134876 4027600
ceph-osd        20.0  1.0 6117784 4055144
ceph-osd        23.0  1.0 6145256 4103952
2022/02/14-04:52:03: f10-h09-000-6049p.rdu2.scalelab.redhat.com ceph-osd        21.1  1.0 6136200 4182964
ceph-osd        23.7  1.0 6121740 4102168
ceph-osd        22.3  1.0 6134252 4023884
ceph-osd        22.1  1.0 6101560 4154528
ceph-osd        26.0  1.0 6095524 4066532
ceph-osd        18.4  1.0 6360620 4060064
ceph-osd        22.0  1.0 6147724 4073704
ceph-osd        21.8  1.0 6122060 4095716
ceph-osd        20.2  1.0 6172540 4139680
ceph-osd        18.6  1.0 6335108 4056748
ceph-osd        23.7  1.0 6108364 4175588
ceph-osd        21.0  1.0 6089620 4056604
ceph-osd        20.5  1.0 6145012 4107500
ceph-osd        21.6  1.0 6171036 4059032
ceph-osd        22.3  1.0 6314936 4061580
ceph-osd        28.8  1.0 6125628 4032544
ceph-osd        19.7  1.0 6267904 4078488
ceph-osd        21.2  1.0 6155372 4151168
ceph-osd        24.4  1.0 6117232 4089144
ceph-osd        21.6  1.0 6129400 4118192
ceph-osd        21.0  1.0 6135556 4056328
ceph-osd        20.3  1.0 6227492 4055704
ceph-osd        27.5  1.0 6054160 4128748
ceph-osd        20.1  1.0 6097728 4058916
2022/02/14-04:52:03: f10-h13-000-6049p.rdu2.scalelab.redhat.com ceph-osd        18.4  1.0 6010520 4122956
ceph-osd        20.5  1.0 6125580 4052832
ceph-osd        18.3  0.9 6345788 3858688
ceph-osd        21.8  1.0 6172024 4044436
ceph-osd        21.2  1.0 6168384 4030912
ceph-osd        20.5  1.0 6105336 4141356
ceph-osd        21.7  1.0 6095256 4095968
ceph-osd        21.3  1.0 6143016 4067544
ceph-osd        20.3  1.0 6268220 4124256
ceph-osd        20.8  1.0 6107228 4142492
ceph-osd        18.8  1.0 6230956 4032500
ceph-osd        25.0  0.9 6210652 3824452
ceph-osd        23.4  1.0 6098468 4093488
ceph-osd        20.7  1.0 6134408 4200424
ceph-osd        20.8  1.0 6133336 4002684
ceph-osd        19.8  1.0 6196704 4008112
ceph-osd        24.8  1.0 6087008 4109260
ceph-osd        24.6  1.0 6208104 4047416
ceph-osd        24.6  1.0 6147752 4004004
ceph-osd        23.0  1.0 6155152 4085508
ceph-osd        22.1  1.0 6075564 4050468
ceph-osd        24.3  1.0 6183052 3988764
ceph-osd        23.7  1.0 6172492 4233348
ceph-osd        24.8  0.9 6086184 3939208
2022/02/14-04:52:04: f10-h17-000-6049p.rdu2.scalelab.redhat.com ceph-osd        20.8  1.0 6201940 4066024
ceph-osd        26.1  1.0 6051716 4043460
ceph-osd        19.8  1.0 6150012 3981188
ceph-osd        21.5  1.0 6053260 3999092
ceph-osd        20.9  1.0 6108264 4097164
ceph-osd        19.7  1.0 6134000 4019164
ceph-osd        24.1  0.9 6176028 3843448
ceph-osd        21.3  1.0 6173444 4066452
ceph-osd        21.4  1.0 6055596 4091980
ceph-osd        21.1  1.0 6216244 4071096
ceph-osd        22.2  1.0 6125148 4059960
ceph-osd        23.4  1.0 6097844 4085888
ceph-osd        22.0  1.0 6291488 4075244
ceph-osd        21.4  1.0 6319368 4039016
ceph-osd        22.6  1.0 6142780 4011164
ceph-osd        20.5  1.0 6185968 3990132
ceph-osd        20.8  1.0 6115816 4074788
ceph-osd        19.5  1.0 6015760 3960980
ceph-osd        19.3  1.0 6360776 3991736
ceph-osd        22.9  1.0 6144496 4114016
ceph-osd        17.7  1.0 6246228 4023552
ceph-osd        18.4  1.0 6324516 3999088
ceph-osd        24.8  0.9 6171904 3866836
ceph-osd        21.3  1.0 6082752 4098192
2022/02/14-04:52:04: f10-h21-000-6049p.rdu2.scalelab.redhat.com ceph-osd        21.7  1.0 6153052 4224452
ceph-osd        21.9  1.0 6218912 4028792
ceph-osd        21.3  0.9 6106340 3832596
ceph-osd        22.5  1.0 6205804 4003244
ceph-osd        21.1  1.0 6339912 4051464
ceph-osd        24.8  1.0 6142640 4168584
ceph-osd        21.6  1.0 6240012 4073648
ceph-osd        18.6  1.0 6113748 4017704
ceph-osd        19.2  0.9 6083884 3826108
ceph-osd        22.4  1.0 6134976 4120812
ceph-osd        19.0  1.0 6405432 4016756
ceph-osd        20.0  1.0 6191868 4069556
ceph-osd        21.1  1.0 6033420 4022056
ceph-osd        24.8  1.0 6166728 4055984
ceph-osd        19.4  0.9 6132128 3846976
ceph-osd        23.8  1.0 6086344 4045960
ceph-osd        21.6  1.0 6090328 4014736
ceph-osd        20.9  1.0 6149004 4148904
ceph-osd        21.0  1.0 5989144 4075860
ceph-osd        21.0  1.0 6096840 4023800
ceph-osd        25.9  1.0 6127956 4115392
ceph-osd        20.7  1.0 6069332 4054288
ceph-osd        22.9  1.0 6107020 4045728
ceph-osd        26.0  1.0 6125752 4021228
2022/02/14-04:52:04: f10-h25-000-6049p.rdu2.scalelab.redhat.com ceph-osd        20.9  1.0 6122208 4041428
ceph-osd        17.0  1.0 6378548 4060656
ceph-osd        22.9  1.0 6201108 4073200
ceph-osd        21.4  1.0 6147612 4083652
ceph-osd        22.7  1.0 6134936 3988784
ceph-osd        18.9  1.0 6256940 4018524
ceph-osd        20.8  1.0 6189928 3964768
ceph-osd        21.1  1.0 6133288 4016048
ceph-osd        19.2  1.0 6333220 4017560
ceph-osd        17.9  1.0 6324516 4030400
ceph-osd        20.7  1.0 6146880 4083616
ceph-osd        19.9  1.0 6216460 3976832
ceph-osd        24.0  1.0 6156484 4102600
ceph-osd        21.0  1.0 6237624 4103508
ceph-osd        23.9  1.0 6175920 4073896
ceph-osd        20.0  1.0 6207228 4031736
ceph-osd        18.6  1.0 6299840 4130428
ceph-osd        18.0  1.0 6051448 4103672
ceph-osd        20.3  1.0 6048096 4024880
ceph-osd        21.0  1.0 6062220 3991588
ceph-osd        23.3  1.0 6074228 4113228
ceph-osd        25.5  1.0 6158244 4059616
ceph-osd        18.7  1.0 6158548 4089532
ceph-osd        22.7  0.9 6128692 3860620
2022/02/14-04:52:04: f11-h01-000-6049p.rdu2.scalelab.redhat.com ceph-osd        20.2  0.9 6259044 3836040
ceph-osd        23.1  1.0 6085572 4116292
ceph-osd        22.6  1.0 6165292 4025080
ceph-osd        22.0  1.0 6186040 4020380
ceph-osd        20.9  1.0 6301820 4039956
ceph-osd        23.4  1.0 6164580 4045412
ceph-osd        25.0  1.0 6169624 4086912
ceph-osd        26.5  0.9 6113224 3865280
ceph-osd        20.3  1.0 6108428 4141504
ceph-osd        18.2  0.9 6282432 3821408
ceph-osd        22.8  1.0 6185460 4075032
ceph-osd        20.4  1.0 6366332 4001508
ceph-osd        26.5  1.0 6111576 4081280
ceph-osd        22.3  1.0 6133992 4078032
ceph-osd        20.9  1.0 6113532 4040408
ceph-osd        23.3  1.0 6066736 3995044
ceph-osd        19.7  1.0 6157964 4037148
ceph-osd        20.0  1.0 6101192 4028724
ceph-osd        21.0  1.0 6131316 4013788
ceph-osd        23.7  1.0 6147328 4099232
ceph-osd        19.9  1.0 6384044 4003456
ceph-osd        19.5  1.0 6247560 4240140
ceph-osd        21.0  1.0 6200848 4065708
ceph-osd        20.4  1.0 6151512 4013268
2022/02/14-04:52:04: f11-h05-000-6049p.rdu2.scalelab.redhat.com ceph-osd        24.2  1.0 6115116 4079344
ceph-osd        21.6  1.0 6171852 4041156
ceph-osd        20.5  1.0 6356552 4144528
ceph-osd        18.7  1.0 6139452 4060384
ceph-osd        21.1  1.0 6058748 4023100
ceph-osd        19.2  1.0 6168872 4069364
ceph-osd        20.6  1.0 6081616 4175892
ceph-osd        23.8  1.0 6045888 3987724
ceph-osd        22.2  1.0 6250816 4066992
ceph-osd        20.2  1.0 6228620 4007780
ceph-osd        23.7  1.0 6109356 4074688
ceph-osd        22.7  1.0 6154240 4042060
ceph-osd        19.6  1.0 6164060 4061612
ceph-osd        19.6  0.9 6116044 3742928
ceph-osd        23.5  1.0 6032172 4026144
ceph-osd        21.0  1.0 6101896 3988680
ceph-osd        23.4  1.0 6117372 4056596
ceph-osd        20.9  1.0 6264936 4036708
ceph-osd        23.6  1.0 6138284 4056296
ceph-osd        21.6  1.0 6114588 4074280
ceph-osd        24.3  1.0 6129408 4062024
ceph-osd        21.4  0.9 6087948 3868236
ceph-osd        18.3  1.0 6230192 4104032
ceph-osd        21.8  1.0 6177348 4023696
2022/02/14-04:52:05: f11-h09-000-6049p.rdu2.scalelab.redhat.com ceph-osd        23.9  1.0 6158680 4133576
ceph-osd        20.9  1.0 6116460 4095940
ceph-osd        17.7  0.9 6341736 3811400
ceph-osd        21.2  1.0 6005276 4058688
ceph-osd        23.7  1.0 6058092 4082380
ceph-osd        21.4  1.0 6102428 4022148
ceph-osd        21.0  1.0 6189316 4078688
ceph-osd        18.1  1.0 6115052 4065636
ceph-osd        22.4  1.0 6096768 4090944
ceph-osd        19.2  1.0 6357416 4005296
ceph-osd        23.3  1.0 6047668 4044728
ceph-osd        18.1  1.0 6123480 4081168
ceph-osd        20.6  1.0 6121844 4058420
ceph-osd        23.5  0.9 6117164 3945968
ceph-osd        19.2  1.0 6221572 4058920
ceph-osd        18.7  1.0 6118268 4229200
ceph-osd        21.8  0.9 6289368 3931364
ceph-osd        22.0  0.9 6101816 3825640
ceph-osd        21.3  1.0 6054596 4150296
ceph-osd        23.5  1.0 6123940 4103248
ceph-osd        21.6  1.0 6095416 4077472
ceph-osd        22.0  1.0 6194420 4051944
ceph-osd        22.3  1.0 6132056 4078676
ceph-osd        20.9  1.0 6202928 4039332
2022/02/14-04:52:05: f11-h13-000-6049p.rdu2.scalelab.redhat.com ceph-osd        19.7  1.0 6306636 4208440
ceph-osd        21.9  0.9 6194224 3937120
ceph-osd        21.4  0.9 6170736 3866884
ceph-osd        22.2  1.0 6108144 3985460
ceph-osd        20.9  1.0 6110180 4047804
ceph-osd        20.0  1.0 6398220 4041420
ceph-osd        22.2  1.0 6101216 4053424
ceph-osd        20.6  1.0 6164804 4082868
ceph-osd        20.8  1.0 6126748 4034548
ceph-osd        20.9  1.0 6178912 4209876
ceph-osd        19.3  1.0 6190916 4015424
ceph-osd        20.0  0.9 6266508 3767692
ceph-osd        22.0  1.0 6135164 4081252
ceph-osd        22.4  1.0 6109004 4270384
ceph-osd        23.5  1.0 6139996 4068328
ceph-osd        19.4  1.0 6318384 3985576
ceph-osd        21.6  1.0 6190064 4056096
ceph-osd        26.8  1.0 6182104 4022368
ceph-osd        18.3  1.0 6379756 3998200
ceph-osd        20.0  1.0 6375264 4077840
ceph-osd        20.7  1.0 6176624 4029980
ceph-osd        17.8  1.0 6222188 4082820
ceph-osd        21.5  1.0 6272032 4071576
ceph-osd        27.9  1.0 6166048 4088984
2022/02/14-04:52:05: f11-h17-000-6049p.rdu2.scalelab.redhat.com ceph-osd        19.2  0.9 6204956 3778104
ceph-osd        17.2  1.0 6062312 4072896
ceph-osd        21.5  1.0 6061464 4040556
ceph-osd        23.7  1.0 6125960 4010988
ceph-osd        20.3  1.0 6232404 4095536
ceph-osd        17.9  0.9 6104820 3745540
ceph-osd        21.7  1.0 6082164 4021900
ceph-osd        22.2  1.0 6068236 4029612
ceph-osd        20.4  1.0 6139752 4010160
ceph-osd        20.0  1.0 6323096 4036776
ceph-osd        23.1  0.9 6028780 3892828
ceph-osd        24.0  1.0 6054280 3964372
ceph-osd        21.3  1.0 6041840 4047580
ceph-osd        21.8  1.0 6165600 4070340
ceph-osd        21.9  1.0 6231708 4093808
ceph-osd        20.3  1.0 6108640 4089032
ceph-osd        26.1  1.0 6090588 4091924
ceph-osd        23.4  1.0 6009384 4061548
ceph-osd        18.7  1.0 6071868 3963260
ceph-osd        25.7  1.0 6084244 3967408
ceph-osd        20.1  1.0 6133520 4095916
ceph-osd        19.2  1.0 6102732 3970628
ceph-osd        23.6  1.0 6159096 4107228
ceph-osd        20.6  1.0 6200200 4087408

Site1 buckets (rgw):
2022/02/14-04:52:06: 

Cluster status
  cluster:
    id:     259f4a8e-8a30-11ec-b380-ac1f6b2d5d2a
    health: HEALTH_OK
 
  services:
    mon: 3 daemons, quorum f13-h26-b04-5039ms.rdu2.scalelab.redhat.com,f13-h26-b07-5039ms,f13-h26-b08-5039ms (age 3d)
    mgr: f13-h26-b04-5039ms.rdu2.scalelab.redhat.com.gggmog(active, since 3d), standbys: f13-h26-b08-5039ms.lgcsid, f13-h26-b07-5039ms.mryrto
    osd: 288 osds: 288 up (since 3d), 288 in (since 3d)
    rgw: 12 daemons active (12 hosts, 1 zones)
 
  data:
    pools:   7 pools, 9729 pgs
    objects: 484.05M objects, 6.6 TiB
    usage:   62 TiB used, 506 TiB / 567 TiB avail
    pgs:     9721 active+clean
             8    active+clean+scrubbing+deep
 
  io:
    client:   154 MiB/s rd, 87 MiB/s wr, 85.69k op/s rd, 70.62k op/s wr
 
2022/02/14-04:52:06: ceph df detail --- RAW STORAGE ---
CLASS     SIZE    AVAIL    USED  RAW USED  %RAW USED
hdd    567 TiB  506 TiB  62 TiB    62 TiB      10.90
TOTAL  567 TiB  506 TiB  62 TiB    62 TiB      10.90
 
--- POOLS ---
POOL                       ID   PGS   STORED   (DATA)   (OMAP)  OBJECTS     USED   (DATA)   (OMAP)  %USED  MAX AVAIL  QUOTA OBJECTS  QUOTA BYTES  DIRTY  USED COMPR  UNDER COMPR
device_health_metrics       1     1  2.5 MiB      0 B  2.5 MiB      315  7.4 MiB      0 B  7.4 MiB      0    159 TiB            N/A          N/A    N/A         0 B          0 B
default.rgw.control        12   256      0 B      0 B      0 B        8      0 B      0 B      0 B      0    159 TiB            N/A          N/A    N/A         0 B          0 B
default.rgw.buckets.data   13  8192   12 TiB   12 TiB      0 B  484.04M   18 TiB   18 TiB      0 B   3.67    318 TiB            N/A          N/A    N/A         0 B          0 B
default.rgw.buckets.index  14   512  163 GiB      0 B  163 GiB    6.36k  489 GiB      0 B  489 GiB   0.10    159 TiB            N/A          N/A    N/A         0 B          0 B
default.rgw.log            15   256  2.5 MiB   58 KiB  2.4 MiB      403  9.9 MiB  2.7 MiB  7.3 MiB      0    159 TiB            N/A          N/A    N/A         0 B          0 B
default.rgw.meta           16   256  2.0 MiB  3.6 KiB  2.0 MiB       17  6.1 MiB  192 KiB  5.9 MiB      0    159 TiB            N/A          N/A    N/A         0 B          0 B
.rgw.root                  17   256  1.3 KiB  1.3 KiB      0 B        4   48 KiB   48 KiB      0 B      0    159 TiB            N/A          N/A    N/A         0 B          0 B

Site1 pool PG counts:
pool 1 'device_health_metrics' replicated size 3 min_size 2 crush_rule 0 object_hash rjenkins pg_num 1 pgp_num 1 autoscale_mode on last_change 2770 flags hashpspool stripe_width 0 pg_num_min 1 application mgr_devicehealth,rgw
pool 12 'default.rgw.control' replicated size 3 min_size 2 crush_rule 0 object_hash rjenkins pg_num 256 pgp_num 256 autoscale_mode on last_change 896 flags hashpspool stripe_width 0 pg_num_min 256 application rgw
pool 13 'default.rgw.buckets.data' erasure profile myprofile size 6 min_size 5 crush_rule 1 object_hash rjenkins pg_num 8192 pgp_num 8192 autoscale_mode on last_change 918 lfor 0/0/916 flags hashpspool stripe_width 16384 pg_num_min 8192 application rgw
pool 14 'default.rgw.buckets.index' replicated size 3 min_size 2 crush_rule 0 object_hash rjenkins pg_num 512 pgp_num 512 autoscale_mode on last_change 898 flags hashpspool stripe_width 0 pg_num_min 512 application rgw
pool 15 'default.rgw.log' replicated size 3 min_size 2 crush_rule 0 object_hash rjenkins pg_num 256 pgp_num 256 autoscale_mode on last_change 899 flags hashpspool stripe_width 0 pg_num_min 256 application rgw
pool 16 'default.rgw.meta' replicated size 3 min_size 2 crush_rule 0 object_hash rjenkins pg_num 256 pgp_num 256 autoscale_mode on last_change 900 flags hashpspool stripe_width 0 pg_num_min 256 application rgw
pool 17 '.rgw.root' replicated size 3 min_size 2 crush_rule 0 object_hash rjenkins pg_num 256 pgp_num 256 autoscale_mode on last_change 901 flags hashpspool stripe_width 0 pg_num_min 256 application rgw


Site1 buckets df
2022/02/14-04:52:07: POOL                       ID   PGS   STORED  OBJECTS     USED  %USED  MAX AVAIL
default.rgw.control        12   256      0 B        8      0 B      0    159 TiB
default.rgw.buckets.data   13  8192   12 TiB  484.04M   18 TiB   3.67    318 TiB
default.rgw.buckets.index  14   512  163 GiB    6.36k  489 GiB   0.10    159 TiB
default.rgw.log            15   256  2.5 MiB      403  9.9 MiB      0    159 TiB
default.rgw.meta           16   256  2.0 MiB       17  6.1 MiB      0    159 TiB

OSD/RGW free:
2022/02/14-04:52:07: f10-h01-000-6049p.rdu2.scalelab.redhat.com                total        used        free      shared  buff/cache   available
Mem:          376Gi        97Gi        17Gi       4.1Gi       261Gi       272Gi
Swap:            0B          0B          0B

Ceph osd df:
2022/02/14-04:52:07: ID   CLASS  WEIGHT   REWEIGHT  SIZE     RAW USE  DATA    OMAP      META     AVAIL    %USE   VAR   PGS  STATUS
  0    hdd  1.97049   1.00000  2.0 TiB  219 GiB  63 GiB   1.7 GiB   18 GiB  1.8 TiB  10.84  0.99  178      up
  1    hdd  1.97049   1.00000  2.0 TiB  221 GiB  66 GiB   2.3 GiB   19 GiB  1.8 TiB  10.97  1.01  192      up
  2    hdd  1.97049   1.00000  2.0 TiB  221 GiB  66 GiB   3.2 GiB   19 GiB  1.8 TiB  10.97  1.01  197      up
  3    hdd  1.97049   1.00000  2.0 TiB  219 GiB  63 GiB   1.6 GiB   18 GiB  1.8 TiB  10.83  0.99  186      up
  4    hdd  1.97049   1.00000  2.0 TiB  221 GiB  66 GiB   1.6 GiB   19 GiB  1.8 TiB  10.95  1.00  190      up
  5    hdd  1.97049   1.00000  2.0 TiB  219 GiB  63 GiB   2.5 GiB   18 GiB  1.8 TiB  10.84  0.99  190      up
  6    hdd  1.97049   1.00000  2.0 TiB  222 GiB  66 GiB   2.0 GiB   18 GiB  1.8 TiB  10.99  1.01  191      up
  7    hdd  1.97049   1.00000  2.0 TiB  219 GiB  63 GiB   1.9 GiB   18 GiB  1.8 TiB  10.83  0.99  183      up
  8    hdd  1.97049   1.00000  2.0 TiB  219 GiB  63 GiB   918 MiB   18 GiB  1.8 TiB  10.83  0.99  174      up
  9    hdd  1.97049   1.00000  2.0 TiB  219 GiB  63 GiB   2.7 GiB   18 GiB  1.8 TiB  10.83  0.99  189      up
 10    hdd  1.97049   1.00000  2.0 TiB  222 GiB  66 GiB   2.3 GiB   19 GiB  1.8 TiB  10.99  1.01  190      up
 11    hdd  1.97049   1.00000  2.0 TiB  219 GiB  63 GiB   1.7 GiB   18 GiB  1.8 TiB  10.83  0.99  179      up
 12    hdd  1.97049   1.00000  2.0 TiB  222 GiB  66 GiB   950 MiB   19 GiB  1.8 TiB  10.99  1.01  190      up
 13    hdd  1.97049   1.00000  2.0 TiB  222 GiB  66 GiB   1.5 GiB   19 GiB  1.8 TiB  10.99  1.01  194      up
 14    hdd  1.97049   1.00000  2.0 TiB  222 GiB  66 GiB   2.4 GiB   18 GiB  1.8 TiB  10.98  1.01  197      up
 15    hdd  1.97049   1.00000  2.0 TiB  222 GiB  66 GiB   1.3 GiB   19 GiB  1.8 TiB  10.98  1.01  189      up
 16    hdd  1.97049   1.00000  2.0 TiB  220 GiB  65 GiB   2.3 GiB   18 GiB  1.8 TiB  10.91  1.00  194      up
 17    hdd  1.97049   1.00000  2.0 TiB  222 GiB  66 GiB   1.0 GiB   19 GiB  1.8 TiB  10.98  1.01  189      up
 18    hdd  1.97049   1.00000  2.0 TiB  220 GiB  65 GiB   576 MiB   18 GiB  1.8 TiB  10.89  1.00  182      up
 19    hdd  1.97049   1.00000  2.0 TiB  219 GiB  63 GiB   944 MiB   18 GiB  1.8 TiB  10.84  0.99  182      up
 20    hdd  1.97049   1.00000  2.0 TiB  222 GiB  66 GiB   653 MiB   19 GiB  1.8 TiB  10.98  1.01  191      up
 21    hdd  1.97049   1.00000  2.0 TiB  222 GiB  66 GiB   2.9 GiB   19 GiB  1.8 TiB  10.99  1.01  197      up
 22    hdd  1.97049   1.00000  2.0 TiB  222 GiB  66 GiB   1.4 GiB   19 GiB  1.8 TiB  10.98  1.01  195      up
 23    hdd  1.97049   1.00000  2.0 TiB  219 GiB  63 GiB   2.8 GiB   18 GiB  1.8 TiB  10.83  0.99  187      up
 32    hdd  1.97049   1.00000  2.0 TiB  222 GiB  66 GiB   1.3 GiB   19 GiB  1.8 TiB  10.99  1.01  189      up
 42    hdd  1.97049   1.00000  2.0 TiB  219 GiB  64 GiB   609 MiB   18 GiB  1.8 TiB  10.87  1.00  184      up
 53    hdd  1.97049   1.00000  2.0 TiB  222 GiB  66 GiB   799 MiB   19 GiB  1.8 TiB  10.98  1.01  191      up
 63    hdd  1.97049   1.00000  2.0 TiB  220 GiB  65 GiB   1.2 GiB   18 GiB  1.8 TiB  10.91  1.00  181      up
 73    hdd  1.97049   1.00000  2.0 TiB  220 GiB  64 GiB   1.8 GiB   18 GiB  1.8 TiB  10.89  1.00  187      up
 83    hdd  1.97049   1.00000  2.0 TiB  222 GiB  66 GiB   2.1 GiB   19 GiB  1.8 TiB  10.99  1.01  193      up
 93    hdd  1.97049   1.00000  2.0 TiB  222 GiB  66 GiB   3.2 GiB   19 GiB  1.8 TiB  10.99  1.01  196      up
103    hdd  1.97049   1.00000  2.0 TiB  219 GiB  64 GiB   2.8 GiB   18 GiB  1.8 TiB  10.85  1.00  183      up
113    hdd  1.97049   1.00000  2.0 TiB  222 GiB  66 GiB   1.9 GiB   19 GiB  1.8 TiB  10.98  1.01  198      up
123    hdd  1.97049   1.00000  2.0 TiB  222 GiB  66 GiB   2.2 GiB   19 GiB  1.8 TiB  10.99  1.01  193      up
133    hdd  1.97049   1.00000  2.0 TiB  222 GiB  66 GiB   2.1 GiB   19 GiB  1.8 TiB  10.99  1.01  189      up
143    hdd  1.97049   1.00000  2.0 TiB  222 GiB  66 GiB   566 MiB   19 GiB  1.8 TiB  10.98  1.01  189      up
153    hdd  1.97049   1.00000  2.0 TiB  219 GiB  64 GiB   1.5 GiB   18 GiB  1.8 TiB  10.85  1.00  184      up
163    hdd  1.97049   1.00000  2.0 TiB  219 GiB  64 GiB   2.4 GiB   19 GiB  1.8 TiB  10.87  1.00  187      up
173    hdd  1.97049   1.00000  2.0 TiB  219 GiB  64 GiB   2.2 GiB   18 GiB  1.8 TiB  10.85  1.00  190      up
183    hdd  1.97049   1.00000  2.0 TiB  219 GiB  64 GiB   2.7 GiB   19 GiB  1.8 TiB  10.85  1.00  189      up
193    hdd  1.97049   1.00000  2.0 TiB  222 GiB  66 GiB   2.7 GiB   19 GiB  1.8 TiB  10.99  1.01  189      up
203    hdd  1.97049   1.00000  2.0 TiB  219 GiB  64 GiB   1.3 GiB   19 GiB  1.8 TiB  10.87  1.00  182      up
213    hdd  1.97049   1.00000  2.0 TiB  222 GiB  66 GiB   975 MiB   19 GiB  1.8 TiB  10.99  1.01  186      up
223    hdd  1.97049   1.00000  2.0 TiB  219 GiB  63 GiB   2.7 GiB   18 GiB  1.8 TiB  10.83  0.99  183      up
233    hdd  1.97049   1.00000  2.0 TiB  219 GiB  63 GiB   1.0 GiB   18 GiB  1.8 TiB  10.83  0.99  182      up
243    hdd  1.97049   1.00000  2.0 TiB  219 GiB  63 GiB   1.5 GiB   18 GiB  1.8 TiB  10.84  0.99  183      up
253    hdd  1.97049   1.00000  2.0 TiB  219 GiB  63 GiB   1.3 GiB   18 GiB  1.8 TiB  10.83  0.99  185      up
263    hdd  1.97049   1.00000  2.0 TiB  219 GiB  63 GiB   2.3 GiB   19 GiB  1.8 TiB  10.83  0.99  186      up
 27    hdd  1.97049   1.00000  2.0 TiB  221 GiB  65 GiB   1.9 GiB   19 GiB  1.8 TiB  10.93  1.00  187      up
 41    hdd  1.97049   1.00000  2.0 TiB  219 GiB  64 GiB   625 MiB   18 GiB  1.8 TiB  10.85  1.00  188      up
 50    hdd  1.97049   1.00000  2.0 TiB  220 GiB  65 GiB   2.0 GiB   19 GiB  1.8 TiB  10.91  1.00  189      up
 58    hdd  1.97049   1.00000  2.0 TiB  219 GiB  63 GiB   675 MiB   18 GiB  1.8 TiB  10.84  0.99  184      up
 68    hdd  1.97049   1.00000  2.0 TiB  219 GiB  63 GiB   566 MiB   18 GiB  1.8 TiB  10.83  0.99  176      up
 77    hdd  1.97049   1.00000  2.0 TiB  219 GiB  63 GiB   2.2 GiB   18 GiB  1.8 TiB  10.84  0.99  185      up
 87    hdd  1.97049   1.00000  2.0 TiB  219 GiB  63 GiB   2.1 GiB   18 GiB  1.8 TiB  10.84  0.99  183      up
 96    hdd  1.97049   1.00000  2.0 TiB  222 GiB  66 GiB   3.1 GiB   19 GiB  1.8 TiB  10.99  1.01  196      up
106    hdd  1.97049   1.00000  2.0 TiB  219 GiB  63 GiB   1.5 GiB   18 GiB  1.8 TiB  10.84  0.99  183      up
116    hdd  1.97049   1.00000  2.0 TiB  219 GiB  63 GiB   1.9 GiB   18 GiB  1.8 TiB  10.83  0.99  181      up
129    hdd  1.97049   1.00000  2.0 TiB  222 GiB  66 GiB   2.3 GiB   19 GiB  1.8 TiB  10.98  1.01  194      up
139    hdd  1.97049   1.00000  2.0 TiB  222 GiB  66 GiB   2.1 GiB   19 GiB  1.8 TiB  10.99  1.01  189      up
149    hdd  1.97049   1.00000  2.0 TiB  219 GiB  63 GiB   2.9 GiB   18 GiB  1.8 TiB  10.83  0.99  185      up
159    hdd  1.97049   1.00000  2.0 TiB  222 GiB  66 GiB   871 MiB   19 GiB  1.8 TiB  10.98  1.01  183      up
170    hdd  1.97049   1.00000  2.0 TiB  222 GiB  66 GiB   2.3 GiB   19 GiB  1.8 TiB  10.98  1.01  187      up
179    hdd  1.97049   1.00000  2.0 TiB  219 GiB  63 GiB   1.4 GiB   19 GiB  1.8 TiB  10.83  0.99  182      up
189    hdd  1.97049   1.00000  2.0 TiB  219 GiB  63 GiB   958 MiB   18 GiB  1.8 TiB  10.83  0.99  177      up
198    hdd  1.97049   1.00000  2.0 TiB  219 GiB  63 GiB   1.4 GiB   19 GiB  1.8 TiB  10.83  0.99  186      up
208    hdd  1.97049   1.00000  2.0 TiB  218 GiB  63 GiB   2.7 GiB   18 GiB  1.8 TiB  10.82  0.99  183      up
218    hdd  1.97049   1.00000  2.0 TiB  222 GiB  66 GiB   2.3 GiB   19 GiB  1.8 TiB  10.98  1.01  186      up
230    hdd  1.97049   1.00000  2.0 TiB  218 GiB  63 GiB   1.5 GiB   18 GiB  1.8 TiB  10.81  0.99  179      up
240    hdd  1.97049   1.00000  2.0 TiB  221 GiB  66 GiB   698 MiB   19 GiB  1.8 TiB  10.97  1.01  187      up
250    hdd  1.97049   1.00000  2.0 TiB  218 GiB  63 GiB   3.1 GiB   18 GiB  1.8 TiB  10.82  0.99  191      up
259    hdd  1.97049   1.00000  2.0 TiB  221 GiB  66 GiB   209 MiB   19 GiB  1.8 TiB  10.95  1.00  184      up
 31    hdd  1.97049   1.00000  2.0 TiB  222 GiB  66 GiB   883 MiB   19 GiB  1.8 TiB  10.98  1.01  190      up
 40    hdd  1.97049   1.00000  2.0 TiB  219 GiB  64 GiB   1.3 GiB   18 GiB  1.8 TiB  10.85  1.00  185      up
 51    hdd  1.97049   1.00000  2.0 TiB  219 GiB  64 GiB   1.0 GiB   18 GiB  1.8 TiB  10.85  1.00  180      up
 59    hdd  1.97049   1.00000  2.0 TiB  219 GiB  63 GiB   2.3 GiB   18 GiB  1.8 TiB  10.83  0.99  187      up
 69    hdd  1.97049   1.00000  2.0 TiB  222 GiB  66 GiB   1.8 GiB   19 GiB  1.8 TiB  10.99  1.01  186      up
 79    hdd  1.97049   1.00000  2.0 TiB  222 GiB  66 GiB   772 MiB   19 GiB  1.8 TiB  10.99  1.01  188      up
 88    hdd  1.97049   1.00000  2.0 TiB  222 GiB  66 GiB   1.5 GiB   19 GiB  1.8 TiB  10.98  1.01  189      up
 98    hdd  1.97049   1.00000  2.0 TiB  222 GiB  66 GiB   1.2 GiB   19 GiB  1.8 TiB  10.99  1.01  197      up
108    hdd  1.97049   1.00000  2.0 TiB  219 GiB  63 GiB   213 MiB   18 GiB  1.8 TiB  10.84  0.99  183      up
118    hdd  1.97049   1.00000  2.0 TiB  219 GiB  63 GiB   1.2 GiB   18 GiB  1.8 TiB  10.83  0.99  181      up
130    hdd  1.97049   1.00000  2.0 TiB  219 GiB  63 GiB   350 MiB   19 GiB  1.8 TiB  10.83  0.99  182      up
140    hdd  1.97049   1.00000  2.0 TiB  222 GiB  66 GiB   1.4 GiB   19 GiB  1.8 TiB  10.98  1.01  192      up
150    hdd  1.97049   1.00000  2.0 TiB  222 GiB  66 GiB  1016 MiB   19 GiB  1.8 TiB  10.98  1.01  185      up
160    hdd  1.97049   1.00000  2.0 TiB  219 GiB  63 GiB   772 MiB   18 GiB  1.8 TiB  10.83  0.99  179      up
169    hdd  1.97049   1.00000  2.0 TiB  219 GiB  63 GiB   1.3 GiB   18 GiB  1.8 TiB  10.83  0.99  180      up
180    hdd  1.97049   1.00000  2.0 TiB  221 GiB  65 GiB   2.0 GiB   19 GiB  1.8 TiB  10.93  1.00  188      up
188    hdd  1.97049   1.00000  2.0 TiB  222 GiB  66 GiB   2.5 GiB   19 GiB  1.8 TiB  10.98  1.01  190      up
199    hdd  1.97049   1.00000  2.0 TiB  222 GiB  66 GiB   2.0 GiB   19 GiB  1.8 TiB  10.98  1.01  194      up
207    hdd  1.97049   1.00000  2.0 TiB  220 GiB  64 GiB   2.7 GiB   18 GiB  1.8 TiB  10.89  1.00  182      up
217    hdd  1.97049   1.00000  2.0 TiB  219 GiB  63 GiB   2.8 GiB   18 GiB  1.8 TiB  10.83  0.99  185      up
227    hdd  1.97049   1.00000  2.0 TiB  222 GiB  66 GiB   2.2 GiB   19 GiB  1.8 TiB  10.98  1.01  189      up
237    hdd  1.97049   1.00000  2.0 TiB  219 GiB  63 GiB   3.0 GiB   18 GiB  1.8 TiB  10.83  0.99  180      up
247    hdd  1.97049   1.00000  2.0 TiB  222 GiB  66 GiB   2.9 GiB   19 GiB  1.8 TiB  10.99  1.01  198      up
257    hdd  1.97049   1.00000  2.0 TiB  219 GiB  63 GiB   3.0 GiB   18 GiB  1.8 TiB  10.84  0.99  180      up
 29    hdd  1.97049   1.00000  2.0 TiB  219 GiB  63 GiB   1.8 GiB   19 GiB  1.8 TiB  10.84  0.99  182      up
 38    hdd  1.97049   1.00000  2.0 TiB  221 GiB  65 GiB   2.1 GiB   19 GiB  1.8 TiB  10.93  1.00  186      up
 49    hdd  1.97049   1.00000  2.0 TiB  222 GiB  66 GiB   1.7 GiB   19 GiB  1.8 TiB  10.98  1.01  189      up
 61    hdd  1.97049   1.00000  2.0 TiB  222 GiB  66 GiB   126 MiB   19 GiB  1.8 TiB  10.99  1.01  190      up
 71    hdd  1.97049   1.00000  2.0 TiB  222 GiB  66 GiB   1.3 GiB   19 GiB  1.8 TiB  10.98  1.01  192      up
 81    hdd  1.97049   1.00000  2.0 TiB  219 GiB  63 GiB   2.2 GiB   18 GiB  1.8 TiB  10.83  0.99  183      up
 91    hdd  1.97049   1.00000  2.0 TiB  219 GiB  63 GiB   1.7 GiB   18 GiB  1.8 TiB  10.83  0.99  184      up
101    hdd  1.97049   1.00000  2.0 TiB  219 GiB  63 GiB   1.6 GiB   19 GiB  1.8 TiB  10.84  0.99  186      up
111    hdd  1.97049   1.00000  2.0 TiB  222 GiB  66 GiB   2.4 GiB   19 GiB  1.8 TiB  10.98  1.01  190      up
121    hdd  1.97049   1.00000  2.0 TiB  219 GiB  63 GiB   1.1 GiB   18 GiB  1.8 TiB  10.83  0.99  181      up
131    hdd  1.97049   1.00000  2.0 TiB  222 GiB  66 GiB   1.7 GiB   19 GiB  1.8 TiB  10.99  1.01  187      up
141    hdd  1.97049   1.00000  2.0 TiB  219 GiB  63 GiB   2.0 GiB   18 GiB  1.8 TiB  10.83  0.99  184      up
151    hdd  1.97049   1.00000  2.0 TiB  219 GiB  63 GiB   1.2 GiB   18 GiB  1.8 TiB  10.84  0.99  183      up
161    hdd  1.97049   1.00000  2.0 TiB  219 GiB  63 GiB   2.7 GiB   18 GiB  1.8 TiB  10.83  0.99  185      up
171    hdd  1.97049   1.00000  2.0 TiB  222 GiB  66 GiB   970 MiB   19 GiB  1.8 TiB  10.98  1.01  184      up
181    hdd  1.97049   1.00000  2.0 TiB  219 GiB  63 GiB   980 MiB   18 GiB  1.8 TiB  10.83  0.99  182      up
191    hdd  1.97049   1.00000  2.0 TiB  219 GiB  64 GiB   1.2 GiB   19 GiB  1.8 TiB  10.85  1.00  183      up
201    hdd  1.97049   1.00000  2.0 TiB  222 GiB  67 GiB   2.6 GiB   19 GiB  1.8 TiB  10.99  1.01  194      up
211    hdd  1.97049   1.00000  2.0 TiB  221 GiB  66 GiB   1.7 GiB   19 GiB  1.8 TiB  10.97  1.01  192      up
221    hdd  1.97049   1.00000  2.0 TiB  222 GiB  66 GiB   2.4 GiB   19 GiB  1.8 TiB  10.99  1.01  194      up
231    hdd  1.97049   1.00000  2.0 TiB  219 GiB  64 GiB   205 MiB   18 GiB  1.8 TiB  10.85  1.00  184      up
241    hdd  1.97049   1.00000  2.0 TiB  218 GiB  63 GiB   494 MiB   18 GiB  1.8 TiB  10.82  0.99  182      up
249    hdd  1.97049   1.00000  2.0 TiB  222 GiB  66 GiB   3.1 GiB   19 GiB  1.8 TiB  10.99  1.01  199      up
261    hdd  1.97049   1.00000  2.0 TiB  220 GiB  64 GiB   1.9 GiB   19 GiB  1.8 TiB  10.89  1.00  182      up
 33    hdd  1.97049   1.00000  2.0 TiB  219 GiB  64 GiB   1.9 GiB   18 GiB  1.8 TiB  10.85  1.00  189      up
 43    hdd  1.97049   1.00000  2.0 TiB  219 GiB  64 GiB   1.2 GiB   19 GiB  1.8 TiB  10.86  1.00  185      up
 52    hdd  1.97049   1.00000  2.0 TiB  220 GiB  65 GiB   1.2 GiB   19 GiB  1.8 TiB  10.93  1.00  186      up
 62    hdd  1.97049   1.00000  2.0 TiB  222 GiB  66 GiB   993 MiB   19 GiB  1.8 TiB  10.98  1.01  188      up
 72    hdd  1.97049   1.00000  2.0 TiB  219 GiB  64 GiB   2.6 GiB   18 GiB  1.8 TiB  10.86  1.00  187      up
 82    hdd  1.97049   1.00000  2.0 TiB  220 GiB  64 GiB   1.1 GiB   18 GiB  1.8 TiB  10.89  1.00  188      up
 92    hdd  1.97049   1.00000  2.0 TiB  222 GiB  66 GiB   817 MiB   19 GiB  1.8 TiB  10.99  1.01  186      up
102    hdd  1.97049   1.00000  2.0 TiB  222 GiB  66 GiB   1.4 GiB   19 GiB  1.8 TiB  10.98  1.01  198      up
112    hdd  1.97049   1.00000  2.0 TiB  222 GiB  66 GiB   576 MiB   19 GiB  1.8 TiB  10.98  1.01  186      up
122    hdd  1.97049   1.00000  2.0 TiB  222 GiB  66 GiB   1.6 GiB   19 GiB  1.8 TiB  10.99  1.01  185      up
132    hdd  1.97049   1.00000  2.0 TiB  222 GiB  66 GiB   598 MiB   19 GiB  1.8 TiB  10.98  1.01  195      up
142    hdd  1.97049   1.00000  2.0 TiB  219 GiB  64 GiB   1.2 GiB   18 GiB  1.8 TiB  10.85  1.00  185      up
152    hdd  1.97049   1.00000  2.0 TiB  222 GiB  66 GiB   1.2 GiB   19 GiB  1.8 TiB  10.98  1.01  192      up
162    hdd  1.97049   1.00000  2.0 TiB  222 GiB  66 GiB   1.9 GiB   19 GiB  1.8 TiB  10.98  1.01  191      up
172    hdd  1.97049   1.00000  2.0 TiB  219 GiB  64 GiB   774 MiB   19 GiB  1.8 TiB  10.85  1.00  181      up
182    hdd  1.97049   1.00000  2.0 TiB  220 GiB  64 GiB   2.1 GiB   18 GiB  1.8 TiB  10.89  1.00  189      up
192    hdd  1.97049   1.00000  2.0 TiB  219 GiB  64 GiB   1.1 GiB   19 GiB  1.8 TiB  10.87  1.00  185      up
202    hdd  1.97049   1.00000  2.0 TiB  219 GiB  64 GiB   2.2 GiB   18 GiB  1.8 TiB  10.85  1.00  188      up
212    hdd  1.97049   1.00000  2.0 TiB  220 GiB  65 GiB   2.4 GiB   19 GiB  1.8 TiB  10.93  1.00  193      up
222    hdd  1.97049   1.00000  2.0 TiB  221 GiB  66 GiB   1.3 GiB   19 GiB  1.8 TiB  10.97  1.01  185      up
232    hdd  1.97049   1.00000  2.0 TiB  219 GiB  64 GiB   1.8 GiB   18 GiB  1.8 TiB  10.85  1.00  183      up
242    hdd  1.97049   1.00000  2.0 TiB  222 GiB  66 GiB   1.9 GiB   19 GiB  1.8 TiB  10.98  1.01  188      up
252    hdd  1.97049   1.00000  2.0 TiB  220 GiB  65 GiB   3.1 GiB   18 GiB  1.8 TiB  10.91  1.00  193      up
262    hdd  1.97049   1.00000  2.0 TiB  219 GiB  64 GiB   2.3 GiB   18 GiB  1.8 TiB  10.85  1.00  183      up
264    hdd  1.97049   1.00000  2.0 TiB  220 GiB  65 GiB   2.3 GiB   19 GiB  1.8 TiB  10.89  1.00  183      up
265    hdd  1.97049   1.00000  2.0 TiB  219 GiB  63 GiB   548 MiB   18 GiB  1.8 TiB  10.84  0.99  181      up
266    hdd  1.97049   1.00000  2.0 TiB  222 GiB  66 GiB   2.2 GiB   19 GiB  1.8 TiB  10.99  1.01  191      up
267    hdd  1.97049   1.00000  2.0 TiB  222 GiB  66 GiB   1.5 GiB   19 GiB  1.8 TiB  10.99  1.01  191      up
268    hdd  1.97049   1.00000  2.0 TiB  219 GiB  63 GiB   2.9 GiB   18 GiB  1.8 TiB  10.84  0.99  188      up
269    hdd  1.97049   1.00000  2.0 TiB  219 GiB  63 GiB   1.5 GiB   18 GiB  1.8 TiB  10.83  0.99  179      up
270    hdd  1.97049   1.00000  2.0 TiB  219 GiB  64 GiB   1.7 GiB   18 GiB  1.8 TiB  10.87  1.00  185      up
271    hdd  1.97049   1.00000  2.0 TiB  222 GiB  66 GiB   1.9 GiB   19 GiB  1.8 TiB  10.99  1.01  195      up
272    hdd  1.97049   1.00000  2.0 TiB  218 GiB  63 GiB   1.5 GiB   18 GiB  1.8 TiB  10.82  0.99  184      up
273    hdd  1.97049   1.00000  2.0 TiB  219 GiB  63 GiB   1.2 GiB   18 GiB  1.8 TiB  10.84  0.99  182      up
274    hdd  1.97049   1.00000  2.0 TiB  222 GiB  66 GiB   1.1 GiB   19 GiB  1.8 TiB  10.98  1.01  183      up
275    hdd  1.97049   1.00000  2.0 TiB  219 GiB  64 GiB   1.2 GiB   18 GiB  1.8 TiB  10.85  1.00  180      up
276    hdd  1.97049   1.00000  2.0 TiB  222 GiB  66 GiB   2.6 GiB   19 GiB  1.8 TiB  10.98  1.01  189      up
277    hdd  1.97049   1.00000  2.0 TiB  219 GiB  64 GiB   1.7 GiB   19 GiB  1.8 TiB  10.87  1.00  188      up
278    hdd  1.97049   1.00000  2.0 TiB  222 GiB  66 GiB   2.7 GiB   19 GiB  1.8 TiB  10.98  1.01  192      up
279    hdd  1.97049   1.00000  2.0 TiB  222 GiB  66 GiB   1.7 GiB   19 GiB  1.8 TiB  10.98  1.01  190      up
280    hdd  1.97049   1.00000  2.0 TiB  218 GiB  63 GiB   525 MiB   18 GiB  1.8 TiB  10.81  0.99  175      up
281    hdd  1.97049   1.00000  2.0 TiB  218 GiB  63 GiB   213 MiB   18 GiB  1.8 TiB  10.82  0.99  173      up
282    hdd  1.97049   1.00000  2.0 TiB  218 GiB  63 GiB   1.4 GiB   18 GiB  1.8 TiB  10.82  0.99  181      up
283    hdd  1.97049   1.00000  2.0 TiB  218 GiB  63 GiB   936 MiB   18 GiB  1.8 TiB  10.82  0.99  179      up
284    hdd  1.97049   1.00000  2.0 TiB  218 GiB  63 GiB   1.6 GiB   18 GiB  1.8 TiB  10.81  0.99  181      up
285    hdd  1.97049   1.00000  2.0 TiB  218 GiB  63 GiB   2.9 GiB   18 GiB  1.8 TiB  10.82  0.99  184      up
286    hdd  1.97049   1.00000  2.0 TiB  222 GiB  66 GiB   584 MiB   19 GiB  1.8 TiB  10.99  1.01  187      up
287    hdd  1.97049   1.00000  2.0 TiB  222 GiB  66 GiB   2.3 GiB   18 GiB  1.8 TiB  10.98  1.01  195      up
 24    hdd  1.97049   1.00000  2.0 TiB  219 GiB  64 GiB   1.4 GiB   18 GiB  1.8 TiB  10.85  1.00  177      up
 35    hdd  1.97049   1.00000  2.0 TiB  222 GiB  66 GiB   1.5 GiB   19 GiB  1.8 TiB  10.98  1.01  188      up
 45    hdd  1.97049   1.00000  2.0 TiB  219 GiB  64 GiB   3.3 GiB   18 GiB  1.8 TiB  10.85  1.00  186      up
 55    hdd  1.97049   1.00000  2.0 TiB  222 GiB  66 GiB   2.0 GiB   19 GiB  1.8 TiB  10.99  1.01  189      up
 65    hdd  1.97049   1.00000  2.0 TiB  222 GiB  66 GiB   1.4 GiB   19 GiB  1.8 TiB  10.98  1.01  192      up
 75    hdd  1.97049   1.00000  2.0 TiB  219 GiB  64 GiB   1.5 GiB   18 GiB  1.8 TiB  10.85  1.00  179      up
 85    hdd  1.97049   1.00000  2.0 TiB  219 GiB  64 GiB   1.3 GiB   18 GiB  1.8 TiB  10.85  1.00  182      up
 95    hdd  1.97049   1.00000  2.0 TiB  221 GiB  65 GiB   2.3 GiB   18 GiB  1.8 TiB  10.93  1.00  193      up
105    hdd  1.97049   1.00000  2.0 TiB  222 GiB  66 GiB   941 MiB   18 GiB  1.8 TiB  10.98  1.01  188      up
115    hdd  1.97049   1.00000  2.0 TiB  219 GiB  64 GiB   2.3 GiB   19 GiB  1.8 TiB  10.86  1.00  185      up
128    hdd  1.97049   1.00000  2.0 TiB  219 GiB  64 GiB   3.1 GiB   18 GiB  1.8 TiB  10.87  1.00  194      up
137    hdd  1.97049   1.00000  2.0 TiB  222 GiB  66 GiB   1.1 GiB   19 GiB  1.8 TiB  10.99  1.01  199      up
148    hdd  1.97049   1.00000  2.0 TiB  222 GiB  66 GiB   1.9 GiB   19 GiB  1.8 TiB  10.98  1.01  197      up
157    hdd  1.97049   1.00000  2.0 TiB  219 GiB  64 GiB   1.0 GiB   19 GiB  1.8 TiB  10.85  1.00  187      up
167    hdd  1.97049   1.00000  2.0 TiB  219 GiB  63 GiB   2.5 GiB   18 GiB  1.8 TiB  10.84  0.99  185      up
177    hdd  1.97049   1.00000  2.0 TiB  222 GiB  66 GiB   3.0 GiB   19 GiB  1.8 TiB  10.98  1.01  191      up
186    hdd  1.97049   1.00000  2.0 TiB  219 GiB  63 GiB   3.1 GiB   18 GiB  1.8 TiB  10.84  0.99  187      up
197    hdd  1.97049   1.00000  2.0 TiB  219 GiB  63 GiB   2.4 GiB   18 GiB  1.8 TiB  10.83  0.99  180      up
206    hdd  1.97049   1.00000  2.0 TiB  222 GiB  66 GiB   542 MiB   19 GiB  1.8 TiB  10.99  1.01  186      up
216    hdd  1.97049   1.00000  2.0 TiB  222 GiB  66 GiB   1.0 GiB   19 GiB  1.8 TiB  10.98  1.01  189      up
226    hdd  1.97049   1.00000  2.0 TiB  219 GiB  64 GiB   544 MiB   18 GiB  1.8 TiB  10.85  1.00  181      up
236    hdd  1.97049   1.00000  2.0 TiB  220 GiB  65 GiB   1.3 GiB   19 GiB  1.8 TiB  10.93  1.00  189      up
246    hdd  1.97049   1.00000  2.0 TiB  220 GiB  65 GiB   1.9 GiB   19 GiB  1.8 TiB  10.91  1.00  190      up
256    hdd  1.97049   1.00000  2.0 TiB  219 GiB  63 GiB   1.5 GiB   18 GiB  1.8 TiB  10.83  0.99  183      up
 25    hdd  1.97049   1.00000  2.0 TiB  222 GiB  66 GiB   888 MiB   19 GiB  1.8 TiB  10.99  1.01  185      up
 36    hdd  1.97049   1.00000  2.0 TiB  219 GiB  64 GiB   2.2 GiB   19 GiB  1.8 TiB  10.87  1.00  186      up
 46    hdd  1.97049   1.00000  2.0 TiB  222 GiB  66 GiB   1.7 GiB   19 GiB  1.8 TiB  10.99  1.01  192      up
 56    hdd  1.97049   1.00000  2.0 TiB  219 GiB  63 GiB   856 MiB   18 GiB  1.8 TiB  10.83  0.99  186      up
 67    hdd  1.97049   1.00000  2.0 TiB  219 GiB  63 GiB   461 MiB   18 GiB  1.8 TiB  10.84  0.99  180      up
 78    hdd  1.97049   1.00000  2.0 TiB  222 GiB  66 GiB   2.0 GiB   19 GiB  1.8 TiB  10.99  1.01  186      up
 89    hdd  1.97049   1.00000  2.0 TiB  222 GiB  66 GiB   654 MiB   18 GiB  1.8 TiB  10.99  1.01  188      up
 99    hdd  1.97049   1.00000  2.0 TiB  219 GiB  63 GiB   2.6 GiB   18 GiB  1.8 TiB  10.84  0.99  185      up
110    hdd  1.97049   1.00000  2.0 TiB  221 GiB  66 GiB   2.6 GiB   19 GiB  1.8 TiB  10.95  1.00  190      up
120    hdd  1.97049   1.00000  2.0 TiB  219 GiB  63 GiB   1.7 GiB   18 GiB  1.8 TiB  10.83  0.99  174      up
127    hdd  1.97049   1.00000  2.0 TiB  219 GiB  63 GiB   1.9 GiB   18 GiB  1.8 TiB  10.83  0.99  182      up
138    hdd  1.97049   1.00000  2.0 TiB  222 GiB  66 GiB   1.9 GiB   19 GiB  1.8 TiB  10.99  1.01  193      up
147    hdd  1.97049   1.00000  2.0 TiB  219 GiB  63 GiB  1016 MiB   18 GiB  1.8 TiB  10.84  0.99  183      up
158    hdd  1.97049   1.00000  2.0 TiB  221 GiB  66 GiB  1017 MiB   19 GiB  1.8 TiB  10.97  1.01  193      up
168    hdd  1.97049   1.00000  2.0 TiB  219 GiB  63 GiB   2.4 GiB   18 GiB  1.8 TiB  10.84  0.99  186      up
178    hdd  1.97049   1.00000  2.0 TiB  219 GiB  63 GiB   3.0 GiB   18 GiB  1.8 TiB  10.83  0.99  186      up
190    hdd  1.97049   1.00000  2.0 TiB  219 GiB  63 GiB   2.0 GiB   18 GiB  1.8 TiB  10.83  0.99  184      up
200    hdd  1.97049   1.00000  2.0 TiB  218 GiB  63 GiB   2.1 GiB   17 GiB  1.8 TiB  10.81  0.99  183      up
210    hdd  1.97049   1.00000  2.0 TiB  218 GiB  63 GiB   3.0 GiB   18 GiB  1.8 TiB  10.82  0.99  185      up
220    hdd  1.97049   1.00000  2.0 TiB  222 GiB  66 GiB   1.6 GiB   19 GiB  1.8 TiB  10.99  1.01  196      up
228    hdd  1.97049   1.00000  2.0 TiB  218 GiB  63 GiB   2.5 GiB   18 GiB  1.8 TiB  10.82  0.99  189      up
239    hdd  1.97049   1.00000  2.0 TiB  222 GiB  66 GiB   1.8 GiB   19 GiB  1.8 TiB  10.98  1.01  192      up
251    hdd  1.97049   1.00000  2.0 TiB  219 GiB  64 GiB   1.2 GiB   19 GiB  1.8 TiB  10.87  1.00  183      up
260    hdd  1.97049   1.00000  2.0 TiB  222 GiB  66 GiB   1.9 GiB   19 GiB  1.8 TiB  10.98  1.01  195      up
 30    hdd  1.97049   1.00000  2.0 TiB  219 GiB  63 GiB   559 MiB   18 GiB  1.8 TiB  10.83  0.99  178      up
 39    hdd  1.97049   1.00000  2.0 TiB  219 GiB  63 GiB   2.6 GiB   18 GiB  1.8 TiB  10.84  0.99  189      up
 48    hdd  1.97049   1.00000  2.0 TiB  219 GiB  63 GiB   2.6 GiB   18 GiB  1.8 TiB  10.83  0.99  188      up
 60    hdd  1.97049   1.00000  2.0 TiB  221 GiB  66 GiB   1.8 GiB   19 GiB  1.8 TiB  10.95  1.00  188      up
 70    hdd  1.97049   1.00000  2.0 TiB  221 GiB  66 GiB   3.0 GiB   19 GiB  1.8 TiB  10.96  1.01  195      up
 80    hdd  1.97049   1.00000  2.0 TiB  219 GiB  63 GiB   1.8 GiB   18 GiB  1.8 TiB  10.83  0.99  184      up
 90    hdd  1.97049   1.00000  2.0 TiB  219 GiB  63 GiB   2.1 GiB   18 GiB  1.8 TiB  10.83  0.99  189      up
100    hdd  1.97049   1.00000  2.0 TiB  222 GiB  66 GiB   3.4 GiB   19 GiB  1.8 TiB  10.99  1.01  194      up
109    hdd  1.97049   1.00000  2.0 TiB  220 GiB  64 GiB   908 MiB   18 GiB  1.8 TiB  10.89  1.00  180      up
119    hdd  1.97049   1.00000  2.0 TiB  222 GiB  66 GiB   2.2 GiB   19 GiB  1.8 TiB  10.98  1.01  187      up
126    hdd  1.97049   1.00000  2.0 TiB  219 GiB  64 GiB   2.2 GiB   19 GiB  1.8 TiB  10.87  1.00  185      up
136    hdd  1.97049   1.00000  2.0 TiB  219 GiB  63 GiB   317 MiB   18 GiB  1.8 TiB  10.84  0.99  179      up
146    hdd  1.97049   1.00000  2.0 TiB  219 GiB  63 GiB   1.7 GiB   18 GiB  1.8 TiB  10.84  0.99  183      up
156    hdd  1.97049   1.00000  2.0 TiB  220 GiB  65 GiB   457 MiB   19 GiB  1.8 TiB  10.91  1.00  184      up
166    hdd  1.97049   1.00000  2.0 TiB  221 GiB  66 GiB   817 MiB   19 GiB  1.8 TiB  10.95  1.00  185      up
176    hdd  1.97049   1.00000  2.0 TiB  222 GiB  66 GiB   2.4 GiB   19 GiB  1.8 TiB  10.98  1.01  193      up
185    hdd  1.97049   1.00000  2.0 TiB  222 GiB  66 GiB   534 MiB   19 GiB  1.8 TiB  10.98  1.01  186      up
195    hdd  1.97049   1.00000  2.0 TiB  220 GiB  64 GiB   2.3 GiB   19 GiB  1.8 TiB  10.89  1.00  183      up
209    hdd  1.97049   1.00000  2.0 TiB  220 GiB  65 GiB   3.0 GiB   19 GiB  1.8 TiB  10.91  1.00  195      up
219    hdd  1.97049   1.00000  2.0 TiB  218 GiB  63 GiB   1.4 GiB   18 GiB  1.8 TiB  10.82  0.99  184      up
229    hdd  1.97049   1.00000  2.0 TiB  218 GiB  63 GiB   1.3 GiB   18 GiB  1.8 TiB  10.82  0.99  181      up
238    hdd  1.97049   1.00000  2.0 TiB  220 GiB  65 GiB   1.5 GiB   19 GiB  1.8 TiB  10.91  1.00  190      up
248    hdd  1.97049   1.00000  2.0 TiB  222 GiB  66 GiB   321 MiB   19 GiB  1.8 TiB  10.98  1.01  187      up
258    hdd  1.97049   1.00000  2.0 TiB  219 GiB  64 GiB   1.9 GiB   18 GiB  1.8 TiB  10.85  1.00  187      up
 28    hdd  1.97049   1.00000  2.0 TiB  222 GiB  66 GiB   2.9 GiB   19 GiB  1.8 TiB  10.99  1.01  203      up
 37    hdd  1.97049   1.00000  2.0 TiB  219 GiB  63 GiB   2.1 GiB   18 GiB  1.8 TiB  10.84  0.99  182      up
 47    hdd  1.97049   1.00000  2.0 TiB  219 GiB  63 GiB   2.3 GiB   18 GiB  1.8 TiB  10.84  0.99  188      up
 57    hdd  1.97049   1.00000  2.0 TiB  221 GiB  65 GiB   2.4 GiB   19 GiB  1.8 TiB  10.93  1.00  189      up
 66    hdd  1.97049   1.00000  2.0 TiB  222 GiB  66 GiB   1.9 GiB   19 GiB  1.8 TiB  10.98  1.01  190      up
 76    hdd  1.97049   1.00000  2.0 TiB  219 GiB  63 GiB   1.7 GiB   18 GiB  1.8 TiB  10.84  0.99  178      up
 86    hdd  1.97049   1.00000  2.0 TiB  219 GiB  63 GiB   2.3 GiB   18 GiB  1.8 TiB  10.83  0.99  188      up
 97    hdd  1.97049   1.00000  2.0 TiB  219 GiB  63 GiB   3.4 GiB   18 GiB  1.8 TiB  10.84  0.99  189      up
107    hdd  1.97049   1.00000  2.0 TiB  219 GiB  63 GiB   1.4 GiB   18 GiB  1.8 TiB  10.83  0.99  180      up
117    hdd  1.97049   1.00000  2.0 TiB  219 GiB  63 GiB   1.5 GiB   18 GiB  1.8 TiB  10.84  0.99  179      up
125    hdd  1.97049   1.00000  2.0 TiB  219 GiB  63 GiB   1.9 GiB   18 GiB  1.8 TiB  10.83  0.99  180      up
135    hdd  1.97049   1.00000  2.0 TiB  219 GiB  63 GiB   2.0 GiB   18 GiB  1.8 TiB  10.83  0.99  183      up
145    hdd  1.97049   1.00000  2.0 TiB  219 GiB  64 GiB   1.9 GiB   18 GiB  1.8 TiB  10.85  1.00  180      up
155    hdd  1.97049   1.00000  2.0 TiB  218 GiB  63 GiB   1.9 GiB   18 GiB  1.8 TiB  10.81  0.99  183      up
165    hdd  1.97049   1.00000  2.0 TiB  218 GiB  63 GiB   1.7 GiB   18 GiB  1.8 TiB  10.81  0.99  184      up
175    hdd  1.97049   1.00000  2.0 TiB  219 GiB  64 GiB   1.6 GiB   18 GiB  1.8 TiB  10.87  1.00  187      up
187    hdd  1.97049   1.00000  2.0 TiB  222 GiB  66 GiB   654 MiB   19 GiB  1.8 TiB  10.98  1.01  185      up
196    hdd  1.97049   1.00000  2.0 TiB  222 GiB  66 GiB   1.5 GiB   19 GiB  1.8 TiB  10.98  1.01  190      up
205    hdd  1.97049   1.00000  2.0 TiB  222 GiB  66 GiB   2.3 GiB   19 GiB  1.8 TiB  10.99  1.01  196      up
215    hdd  1.97049   1.00000  2.0 TiB  220 GiB  65 GiB   377 MiB   19 GiB  1.8 TiB  10.91  1.00  183      up
225    hdd  1.97049   1.00000  2.0 TiB  218 GiB  63 GiB   534 MiB   18 GiB  1.8 TiB  10.82  0.99  175      up
235    hdd  1.97049   1.00000  2.0 TiB  222 GiB  66 GiB   2.3 GiB   19 GiB  1.8 TiB  10.98  1.01  192      up
245    hdd  1.97049   1.00000  2.0 TiB  220 GiB  65 GiB   601 MiB   18 GiB  1.8 TiB  10.91  1.00  186      up
255    hdd  1.97049   1.00000  2.0 TiB  219 GiB  63 GiB   2.0 GiB   18 GiB  1.8 TiB  10.83  0.99  187      up
 26    hdd  1.97049   1.00000  2.0 TiB  222 GiB  66 GiB   1.6 GiB   19 GiB  1.8 TiB  10.99  1.01  192      up
 34    hdd  1.97049   1.00000  2.0 TiB  219 GiB  64 GiB   1.2 GiB   18 GiB  1.8 TiB  10.85  1.00  184      up
 44    hdd  1.97049   1.00000  2.0 TiB  222 GiB  66 GiB   2.0 GiB   19 GiB  1.8 TiB  10.98  1.01  195      up
 54    hdd  1.97049   1.00000  2.0 TiB  222 GiB  66 GiB   1.4 GiB   19 GiB  1.8 TiB  10.98  1.01  188      up
 64    hdd  1.97049   1.00000  2.0 TiB  222 GiB  66 GiB   955 MiB   19 GiB  1.8 TiB  10.98  1.01  188      up
 74    hdd  1.97049   1.00000  2.0 TiB  222 GiB  66 GiB   2.3 GiB   19 GiB  1.8 TiB  10.98  1.01  189      up
 84    hdd  1.97049   1.00000  2.0 TiB  220 GiB  65 GiB   952 MiB   19 GiB  1.8 TiB  10.89  1.00  182      up
 94    hdd  1.97049   1.00000  2.0 TiB  219 GiB  64 GiB   1.0 GiB   19 GiB  1.8 TiB  10.85  1.00  179      up
104    hdd  1.97049   1.00000  2.0 TiB  219 GiB  63 GiB   1.4 GiB   18 GiB  1.8 TiB  10.84  0.99  184      up
114    hdd  1.97049   1.00000  2.0 TiB  219 GiB  63 GiB   429 MiB   18 GiB  1.8 TiB  10.83  0.99  181      up
124    hdd  1.97049   1.00000  2.0 TiB  219 GiB  63 GiB   1.7 GiB   18 GiB  1.8 TiB  10.84  0.99  179      up
134    hdd  1.97049   1.00000  2.0 TiB  222 GiB  66 GiB   2.4 GiB   19 GiB  1.8 TiB  10.99  1.01  189      up
144    hdd  1.97049   1.00000  2.0 TiB  222 GiB  66 GiB   994 MiB   19 GiB  1.8 TiB  10.99  1.01  190      up
154    hdd  1.97049   1.00000  2.0 TiB  220 GiB  65 GiB   579 MiB   19 GiB  1.8 TiB  10.93  1.00  181      up
164    hdd  1.97049   1.00000  2.0 TiB  222 GiB  66 GiB   1.7 GiB   19 GiB  1.8 TiB  10.99  1.01  195      up
174    hdd  1.97049   1.00000  2.0 TiB  222 GiB  66 GiB   2.6 GiB   19 GiB  1.8 TiB  10.99  1.01  192      up
184    hdd  1.97049   1.00000  2.0 TiB  219 GiB  63 GiB   2.9 GiB   18 GiB  1.8 TiB  10.83  0.99  187      up
194    hdd  1.97049   1.00000  2.0 TiB  219 GiB  63 GiB   2.3 GiB   18 GiB  1.8 TiB  10.84  0.99  193      up
204    hdd  1.97049   1.00000  2.0 TiB  219 GiB  63 GiB   259 MiB   18 GiB  1.8 TiB  10.83  0.99  181      up
214    hdd  1.97049   1.00000  2.0 TiB  220 GiB  65 GiB   2.6 GiB   19 GiB  1.8 TiB  10.91  1.00  193      up
224    hdd  1.97049   1.00000  2.0 TiB  222 GiB  66 GiB   1.4 GiB   19 GiB  1.8 TiB  10.98  1.01  186      up
234    hdd  1.97049   1.00000  2.0 TiB  219 GiB  64 GiB   723 MiB   18 GiB  1.8 TiB  10.87  1.00  184      up
244    hdd  1.97049   1.00000  2.0 TiB  222 GiB  66 GiB   2.4 GiB   19 GiB  1.8 TiB  10.98  1.01  192      up
254    hdd  1.97049   1.00000  2.0 TiB  219 GiB  63 GiB   1.7 GiB   18 GiB  1.8 TiB  10.83  0.99  186      up
                        TOTAL  567 TiB   62 TiB  18 TiB   489 GiB  5.2 TiB  506 TiB  10.90                   
MIN/MAX VAR: 0.99/1.01  STDDEV: 0.07
2022/02/14-04:52:07: %RAW USED 10.90; Pending GCs 

PG Autoscale:
POOL                         SIZE  TARGET SIZE  RATE  RAW CAPACITY   RATIO  TARGET RATIO  EFFECTIVE RATIO  BIAS  PG_NUM  NEW PG_NUM  AUTOSCALE  PROFILE   
device_health_metrics       2538k                3.0        567.4T  0.0000                                  1.0       1              on         scale-up  
default.rgw.control            0                 3.0        567.4T  0.0000                                  1.0     256              on         scale-up  
default.rgw.buckets.data   12409G                1.5        567.4T  0.0320                                  1.0    8192              on         scale-up  
default.rgw.buckets.index  163.1G                3.0        567.4T  0.0008                                  1.0     512              on         scale-up  
default.rgw.log             2541k                3.0        567.4T  0.0000                                  1.0     256              on         scale-up  
default.rgw.meta            2020k                3.0        567.4T  0.0000                                  1.0     256              on         scale-up  
.rgw.root                   1323                 3.0        567.4T  0.0000                                  1.0     256              on         scale-up  

RGW netstat & qlen/qactive ...
f10-h01-000-6049p.rdu2.scalelab.redhat.com
Proto Recv-Q Send-Q Local Address           Foreign Address         State       PID/Program name    
tcp        0      0 172.17.36.220:8080      0.0.0.0:*               LISTEN      1142496/radosgw     
        "qlen": 65,
        "qactive": 65,
f10-h05-000-6049p.rdu2.scalelab.redhat.com
Proto Recv-Q Send-Q Local Address           Foreign Address         State       PID/Program name    
tcp        0      0 172.17.36.178:8080      0.0.0.0:*               LISTEN      1877716/radosgw     
        "qlen": 273,
        "qactive": 273,
f10-h09-000-6049p.rdu2.scalelab.redhat.com
Proto Recv-Q Send-Q Local Address           Foreign Address         State       PID/Program name    
tcp        0      0 172.17.39.213:8080      0.0.0.0:*               LISTEN      1885873/radosgw     
        "qlen": 162,
        "qactive": 162,
f10-h13-000-6049p.rdu2.scalelab.redhat.com
Proto Recv-Q Send-Q Local Address           Foreign Address         State       PID/Program name    
tcp        0      0 172.17.39.109:8080      0.0.0.0:*               LISTEN      1886636/radosgw     
f10-h17-000-6049p.rdu2.scalelab.redhat.com
Proto Recv-Q Send-Q Local Address           Foreign Address         State       PID/Program name    
tcp        0      0 172.17.36.9:8080        0.0.0.0:*               LISTEN      1873557/radosgw     
        "qlen": 56,
        "qactive": 56,
f10-h21-000-6049p.rdu2.scalelab.redhat.com
Proto Recv-Q Send-Q Local Address           Foreign Address         State       PID/Program name    
tcp        0      0 172.17.38.57:8080       0.0.0.0:*               LISTEN      1871329/radosgw     
        "qlen": 65,
        "qactive": 65,
f10-h25-000-6049p.rdu2.scalelab.redhat.com
Proto Recv-Q Send-Q Local Address           Foreign Address         State       PID/Program name    
tcp        0      0 172.17.36.180:8080      0.0.0.0:*               LISTEN      1876073/radosgw     
        "qlen": 54,
        "qactive": 54,
f11-h01-000-6049p.rdu2.scalelab.redhat.com
Proto Recv-Q Send-Q Local Address           Foreign Address         State       PID/Program name    
tcp        0      0 172.17.39.208:8080      0.0.0.0:*               LISTEN      1919182/radosgw     
        "qlen": 181,
        "qactive": 181,
f11-h05-000-6049p.rdu2.scalelab.redhat.com
Proto Recv-Q Send-Q Local Address           Foreign Address         State       PID/Program name    
tcp        0      0 172.17.39.190:8080      0.0.0.0:*               LISTEN      1867320/radosgw     
        "qlen": 58,
        "qactive": 58,
f11-h09-000-6049p.rdu2.scalelab.redhat.com
Proto Recv-Q Send-Q Local Address           Foreign Address         State       PID/Program name    
tcp        0      0 172.17.38.145:8080      0.0.0.0:*               LISTEN      1879275/radosgw     
        "qlen": 337,
        "qactive": 337,
f11-h13-000-6049p.rdu2.scalelab.redhat.com
Proto Recv-Q Send-Q Local Address           Foreign Address         State       PID/Program name    
tcp        0      0 172.17.36.186:8080      0.0.0.0:*               LISTEN      1841705/radosgw     
        "qlen": 73,
        "qactive": 73,
f11-h17-000-6049p.rdu2.scalelab.redhat.com
Proto Recv-Q Send-Q Local Address           Foreign Address         State       PID/Program name    
tcp        0      0 172.17.36.13:8080       0.0.0.0:*               LISTEN      1867818/radosgw     
        "qlen": 254,
        "qactive": 254,

--------------------------------------------------------

2022/02/14-04:57:27: RESHARD Queue Length 1
2022/02/14-04:57:27: RESHARD List []

LA: 2022/02/14-04:57:27:   13.55, 8.61, 4.29

RGW stats:          proc   %cpu %mem  vsz    rss     memused       memlimit
f10-h01-000-6049p.rdu2.scalelab.redhat.com   radosgw 120 0.0 10084220 344564   379234521088   9223372036854771712
f10-h05-000-6049p.rdu2.scalelab.redhat.com   radosgw 121 0.0 10229176 387116   382638645248   9223372036854771712
f10-h09-000-6049p.rdu2.scalelab.redhat.com   radosgw 120 0.0 9909192 322948   374012760064   9223372036854771712
f10-h13-000-6049p.rdu2.scalelab.redhat.com   radosgw 121 0.0 9829312 298452   381623951360   9223372036854771712
f10-h17-000-6049p.rdu2.scalelab.redhat.com   radosgw 118 0.0 9901524 361720   373952983040   9223372036854771712
f10-h21-000-6049p.rdu2.scalelab.redhat.com   radosgw 120 0.0 9878564 313032   359672897536   9223372036854771712
f10-h25-000-6049p.rdu2.scalelab.redhat.com   radosgw 120 0.0 9851388 377292   385369333760   9223372036854771712
f11-h01-000-6049p.rdu2.scalelab.redhat.com   radosgw 121 0.0 9838424 339932   379750002688   9223372036854771712
f11-h05-000-6049p.rdu2.scalelab.redhat.com   radosgw 122 0.0 9851748 308532   381604753408   9223372036854771712
f11-h09-000-6049p.rdu2.scalelab.redhat.com   radosgw 120 0.0 9850336 318696   380349702144   9223372036854771712
f11-h13-000-6049p.rdu2.scalelab.redhat.com   radosgw 121 0.0 9992504 338744   369692917760   9223372036854771712
f11-h17-000-6049p.rdu2.scalelab.redhat.com   radosgw 121 0.0 9868416 338696   378705829888   9223372036854771712

OSD: 
2022/02/14-04:57:34: f10-h01-000-6049p.rdu2.scalelab.redhat.com ceph-osd        19.8  1.0 6293328 4091804
ceph-osd        27.0  0.9 6207404 3754992
ceph-osd        21.6  1.0 6207884 4088312
ceph-osd        21.2  1.0 6095572 4078664
ceph-osd        22.5  1.0 6105560 4045660
ceph-osd        21.9  1.0 6171724 4086472
ceph-osd        21.6  1.0 6342908 4082240
ceph-osd        23.6  1.0 6155448 4018644
ceph-osd        25.3  1.0 6069940 4078212
ceph-osd        21.3  1.0 6082512 3957444
ceph-osd        23.9  1.0 6117628 4074608
ceph-osd        24.6  0.9 6117480 3874808
ceph-osd        23.6  1.0 6109204 4054824
ceph-osd        21.7  1.0 6231388 4086864
ceph-osd        21.3  0.9 6102388 3866448
ceph-osd        24.7  1.0 6123432 4080324
ceph-osd        23.5  1.0 6141476 4123268
ceph-osd        21.6  1.0 6117892 4131728
ceph-osd        19.7  0.9 6181956 3919996
ceph-osd        21.5  1.0 6121788 4025020
ceph-osd        20.1  0.9 6216172 3812384
ceph-osd        24.0  1.0 6152900 4083044
ceph-osd        20.8  1.0 6319572 4088004
ceph-osd        25.9  0.9 6204004 3886348
2022/02/14-04:57:35: f10-h05-000-6049p.rdu2.scalelab.redhat.com ceph-osd        24.2  1.0 6022152 4103468
ceph-osd        23.3  1.0 6331616 4014852
ceph-osd        23.8  0.9 6199644 3699876
ceph-osd        21.6  1.0 6175604 4098940
ceph-osd        19.0  1.0 6380920 4087680
ceph-osd        19.9  0.9 6341352 3799884
ceph-osd        24.5  1.0 6199752 4026544
ceph-osd        21.4  1.0 6099708 4050512
ceph-osd        21.5  1.0 6327948 3980424
ceph-osd        21.1  1.0 6097376 4053512
ceph-osd        18.7  0.9 6158300 3834160
ceph-osd        20.8  1.0 6182704 4009004
ceph-osd        21.9  0.9 6151600 3783648
ceph-osd        22.8  1.0 6110672 4058788
ceph-osd        22.2  1.0 6154160 4024336
ceph-osd        25.3  1.0 6199360 3958392
ceph-osd        25.8  1.0 6240052 3989712
ceph-osd        20.0  0.9 6279856 3822596
ceph-osd        22.1  1.0 6140860 4006992
ceph-osd        22.9  1.0 6181388 4067972
ceph-osd        21.1  1.0 6080032 4038548
ceph-osd        22.5  1.0 6134876 4081216
ceph-osd        20.0  1.0 6117784 3950740
ceph-osd        23.0  1.0 6145256 4072184
2022/02/14-04:57:35: f10-h09-000-6049p.rdu2.scalelab.redhat.com ceph-osd        21.2  1.0 6136200 4035372
ceph-osd        23.7  1.0 6121740 4025904
ceph-osd        22.3  1.0 6134252 4028648
ceph-osd        22.1  1.0 6101560 4057416
ceph-osd        26.0  0.9 6095524 3697092
ceph-osd        18.5  1.0 6360620 4045860
ceph-osd        22.0  1.0 6147724 4071460
ceph-osd        21.8  1.0 6154828 4009200
ceph-osd        20.2  1.0 6172540 4053500
ceph-osd        18.6  0.9 6335108 3832744
ceph-osd        23.8  1.0 6108364 4025884
ceph-osd        21.0  0.9 6089620 3759060
ceph-osd        20.5  1.0 6145012 4126828
ceph-osd        21.6  1.0 6171036 4067068
ceph-osd        22.4  1.0 6314936 3950884
ceph-osd        28.8  1.0 6125628 4130296
ceph-osd        19.7  0.9 6267904 3941924
ceph-osd        21.2  1.0 6155372 3983976
ceph-osd        24.4  0.9 6117232 3938736
ceph-osd        21.6  1.0 6129400 3999620
ceph-osd        21.0  1.0 6135556 4058752
ceph-osd        20.3  1.0 6227492 4036972
ceph-osd        27.6  1.0 6054160 4122488
ceph-osd        20.1  1.0 6097728 4071804
2022/02/14-04:57:35: f10-h13-000-6049p.rdu2.scalelab.redhat.com ceph-osd        18.4  1.0 6010520 4087060
ceph-osd        20.5  1.0 6125580 3955908
ceph-osd        18.3  1.0 6345788 3986424
ceph-osd        21.8  1.0 6172024 3988016
ceph-osd        21.2  1.0 6168384 4050784
ceph-osd        20.5  1.0 6105336 4013124
ceph-osd        21.7  0.9 6095256 3919868
ceph-osd        21.3  0.9 6143016 3798756
ceph-osd        20.3  1.0 6268220 4056912
ceph-osd        20.8  0.9 6107228 3724636
ceph-osd        18.8  1.0 6230956 4120736
ceph-osd        25.0  1.0 6210652 4147660
ceph-osd        23.4  1.0 6098468 4036804
ceph-osd        20.7  1.0 6134408 4124840
ceph-osd        20.8  0.9 6133336 3899808
ceph-osd        19.9  1.0 6196704 4069912
ceph-osd        24.8  0.9 6087008 3906704
ceph-osd        24.6  1.0 6208104 4122788
ceph-osd        24.6  0.9 6147752 3863124
ceph-osd        23.0  0.9 6155152 3944816
ceph-osd        22.1  1.0 6075564 4161992
ceph-osd        24.3  0.9 6183052 3920776
ceph-osd        23.7  1.0 6172492 3948388
ceph-osd        24.8  1.0 6086184 4132900
2022/02/14-04:57:35: f10-h17-000-6049p.rdu2.scalelab.redhat.com ceph-osd        20.8  0.9 6201940 3881380
ceph-osd        26.1  1.0 6051716 4097240
ceph-osd        19.8  1.0 6150012 4055052
ceph-osd        21.5  1.0 6053260 4086860
ceph-osd        20.9  1.0 6108264 4072808
ceph-osd        19.7  0.9 6134000 3651520
ceph-osd        24.1  1.0 6176028 4078168
ceph-osd        21.3  0.9 6173444 3923160
ceph-osd        21.5  1.0 6055596 4102472
ceph-osd        21.1  1.0 6216244 4024308
ceph-osd        22.2  1.0 6125148 4071272
ceph-osd        23.4  1.0 6097844 4045936
ceph-osd        22.1  0.9 6291488 3852708
ceph-osd        21.4  0.9 6319368 3855960
ceph-osd        22.6  0.9 6142780 3838044
ceph-osd        20.5  1.0 6185968 4088604
ceph-osd        20.9  0.9 6115816 3908148
ceph-osd        19.6  1.0 6015760 4077952
ceph-osd        19.3  1.0 6360776 4185596
ceph-osd        22.9  0.9 6144496 3905348
ceph-osd        17.7  0.9 6246228 3876332
ceph-osd        18.4  1.0 6324516 4077332
ceph-osd        24.8  0.9 6171904 3732356
ceph-osd        21.3  1.0 6082752 4059464
2022/02/14-04:57:35: f10-h21-000-6049p.rdu2.scalelab.redhat.com ceph-osd        21.7  1.0 6153052 4089380
ceph-osd        22.0  1.0 6218912 4134272
ceph-osd        21.3  1.0 6106340 4011196
ceph-osd        22.5  1.0 6205804 4098236
ceph-osd        21.1  1.0 6339912 4075552
ceph-osd        24.8  1.0 6142640 4099940
ceph-osd        21.6  0.9 6240012 3928412
ceph-osd        18.6  1.0 6113748 4058720
ceph-osd        19.2  0.9 6083884 3940744
ceph-osd        22.4  1.0 6134976 4077240
ceph-osd        19.0  1.0 6405432 4105220
ceph-osd        20.0  1.0 6191868 4097460
ceph-osd        21.1  0.9 6033420 3795984
ceph-osd        24.8  0.9 6166728 3772312
ceph-osd        19.4  1.0 6132128 4087996
ceph-osd        23.8  1.0 6086344 3989628
ceph-osd        21.6  1.0 6090328 4016776
ceph-osd        20.9  1.0 6149004 4085496
ceph-osd        21.0  1.0 5989144 4080324
ceph-osd        21.0  0.9 6096840 3822948
ceph-osd        25.9  0.9 6127956 3898560
ceph-osd        20.7  1.0 6069332 4047264
ceph-osd        22.9  1.0 6107020 3998452
ceph-osd        26.0  1.0 6125752 4081548
2022/02/14-04:57:36: f10-h25-000-6049p.rdu2.scalelab.redhat.com ceph-osd        20.9  1.0 6122208 4063876
ceph-osd        17.0  0.8 6378548 3521324
ceph-osd        22.9  1.0 6201108 4094852
ceph-osd        21.4  1.0 6147612 4010596
ceph-osd        22.7  1.0 6134936 4058396
ceph-osd        19.0  0.8 6256940 3546704
ceph-osd        20.8  1.0 6189928 4107896
ceph-osd        21.1  1.0 6133288 4095120
ceph-osd        19.2  1.0 6333220 4046844
ceph-osd        17.9  1.0 6324516 4084048
ceph-osd        20.7  1.0 6146880 4042448
ceph-osd        19.9  1.0 6216460 4018548
ceph-osd        24.0  1.0 6156484 4086564
ceph-osd        21.0  1.0 6237624 3959820
ceph-osd        23.9  0.9 6175920 3826972
ceph-osd        20.0  0.9 6207228 3911100
ceph-osd        18.6  1.0 6299840 4039628
ceph-osd        18.0  1.0 6051448 3970872
ceph-osd        20.3  1.0 6048096 4111604
ceph-osd        21.0  1.0 6062220 4050072
ceph-osd        23.3  1.0 6074228 4095476
ceph-osd        25.5  1.0 6158244 4070824
ceph-osd        18.7  1.0 6158548 4118876
ceph-osd        22.7  1.0 6128692 4072608
2022/02/14-04:57:36: f11-h01-000-6049p.rdu2.scalelab.redhat.com ceph-osd        20.2  0.9 6259044 3906712
ceph-osd        23.1  1.0 6085572 4017932
ceph-osd        22.6  1.0 6165292 4082272
ceph-osd        22.0  1.0 6186040 4083260
ceph-osd        20.9  1.0 6301820 3989788
ceph-osd        23.4  0.9 6164580 3865824
ceph-osd        25.0  1.0 6169624 4042016
ceph-osd        26.5  0.9 6113224 3820488
ceph-osd        20.3  0.9 6108428 3821184
ceph-osd        18.2  1.0 6282432 4036268
ceph-osd        22.8  0.9 6185460 3805584
ceph-osd        20.4  1.0 6366332 3991512
ceph-osd        26.5  1.0 6111576 4164528
ceph-osd        22.3  0.9 6133992 3874056
ceph-osd        20.9  0.9 6113532 3777088
ceph-osd        23.3  1.0 6066736 4114684
ceph-osd        19.7  1.0 6157964 4026392
ceph-osd        20.0  0.9 6101192 3934844
ceph-osd        21.0  1.0 6131316 4089884
ceph-osd        23.7  1.0 6147328 4121236
ceph-osd        19.9  1.0 6384044 4086848
ceph-osd        19.5  1.0 6247560 3991596
ceph-osd        21.0  0.9 6200848 3896604
ceph-osd        20.4  1.0 6151512 4083828
2022/02/14-04:57:36: f11-h05-000-6049p.rdu2.scalelab.redhat.com ceph-osd        24.2  1.0 6115116 4032164
ceph-osd        21.6  0.9 6171852 3925104
ceph-osd        20.5  1.0 6356552 4051696
ceph-osd        18.8  0.9 6139452 3660416
ceph-osd        21.1  1.0 6058748 4083720
ceph-osd        19.2  0.9 6168872 3845008
ceph-osd        20.6  1.0 6081616 4016824
ceph-osd        23.8  1.0 6045888 4101508
ceph-osd        22.2  1.0 6250816 4029932
ceph-osd        20.2  1.0 6228620 4078384
ceph-osd        23.7  0.9 6109356 3930360
ceph-osd        22.7  1.0 6154240 4105076
ceph-osd        19.6  0.9 6164060 3920772
ceph-osd        19.6  1.0 6116044 3991912
ceph-osd        23.5  1.0 6032172 4088164
ceph-osd        21.0  1.0 6101896 4124604
ceph-osd        23.4  1.0 6117372 4087352
ceph-osd        20.9  1.0 6264936 4035260
ceph-osd        23.7  0.9 6138284 3832588
ceph-osd        21.6  1.0 6114588 4059980
ceph-osd        24.3  0.9 6129408 3892856
ceph-osd        21.5  0.9 6087948 3925080
ceph-osd        18.3  1.0 6230192 3951420
ceph-osd        21.8  0.9 6177348 3776560
2022/02/14-04:57:36: f11-h09-000-6049p.rdu2.scalelab.redhat.com ceph-osd        23.9  1.0 6158680 4093676
ceph-osd        20.9  0.9 6116460 3937420
ceph-osd        17.7  1.0 6341736 4031848
ceph-osd        21.2  0.9 6005276 3941816
ceph-osd        23.7  0.9 6058092 3884576
ceph-osd        21.5  1.0 6102428 4100956
ceph-osd        21.0  1.0 6189316 4051968
ceph-osd        18.2  0.9 6115052 3872556
ceph-osd        22.4  0.9 6096768 3876136
ceph-osd        19.2  0.9 6357416 3922876
ceph-osd        23.3  1.0 6047668 4059748
ceph-osd        18.1  0.9 6123480 3853628
ceph-osd        20.6  0.9 6121844 3921312
ceph-osd        23.5  1.0 6117164 4100928
ceph-osd        19.2  1.0 6221572 4056852
ceph-osd        18.7  0.9 6118268 3847372
ceph-osd        21.8  1.0 6289368 4128336
ceph-osd        22.0  1.0 6101816 4092660
ceph-osd        21.3  1.0 6054596 4109284
ceph-osd        23.5  0.9 6123940 3900800
ceph-osd        21.6  1.0 6095416 4036720
ceph-osd        22.0  1.0 6194420 3999972
ceph-osd        22.3  0.9 6132056 3911412
ceph-osd        20.9  0.9 6202928 3870652
2022/02/14-04:57:36: f11-h13-000-6049p.rdu2.scalelab.redhat.com ceph-osd        19.7  1.0 6306636 3992780
ceph-osd        22.0  1.0 6194224 3988080
ceph-osd        21.4  0.9 6170736 3945724
ceph-osd        22.2  1.0 6108144 4129952
ceph-osd        20.9  1.0 6110180 4011344
ceph-osd        20.0  0.9 6398220 3792976
ceph-osd        22.2  0.9 6101216 3902084
ceph-osd        20.6  0.9 6164804 3922692
ceph-osd        20.8  1.0 6126748 4191304
ceph-osd        20.9  0.9 6178912 3553848
ceph-osd        19.3  1.0 6190916 4114276
ceph-osd        20.0  1.0 6266508 4087104
ceph-osd        22.0  1.0 6135164 4015852
ceph-osd        22.4  1.0 6109004 4074600
ceph-osd        23.5  0.9 6139996 3801140
ceph-osd        19.4  1.0 6318384 4024544
ceph-osd        21.6  0.9 6190064 3799144
ceph-osd        26.8  0.9 6182104 3789796
ceph-osd        18.3  1.0 6379756 4064944
ceph-osd        20.0  0.9 6375264 3802624
ceph-osd        20.7  1.0 6176624 4029432
ceph-osd        17.8  1.0 6222188 4035976
ceph-osd        21.5  1.0 6272032 3993068
ceph-osd        27.9  0.9 6166048 3874256
2022/02/14-04:57:37: f11-h17-000-6049p.rdu2.scalelab.redhat.com ceph-osd        19.3  1.0 6204956 4040408
ceph-osd        17.2  1.0 6062312 3999452
ceph-osd        21.6  1.0 6061464 4101528
ceph-osd        23.7  1.0 6125960 4000392
ceph-osd        20.3  0.9 6232404 3806048
ceph-osd        17.9  0.9 6104820 3807200
ceph-osd        21.7  1.0 6082164 4149476
ceph-osd        22.2  1.0 6068236 4118456
ceph-osd        20.4  0.9 6139752 3849004
ceph-osd        20.0  1.0 6323096 4091616
ceph-osd        23.1  1.0 6028780 3990416
ceph-osd        24.0  1.0 6054280 4055348
ceph-osd        21.3  1.0 6041840 4076756
ceph-osd        21.8  1.0 6165600 3988520
ceph-osd        21.9  1.0 6231708 4052932
ceph-osd        20.3  1.0 6108640 4020712
ceph-osd        26.1  1.0 6090588 4028584
ceph-osd        23.4  0.9 6009384 3805516
ceph-osd        18.7  1.0 6071868 4159708
ceph-osd        25.7  1.0 6084244 4114728
ceph-osd        20.1  1.0 6133520 3973344
ceph-osd        19.2  1.0 6102732 3950368
ceph-osd        23.6  1.0 6159096 4069576
ceph-osd        20.6  1.0 6200200 4067668

Site1 buckets (rgw):
2022/02/14-04:57:37: 

Cluster status
  cluster:
    id:     259f4a8e-8a30-11ec-b380-ac1f6b2d5d2a
    health: HEALTH_WARN
            0 slow ops, oldest one blocked for 31 sec, osd.181 has slow ops
 
  services:
    mon: 3 daemons, quorum f13-h26-b04-5039ms.rdu2.scalelab.redhat.com,f13-h26-b07-5039ms,f13-h26-b08-5039ms (age 3d)
    mgr: f13-h26-b04-5039ms.rdu2.scalelab.redhat.com.gggmog(active, since 3d), standbys: f13-h26-b08-5039ms.lgcsid, f13-h26-b07-5039ms.mryrto
    osd: 288 osds: 288 up (since 3d), 288 in (since 3d)
    rgw: 12 daemons active (12 hosts, 1 zones)
 
  data:
    pools:   7 pools, 9729 pgs
    objects: 484.05M objects, 6.6 TiB
    usage:   62 TiB used, 506 TiB / 567 TiB avail
    pgs:     9720 active+clean
             8    active+clean+scrubbing+deep
             1    active+clean+scrubbing
 
  io:
    client:   125 MiB/s rd, 72 MiB/s wr, 69.20k op/s rd, 58.67k op/s wr
 
2022/02/14-04:57:38: ceph df detail --- RAW STORAGE ---
CLASS     SIZE    AVAIL    USED  RAW USED  %RAW USED
hdd    567 TiB  506 TiB  62 TiB    62 TiB      10.90
TOTAL  567 TiB  506 TiB  62 TiB    62 TiB      10.90
 
--- POOLS ---
POOL                       ID   PGS   STORED   (DATA)   (OMAP)  OBJECTS     USED   (DATA)   (OMAP)  %USED  MAX AVAIL  QUOTA OBJECTS  QUOTA BYTES  DIRTY  USED COMPR  UNDER COMPR
device_health_metrics       1     1  3.2 MiB      0 B  3.2 MiB      315  9.5 MiB      0 B  9.5 MiB      0    159 TiB            N/A          N/A    N/A         0 B          0 B
default.rgw.control        12   256      0 B      0 B      0 B        8      0 B      0 B      0 B      0    159 TiB            N/A          N/A    N/A         0 B          0 B
default.rgw.buckets.data   13  8192   12 TiB   12 TiB      0 B  484.04M   18 TiB   18 TiB      0 B   3.67    318 TiB            N/A          N/A    N/A         0 B          0 B
default.rgw.buckets.index  14   512  163 GiB      0 B  163 GiB    6.36k  489 GiB      0 B  489 GiB   0.10    159 TiB            N/A          N/A    N/A         0 B          0 B
default.rgw.log            15   256  2.5 MiB   58 KiB  2.4 MiB      403  9.9 MiB  2.7 MiB  7.3 MiB      0    159 TiB            N/A          N/A    N/A         0 B          0 B
default.rgw.meta           16   256  2.0 MiB  3.6 KiB  2.0 MiB       17  6.3 MiB  192 KiB  6.1 MiB      0    159 TiB            N/A          N/A    N/A         0 B          0 B
.rgw.root                  17   256  1.3 KiB  1.3 KiB      0 B        4   48 KiB   48 KiB      0 B      0    159 TiB            N/A          N/A    N/A         0 B          0 B

Site1 pool PG counts:
pool 1 'device_health_metrics' replicated size 3 min_size 2 crush_rule 0 object_hash rjenkins pg_num 1 pgp_num 1 autoscale_mode on last_change 2770 flags hashpspool stripe_width 0 pg_num_min 1 application mgr_devicehealth,rgw
pool 12 'default.rgw.control' replicated size 3 min_size 2 crush_rule 0 object_hash rjenkins pg_num 256 pgp_num 256 autoscale_mode on last_change 896 flags hashpspool stripe_width 0 pg_num_min 256 application rgw
pool 13 'default.rgw.buckets.data' erasure profile myprofile size 6 min_size 5 crush_rule 1 object_hash rjenkins pg_num 8192 pgp_num 8192 autoscale_mode on last_change 918 lfor 0/0/916 flags hashpspool stripe_width 16384 pg_num_min 8192 application rgw
pool 14 'default.rgw.buckets.index' replicated size 3 min_size 2 crush_rule 0 object_hash rjenkins pg_num 512 pgp_num 512 autoscale_mode on last_change 898 flags hashpspool stripe_width 0 pg_num_min 512 application rgw
pool 15 'default.rgw.log' replicated size 3 min_size 2 crush_rule 0 object_hash rjenkins pg_num 256 pgp_num 256 autoscale_mode on last_change 899 flags hashpspool stripe_width 0 pg_num_min 256 application rgw
pool 16 'default.rgw.meta' replicated size 3 min_size 2 crush_rule 0 object_hash rjenkins pg_num 256 pgp_num 256 autoscale_mode on last_change 900 flags hashpspool stripe_width 0 pg_num_min 256 application rgw
pool 17 '.rgw.root' replicated size 3 min_size 2 crush_rule 0 object_hash rjenkins pg_num 256 pgp_num 256 autoscale_mode on last_change 901 flags hashpspool stripe_width 0 pg_num_min 256 application rgw


Site1 buckets df
2022/02/14-04:57:38: POOL                       ID   PGS   STORED  OBJECTS     USED  %USED  MAX AVAIL
default.rgw.control        12   256      0 B        8      0 B      0    159 TiB
default.rgw.buckets.data   13  8192   12 TiB  484.04M   18 TiB   3.67    318 TiB
default.rgw.buckets.index  14   512  163 GiB    6.36k  489 GiB   0.10    159 TiB
default.rgw.log            15   256  2.5 MiB      403  9.9 MiB      0    159 TiB
default.rgw.meta           16   256  2.0 MiB       17  6.3 MiB      0    159 TiB

OSD/RGW free:
2022/02/14-04:57:39: f10-h01-000-6049p.rdu2.scalelab.redhat.com                total        used        free      shared  buff/cache   available
Mem:          376Gi        96Gi        12Gi       4.1Gi       267Gi       272Gi
Swap:            0B          0B          0B

Ceph osd df:
2022/02/14-04:57:39: ID   CLASS  WEIGHT   REWEIGHT  SIZE     RAW USE  DATA    OMAP      META     AVAIL    %USE   VAR   PGS  STATUS
  0    hdd  1.97049   1.00000  2.0 TiB  219 GiB  63 GiB   1.7 GiB   18 GiB  1.8 TiB  10.84  0.99  178      up
  1    hdd  1.97049   1.00000  2.0 TiB  221 GiB  66 GiB   2.3 GiB   19 GiB  1.8 TiB  10.97  1.01  192      up
  2    hdd  1.97049   1.00000  2.0 TiB  221 GiB  66 GiB   3.2 GiB   19 GiB  1.8 TiB  10.97  1.01  197      up
  3    hdd  1.97049   1.00000  2.0 TiB  219 GiB  63 GiB   1.6 GiB   18 GiB  1.8 TiB  10.83  0.99  186      up
  4    hdd  1.97049   1.00000  2.0 TiB  221 GiB  66 GiB   1.6 GiB   19 GiB  1.8 TiB  10.95  1.00  190      up
  5    hdd  1.97049   1.00000  2.0 TiB  219 GiB  63 GiB   2.5 GiB   18 GiB  1.8 TiB  10.84  0.99  190      up
  6    hdd  1.97049   1.00000  2.0 TiB  222 GiB  66 GiB   2.0 GiB   19 GiB  1.8 TiB  10.99  1.01  191      up
  7    hdd  1.97049   1.00000  2.0 TiB  219 GiB  63 GiB   1.9 GiB   18 GiB  1.8 TiB  10.83  0.99  183      up
  8    hdd  1.97049   1.00000  2.0 TiB  219 GiB  63 GiB   907 MiB   18 GiB  1.8 TiB  10.83  0.99  174      up
  9    hdd  1.97049   1.00000  2.0 TiB  219 GiB  63 GiB   2.7 GiB   18 GiB  1.8 TiB  10.83  0.99  189      up
 10    hdd  1.97049   1.00000  2.0 TiB  222 GiB  66 GiB   2.3 GiB   19 GiB  1.8 TiB  10.99  1.01  190      up
 11    hdd  1.97049   1.00000  2.0 TiB  219 GiB  63 GiB   1.7 GiB   18 GiB  1.8 TiB  10.83  0.99  179      up
 12    hdd  1.97049   1.00000  2.0 TiB  222 GiB  66 GiB   950 MiB   19 GiB  1.8 TiB  10.99  1.01  190      up
 13    hdd  1.97049   1.00000  2.0 TiB  222 GiB  66 GiB   1.5 GiB   19 GiB  1.8 TiB  10.99  1.01  194      up
 14    hdd  1.97049   1.00000  2.0 TiB  222 GiB  66 GiB   2.4 GiB   19 GiB  1.8 TiB  10.98  1.01  197      up
 15    hdd  1.97049   1.00000  2.0 TiB  222 GiB  66 GiB   1.3 GiB   19 GiB  1.8 TiB  10.98  1.01  189      up
 16    hdd  1.97049   1.00000  2.0 TiB  220 GiB  65 GiB   2.3 GiB   19 GiB  1.8 TiB  10.91  1.00  194      up
 17    hdd  1.97049   1.00000  2.0 TiB  222 GiB  66 GiB   1.0 GiB   19 GiB  1.8 TiB  10.98  1.01  189      up
 18    hdd  1.97049   1.00000  2.0 TiB  220 GiB  65 GiB   576 MiB   18 GiB  1.8 TiB  10.89  1.00  182      up
 19    hdd  1.97049   1.00000  2.0 TiB  219 GiB  63 GiB   950 MiB   18 GiB  1.8 TiB  10.84  0.99  182      up
 20    hdd  1.97049   1.00000  2.0 TiB  222 GiB  66 GiB   653 MiB   19 GiB  1.8 TiB  10.99  1.01  191      up
 21    hdd  1.97049   1.00000  2.0 TiB  222 GiB  66 GiB   2.9 GiB   19 GiB  1.8 TiB  10.99  1.01  197      up
 22    hdd  1.97049   1.00000  2.0 TiB  222 GiB  66 GiB   1.4 GiB   19 GiB  1.8 TiB  10.98  1.01  195      up
 23    hdd  1.97049   1.00000  2.0 TiB  219 GiB  63 GiB   2.8 GiB   18 GiB  1.8 TiB  10.83  0.99  187      up
 32    hdd  1.97049   1.00000  2.0 TiB  222 GiB  66 GiB   1.3 GiB   19 GiB  1.8 TiB  10.99  1.01  189      up
 42    hdd  1.97049   1.00000  2.0 TiB  219 GiB  64 GiB   609 MiB   19 GiB  1.8 TiB  10.87  1.00  184      up
 53    hdd  1.97049   1.00000  2.0 TiB  222 GiB  66 GiB   801 MiB   19 GiB  1.8 TiB  10.98  1.01  191      up
 63    hdd  1.97049   1.00000  2.0 TiB  220 GiB  65 GiB   1.2 GiB   18 GiB  1.8 TiB  10.91  1.00  181      up
 73    hdd  1.97049   1.00000  2.0 TiB  220 GiB  64 GiB   1.8 GiB   19 GiB  1.8 TiB  10.89  1.00  187      up
 83    hdd  1.97049   1.00000  2.0 TiB  222 GiB  66 GiB   2.1 GiB   19 GiB  1.8 TiB  10.99  1.01  193      up
 93    hdd  1.97049   1.00000  2.0 TiB  222 GiB  66 GiB   3.2 GiB   19 GiB  1.8 TiB  10.99  1.01  196      up
103    hdd  1.97049   1.00000  2.0 TiB  219 GiB  64 GiB   2.8 GiB   19 GiB  1.8 TiB  10.85  1.00  183      up
113    hdd  1.97049   1.00000  2.0 TiB  222 GiB  66 GiB   1.9 GiB   19 GiB  1.8 TiB  10.98  1.01  198      up
123    hdd  1.97049   1.00000  2.0 TiB  222 GiB  66 GiB   2.2 GiB   19 GiB  1.8 TiB  10.99  1.01  193      up
133    hdd  1.97049   1.00000  2.0 TiB  222 GiB  66 GiB   2.1 GiB   19 GiB  1.8 TiB  10.99  1.01  189      up
143    hdd  1.97049   1.00000  2.0 TiB  222 GiB  66 GiB   566 MiB   19 GiB  1.8 TiB  10.98  1.01  189      up
153    hdd  1.97049   1.00000  2.0 TiB  219 GiB  64 GiB   1.5 GiB   18 GiB  1.8 TiB  10.85  1.00  184      up
163    hdd  1.97049   1.00000  2.0 TiB  219 GiB  64 GiB   2.4 GiB   18 GiB  1.8 TiB  10.87  1.00  187      up
173    hdd  1.97049   1.00000  2.0 TiB  219 GiB  64 GiB   2.2 GiB   18 GiB  1.8 TiB  10.85  1.00  190      up
183    hdd  1.97049   1.00000  2.0 TiB  219 GiB  64 GiB   2.7 GiB   18 GiB  1.8 TiB  10.85  1.00  189      up
193    hdd  1.97049   1.00000  2.0 TiB  222 GiB  66 GiB   2.7 GiB   19 GiB  1.8 TiB  10.99  1.01  189      up
203    hdd  1.97049   1.00000  2.0 TiB  219 GiB  64 GiB   1.3 GiB   18 GiB  1.8 TiB  10.87  1.00  182      up
213    hdd  1.97049   1.00000  2.0 TiB  222 GiB  66 GiB   975 MiB   19 GiB  1.8 TiB  10.99  1.01  186      up
223    hdd  1.97049   1.00000  2.0 TiB  219 GiB  63 GiB   2.6 GiB   18 GiB  1.8 TiB  10.83  0.99  183      up
233    hdd  1.97049   1.00000  2.0 TiB  219 GiB  63 GiB   1.0 GiB   18 GiB  1.8 TiB  10.83  0.99  182      up
243    hdd  1.97049   1.00000  2.0 TiB  219 GiB  63 GiB   1.5 GiB   18 GiB  1.8 TiB  10.84  0.99  183      up
253    hdd  1.97049   1.00000  2.0 TiB  219 GiB  63 GiB   1.3 GiB   18 GiB  1.8 TiB  10.83  0.99  185      up
263    hdd  1.97049   1.00000  2.0 TiB  219 GiB  63 GiB   2.3 GiB   19 GiB  1.8 TiB  10.83  0.99  186      up
 27    hdd  1.97049   1.00000  2.0 TiB  221 GiB  65 GiB   1.9 GiB   18 GiB  1.8 TiB  10.93  1.00  187      up
 41    hdd  1.97049   1.00000  2.0 TiB  219 GiB  64 GiB   616 MiB   18 GiB  1.8 TiB  10.85  1.00  188      up
 50    hdd  1.97049   1.00000  2.0 TiB  220 GiB  65 GiB   2.0 GiB   18 GiB  1.8 TiB  10.91  1.00  189      up
 58    hdd  1.97049   1.00000  2.0 TiB  219 GiB  63 GiB   681 MiB   18 GiB  1.8 TiB  10.84  0.99  184      up
 68    hdd  1.97049   1.00000  2.0 TiB  219 GiB  63 GiB   566 MiB   18 GiB  1.8 TiB  10.83  0.99  176      up
 77    hdd  1.97049   1.00000  2.0 TiB  219 GiB  63 GiB   2.2 GiB   18 GiB  1.8 TiB  10.84  0.99  185      up
 87    hdd  1.97049   1.00000  2.0 TiB  219 GiB  63 GiB   2.1 GiB   18 GiB  1.8 TiB  10.84  0.99  183      up
 96    hdd  1.97049   1.00000  2.0 TiB  222 GiB  66 GiB   3.1 GiB   19 GiB  1.8 TiB  10.99  1.01  196      up
106    hdd  1.97049   1.00000  2.0 TiB  219 GiB  63 GiB   1.5 GiB   18 GiB  1.8 TiB  10.84  0.99  183      up
116    hdd  1.97049   1.00000  2.0 TiB  219 GiB  63 GiB   1.9 GiB   18 GiB  1.8 TiB  10.83  0.99  181      up
129    hdd  1.97049   1.00000  2.0 TiB  222 GiB  66 GiB   2.3 GiB   19 GiB  1.8 TiB  10.98  1.01  194      up
139    hdd  1.97049   1.00000  2.0 TiB  222 GiB  66 GiB   2.2 GiB   19 GiB  1.8 TiB  10.99  1.01  189      up
149    hdd  1.97049   1.00000  2.0 TiB  219 GiB  63 GiB   2.9 GiB   18 GiB  1.8 TiB  10.83  0.99  185      up
159    hdd  1.97049   1.00000  2.0 TiB  222 GiB  66 GiB   874 MiB   19 GiB  1.8 TiB  10.98  1.01  183      up
170    hdd  1.97049   1.00000  2.0 TiB  222 GiB  66 GiB   2.3 GiB   19 GiB  1.8 TiB  10.98  1.01  187      up
179    hdd  1.97049   1.00000  2.0 TiB  219 GiB  63 GiB   1.4 GiB   18 GiB  1.8 TiB  10.83  0.99  182      up
189    hdd  1.97049   1.00000  2.0 TiB  219 GiB  63 GiB   954 MiB   18 GiB  1.8 TiB  10.83  0.99  177      up
198    hdd  1.97049   1.00000  2.0 TiB  219 GiB  63 GiB   1.4 GiB   18 GiB  1.8 TiB  10.83  0.99  186      up
208    hdd  1.97049   1.00000  2.0 TiB  218 GiB  63 GiB   2.7 GiB   18 GiB  1.8 TiB  10.82  0.99  183      up
218    hdd  1.97049   1.00000  2.0 TiB  222 GiB  66 GiB   2.3 GiB   19 GiB  1.8 TiB  10.99  1.01  186      up
230    hdd  1.97049   1.00000  2.0 TiB  218 GiB  63 GiB   1.5 GiB   18 GiB  1.8 TiB  10.81  0.99  179      up
240    hdd  1.97049   1.00000  2.0 TiB  221 GiB  66 GiB   696 MiB   19 GiB  1.8 TiB  10.97  1.01  187      up
250    hdd  1.97049   1.00000  2.0 TiB  218 GiB  63 GiB   3.1 GiB   18 GiB  1.8 TiB  10.82  0.99  191      up
259    hdd  1.97049   1.00000  2.0 TiB  221 GiB  66 GiB   209 MiB   19 GiB  1.8 TiB  10.95  1.00  184      up
 31    hdd  1.97049   1.00000  2.0 TiB  222 GiB  66 GiB   888 MiB   19 GiB  1.8 TiB  10.98  1.01  190      up
 40    hdd  1.97049   1.00000  2.0 TiB  219 GiB  64 GiB   1.3 GiB   18 GiB  1.8 TiB  10.85  1.00  185      up
 51    hdd  1.97049   1.00000  2.0 TiB  219 GiB  64 GiB   1.0 GiB   18 GiB  1.8 TiB  10.85  1.00  180      up
 59    hdd  1.97049   1.00000  2.0 TiB  219 GiB  63 GiB   2.3 GiB   18 GiB  1.8 TiB  10.83  0.99  187      up
 69    hdd  1.97049   1.00000  2.0 TiB  222 GiB  66 GiB   1.8 GiB   19 GiB  1.8 TiB  10.99  1.01  186      up
 79    hdd  1.97049   1.00000  2.0 TiB  222 GiB  66 GiB   770 MiB   19 GiB  1.8 TiB  10.99  1.01  188      up
 88    hdd  1.97049   1.00000  2.0 TiB  222 GiB  66 GiB   1.5 GiB   19 GiB  1.8 TiB  10.98  1.01  189      up
 98    hdd  1.97049   1.00000  2.0 TiB  222 GiB  66 GiB   1.2 GiB   19 GiB  1.8 TiB  10.98  1.01  197      up
108    hdd  1.97049   1.00000  2.0 TiB  219 GiB  63 GiB   215 MiB   18 GiB  1.8 TiB  10.84  0.99  183      up
118    hdd  1.97049   1.00000  2.0 TiB  219 GiB  63 GiB   1.2 GiB   18 GiB  1.8 TiB  10.83  0.99  181      up
130    hdd  1.97049   1.00000  2.0 TiB  219 GiB  63 GiB   345 MiB   18 GiB  1.8 TiB  10.83  0.99  182      up
140    hdd  1.97049   1.00000  2.0 TiB  222 GiB  66 GiB   1.4 GiB   19 GiB  1.8 TiB  10.98  1.01  192      up
150    hdd  1.97049   1.00000  2.0 TiB  222 GiB  66 GiB  1023 MiB   19 GiB  1.8 TiB  10.99  1.01  185      up
160    hdd  1.97049   1.00000  2.0 TiB  219 GiB  63 GiB   773 MiB   18 GiB  1.8 TiB  10.83  0.99  179      up
169    hdd  1.97049   1.00000  2.0 TiB  219 GiB  63 GiB   1.3 GiB   18 GiB  1.8 TiB  10.83  0.99  180      up
180    hdd  1.97049   1.00000  2.0 TiB  221 GiB  65 GiB   2.0 GiB   19 GiB  1.8 TiB  10.93  1.00  188      up
188    hdd  1.97049   1.00000  2.0 TiB  222 GiB  66 GiB   2.5 GiB   19 GiB  1.8 TiB  10.98  1.01  190      up
199    hdd  1.97049   1.00000  2.0 TiB  222 GiB  66 GiB   2.0 GiB   19 GiB  1.8 TiB  10.98  1.01  194      up
207    hdd  1.97049   1.00000  2.0 TiB  220 GiB  64 GiB   2.7 GiB   18 GiB  1.8 TiB  10.89  1.00  182      up
217    hdd  1.97049   1.00000  2.0 TiB  219 GiB  63 GiB   2.8 GiB   18 GiB  1.8 TiB  10.83  0.99  185      up
227    hdd  1.97049   1.00000  2.0 TiB  222 GiB  66 GiB   2.2 GiB   19 GiB  1.8 TiB  10.98  1.01  189      up
237    hdd  1.97049   1.00000  2.0 TiB  219 GiB  63 GiB   2.9 GiB   18 GiB  1.8 TiB  10.83  0.99  180      up
247    hdd  1.97049   1.00000  2.0 TiB  222 GiB  66 GiB   3.0 GiB   19 GiB  1.8 TiB  10.99  1.01  198      up
257    hdd  1.97049   1.00000  2.0 TiB  219 GiB  63 GiB   3.0 GiB   18 GiB  1.8 TiB  10.84  0.99  180      up
 29    hdd  1.97049   1.00000  2.0 TiB  219 GiB  63 GiB   1.8 GiB   18 GiB  1.8 TiB  10.84  0.99  182      up
 38    hdd  1.97049   1.00000  2.0 TiB  221 GiB  65 GiB   2.1 GiB   18 GiB  1.8 TiB  10.93  1.00  186      up
 49    hdd  1.97049   1.00000  2.0 TiB  222 GiB  66 GiB   1.7 GiB   19 GiB  1.8 TiB  10.98  1.01  189      up
 61    hdd  1.97049   1.00000  2.0 TiB  222 GiB  66 GiB   127 MiB   19 GiB  1.8 TiB  10.99  1.01  190      up
 71    hdd  1.97049   1.00000  2.0 TiB  222 GiB  66 GiB   1.3 GiB   19 GiB  1.8 TiB  10.98  1.01  192      up
 81    hdd  1.97049   1.00000  2.0 TiB  219 GiB  63 GiB   2.2 GiB   18 GiB  1.8 TiB  10.83  0.99  183      up
 91    hdd  1.97049   1.00000  2.0 TiB  219 GiB  63 GiB   1.7 GiB   18 GiB  1.8 TiB  10.83  0.99  184      up
101    hdd  1.97049   1.00000  2.0 TiB  219 GiB  63 GiB   1.6 GiB   18 GiB  1.8 TiB  10.84  0.99  186      up
111    hdd  1.97049   1.00000  2.0 TiB  222 GiB  66 GiB   2.4 GiB   19 GiB  1.8 TiB  10.98  1.01  190      up
121    hdd  1.97049   1.00000  2.0 TiB  219 GiB  63 GiB   1.1 GiB   18 GiB  1.8 TiB  10.83  0.99  181      up
131    hdd  1.97049   1.00000  2.0 TiB  222 GiB  66 GiB   1.7 GiB   19 GiB  1.8 TiB  10.99  1.01  187      up
141    hdd  1.97049   1.00000  2.0 TiB  219 GiB  63 GiB   2.0 GiB   18 GiB  1.8 TiB  10.83  0.99  184      up
151    hdd  1.97049   1.00000  2.0 TiB  219 GiB  63 GiB   1.2 GiB   18 GiB  1.8 TiB  10.84  0.99  183      up
161    hdd  1.97049   1.00000  2.0 TiB  219 GiB  63 GiB   2.7 GiB   18 GiB  1.8 TiB  10.83  0.99  185      up
171    hdd  1.97049   1.00000  2.0 TiB  222 GiB  66 GiB   977 MiB   18 GiB  1.8 TiB  10.98  1.01  184      up
181    hdd  1.97049   1.00000  2.0 TiB  219 GiB  63 GiB   982 MiB   18 GiB  1.8 TiB  10.83  0.99  182      up
191    hdd  1.97049   1.00000  2.0 TiB  219 GiB  64 GiB   1.2 GiB   18 GiB  1.8 TiB  10.85  1.00  183      up
201    hdd  1.97049   1.00000  2.0 TiB  222 GiB  67 GiB   2.6 GiB   19 GiB  1.8 TiB  10.99  1.01  194      up
211    hdd  1.97049   1.00000  2.0 TiB  221 GiB  66 GiB   1.7 GiB   19 GiB  1.8 TiB  10.97  1.01  192      up
221    hdd  1.97049   1.00000  2.0 TiB  222 GiB  66 GiB   2.4 GiB   18 GiB  1.8 TiB  10.99  1.01  194      up
231    hdd  1.97049   1.00000  2.0 TiB  219 GiB  64 GiB   205 MiB   18 GiB  1.8 TiB  10.85  1.00  184      up
241    hdd  1.97049   1.00000  2.0 TiB  218 GiB  63 GiB   495 MiB   18 GiB  1.8 TiB  10.82  0.99  182      up
249    hdd  1.97049   1.00000  2.0 TiB  222 GiB  66 GiB   3.2 GiB   18 GiB  1.8 TiB  10.99  1.01  199      up
261    hdd  1.97049   1.00000  2.0 TiB  220 GiB  64 GiB   1.9 GiB   19 GiB  1.8 TiB  10.89  1.00  182      up
 33    hdd  1.97049   1.00000  2.0 TiB  219 GiB  64 GiB   1.9 GiB   19 GiB  1.8 TiB  10.85  1.00  189      up
 43    hdd  1.97049   1.00000  2.0 TiB  219 GiB  64 GiB   1.2 GiB   18 GiB  1.8 TiB  10.86  1.00  185      up
 52    hdd  1.97049   1.00000  2.0 TiB  220 GiB  65 GiB   1.3 GiB   19 GiB  1.8 TiB  10.93  1.00  186      up
 62    hdd  1.97049   1.00000  2.0 TiB  222 GiB  66 GiB   992 MiB   19 GiB  1.8 TiB  10.98  1.01  188      up
 72    hdd  1.97049   1.00000  2.0 TiB  219 GiB  64 GiB   2.6 GiB   18 GiB  1.8 TiB  10.86  1.00  187      up
 82    hdd  1.97049   1.00000  2.0 TiB  220 GiB  64 GiB   1.1 GiB   19 GiB  1.8 TiB  10.89  1.00  188      up
 92    hdd  1.97049   1.00000  2.0 TiB  222 GiB  66 GiB   817 MiB   19 GiB  1.8 TiB  10.98  1.01  186      up
102    hdd  1.97049   1.00000  2.0 TiB  222 GiB  66 GiB   1.4 GiB   19 GiB  1.8 TiB  10.98  1.01  198      up
112    hdd  1.97049   1.00000  2.0 TiB  222 GiB  66 GiB   579 MiB   19 GiB  1.8 TiB  10.98  1.01  186      up
122    hdd  1.97049   1.00000  2.0 TiB  222 GiB  66 GiB   1.6 GiB   19 GiB  1.8 TiB  10.99  1.01  185      up
132    hdd  1.97049   1.00000  2.0 TiB  222 GiB  66 GiB   598 MiB   19 GiB  1.8 TiB  10.98  1.01  195      up
142    hdd  1.97049   1.00000  2.0 TiB  219 GiB  64 GiB   1.2 GiB   18 GiB  1.8 TiB  10.85  1.00  185      up
152    hdd  1.97049   1.00000  2.0 TiB  222 GiB  66 GiB   1.2 GiB   19 GiB  1.8 TiB  10.98  1.01  192      up
162    hdd  1.97049   1.00000  2.0 TiB  222 GiB  66 GiB   1.9 GiB   19 GiB  1.8 TiB  10.99  1.01  191      up
172    hdd  1.97049   1.00000  2.0 TiB  219 GiB  64 GiB   780 MiB   18 GiB  1.8 TiB  10.85  1.00  181      up
182    hdd  1.97049   1.00000  2.0 TiB  220 GiB  64 GiB   2.1 GiB   18 GiB  1.8 TiB  10.89  1.00  189      up
192    hdd  1.97049   1.00000  2.0 TiB  219 GiB  64 GiB   1.1 GiB   18 GiB  1.8 TiB  10.87  1.00  185      up
202    hdd  1.97049   1.00000  2.0 TiB  219 GiB  64 GiB   2.2 GiB   18 GiB  1.8 TiB  10.85  1.00  188      up
212    hdd  1.97049   1.00000  2.0 TiB  220 GiB  65 GiB   2.4 GiB   18 GiB  1.8 TiB  10.93  1.00  193      up
222    hdd  1.97049   1.00000  2.0 TiB  221 GiB  66 GiB   1.2 GiB   19 GiB  1.8 TiB  10.97  1.01  185      up
232    hdd  1.97049   1.00000  2.0 TiB  219 GiB  64 GiB   1.8 GiB   18 GiB  1.8 TiB  10.85  1.00  183      up
242    hdd  1.97049   1.00000  2.0 TiB  222 GiB  66 GiB   1.9 GiB   19 GiB  1.8 TiB  10.98  1.01  188      up
252    hdd  1.97049   1.00000  2.0 TiB  220 GiB  65 GiB   3.1 GiB   19 GiB  1.8 TiB  10.91  1.00  193      up
262    hdd  1.97049   1.00000  2.0 TiB  219 GiB  64 GiB   2.3 GiB   19 GiB  1.8 TiB  10.85  1.00  183      up
264    hdd  1.97049   1.00000  2.0 TiB  220 GiB  65 GiB   2.3 GiB   18 GiB  1.8 TiB  10.89  1.00  183      up
265    hdd  1.97049   1.00000  2.0 TiB  219 GiB  63 GiB   547 MiB   18 GiB  1.8 TiB  10.84  0.99  181      up
266    hdd  1.97049   1.00000  2.0 TiB  222 GiB  66 GiB   2.2 GiB   19 GiB  1.8 TiB  10.99  1.01  191      up
267    hdd  1.97049   1.00000  2.0 TiB  222 GiB  66 GiB   1.5 GiB   19 GiB  1.8 TiB  10.99  1.01  191      up
268    hdd  1.97049   1.00000  2.0 TiB  219 GiB  63 GiB   2.9 GiB   19 GiB  1.8 TiB  10.84  0.99  188      up
269    hdd  1.97049   1.00000  2.0 TiB  219 GiB  63 GiB   1.5 GiB   17 GiB  1.8 TiB  10.83  0.99  179      up
270    hdd  1.97049   1.00000  2.0 TiB  219 GiB  64 GiB   1.7 GiB   18 GiB  1.8 TiB  10.87  1.00  185      up
271    hdd  1.97049   1.00000  2.0 TiB  222 GiB  66 GiB   1.9 GiB   19 GiB  1.8 TiB  10.99  1.01  195      up
272    hdd  1.97049   1.00000  2.0 TiB  218 GiB  63 GiB   1.4 GiB   18 GiB  1.8 TiB  10.82  0.99  184      up
273    hdd  1.97049   1.00000  2.0 TiB  219 GiB  63 GiB   1.2 GiB   18 GiB  1.8 TiB  10.84  0.99  182      up
274    hdd  1.97049   1.00000  2.0 TiB  222 GiB  66 GiB   1.1 GiB   19 GiB  1.8 TiB  10.98  1.01  183      up
275    hdd  1.97049   1.00000  2.0 TiB  219 GiB  64 GiB   1.2 GiB   18 GiB  1.8 TiB  10.85  1.00  180      up
276    hdd  1.97049   1.00000  2.0 TiB  222 GiB  66 GiB   2.6 GiB   19 GiB  1.8 TiB  10.98  1.01  189      up
277    hdd  1.97049   1.00000  2.0 TiB  219 GiB  64 GiB   1.7 GiB   18 GiB  1.8 TiB  10.87  1.00  188      up
278    hdd  1.97049   1.00000  2.0 TiB  222 GiB  66 GiB   2.7 GiB   19 GiB  1.8 TiB  10.98  1.01  192      up
279    hdd  1.97049   1.00000  2.0 TiB  222 GiB  66 GiB   1.7 GiB   19 GiB  1.8 TiB  10.98  1.01  190      up
280    hdd  1.97049   1.00000  2.0 TiB  218 GiB  63 GiB   530 MiB   18 GiB  1.8 TiB  10.81  0.99  175      up
281    hdd  1.97049   1.00000  2.0 TiB  218 GiB  63 GiB   211 MiB   18 GiB  1.8 TiB  10.82  0.99  173      up
282    hdd  1.97049   1.00000  2.0 TiB  218 GiB  63 GiB   1.4 GiB   18 GiB  1.8 TiB  10.82  0.99  181      up
283    hdd  1.97049   1.00000  2.0 TiB  218 GiB  63 GiB   936 MiB   18 GiB  1.8 TiB  10.82  0.99  179      up
284    hdd  1.97049   1.00000  2.0 TiB  218 GiB  63 GiB   1.6 GiB   18 GiB  1.8 TiB  10.81  0.99  181      up
