2022/02/14-14:36:06: runIOworkload.sh - Created logfile: ./RESULTS/runIOworkload.sh_20220214-143605.log
Runtime Environment:
Linux f10-h29-b02-5039ms.rdu2.scalelab.redhat.com 4.18.0-348.el8.x86_64 #1 SMP Mon Oct 4 12:17:22 EDT 2021 x86_64 x86_64 x86_64 GNU/Linux
Red Hat Enterprise Linux release 8.5 (Ootpa)
ceph version 16.2.7-57.el8cp (a42515fd9a72aa3c6b30fad6daefa7903be5e2cd) pacific (stable)
2022/02/14-14:36:06: > runmode=containerized
Key Variable Values:
2022/02/14-14:36:06: > pollinterval=300
2022/02/14-14:36:06: > RESULTSDIR=./RESULTS
Cluster variable settings:
2022/02/14-14:36:06: > MONhostname=f13-h26-b04-5039ms.rdu2.scalelab.redhat.com
2022/02/14-14:36:06: > RGWhostname=f10-h01-000-6049p.rdu2.scalelab.redhat.com
2022/02/14-14:36:06: ---------------------------------
2022/02/14-14:36:06: BEGIN /root/git_repo/DFGRGWtest/RGWtest/fill.xml contents:
<?xml version="1.0" encoding="UTF-8" ?>
<workload name="fillCluster" description="RGW testing">

<!-- Initialization -->
  <storage type="s3" config="timeout=900000;accesskey=QYLQY42BVR4ZNDFXV2Z9;secretkey=bxkNdZPUdQAkT3nApFL5QBAtOQ6ywtGl2UaE0vnk;endpoint=http://localhost:5000;path_style_access=true"/>
  <auth type="none"/>


  <workflow>

<!-- Initialization -->
    <workstage name="init_containers">
        <work type="init" workers="1" config="containers=r(1,5)"/>
    </workstage>

<!-- Prepare using container counts, object counts and object sizes from vars.shinc -->
    <workstage name="preparing_cluster">
        <work type="prepare" workers="1988" config="containers=r(1,5);objects=r(1,75000000);sizes=h(1|2|25,2|4|40,4|8|25,8|256|10)KB"/>
    </workstage>

  </workflow>

</workload>
2022/02/14-14:36:06: END /root/git_repo/DFGRGWtest/RGWtest/fill.xml
2022/02/14-14:36:07: 
CLASS     SIZE    AVAIL    USED  RAW USED  %RAW USED
TOTAL  546 TiB  524 TiB  22 TiB    22 TiB       4.00
POOL                       ID   PGS   STORED  OBJECTS     USED  %USED  MAX AVAIL
GC: 2022/02/14-14:36:07: Pending GC's == 1
2022/02/14-14:36:07: START: poll backgrd process
2022/02/14-14:36:09: ** POLL started

ceph balancer status
{
    "active": true,
    "last_optimize_duration": "0:00:00.154003",
    "last_optimize_started": "Mon Feb 14 14:35:26 2022",
    "mode": "upmap",
    "optimize_result": "Optimization plan created successfully",
    "plans": []
}
2022/02/14-14:36:09: POLL backgrd processID 669952
2022/02/14-14:36:09: START: cosbench launched
2022/02/14-14:36:10: OSD Settings:      "bluefs_buffered_io": "true",
    "bluestore_cache_trim_max_skip_pinned": "1000",
    "bluestore_rocksdb_options": "compression=kNoCompression,max_write_buffer_number=4,min_write_buffer_number_to_merge=1,recycle_log_file_num=4,write_buffer_size=268435456,writable_file_max_buffer_size=0,compaction_readahead_size=2097152,max_background_compactions=2,max_total_wal_size=1073741824",
    "bluestore_rocksdb_options_annex": "",
    "debug_objclass": "0/5",
    "log_to_file": "true",
    "mon_cluster_log_to_file": "true",
    "osd_crush_initial_weight": "-1.000000",
    "osd_deep_scrub_interval": "604800.000000",
    "osd_deep_scrub_large_omap_object_key_threshold": "200000",
    "osd_delete_sleep": "0.000000",
    "osd_delete_sleep_hdd": "5.000000",
    "osd_delete_sleep_hybrid": "1.000000",
    "osd_delete_sleep_ssd": "1.000000",
    "osd_max_backfills": "1",
    "osd_max_scrubs": "1",
    "osd_memory_target": "4294967296",
    "osd_memory_target_autotune": "false",
    "osd_memory_target_cgroup_limit_ratio": "0.800000",
    "osd_op_thread_timeout": "15",
    "osd_recovery_max_omap_entries_per_chunk": "8096",
    "osd_scrub_auto_repair": "false",
    "osd_scrub_auto_repair_num_errors": "5",
    "osd_scrub_begin_hour": "0",
    "osd_scrub_during_recovery": "false",
    "osd_scrub_end_hour": "0",
    "osd_scrub_max_interval": "604800.000000",
    "osd_scrub_sleep": "0.000000",
    "rocksdb_cache_size": "536870912",
2022/02/14-14:36:10: RGW Settings:      "debug_ms": "0/0",
    "debug_rgw": "1/5",
    "debug_rgw_sync": "1/5",
    "log_to_file": "true",
    "mon_cluster_log_to_file": "true",
    "rgw_dynamic_resharding": "true",
    "rgw_frontend_defaults": "beast ssl_certificate=config://rgw/cert/$realm/$zone.crt ssl_private_key=config://rgw/cert/$realm/$zone.key",
    "rgw_frontends": "beast endpoint=172.17.36.220:8080",
    "rgw_gc_max_concurrent_io": "10",
    "rgw_gc_max_deferred": "50",
    "rgw_gc_max_deferred_entries_size": "3072",
    "rgw_gc_max_objs": "32",
    "rgw_gc_max_queue_size": "134213632",
    "rgw_gc_max_trim_chunk": "16",
    "rgw_gc_obj_min_wait": "7200",
    "rgw_gc_processor_max_time": "3600",
    "rgw_gc_processor_period": "3600",
    "rgw_max_concurrent_requests": "2048",
    "rgw_override_bucket_index_max_shards": "0",
    "rgw_run_sync_thread": "true",
    "rgw_thread_pool_size": "1024",
2022/02/14-14:36:11: Accepted with ID: w7
2022/02/14-14:36:11: COSbench jobID is: w7 - Started

OSD swapon -s ...
f11-h17-000-6049p.rdu2.scalelab.redhat.com | CHANGED | rc=0 | (stdout) 
f11-h05-000-6049p.rdu2.scalelab.redhat.com | CHANGED | rc=0 | (stdout) 
f11-h01-000-6049p.rdu2.scalelab.redhat.com | CHANGED | rc=0 | (stdout) 
f11-h13-000-6049p.rdu2.scalelab.redhat.com | CHANGED | rc=0 | (stdout) 
f11-h09-000-6049p.rdu2.scalelab.redhat.com | CHANGED | rc=0 | (stdout) 
f10-h09-000-6049p.rdu2.scalelab.redhat.com | CHANGED | rc=0 | (stdout) 
f10-h05-000-6049p.rdu2.scalelab.redhat.com | CHANGED | rc=0 | (stdout) 
f10-h13-000-6049p.rdu2.scalelab.redhat.com | CHANGED | rc=0 | (stdout) 
f10-h01-000-6049p.rdu2.scalelab.redhat.com | CHANGED | rc=0 | (stdout) 
f10-h17-000-6049p.rdu2.scalelab.redhat.com | CHANGED | rc=0 | (stdout) 
f10-h25-000-6049p.rdu2.scalelab.redhat.com | CHANGED | rc=0 | (stdout) 
f10-h21-000-6049p.rdu2.scalelab.redhat.com | CHANGED | rc=0 | (stdout) 

2022/02/14-14:36:14: %RAW USED 4.00; Pending GCs 

--------------------------------------------------------

2022/02/14-14:36:14: RESHARD Queue Length 1
2022/02/14-14:36:14: RESHARD List []

LA: 2022/02/14-14:36:15:   0.70, 0.86, 0.92

RGW stats:          proc   %cpu %mem  vsz    rss     memused       memlimit
f10-h01-000-6049p.rdu2.scalelab.redhat.com   radosgw 0.3 0.0 5295876 76640   10111258624   9223372036854771712
f10-h05-000-6049p.rdu2.scalelab.redhat.com   radosgw 0.3 0.0 5294856 76700   9979834368   9223372036854771712
f10-h09-000-6049p.rdu2.scalelab.redhat.com   radosgw 0.3 0.0 5294856 74912   10128003072   9223372036854771712
f10-h13-000-6049p.rdu2.scalelab.redhat.com   radosgw 0.3 0.0 5294856 76864   10004439040   9223372036854771712
f10-h17-000-6049p.rdu2.scalelab.redhat.com   radosgw 0.3 0.0 5294856 77032   9944141824   9223372036854771712
f10-h21-000-6049p.rdu2.scalelab.redhat.com   radosgw 0.3 0.0 5294860 77428   10049273856   9223372036854771712
f10-h25-000-6049p.rdu2.scalelab.redhat.com   radosgw 0.3 0.0 5294852 74488   10113736704   9223372036854771712
f11-h01-000-6049p.rdu2.scalelab.redhat.com   radosgw 0.3 0.0 5294852 74476   10060460032   9223372036854771712
f11-h05-000-6049p.rdu2.scalelab.redhat.com   radosgw 0.3 0.0 5364368 82840   10268676096   9223372036854771712
f11-h09-000-6049p.rdu2.scalelab.redhat.com   radosgw 0.4 0.0 5479972 132548   10419814400   9223372036854771712
f11-h13-000-6049p.rdu2.scalelab.redhat.com   radosgw 0.5 0.0 5489648 149684   10481041408   9223372036854771712
f11-h17-000-6049p.rdu2.scalelab.redhat.com   radosgw 0.6 0.0 5482336 162932   10662318080   9223372036854771712

OSD: 
2022/02/14-14:36:21: f10-h01-000-6049p.rdu2.scalelab.redhat.com ceph-osd         1.6  0.0 1241288 168524
ceph-osd         1.5  0.0 1149160 163548
ceph-osd         1.4  0.0 1093836 158344
ceph-osd         1.6  0.0 1236172 175864
ceph-osd         1.5  0.0 1134796 164480
ceph-osd         1.4  0.0 1227976 167256
ceph-osd         1.5  0.0 1170508 164428
ceph-osd         1.4  0.0 1129548 164548
ceph-osd         1.6  0.0 1171664 165220
ceph-osd         1.3  0.0 1108044 154764
ceph-osd         1.5  0.0 1168588 172048
ceph-osd         1.3  0.0 1092840 154024
ceph-osd         1.9  0.0 1267912 179252
ceph-osd         1.5  0.0 1147108 168104
ceph-osd         1.5  0.0 1156172 165600
ceph-osd         1.7  0.0 1388772 181260
ceph-osd         1.5  0.0 1180872 167320
ceph-osd         1.7  0.0 1338600 182120
ceph-osd         1.2  0.0 1091792 152024
ceph-osd         1.5  0.0 1278420 178408
ceph-osd         1.6  0.0 1230024 169816
ceph-osd         1.5  0.0 1174756 164736
ceph-osd         1.5  0.0 1249484 165412
ceph-osd         1.4  0.0 1204428 165008
2022/02/14-14:36:21: f10-h05-000-6049p.rdu2.scalelab.redhat.com ceph-osd         1.1  0.0 1219084 178884
ceph-osd         1.1  0.0 1127764 167072
ceph-osd         0.9  0.0 1091488 159236
ceph-osd         1.0  0.0 1121460 168280
ceph-osd         1.0  0.0 1157592 171040
ceph-osd         1.1  0.0 1213940 173480
ceph-osd         1.3  0.0 1547844 189152
ceph-osd         1.4  0.0 1533032 199704
ceph-osd         1.1  0.0 1228200 170496
ceph-osd         1.0  0.0 1182488 168572
ceph-osd         0.9  0.0 1097500 165376
ceph-osd         1.2  0.0 1198004 171308
ceph-osd         1.1  0.0 1261672 173864
ceph-osd         1.2  0.0 1324168 178508
ceph-osd         0.9  0.0 1092804 156812
ceph-osd         1.0  0.0 1092816 166128
ceph-osd         1.2  0.0 1131720 168088
ceph-osd         1.1  0.0 1134820 175788
ceph-osd         1.0  0.0 1101000 155844
ceph-osd         1.2  0.0 1313996 175660
ceph-osd         1.0  0.0 1106120 160964
ceph-osd         1.3  0.0 1309896 180808
ceph-osd         1.1  0.0 1118412 163928
ceph-osd         1.0  0.0 1088716 157784
2022/02/14-14:36:21: f10-h09-000-6049p.rdu2.scalelab.redhat.com ceph-osd         1.1  0.0 1167960 174476
ceph-osd         1.0  0.0 1127768 164348
ceph-osd         1.1  0.0 1187784 179404
ceph-osd         1.0  0.0 1128624 165628
ceph-osd         1.3  0.0 1209720 185716
ceph-osd         1.3  0.0 1324528 180472
ceph-osd         0.9  0.0 1087168 161812
ceph-osd         1.2  0.0 1334408 184548
ceph-osd         1.1  0.0 1291056 179000
ceph-osd         1.0  0.0 1122116 165404
ceph-osd         1.0  0.0 1130460 171928
ceph-osd         1.0  0.0 1137736 167520
ceph-osd         0.9  0.0 1095792 160992
ceph-osd         1.0  0.0 1238160 176556
ceph-osd         1.0  0.0 1128652 165844
ceph-osd         1.3  0.0 1344716 178204
ceph-osd         1.3  0.0 1177808 175212
ceph-osd         1.2  0.0 1188040 171396
ceph-osd         1.1  0.0 1215692 167864
ceph-osd         1.1  0.0 1107172 160468
ceph-osd         1.0  0.0 1098956 158980
ceph-osd         1.0  0.0 1120488 166524
ceph-osd         1.1  0.0 1172680 167980
ceph-osd         1.2  0.0 1237220 176444
2022/02/14-14:36:21: f10-h13-000-6049p.rdu2.scalelab.redhat.com ceph-osd         1.2  0.0 1429844 189376
ceph-osd         1.0  0.0 1107532 165748
ceph-osd         1.1  0.0 1224608 181160
ceph-osd         1.1  0.0 1137632 172504
ceph-osd         0.9  0.0 1110212 164156
ceph-osd         1.2  0.0 1158740 178384
ceph-osd         0.9  0.0 1107528 159264
ceph-osd         1.2  0.0 1151048 171116
ceph-osd         1.0  0.0 1145200 169396
ceph-osd         1.1  0.0 1196820 179188
ceph-osd         1.0  0.0 1155032 169268
ceph-osd         0.9  0.0 1095732 161036
ceph-osd         1.0  0.0 1222772 176660
ceph-osd         1.0  0.0 1125388 164628
ceph-osd         1.0  0.0 1208536 170232
ceph-osd         1.1  0.0 1104096 162628
ceph-osd         1.2  0.0 1139940 171460
ceph-osd         1.3  0.0 1414344 183160
ceph-osd         1.2  0.0 1261776 177500
ceph-osd         1.2  0.0 1169608 174672
ceph-osd         1.3  0.0 1192164 175304
ceph-osd         1.1  0.0 1167584 170408
ceph-osd         1.3  0.0 1185996 191008
ceph-osd         1.1  0.0 1145040 170556
2022/02/14-14:36:22: f10-h17-000-6049p.rdu2.scalelab.redhat.com ceph-osd         1.1  0.0 1135952 171044
ceph-osd         1.3  0.0 1248240 183256
ceph-osd         1.0  0.0 1132768 169728
ceph-osd         1.0  0.0 1153396 171388
ceph-osd         1.2  0.0 1230968 187512
ceph-osd         1.2  0.0 1359544 179264
ceph-osd         1.1  0.0 1137840 174132
ceph-osd         1.2  0.0 1142252 182420
ceph-osd         1.2  0.0 1182532 174612
ceph-osd         0.9  0.0 1111964 160840
ceph-osd         0.9  0.0 1103956 163216
ceph-osd         1.2  0.0 1341544 187320
ceph-osd         1.1  0.0 1164432 181668
ceph-osd         1.0  0.0 1128676 171448
ceph-osd         1.0  0.0 1142992 173228
ceph-osd         1.0  0.0 1090784 160052
ceph-osd         1.0  0.0 1085644 159200
ceph-osd         1.1  0.0 1191116 169244
ceph-osd         1.2  0.0 1163472 171104
ceph-osd         1.2  0.0 1198156 171020
ceph-osd         1.1  0.0 1197256 174812
ceph-osd         1.1  0.0 1161420 170304
ceph-osd         1.2  0.0 1179872 170764
ceph-osd         1.1  0.0 1179852 174360
2022/02/14-14:36:22: f10-h21-000-6049p.rdu2.scalelab.redhat.com ceph-osd         1.0  0.0 1144336 172284
ceph-osd         1.0  0.0 1141452 176420
ceph-osd         1.4  0.0 1181592 189320
ceph-osd         1.2  0.0 1168304 175924
ceph-osd         1.4  0.0 1153348 190496
ceph-osd         1.0  0.0 1136532 174736
ceph-osd         1.1  0.0 1162968 174688
ceph-osd         1.2  0.0 1358828 183348
ceph-osd         1.0  0.0 1150276 172580
ceph-osd         1.1  0.0 1231548 179856
ceph-osd         1.1  0.0 1141660 176344
ceph-osd         1.2  0.0 1102892 166708
ceph-osd         1.0  0.0 1117268 169836
ceph-osd         1.0  0.0 1152132 169780
ceph-osd         0.9  0.0 1089740 162236
ceph-osd         1.1  0.0 1275976 176676
ceph-osd         1.2  0.0 1142988 174392
ceph-osd         1.3  0.0 1280200 182204
ceph-osd         1.2  0.0 1184976 172868
ceph-osd         1.2  0.0 1199312 179132
ceph-osd         1.0  0.0 1116360 165800
ceph-osd         1.1  0.0 1153228 178820
ceph-osd         1.2  0.0 1170660 177304
ceph-osd         1.0  0.0 1115360 164496
2022/02/14-14:36:22: f10-h25-000-6049p.rdu2.scalelab.redhat.com ceph-osd         1.2  0.0 1133764 163744
ceph-osd         1.3  0.0 1112268 169024
ceph-osd         1.2  0.0 1089764 164132
ceph-osd         1.4  0.0 1136840 174404
ceph-osd         1.4  0.0 1127620 176264
ceph-osd         1.3  0.0 1121476 168264
ceph-osd         1.4  0.0 1292484 181300
ceph-osd         1.2  0.0 1142984 164908
ceph-osd         1.2  0.0 1120456 164544
ceph-osd         1.3  0.0 1126628 172968
ceph-osd         1.3  0.0 1175748 168540
ceph-osd         1.2  0.0 1101000 163532
ceph-osd         1.3  0.0 1145032 171780
ceph-osd         1.2  0.0 1139908 167516
ceph-osd         1.4  0.0 1326296 181288
ceph-osd         1.4  0.0 1129692 176164
ceph-osd         1.2  0.0 1115204 168660
ceph-osd         1.2  0.0 1137888 164360
ceph-osd         1.3  0.0 1167556 171508
ceph-osd         1.3  0.0 1249484 174840
ceph-osd         1.3  0.0 1120480 170900
ceph-osd         1.2  0.0 1242312 170504
ceph-osd         1.6  0.0 1143884 201960
ceph-osd         1.3  0.0 1112136 168820
2022/02/14-14:36:22: f11-h01-000-6049p.rdu2.scalelab.redhat.com ceph-osd         1.1  0.0 1164960 170516
ceph-osd         1.0  0.0 1111920 172984
ceph-osd         1.0  0.0 1144700 176132
ceph-osd         1.1  0.0 1177872 171828
ceph-osd         1.2  0.0 1250996 186632
ceph-osd         1.0  0.0 1135260 176840
ceph-osd         1.1  0.0 1122244 169556
ceph-osd         1.0  0.0 1108204 171244
ceph-osd         1.2  0.0 1319480 196940
ceph-osd         1.2  0.0 1530800 188988
ceph-osd         1.0  0.0 1114016 170584
ceph-osd         1.4  0.0 1158220 192356
ceph-osd         1.0  0.0 1171600 168184
ceph-osd         1.1  0.0 1307812 177976
ceph-osd         1.0  0.0 1113296 171036
ceph-osd         1.4  0.0 1376464 189320
ceph-osd         1.2  0.0 1219660 175940
ceph-osd         1.0  0.0 1093856 162436
ceph-osd         1.2  0.0 1132752 172708
ceph-osd         1.2  0.0 1232972 175920
ceph-osd         1.1  0.0 1154252 183036
ceph-osd         1.3  0.0 1392844 180892
ceph-osd         1.1  0.0 1213668 176004
ceph-osd         1.1  0.0 1123532 176736
2022/02/14-14:36:22: f11-h05-000-6049p.rdu2.scalelab.redhat.com ceph-osd         1.2  0.0 1219928 186208
ceph-osd         1.2  0.0 1255760 192132
ceph-osd         1.2  0.0 1300556 190120
ceph-osd         1.3  0.0 1211660 174512
ceph-osd         1.1  0.0 1214848 182328
ceph-osd         1.0  0.0 1135052 173740
ceph-osd         1.1  0.0 1208324 182232
ceph-osd         1.4  0.0 1485160 208872
ceph-osd         1.1  0.0 1192664 174420
ceph-osd         1.2  0.0 1144732 194868
ceph-osd         1.0  0.0 1183640 173652
ceph-osd         1.0  0.0 1135700 172948
ceph-osd         1.0  0.0 1158268 172680
ceph-osd         1.1  0.0 1184948 188352
ceph-osd         1.1  0.0 1097956 168164
ceph-osd         1.1  0.0 1237196 180112
ceph-osd         1.0  0.0 1301704 176552
ceph-osd         1.2  0.0 1365196 186300
ceph-osd         1.1  0.0 1137868 173116
ceph-osd         1.2  0.0 1121480 176052
ceph-osd         1.0  0.0 1113288 167020
ceph-osd         1.0  0.0 1120456 169892
ceph-osd         1.0  0.0 1090768 163336
ceph-osd         1.2  0.0 1293532 181380
2022/02/14-14:36:23: f11-h09-000-6049p.rdu2.scalelab.redhat.com ceph-osd         1.2  0.0 1412440 187372
ceph-osd         1.0  0.0 1138540 171444
ceph-osd         1.1  0.0 1181644 177256
ceph-osd         1.1  0.0 1175820 171768
ceph-osd         1.2  0.0 1168036 177952
ceph-osd         1.0  0.0 1144156 184552
ceph-osd         1.1  0.0 1307624 186540
ceph-osd         1.0  0.0 1207600 178916
ceph-osd         1.0  0.0 1129144 173244
ceph-osd         1.1  0.0 1232820 182444
ceph-osd         1.0  0.0 1129372 171904
ceph-osd         0.9  0.0 1157212 171504
ceph-osd         1.0  0.0 1158272 183496
ceph-osd         1.0  0.0 1124528 177276
ceph-osd         1.3  0.0 1323212 186792
ceph-osd         1.0  0.0 1206476 172660
ceph-osd         1.2  0.0 1129680 173304
ceph-osd         1.1  0.0 1099348 169728
ceph-osd         1.1  0.0 1134820 171512
ceph-osd         1.2  0.0 1175780 176248
ceph-osd         1.2  0.0 1286372 184944
ceph-osd         1.0  0.0 1129676 165300
ceph-osd         1.0  0.0 1105100 168768
ceph-osd         1.1  0.0 1263824 178516
2022/02/14-14:36:23: f11-h13-000-6049p.rdu2.scalelab.redhat.com ceph-osd         1.2  0.0 1140432 181444
ceph-osd         1.1  0.0 1210260 171300
ceph-osd         1.2  0.0 1216632 199180
ceph-osd         1.0  0.0 1132868 173016
ceph-osd         1.0  0.0 1154964 174336
ceph-osd         1.1  0.0 1229380 183512
ceph-osd         1.0  0.0 1125292 171712
ceph-osd         1.2  0.0 1260924 184116
ceph-osd         1.2  0.0 1250048 188712
ceph-osd         1.0  0.0 1143708 174252
ceph-osd         1.1  0.0 1274804 184752
ceph-osd         1.1  0.0 1246296 197016
ceph-osd         1.0  0.0 1097872 173880
ceph-osd         1.2  0.0 1205448 182612
ceph-osd         0.9  0.0 1121508 176716
ceph-osd         1.1  0.0 1185996 177844
ceph-osd         0.9  0.0 1089736 164096
ceph-osd         1.2  0.0 1157352 171912
ceph-osd         1.2  0.0 1161420 176548
ceph-osd         1.3  0.0 1544400 190508
ceph-osd         1.0  0.0 1122508 168132
ceph-osd         1.1  0.0 1130724 180740
ceph-osd         1.1  0.0 1108196 173144
ceph-osd         1.1  0.0 1269836 173996
2022/02/14-14:36:23: f11-h17-000-6049p.rdu2.scalelab.redhat.com ceph-osd         1.1  0.0 1388980 183488
ceph-osd         1.1  0.0 1172252 181484
ceph-osd         1.2  0.0 1402872 189004
ceph-osd         1.0  0.0 1109268 176096
ceph-osd         1.1  0.0 1196464 183492
ceph-osd         1.0  0.0 1120868 176176
ceph-osd         1.0  0.0 1145652 178192
ceph-osd         1.2  0.0 1480940 205312
ceph-osd         1.2  0.0 1323572 192464
ceph-osd         1.2  0.0 1160136 189708
ceph-osd         1.2  0.0 1321880 190556
ceph-osd         0.9  0.0 1091656 168696
ceph-osd         1.2  0.0 1292400 187740
ceph-osd         1.1  0.0 1195176 179020
ceph-osd         1.0  0.0 1096784 170192
ceph-osd         1.2  0.0 1105100 172676
ceph-osd         1.2  0.0 1126480 177692
ceph-osd         1.3  0.0 1356008 192336
ceph-osd         1.2  0.0 1184012 180940
ceph-osd         1.1  0.0 1105104 171024
ceph-osd         1.1  0.0 1273064 177188
ceph-osd         1.1  0.0 1147088 175796
ceph-osd         1.2  0.0 1193164 182380
ceph-osd         1.0  0.0 1098984 171284

Site1 buckets (rgw):
2022/02/14-14:36:24: 

Cluster status
  cluster:
    id:     714934ea-8d9b-11ec-bdff-ac1f6b2d5d2a
    health: HEALTH_OK
 
  services:
    mon: 3 daemons, quorum f13-h26-b04-5039ms.rdu2.scalelab.redhat.com,f13-h26-b07-5039ms,f13-h26-b08-5039ms (age 49m)
    mgr: f13-h26-b07-5039ms.pesmso(active, since 24m), standbys: f13-h26-b04-5039ms.rdu2.scalelab.redhat.com.vqksdg, f13-h26-b08-5039ms.wnymtd
    osd: 288 osds: 288 up (since 27m), 288 in (since 29m)
    rgw: 12 daemons active (12 hosts, 1 zones)
 
  data:
    pools:   7 pools, 9729 pgs
    objects: 27.01k objects, 390 MiB
    usage:   22 TiB used, 524 TiB / 546 TiB avail
    pgs:     9729 active+clean
 
  io:
    client:   9.9 MiB/s rd, 36 MiB/s wr, 10.18k op/s rd, 25.85k op/s wr
 
2022/02/14-14:36:24: ceph df detail --- RAW STORAGE ---
CLASS     SIZE    AVAIL    USED  RAW USED  %RAW USED
hdd    546 TiB  524 TiB  22 TiB    22 TiB       4.00
TOTAL  546 TiB  524 TiB  22 TiB    22 TiB       4.00
 
--- POOLS ---
POOL                       ID   PGS   STORED   (DATA)  (OMAP)  OBJECTS     USED   (DATA)  (OMAP)  %USED  MAX AVAIL  QUOTA OBJECTS  QUOTA BYTES  DIRTY  USED COMPR  UNDER COMPR
device_health_metrics       1     1      0 B      0 B     0 B        0      0 B      0 B     0 B      0    166 TiB            N/A          N/A    N/A         0 B          0 B
default.rgw.control         6   256      0 B      0 B     0 B        8      0 B      0 B     0 B      0    166 TiB            N/A          N/A    N/A         0 B          0 B
default.rgw.buckets.data    7  8192  707 MiB  707 MiB     0 B   26.75k  1.0 GiB  1.0 GiB     0 B      0    331 TiB            N/A          N/A    N/A         0 B          0 B
default.rgw.buckets.index   8   512      0 B      0 B     0 B       55      0 B      0 B     0 B      0    166 TiB            N/A          N/A    N/A         0 B          0 B
default.rgw.log             9   256  3.6 KiB  3.6 KiB     0 B      177  408 KiB  408 KiB     0 B      0    166 TiB            N/A          N/A    N/A         0 B          0 B
default.rgw.meta           10   256  3.2 KiB  3.2 KiB     0 B       15  168 KiB  168 KiB     0 B      0    166 TiB            N/A          N/A    N/A         0 B          0 B
.rgw.root                  11   256  1.3 KiB  1.3 KiB     0 B        4   48 KiB   48 KiB     0 B      0    166 TiB            N/A          N/A    N/A         0 B          0 B

Site1 pool PG counts:
pool 1 'device_health_metrics' replicated size 3 min_size 2 crush_rule 0 object_hash rjenkins pg_num 1 pgp_num 1 autoscale_mode on last_change 767 flags hashpspool stripe_width 0 pg_num_min 1 application mgr_devicehealth,rgw
pool 6 'default.rgw.control' replicated size 3 min_size 2 crush_rule 0 object_hash rjenkins pg_num 256 pgp_num 256 autoscale_mode on last_change 768 flags hashpspool stripe_width 0 pg_num_min 256 application rgw
pool 7 'default.rgw.buckets.data' erasure profile myprofile size 6 min_size 5 crush_rule 1 object_hash rjenkins pg_num 8192 pgp_num 8192 autoscale_mode on last_change 784 lfor 0/0/782 flags hashpspool stripe_width 16384 pg_num_min 8192 application rgw
pool 8 'default.rgw.buckets.index' replicated size 3 min_size 2 crush_rule 0 object_hash rjenkins pg_num 512 pgp_num 512 autoscale_mode on last_change 770 flags hashpspool stripe_width 0 pg_num_min 512 application rgw
pool 9 'default.rgw.log' replicated size 3 min_size 2 crush_rule 0 object_hash rjenkins pg_num 256 pgp_num 256 autoscale_mode on last_change 771 flags hashpspool stripe_width 0 pg_num_min 256 application rgw
pool 10 'default.rgw.meta' replicated size 3 min_size 2 crush_rule 0 object_hash rjenkins pg_num 256 pgp_num 256 autoscale_mode on last_change 772 flags hashpspool stripe_width 0 pg_num_min 256 application rgw
pool 11 '.rgw.root' replicated size 3 min_size 2 crush_rule 0 object_hash rjenkins pg_num 256 pgp_num 256 autoscale_mode on last_change 773 flags hashpspool stripe_width 0 pg_num_min 256 application rgw


Site1 buckets df
2022/02/14-14:36:25: POOL                       ID   PGS   STORED  OBJECTS     USED  %USED  MAX AVAIL
default.rgw.control         6   256      0 B        8      0 B      0    166 TiB
default.rgw.buckets.data    7  8192  707 MiB   26.75k  1.0 GiB      0    331 TiB
default.rgw.buckets.index   8   512      0 B       55      0 B      0    166 TiB
default.rgw.log             9   256  3.6 KiB      177  408 KiB      0    166 TiB
default.rgw.meta           10   256  3.2 KiB       15  168 KiB      0    166 TiB

OSD/RGW free:
2022/02/14-14:36:25: f10-h01-000-6049p.rdu2.scalelab.redhat.com                total        used        free      shared  buff/cache   available
Mem:          376Gi       7.4Gi       361Gi       4.1Gi       7.2Gi       362Gi
Swap:            0B          0B          0B

Ceph osd df:
2022/02/14-14:36:25: ID   CLASS  WEIGHT   REWEIGHT  SIZE     RAW USE  DATA    OMAP  META    AVAIL    %USE  VAR   PGS  STATUS
264    hdd  1.89459   1.00000  1.9 TiB   78 GiB  68 MiB   0 B  51 MiB  1.8 TiB  4.00  1.00  203      up
265    hdd  1.89459   1.00000  1.9 TiB   78 GiB  67 MiB   0 B  44 MiB  1.8 TiB  4.00  1.00  189      up
266    hdd  1.89459   1.00000  1.9 TiB   78 GiB  65 MiB   0 B  42 MiB  1.8 TiB  4.00  1.00  192      up
267    hdd  1.89459   1.00000  1.9 TiB   78 GiB  67 MiB   0 B  48 MiB  1.8 TiB  4.00  1.00  199      up
268    hdd  1.89459   1.00000  1.9 TiB   78 GiB  66 MiB   0 B  43 MiB  1.8 TiB  4.00  1.00  179      up
269    hdd  1.89459   1.00000  1.9 TiB   78 GiB  66 MiB   0 B  42 MiB  1.8 TiB  4.00  1.00  170      up
270    hdd  1.89459   1.00000  1.9 TiB   78 GiB  67 MiB   0 B  48 MiB  1.8 TiB  4.00  1.00  200      up
271    hdd  1.89459   1.00000  1.9 TiB   78 GiB  67 MiB   0 B  44 MiB  1.8 TiB  4.00  1.00  190      up
272    hdd  1.89459   1.00000  1.9 TiB   78 GiB  66 MiB   0 B  43 MiB  1.8 TiB  4.00  1.00  188      up
273    hdd  1.89459   1.00000  1.9 TiB   78 GiB  66 MiB   0 B  43 MiB  1.8 TiB  4.00  1.00  171      up
274    hdd  1.89459   1.00000  1.9 TiB   78 GiB  65 MiB   0 B  41 MiB  1.8 TiB  4.00  1.00  180      up
275    hdd  1.89459   1.00000  1.9 TiB   78 GiB  65 MiB   0 B  40 MiB  1.8 TiB  4.00  1.00  171      up
276    hdd  1.89459   1.00000  1.9 TiB   78 GiB  66 MiB   0 B  43 MiB  1.8 TiB  4.00  1.00  174      up
277    hdd  1.89459   1.00000  1.9 TiB   78 GiB  66 MiB   0 B  42 MiB  1.8 TiB  4.00  1.00  186      up
278    hdd  1.89459   1.00000  1.9 TiB   78 GiB  66 MiB   0 B  42 MiB  1.8 TiB  4.00  1.00  200      up
279    hdd  1.89459   1.00000  1.9 TiB   78 GiB  67 MiB   0 B  43 MiB  1.8 TiB  4.00  1.00  182      up
280    hdd  1.89459   1.00000  1.9 TiB   78 GiB  67 MiB   0 B  44 MiB  1.8 TiB  4.00  1.00  191      up
281    hdd  1.89459   1.00000  1.9 TiB   78 GiB  67 MiB   0 B  43 MiB  1.8 TiB  4.00  1.00  200      up
282    hdd  1.89459   1.00000  1.9 TiB   78 GiB  67 MiB   0 B  43 MiB  1.8 TiB  4.00  1.00  173      up
283    hdd  1.89459   1.00000  1.9 TiB   78 GiB  65 MiB   0 B  36 MiB  1.8 TiB  4.00  1.00  169      up
284    hdd  1.89459   1.00000  1.9 TiB   78 GiB  68 MiB   0 B  50 MiB  1.8 TiB  4.00  1.00  200      up
285    hdd  1.89459   1.00000  1.9 TiB   78 GiB  66 MiB   0 B  42 MiB  1.8 TiB  4.00  1.00  188      up
286    hdd  1.89459   1.00000  1.9 TiB   78 GiB  66 MiB   0 B  41 MiB  1.8 TiB  4.00  1.00  183      up
287    hdd  1.89459   1.00000  1.9 TiB   78 GiB  67 MiB   0 B  43 MiB  1.8 TiB  4.00  1.00  175      up
  8    hdd  1.89459   1.00000  1.9 TiB   78 GiB  66 MiB   0 B  48 MiB  1.8 TiB  4.00  1.00  189      up
 11    hdd  1.89459   1.00000  1.9 TiB   78 GiB  67 MiB   0 B  50 MiB  1.8 TiB  4.00  1.00  176      up
 20    hdd  1.89459   1.00000  1.9 TiB   78 GiB  66 MiB   0 B  49 MiB  1.8 TiB  4.00  1.00  186      up
 30    hdd  1.89459   1.00000  1.9 TiB   78 GiB  67 MiB   0 B  50 MiB  1.8 TiB  4.00  1.00  197      up
 40    hdd  1.89459   1.00000  1.9 TiB   78 GiB  65 MiB   0 B  38 MiB  1.8 TiB  4.00  1.00  183      up
 50    hdd  1.89459   1.00000  1.9 TiB   78 GiB  68 MiB   0 B  50 MiB  1.8 TiB  4.00  1.00  173      up
 60    hdd  1.89459   1.00000  1.9 TiB   78 GiB  67 MiB   0 B  49 MiB  1.8 TiB  4.00  1.00  180      up
 70    hdd  1.89459   1.00000  1.9 TiB   78 GiB  67 MiB   0 B  44 MiB  1.8 TiB  4.00  1.00  162      up
 80    hdd  1.89459   1.00000  1.9 TiB   78 GiB  66 MiB   0 B  43 MiB  1.8 TiB  4.00  1.00  192      up
 90    hdd  1.89459   1.00000  1.9 TiB   78 GiB  65 MiB   0 B  43 MiB  1.8 TiB  4.00  1.00  191      up
100    hdd  1.89459   1.00000  1.9 TiB   78 GiB  66 MiB   0 B  44 MiB  1.8 TiB  4.00  1.00  194      up
110    hdd  1.89459   1.00000  1.9 TiB   78 GiB  66 MiB   0 B  48 MiB  1.8 TiB  4.00  1.00  167      up
120    hdd  1.89459   1.00000  1.9 TiB   78 GiB  66 MiB   0 B  49 MiB  1.8 TiB  4.00  1.00  191      up
130    hdd  1.89459   1.00000  1.9 TiB   78 GiB  67 MiB   0 B  50 MiB  1.8 TiB  4.00  1.00  208      up
140    hdd  1.89459   1.00000  1.9 TiB   78 GiB  66 MiB   0 B  49 MiB  1.8 TiB  4.00  1.00  177      up
150    hdd  1.89459   1.00000  1.9 TiB   78 GiB  67 MiB   0 B  50 MiB  1.8 TiB  4.00  1.00  195      up
160    hdd  1.89459   1.00000  1.9 TiB   78 GiB  66 MiB   0 B  57 MiB  1.8 TiB  4.00  1.00  176      up
170    hdd  1.89459   1.00000  1.9 TiB   78 GiB  66 MiB   0 B  44 MiB  1.8 TiB  4.00  1.00  168      up
180    hdd  1.89459   1.00000  1.9 TiB   78 GiB  67 MiB   0 B  45 MiB  1.8 TiB  4.00  1.00  165      up
190    hdd  1.89459   1.00000  1.9 TiB   78 GiB  67 MiB   0 B  45 MiB  1.8 TiB  4.00  1.00  186      up
200    hdd  1.89459   1.00000  1.9 TiB   78 GiB  67 MiB   0 B  50 MiB  1.8 TiB  4.00  1.00  193      up
210    hdd  1.89459   1.00000  1.9 TiB   78 GiB  67 MiB   0 B  49 MiB  1.8 TiB  4.00  1.00  183      up
220    hdd  1.89459   1.00000  1.9 TiB   78 GiB  67 MiB   0 B  49 MiB  1.8 TiB  4.00  1.00  170      up
230    hdd  1.89459   1.00000  1.9 TiB   78 GiB  68 MiB   0 B  50 MiB  1.8 TiB  4.00  1.00  201      up
  3    hdd  1.89459   1.00000  1.9 TiB   78 GiB  66 MiB   0 B  44 MiB  1.8 TiB  4.00  1.00  201      up
 15    hdd  1.89459   1.00000  1.9 TiB   78 GiB  66 MiB   0 B  49 MiB  1.8 TiB  4.00  1.00  205      up
 24    hdd  1.89459   1.00000  1.9 TiB   78 GiB  67 MiB   0 B  45 MiB  1.8 TiB  4.00  1.00  177      up
 34    hdd  1.89459   1.00000  1.9 TiB   78 GiB  67 MiB   0 B  49 MiB  1.8 TiB  4.00  1.00  187      up
 46    hdd  1.89459   1.00000  1.9 TiB   78 GiB  66 MiB   0 B  43 MiB  1.8 TiB  4.00  1.00  173      up
 54    hdd  1.89459   1.00000  1.9 TiB   78 GiB  67 MiB   0 B  49 MiB  1.8 TiB  4.00  1.00  194      up
 64    hdd  1.89459   1.00000  1.9 TiB   78 GiB  66 MiB   0 B  43 MiB  1.8 TiB  4.00  1.00  182      up
 75    hdd  1.89459   1.00000  1.9 TiB   78 GiB  66 MiB   0 B  44 MiB  1.8 TiB  4.00  1.00  176      up
 84    hdd  1.89459   1.00000  1.9 TiB   78 GiB  66 MiB   0 B  43 MiB  1.8 TiB  4.00  1.00  196      up
 94    hdd  1.89459   1.00000  1.9 TiB   78 GiB  66 MiB   0 B  48 MiB  1.8 TiB  4.00  1.00  192      up
104    hdd  1.89459   1.00000  1.9 TiB   78 GiB  66 MiB   0 B  49 MiB  1.8 TiB  4.00  1.00  190      up
114    hdd  1.89459   1.00000  1.9 TiB   78 GiB  66 MiB   0 B  44 MiB  1.8 TiB  4.00  1.00  185      up
124    hdd  1.89459   1.00000  1.9 TiB   78 GiB  65 MiB   0 B  39 MiB  1.8 TiB  4.00  1.00  183      up
134    hdd  1.89459   1.00000  1.9 TiB   78 GiB  67 MiB   0 B  50 MiB  1.8 TiB  4.00  1.00  194      up
144    hdd  1.89459   1.00000  1.9 TiB   78 GiB  65 MiB   0 B  38 MiB  1.8 TiB  4.00  1.00  179      up
154    hdd  1.89459   1.00000  1.9 TiB   78 GiB  66 MiB   0 B  44 MiB  1.8 TiB  4.00  1.00  182      up
164    hdd  1.89459   1.00000  1.9 TiB   78 GiB  65 MiB   0 B  44 MiB  1.8 TiB  4.00  1.00  205      up
174    hdd  1.89459   1.00000  1.9 TiB   78 GiB  66 MiB   0 B  44 MiB  1.8 TiB  4.00  1.00  185      up
184    hdd  1.89459   1.00000  1.9 TiB   78 GiB  67 MiB   0 B  49 MiB  1.8 TiB  4.00  1.00  176      up
194    hdd  1.89459   1.00000  1.9 TiB   78 GiB  67 MiB   0 B  50 MiB  1.8 TiB  4.00  1.00  192      up
204    hdd  1.89459   1.00000  1.9 TiB   78 GiB  66 MiB   0 B  49 MiB  1.8 TiB  4.00  1.00  190      up
214    hdd  1.89459   1.00000  1.9 TiB   78 GiB  65 MiB   0 B  43 MiB  1.8 TiB  4.00  1.00  170      up
224    hdd  1.89459   1.00000  1.9 TiB   78 GiB  66 MiB   0 B  44 MiB  1.8 TiB  4.00  1.00  176      up
234    hdd  1.89459   1.00000  1.9 TiB   78 GiB  66 MiB   0 B  43 MiB  1.8 TiB  4.00  1.00  187      up
  7    hdd  1.89459   1.00000  1.9 TiB   78 GiB  66 MiB   0 B  43 MiB  1.8 TiB  4.00  1.00  203      up
 17    hdd  1.89459   1.00000  1.9 TiB   78 GiB  65 MiB   0 B  44 MiB  1.8 TiB  4.00  1.00  193      up
 27    hdd  1.89459   1.00000  1.9 TiB   78 GiB  66 MiB   0 B  44 MiB  1.8 TiB  4.00  1.00  179      up
 31    hdd  1.89459   1.00000  1.9 TiB   78 GiB  65 MiB   0 B  43 MiB  1.8 TiB  4.00  1.00  201      up
 41    hdd  1.89459   1.00000  1.9 TiB   78 GiB  66 MiB   0 B  43 MiB  1.8 TiB  4.00  1.00  191      up
 51    hdd  1.89459   1.00000  1.9 TiB   78 GiB  66 MiB   0 B  44 MiB  1.8 TiB  4.00  1.00  184      up
 61    hdd  1.89459   1.00000  1.9 TiB   78 GiB  66 MiB   0 B  44 MiB  1.8 TiB  4.00  1.00  205      up
 71    hdd  1.89459   1.00000  1.9 TiB   78 GiB  67 MiB   0 B  49 MiB  1.8 TiB  4.00  1.00  179      up
 81    hdd  1.89459   1.00000  1.9 TiB   78 GiB  67 MiB   0 B  57 MiB  1.8 TiB  4.00  1.00  204      up
 91    hdd  1.89459   1.00000  1.9 TiB   78 GiB  67 MiB   0 B  49 MiB  1.8 TiB  4.00  1.00  197      up
101    hdd  1.89459   1.00000  1.9 TiB   78 GiB  66 MiB   0 B  45 MiB  1.8 TiB  4.00  1.00  192      up
111    hdd  1.89459   1.00000  1.9 TiB   78 GiB  67 MiB   0 B  50 MiB  1.8 TiB  4.00  1.00  186      up
121    hdd  1.89459   1.00000  1.9 TiB   78 GiB  66 MiB   0 B  49 MiB  1.8 TiB  4.00  1.00  188      up
131    hdd  1.89459   1.00000  1.9 TiB   78 GiB  65 MiB   0 B  48 MiB  1.8 TiB  4.00  1.00  200      up
141    hdd  1.89459   1.00000  1.9 TiB   78 GiB  65 MiB   0 B  43 MiB  1.8 TiB  4.00  1.00  177      up
151    hdd  1.89459   1.00000  1.9 TiB   78 GiB  66 MiB   0 B  49 MiB  1.8 TiB  4.00  1.00  212      up
161    hdd  1.89459   1.00000  1.9 TiB   78 GiB  66 MiB   0 B  44 MiB  1.8 TiB  4.00  1.00  173      up
171    hdd  1.89459   1.00000  1.9 TiB   78 GiB  66 MiB   0 B  44 MiB  1.8 TiB  4.00  1.00  172      up
181    hdd  1.89459   1.00000  1.9 TiB   78 GiB  66 MiB   0 B  45 MiB  1.8 TiB  4.00  1.00  177      up
191    hdd  1.89459   1.00000  1.9 TiB   78 GiB  66 MiB   0 B  48 MiB  1.8 TiB  4.00  1.00  175      up
201    hdd  1.89459   1.00000  1.9 TiB   78 GiB  66 MiB   0 B  44 MiB  1.8 TiB  4.00  1.00  190      up
211    hdd  1.89459   1.00000  1.9 TiB   78 GiB  65 MiB   0 B  43 MiB  1.8 TiB  4.00  1.00  199      up
221    hdd  1.89459   1.00000  1.9 TiB   78 GiB  66 MiB   0 B  44 MiB  1.8 TiB  4.00  1.00  186      up
232    hdd  1.89459   1.00000  1.9 TiB   78 GiB  65 MiB   0 B  43 MiB  1.8 TiB  4.00  1.00  176      up
  9    hdd  1.89459   1.00000  1.9 TiB   78 GiB  66 MiB   0 B  44 MiB  1.8 TiB  4.00  1.00  178      up
 18    hdd  1.89459   1.00000  1.9 TiB   78 GiB  66 MiB   0 B  49 MiB  1.8 TiB  4.00  1.00  198      up
 28    hdd  1.89459   1.00000  1.9 TiB   78 GiB  66 MiB   0 B  43 MiB  1.8 TiB  4.00  1.00  170      up
 39    hdd  1.89459   1.00000  1.9 TiB   78 GiB  67 MiB   0 B  49 MiB  1.8 TiB  4.00  1.00  169      up
 49    hdd  1.89459   1.00000  1.9 TiB   78 GiB  66 MiB   0 B  43 MiB  1.8 TiB  4.00  1.00  185      up
 59    hdd  1.89459   1.00000  1.9 TiB   78 GiB  66 MiB   0 B  43 MiB  1.8 TiB  4.00  1.00  177      up
 69    hdd  1.89459   1.00000  1.9 TiB   78 GiB  67 MiB   0 B  45 MiB  1.8 TiB  4.00  1.00  193      up
 79    hdd  1.89459   1.00000  1.9 TiB   78 GiB  67 MiB   0 B  49 MiB  1.8 TiB  4.00  1.00  191      up
 89    hdd  1.89459   1.00000  1.9 TiB   78 GiB  67 MiB   0 B  49 MiB  1.8 TiB  4.00  1.00  186      up
 99    hdd  1.89459   1.00000  1.9 TiB   78 GiB  66 MiB   0 B  45 MiB  1.8 TiB  4.00  1.00  196      up
109    hdd  1.89459   1.00000  1.9 TiB   78 GiB  67 MiB   0 B  49 MiB  1.8 TiB  4.00  1.00  191      up
119    hdd  1.89459   1.00000  1.9 TiB   78 GiB  66 MiB   0 B  49 MiB  1.8 TiB  4.00  1.00  207      up
129    hdd  1.89459   1.00000  1.9 TiB   78 GiB  66 MiB   0 B  44 MiB  1.8 TiB  4.00  1.00  199      up
139    hdd  1.89459   1.00000  1.9 TiB   78 GiB  66 MiB   0 B  45 MiB  1.8 TiB  4.00  1.00  174      up
149    hdd  1.89459   1.00000  1.9 TiB   78 GiB  67 MiB   0 B  51 MiB  1.8 TiB  4.00  1.00  200      up
159    hdd  1.89459   1.00000  1.9 TiB   78 GiB  66 MiB   0 B  45 MiB  1.8 TiB  4.00  1.00  188      up
169    hdd  1.89459   1.00000  1.9 TiB   78 GiB  66 MiB   0 B  49 MiB  1.8 TiB  4.00  1.00  194      up
179    hdd  1.89459   1.00000  1.9 TiB   78 GiB  66 MiB   0 B  46 MiB  1.8 TiB  4.00  1.00  185      up
189    hdd  1.89459   1.00000  1.9 TiB   78 GiB  67 MiB   0 B  49 MiB  1.8 TiB  4.00  1.00  182      up
199    hdd  1.89459   1.00000  1.9 TiB   78 GiB  65 MiB   0 B  43 MiB  1.8 TiB  4.00  1.00  186      up
209    hdd  1.89459   1.00000  1.9 TiB   78 GiB  66 MiB   0 B  44 MiB  1.8 TiB  4.00  1.00  210      up
219    hdd  1.89459   1.00000  1.9 TiB   78 GiB  65 MiB   0 B  39 MiB  1.8 TiB  4.00  1.00  199      up
229    hdd  1.89459   1.00000  1.9 TiB   78 GiB  67 MiB   0 B  50 MiB  1.8 TiB  4.00  1.00  204      up
239    hdd  1.89459   1.00000  1.9 TiB   78 GiB  66 MiB   0 B  43 MiB  1.8 TiB  4.00  1.00  189      up
  2    hdd  1.89459   1.00000  1.9 TiB   78 GiB  66 MiB   0 B  49 MiB  1.8 TiB  4.00  1.00  179      up
 13    hdd  1.89459   1.00000  1.9 TiB   78 GiB  66 MiB   0 B  44 MiB  1.8 TiB  4.00  1.00  184      up
 26    hdd  1.89459   1.00000  1.9 TiB   78 GiB  65 MiB   0 B  43 MiB  1.8 TiB  4.00  1.00  198      up
 36    hdd  1.89459   1.00000  1.9 TiB   78 GiB  66 MiB   0 B  44 MiB  1.8 TiB  4.00  1.00  201      up
 43    hdd  1.89459   1.00000  1.9 TiB   78 GiB  66 MiB   0 B  43 MiB  1.8 TiB  4.00  1.00  177      up
 52    hdd  1.89459   1.00000  1.9 TiB   78 GiB  68 MiB   0 B  51 MiB  1.8 TiB  4.00  1.00  185      up
 63    hdd  1.89459   1.00000  1.9 TiB   78 GiB  68 MiB   0 B  50 MiB  1.8 TiB  4.00  1.00  194      up
 73    hdd  1.89459   1.00000  1.9 TiB   78 GiB  67 MiB   0 B  56 MiB  1.8 TiB  4.00  1.00  188      up
 83    hdd  1.89459   1.00000  1.9 TiB   78 GiB  67 MiB   0 B  49 MiB  1.8 TiB  4.00  1.00  203      up
 93    hdd  1.89459   1.00000  1.9 TiB   78 GiB  67 MiB   0 B  44 MiB  1.8 TiB  4.00  1.00  183      up
103    hdd  1.89459   1.00000  1.9 TiB   78 GiB  66 MiB   0 B  44 MiB  1.8 TiB  4.00  1.00  202      up
113    hdd  1.89459   1.00000  1.9 TiB   78 GiB  66 MiB   0 B  56 MiB  1.8 TiB  4.00  1.00  168      up
122    hdd  1.89459   1.00000  1.9 TiB   78 GiB  66 MiB   0 B  50 MiB  1.8 TiB  4.00  1.00  191      up
132    hdd  1.89459   1.00000  1.9 TiB   78 GiB  66 MiB   0 B  45 MiB  1.8 TiB  4.00  1.00  190      up
142    hdd  1.89459   1.00000  1.9 TiB   78 GiB  66 MiB   0 B  50 MiB  1.8 TiB  4.00  1.00  170      up
152    hdd  1.89459   1.00000  1.9 TiB   78 GiB  66 MiB   0 B  44 MiB  1.8 TiB  4.00  1.00  187      up
162    hdd  1.89459   1.00000  1.9 TiB   78 GiB  66 MiB   0 B  49 MiB  1.8 TiB  4.00  1.00  190      up
172    hdd  1.89459   1.00000  1.9 TiB   78 GiB  67 MiB   0 B  50 MiB  1.8 TiB  4.00  1.00  192      up
182    hdd  1.89459   1.00000  1.9 TiB   78 GiB  66 MiB   0 B  49 MiB  1.8 TiB  4.00  1.00  190      up
192    hdd  1.89459   1.00000  1.9 TiB   78 GiB  66 MiB   0 B  49 MiB  1.8 TiB  4.00  1.00  201      up
202    hdd  1.89459   1.00000  1.9 TiB   78 GiB  68 MiB   0 B  50 MiB  1.8 TiB  4.00  1.00  202      up
212    hdd  1.89459   1.00000  1.9 TiB   78 GiB  66 MiB   0 B  44 MiB  1.8 TiB  4.00  1.00  181      up
222    hdd  1.89459   1.00000  1.9 TiB   78 GiB  65 MiB   0 B  43 MiB  1.8 TiB  4.00  1.00  178      up
231    hdd  1.89459   1.00000  1.9 TiB   78 GiB  65 MiB   0 B  42 MiB  1.8 TiB  4.00  1.00  186      up
240    hdd  1.89459   1.00000  1.9 TiB   78 GiB  67 MiB   0 B  48 MiB  1.8 TiB  4.00  1.00  169      up
241    hdd  1.89459   1.00000  1.9 TiB   78 GiB  66 MiB   0 B  43 MiB  1.8 TiB  4.00  1.00  191      up
242    hdd  1.89459   1.00000  1.9 TiB   78 GiB  66 MiB   0 B  44 MiB  1.8 TiB  4.00  1.00  180      up
243    hdd  1.89459   1.00000  1.9 TiB   78 GiB  66 MiB   0 B  43 MiB  1.8 TiB  4.00  1.00  199      up
244    hdd  1.89459   1.00000  1.9 TiB   78 GiB  66 MiB   0 B  48 MiB  1.8 TiB  4.00  1.00  205      up
245    hdd  1.89459   1.00000  1.9 TiB   78 GiB  66 MiB   0 B  43 MiB  1.8 TiB  4.00  1.00  186      up
246    hdd  1.89459   1.00000  1.9 TiB   78 GiB  65 MiB   0 B  43 MiB  1.8 TiB  4.00  1.00  183      up
247    hdd  1.89459   1.00000  1.9 TiB   78 GiB  66 MiB   0 B  43 MiB  1.8 TiB  4.00  1.00  189      up
248    hdd  1.89459   1.00000  1.9 TiB   78 GiB  66 MiB   0 B  43 MiB  1.8 TiB  4.00  1.00  171      up
249    hdd  1.89459   1.00000  1.9 TiB   78 GiB  69 MiB   0 B  51 MiB  1.8 TiB  4.00  1.00  209      up
250    hdd  1.89459   1.00000  1.9 TiB   78 GiB  66 MiB   0 B  42 MiB  1.8 TiB  4.00  1.00  169      up
251    hdd  1.89459   1.00000  1.9 TiB   78 GiB  65 MiB   0 B  42 MiB  1.8 TiB  4.00  1.00  176      up
252    hdd  1.89459   1.00000  1.9 TiB   78 GiB  67 MiB   0 B  44 MiB  1.8 TiB  4.00  1.00  179      up
253    hdd  1.89459   1.00000  1.9 TiB   78 GiB  66 MiB   0 B  43 MiB  1.8 TiB  4.00  1.00  175      up
254    hdd  1.89459   1.00000  1.9 TiB   78 GiB  66 MiB   0 B  43 MiB  1.8 TiB  4.00  1.00  199      up
255    hdd  1.89459   1.00000  1.9 TiB   78 GiB  67 MiB   0 B  48 MiB  1.8 TiB  4.00  1.00  201      up
256    hdd  1.89459   1.00000  1.9 TiB   78 GiB  67 MiB   0 B  44 MiB  1.8 TiB  4.00  1.00  171      up
257    hdd  1.89459   1.00000  1.9 TiB   78 GiB  66 MiB   0 B  42 MiB  1.8 TiB  4.00  1.00  167      up
258    hdd  1.89459   1.00000  1.9 TiB   78 GiB  65 MiB   0 B  41 MiB  1.8 TiB  4.00  1.00  169      up
259    hdd  1.89459   1.00000  1.9 TiB   78 GiB  66 MiB   0 B  43 MiB  1.8 TiB  4.00  1.00  177      up
260    hdd  1.89459   1.00000  1.9 TiB   78 GiB  66 MiB   0 B  43 MiB  1.8 TiB  4.00  1.00  193      up
261    hdd  1.89459   1.00000  1.9 TiB   78 GiB  65 MiB   0 B  41 MiB  1.8 TiB  4.00  1.00  175      up
262    hdd  1.89459   1.00000  1.9 TiB   78 GiB  66 MiB   0 B  49 MiB  1.8 TiB  4.00  1.00  198      up
263    hdd  1.89459   1.00000  1.9 TiB   78 GiB  67 MiB   0 B  49 MiB  1.8 TiB  4.00  1.00  197      up
  5    hdd  1.89459   1.00000  1.9 TiB   78 GiB  66 MiB   0 B  44 MiB  1.8 TiB  4.00  1.00  190      up
 16    hdd  1.89459   1.00000  1.9 TiB   78 GiB  65 MiB   0 B  42 MiB  1.8 TiB  4.00  1.00  171      up
 25    hdd  1.89459   1.00000  1.9 TiB   78 GiB  66 MiB   0 B  49 MiB  1.8 TiB  4.00  1.00  204      up
 35    hdd  1.89459   1.00000  1.9 TiB   78 GiB  69 MiB   0 B  52 MiB  1.8 TiB  4.00  1.00  195      up
 45    hdd  1.89459   1.00000  1.9 TiB   78 GiB  66 MiB   0 B  43 MiB  1.8 TiB  4.00  1.00  175      up
 56    hdd  1.89459   1.00000  1.9 TiB   78 GiB  66 MiB   0 B  43 MiB  1.8 TiB  4.00  1.00  190      up
 65    hdd  1.89459   1.00000  1.9 TiB   78 GiB  67 MiB   0 B  46 MiB  1.8 TiB  4.00  1.00  178      up
 74    hdd  1.89459   1.00000  1.9 TiB   78 GiB  66 MiB   0 B  43 MiB  1.8 TiB  4.00  1.00  198      up
 85    hdd  1.89459   1.00000  1.9 TiB   78 GiB  67 MiB   0 B  44 MiB  1.8 TiB  4.00  1.00  180      up
 96    hdd  1.89459   1.00000  1.9 TiB   78 GiB  66 MiB   0 B  49 MiB  1.8 TiB  4.00  1.00  179      up
107    hdd  1.89459   1.00000  1.9 TiB   78 GiB  66 MiB   0 B  45 MiB  1.8 TiB  4.00  1.00  177      up
117    hdd  1.89459   1.00000  1.9 TiB   78 GiB  66 MiB   0 B  44 MiB  1.8 TiB  4.00  1.00  189      up
127    hdd  1.89459   1.00000  1.9 TiB   78 GiB  66 MiB   0 B  44 MiB  1.8 TiB  4.00  1.00  191      up
136    hdd  1.89459   1.00000  1.9 TiB   78 GiB  66 MiB   0 B  44 MiB  1.8 TiB  4.00  1.00  174      up
146    hdd  1.89459   1.00000  1.9 TiB   78 GiB  66 MiB   0 B  45 MiB  1.8 TiB  4.00  1.00  204      up
156    hdd  1.89459   1.00000  1.9 TiB   78 GiB  65 MiB   0 B  43 MiB  1.8 TiB  4.00  1.00  189      up
166    hdd  1.89459   1.00000  1.9 TiB   78 GiB  65 MiB   0 B  43 MiB  1.8 TiB  4.00  1.00  194      up
177    hdd  1.89459   1.00000  1.9 TiB   78 GiB  66 MiB   0 B  52 MiB  1.8 TiB  4.00  1.00  208      up
186    hdd  1.89459   1.00000  1.9 TiB   78 GiB  65 MiB   0 B  44 MiB  1.8 TiB  4.00  1.00  199      up
197    hdd  1.89459   1.00000  1.9 TiB   78 GiB  66 MiB   0 B  45 MiB  1.8 TiB  4.00  1.00  193      up
207    hdd  1.89459   1.00000  1.9 TiB   78 GiB  65 MiB   0 B  44 MiB  1.8 TiB  4.00  1.00  186      up
217    hdd  1.89459   1.00000  1.9 TiB   78 GiB  67 MiB   0 B  50 MiB  1.8 TiB  4.00  1.00  200      up
227    hdd  1.89459   1.00000  1.9 TiB   78 GiB  66 MiB   0 B  48 MiB  1.8 TiB  4.00  1.00  168      up
237    hdd  1.89459   1.00000  1.9 TiB   78 GiB  66 MiB   0 B  43 MiB  1.8 TiB  4.00  1.00  188      up
  1    hdd  1.89459   1.00000  1.9 TiB   78 GiB  66 MiB   0 B  48 MiB  1.8 TiB  4.00  1.00  187      up
 12    hdd  1.89459   1.00000  1.9 TiB   78 GiB  66 MiB   0 B  44 MiB  1.8 TiB  4.00  1.00  189      up
 22    hdd  1.89459   1.00000  1.9 TiB   78 GiB  67 MiB   0 B  49 MiB  1.8 TiB  4.00  1.00  201      up
 33    hdd  1.89459   1.00000  1.9 TiB   78 GiB  67 MiB   0 B  50 MiB  1.8 TiB  4.00  1.00  179      up
 44    hdd  1.89459   1.00000  1.9 TiB   78 GiB  69 MiB   0 B  52 MiB  1.8 TiB  4.00  1.00  197      up
 55    hdd  1.89459   1.00000  1.9 TiB   78 GiB  68 MiB   0 B  52 MiB  1.8 TiB  4.00  1.00  209      up
 66    hdd  1.89459   1.00000  1.9 TiB   78 GiB  65 MiB   0 B  42 MiB  1.8 TiB  4.00  1.00  178      up
 76    hdd  1.89459   1.00000  1.9 TiB   78 GiB  67 MiB   0 B  45 MiB  1.8 TiB  4.00  1.00  178      up
 86    hdd  1.89459   1.00000  1.9 TiB   78 GiB  66 MiB   0 B  44 MiB  1.8 TiB  4.00  1.00  173      up
 95    hdd  1.89459   1.00000  1.9 TiB   78 GiB  65 MiB   0 B  43 MiB  1.8 TiB  4.00  1.00  176      up
105    hdd  1.89459   1.00000  1.9 TiB   78 GiB  66 MiB   0 B  46 MiB  1.8 TiB  4.00  1.00  191      up
115    hdd  1.89459   1.00000  1.9 TiB   78 GiB  66 MiB   0 B  45 MiB  1.8 TiB  4.00  1.00  198      up
125    hdd  1.89459   1.00000  1.9 TiB   78 GiB  66 MiB   0 B  44 MiB  1.8 TiB  4.00  1.00  203      up
137    hdd  1.89459   1.00000  1.9 TiB   78 GiB  66 MiB   0 B  44 MiB  1.8 TiB  4.00  1.00  192      up
147    hdd  1.89459   1.00000  1.9 TiB   78 GiB  66 MiB   0 B  49 MiB  1.8 TiB  4.00  1.00  199      up
155    hdd  1.89459   1.00000  1.9 TiB   78 GiB  65 MiB   0 B  43 MiB  1.8 TiB  4.00  1.00  182      up
165    hdd  1.89459   1.00000  1.9 TiB   78 GiB  66 MiB   0 B  44 MiB  1.8 TiB  4.00  1.00  183      up
176    hdd  1.89459   1.00000  1.9 TiB   78 GiB  67 MiB   0 B  57 MiB  1.8 TiB  4.00  1.00  196      up
185    hdd  1.89459   1.00000  1.9 TiB   78 GiB  66 MiB   0 B  45 MiB  1.8 TiB  4.00  1.00  182      up
195    hdd  1.89459   1.00000  1.9 TiB   78 GiB  65 MiB   0 B  43 MiB  1.8 TiB  4.00  1.00  181      up
205    hdd  1.89459   1.00000  1.9 TiB   78 GiB  66 MiB   0 B  45 MiB  1.8 TiB  4.00  1.00  190      up
215    hdd  1.89459   1.00000  1.9 TiB   78 GiB  66 MiB   0 B  50 MiB  1.8 TiB  4.00  1.00  190      up
225    hdd  1.89459   1.00000  1.9 TiB   78 GiB  67 MiB   0 B  50 MiB  1.8 TiB  4.00  1.00  210      up
236    hdd  1.89459   1.00000  1.9 TiB   78 GiB  66 MiB   0 B  43 MiB  1.8 TiB  4.00  1.00  175      up
  4    hdd  1.89459   1.00000  1.9 TiB   78 GiB  66 MiB   0 B  43 MiB  1.8 TiB  4.00  1.00  167      up
 14    hdd  1.89459   1.00000  1.9 TiB   78 GiB  67 MiB   0 B  50 MiB  1.8 TiB  4.00  1.00  186      up
 23    hdd  1.89459   1.00000  1.9 TiB   78 GiB  67 MiB   0 B  50 MiB  1.8 TiB  4.00  1.00  195      up
 37    hdd  1.89459   1.00000  1.9 TiB   78 GiB  66 MiB   0 B  44 MiB  1.8 TiB  4.00  1.00  191      up
 47    hdd  1.89459   1.00000  1.9 TiB   78 GiB  69 MiB   0 B  52 MiB  1.8 TiB  4.00  1.00  187      up
 57    hdd  1.89459   1.00000  1.9 TiB   78 GiB  68 MiB   0 B  50 MiB  1.8 TiB  4.00  1.00  195      up
 68    hdd  1.89459   1.00000  1.9 TiB   78 GiB  68 MiB   0 B  51 MiB  1.8 TiB  4.00  1.00  201      up
 77    hdd  1.89459   1.00000  1.9 TiB   78 GiB  66 MiB   0 B  45 MiB  1.8 TiB  4.00  1.00  178      up
 87    hdd  1.89459   1.00000  1.9 TiB   78 GiB  67 MiB   0 B  45 MiB  1.8 TiB  4.00  1.00  193      up
 97    hdd  1.89459   1.00000  1.9 TiB   78 GiB  67 MiB   0 B  49 MiB  1.8 TiB  4.00  1.00  200      up
106    hdd  1.89459   1.00000  1.9 TiB   78 GiB  65 MiB   0 B  44 MiB  1.8 TiB  4.00  1.00  191      up
116    hdd  1.89459   1.00000  1.9 TiB   78 GiB  65 MiB   0 B  43 MiB  1.8 TiB  4.00  1.00  177      up
126    hdd  1.89459   1.00000  1.9 TiB   78 GiB  66 MiB   0 B  44 MiB  1.8 TiB  4.00  1.00  173      up
135    hdd  1.89459   1.00000  1.9 TiB   78 GiB  67 MiB   0 B  49 MiB  1.8 TiB  4.00  1.00  178      up
145    hdd  1.89459   1.00000  1.9 TiB   78 GiB  66 MiB   0 B  45 MiB  1.8 TiB  4.00  1.00  173      up
157    hdd  1.89459   1.00000  1.9 TiB   78 GiB  66 MiB   0 B  45 MiB  1.8 TiB  4.00  1.00  174      up
167    hdd  1.89459   1.00000  1.9 TiB   78 GiB  66 MiB   0 B  44 MiB  1.8 TiB  4.00  1.00  178      up
175    hdd  1.89459   1.00000  1.9 TiB   78 GiB  66 MiB   0 B  48 MiB  1.8 TiB  4.00  1.00  174      up
187    hdd  1.89459   1.00000  1.9 TiB   78 GiB  66 MiB   0 B  44 MiB  1.8 TiB  4.00  1.00  189      up
196    hdd  1.89459   1.00000  1.9 TiB   78 GiB  67 MiB   0 B  44 MiB  1.8 TiB  4.00  1.00  169      up
206    hdd  1.89459   1.00000  1.9 TiB   78 GiB  66 MiB   0 B  44 MiB  1.8 TiB  4.00  1.00  172      up
216    hdd  1.89459   1.00000  1.9 TiB   78 GiB  66 MiB   0 B  49 MiB  1.8 TiB  4.00  1.00  201      up
226    hdd  1.89459   1.00000  1.9 TiB   78 GiB  67 MiB   0 B  50 MiB  1.8 TiB  4.00  1.00  196      up
235    hdd  1.89459   1.00000  1.9 TiB   78 GiB  67 MiB   0 B  49 MiB  1.8 TiB  4.00  1.00  190      up
  0    hdd  1.89459   1.00000  1.9 TiB   78 GiB  66 MiB   0 B  49 MiB  1.8 TiB  4.00  1.00  191      up
 10    hdd  1.89459   1.00000  1.9 TiB   78 GiB  65 MiB   0 B  42 MiB  1.8 TiB  4.00  1.00  162      up
 21    hdd  1.89459   1.00000  1.9 TiB   78 GiB  66 MiB   0 B  44 MiB  1.8 TiB  4.00  1.00  193      up
 32    hdd  1.89459   1.00000  1.9 TiB   78 GiB  65 MiB   0 B  43 MiB  1.8 TiB  4.00  1.00  182      up
 42    hdd  1.89459   1.00000  1.9 TiB   78 GiB  66 MiB   0 B  43 MiB  1.8 TiB  4.00  1.00  192      up
 53    hdd  1.89459   1.00000  1.9 TiB   78 GiB  69 MiB   0 B  51 MiB  1.8 TiB  4.00  1.00  189      up
 67    hdd  1.89459   1.00000  1.9 TiB   78 GiB  65 MiB   0 B  42 MiB  1.8 TiB  4.00  1.00  164      up
 78    hdd  1.89459   1.00000  1.9 TiB   78 GiB  65 MiB   0 B  44 MiB  1.8 TiB  4.00  1.00  167      up
 88    hdd  1.89459   1.00000  1.9 TiB   78 GiB  66 MiB   0 B  44 MiB  1.8 TiB  4.00  1.00  207      up
 98    hdd  1.89459   1.00000  1.9 TiB   78 GiB  65 MiB   0 B  42 MiB  1.8 TiB  4.00  1.00  167      up
108    hdd  1.89459   1.00000  1.9 TiB   78 GiB  67 MiB   0 B  52 MiB  1.8 TiB  4.00  1.00  202      up
118    hdd  1.89459   1.00000  1.9 TiB   78 GiB  65 MiB   0 B  43 MiB  1.8 TiB  4.00  1.00  179      up
128    hdd  1.89459   1.00000  1.9 TiB   78 GiB  65 MiB   0 B  43 MiB  1.8 TiB  4.00  1.00  171      up
138    hdd  1.89459   1.00000  1.9 TiB   78 GiB  66 MiB   0 B  44 MiB  1.8 TiB  4.00  1.00  174      up
148    hdd  1.89459   1.00000  1.9 TiB   78 GiB  65 MiB   0 B  42 MiB  1.8 TiB  4.00  1.00  173      up
158    hdd  1.89459   1.00000  1.9 TiB   78 GiB  65 MiB   0 B  44 MiB  1.8 TiB  4.00  1.00  191      up
168    hdd  1.89459   1.00000  1.9 TiB   78 GiB  66 MiB   0 B  50 MiB  1.8 TiB  4.00  1.00  207      up
178    hdd  1.89459   1.00000  1.9 TiB   78 GiB  66 MiB   0 B  44 MiB  1.8 TiB  4.00  1.00  173      up
188    hdd  1.89459   1.00000  1.9 TiB   78 GiB  66 MiB   0 B  45 MiB  1.8 TiB  4.00  1.00  198      up
198    hdd  1.89459   1.00000  1.9 TiB   78 GiB  67 MiB   0 B  51 MiB  1.8 TiB  4.00  1.00  177      up
208    hdd  1.89459   1.00000  1.9 TiB   78 GiB  66 MiB   0 B  44 MiB  1.8 TiB  4.00  1.00  192      up
218    hdd  1.89459   1.00000  1.9 TiB   78 GiB  66 MiB   0 B  43 MiB  1.8 TiB  4.00  1.00  176      up
228    hdd  1.89459   1.00000  1.9 TiB   78 GiB  65 MiB   0 B  43 MiB  1.8 TiB  4.00  1.00  180      up
238    hdd  1.89459   1.00000  1.9 TiB   78 GiB  66 MiB   0 B  45 MiB  1.8 TiB  4.00  1.00  182      up
  6    hdd  1.89459   1.00000  1.9 TiB   78 GiB  66 MiB   0 B  44 MiB  1.8 TiB  4.00  1.00  182      up
 19    hdd  1.89459   1.00000  1.9 TiB   78 GiB  66 MiB   0 B  51 MiB  1.8 TiB  4.00  1.00  171      up
 29    hdd  1.89459   1.00000  1.9 TiB   78 GiB  66 MiB   0 B  44 MiB  1.8 TiB  4.00  1.00  196      up
 38    hdd  1.89459   1.00000  1.9 TiB   78 GiB  66 MiB   0 B  44 MiB  1.8 TiB  4.00  1.00  202      up
 48    hdd  1.89459   1.00000  1.9 TiB   78 GiB  69 MiB   0 B  53 MiB  1.8 TiB  4.00  1.00  187      up
 58    hdd  1.89459   1.00000  1.9 TiB   78 GiB  67 MiB   0 B  50 MiB  1.8 TiB  4.00  1.00  193      up
 62    hdd  1.89459   1.00000  1.9 TiB   78 GiB  65 MiB   0 B  43 MiB  1.8 TiB  4.00  1.00  172      up
 72    hdd  1.89459   1.00000  1.9 TiB   78 GiB  68 MiB   0 B  51 MiB  1.8 TiB  4.00  1.00  170      up
 82    hdd  1.89459   1.00000  1.9 TiB   78 GiB  65 MiB   0 B  42 MiB  1.8 TiB  4.00  1.00  189      up
 92    hdd  1.89459   1.00000  1.9 TiB   78 GiB  66 MiB   0 B  44 MiB  1.8 TiB  4.00  1.00  200      up
102    hdd  1.89459   1.00000  1.9 TiB   78 GiB  65 MiB   0 B  43 MiB  1.8 TiB  4.00  1.00  173      up
112    hdd  1.89459   1.00000  1.9 TiB   78 GiB  67 MiB   0 B  50 MiB  1.8 TiB  4.00  1.00  188      up
123    hdd  1.89459   1.00000  1.9 TiB   78 GiB  65 MiB   0 B  43 MiB  1.8 TiB  4.00  1.00  182      up
133    hdd  1.89459   1.00000  1.9 TiB   78 GiB  67 MiB   0 B  50 MiB  1.8 TiB  4.00  1.00  185      up
143    hdd  1.89459   1.00000  1.9 TiB   78 GiB  66 MiB   0 B  43 MiB  1.8 TiB  4.00  1.00  193      up
153    hdd  1.89459   1.00000  1.9 TiB   78 GiB  66 MiB   0 B  45 MiB  1.8 TiB  4.00  1.00  201      up
163    hdd  1.89459   1.00000  1.9 TiB   78 GiB  67 MiB   0 B  49 MiB  1.8 TiB  4.00  1.00  188      up
173    hdd  1.89459   1.00000  1.9 TiB   78 GiB  65 MiB   0 B  44 MiB  1.8 TiB  4.00  1.00  180      up
183    hdd  1.89459   1.00000  1.9 TiB   78 GiB  67 MiB   0 B  50 MiB  1.8 TiB  4.00  1.00  200      up
193    hdd  1.89459   1.00000  1.9 TiB   78 GiB  66 MiB   0 B  48 MiB  1.8 TiB  4.00  1.00  202      up
203    hdd  1.89459   1.00000  1.9 TiB   78 GiB  66 MiB   0 B  43 MiB  1.8 TiB  4.00  1.00  186      up
213    hdd  1.89459   1.00000  1.9 TiB   78 GiB  66 MiB   0 B  45 MiB  1.8 TiB  4.00  1.00  185      up
223    hdd  1.89459   1.00000  1.9 TiB   78 GiB  66 MiB   0 B  43 MiB  1.8 TiB  4.00  1.00  188      up
233    hdd  1.89459   1.00000  1.9 TiB   78 GiB  65 MiB   0 B  44 MiB  1.8 TiB  4.00  1.00  203      up
                        TOTAL  546 TiB   22 TiB  19 GiB   0 B  13 GiB  524 TiB  4.00                   
MIN/MAX VAR: 1.00/1.00  STDDEV: 0
2022/02/14-14:36:25: %RAW USED 4.00; Pending GCs 

PG Autoscale:
POOL                         SIZE  TARGET SIZE  RATE  RAW CAPACITY   RATIO  TARGET RATIO  EFFECTIVE RATIO  BIAS  PG_NUM  NEW PG_NUM  AUTOSCALE  PROFILE   
device_health_metrics          0                 3.0        545.6T  0.0000                                  1.0       1              on         scale-up  
default.rgw.control            0                 3.0        545.6T  0.0000                                  1.0     256              on         scale-up  
default.rgw.buckets.data   706.7M                1.5        545.6T  0.0000                                  1.0    8192              on         scale-up  
default.rgw.buckets.index      0                 3.0        545.6T  0.0000                                  1.0     512              on         scale-up  
default.rgw.log             3702                 3.0        545.6T  0.0000                                  1.0     256              on         scale-up  
default.rgw.meta            3327                 3.0        545.6T  0.0000                                  1.0     256              on         scale-up  
.rgw.root                   1359                 3.0        545.6T  0.0000                                  1.0     256              on         scale-up  

RGW netstat & qlen/qactive ...
f10-h01-000-6049p.rdu2.scalelab.redhat.com
Proto Recv-Q Send-Q Local Address           Foreign Address         State       PID/Program name    
tcp        0      0 172.17.36.220:8080      0.0.0.0:*               LISTEN      2865394/radosgw     
        "qlen": 252,
        "qactive": 252,
f10-h05-000-6049p.rdu2.scalelab.redhat.com
Proto Recv-Q Send-Q Local Address           Foreign Address         State       PID/Program name    
tcp        0      0 172.17.36.178:8080      0.0.0.0:*               LISTEN      3563734/radosgw     
        "qlen": 122,
        "qactive": 122,
f10-h09-000-6049p.rdu2.scalelab.redhat.com
Proto Recv-Q Send-Q Local Address           Foreign Address         State       PID/Program name    
tcp        0      0 172.17.39.213:8080      0.0.0.0:*               LISTEN      3576810/radosgw     
        "qlen": 136,
        "qactive": 136,
f10-h13-000-6049p.rdu2.scalelab.redhat.com
Proto Recv-Q Send-Q Local Address           Foreign Address         State       PID/Program name    
tcp        0      0 172.17.39.109:8080      0.0.0.0:*               LISTEN      3595304/radosgw     
        "qlen": 264,
        "qactive": 264,
f10-h17-000-6049p.rdu2.scalelab.redhat.com
Proto Recv-Q Send-Q Local Address           Foreign Address         State       PID/Program name    
tcp        0      0 172.17.36.9:8080        0.0.0.0:*               LISTEN      3558729/radosgw     
        "qlen": 124,
        "qactive": 124,
f10-h21-000-6049p.rdu2.scalelab.redhat.com
Proto Recv-Q Send-Q Local Address           Foreign Address         State       PID/Program name    
tcp        0      0 172.17.38.57:8080       0.0.0.0:*               LISTEN      3554707/radosgw     
        "qlen": 129,
        "qactive": 129,
f10-h25-000-6049p.rdu2.scalelab.redhat.com
Proto Recv-Q Send-Q Local Address           Foreign Address         State       PID/Program name    
tcp        0      0 172.17.36.180:8080      0.0.0.0:*               LISTEN      3549346/radosgw     
        "qlen": 185,
        "qactive": 185,
f11-h01-000-6049p.rdu2.scalelab.redhat.com
Proto Recv-Q Send-Q Local Address           Foreign Address         State       PID/Program name    
tcp        0      0 172.17.39.208:8080      0.0.0.0:*               LISTEN      3604444/radosgw     
        "qlen": 155,
        "qactive": 155,
f11-h05-000-6049p.rdu2.scalelab.redhat.com
Proto Recv-Q Send-Q Local Address           Foreign Address         State       PID/Program name    
tcp        0      0 172.17.39.190:8080      0.0.0.0:*               LISTEN      3548744/radosgw     
        "qlen": 83,
        "qactive": 83,
f11-h09-000-6049p.rdu2.scalelab.redhat.com
Proto Recv-Q Send-Q Local Address           Foreign Address         State       PID/Program name    
tcp        0      0 172.17.38.145:8080      0.0.0.0:*               LISTEN      3567480/radosgw     
        "qlen": 126,
        "qactive": 126,
f11-h13-000-6049p.rdu2.scalelab.redhat.com
Proto Recv-Q Send-Q Local Address           Foreign Address         State       PID/Program name    
tcp        0      0 172.17.36.186:8080      0.0.0.0:*               LISTEN      3514066/radosgw     
        "qlen": 114,
        "qactive": 114,
f11-h17-000-6049p.rdu2.scalelab.redhat.com
Proto Recv-Q Send-Q Local Address           Foreign Address         State       PID/Program name    
tcp        0      0 172.17.36.13:8080       0.0.0.0:*               LISTEN      3556761/radosgw     
        "qlen": 139,
        "qactive": 139,

--------------------------------------------------------

2022/02/14-14:41:37: RESHARD Queue Length 10
2022/02/14-14:41:37: RESHARD List [
    {
        "time": "2022-02-14T14:39:52.745876Z",
        "tenant": "",
        "bucket_name": "mycontainers1",
        "bucket_id": "be82bd08-6746-4b14-9927-db08ed737111.60403.1",
        "old_num_shards": 11,
        "tentative_new_num_shards": 59
    }
]

LA: 2022/02/14-14:41:37:   10.65, 6.79, 3.54

RGW stats:          proc   %cpu %mem  vsz    rss     memused       memlimit
f10-h01-000-6049p.rdu2.scalelab.redhat.com   radosgw 37.1 0.0 5642844 305304   58005209088   9223372036854771712
f10-h05-000-6049p.rdu2.scalelab.redhat.com   radosgw 37.3 0.0 5578908 237568   58414092288   9223372036854771712
f10-h09-000-6049p.rdu2.scalelab.redhat.com   radosgw 37.8 0.0 5500064 230380   59757395968   9223372036854771712
f10-h13-000-6049p.rdu2.scalelab.redhat.com   radosgw 36.8 0.0 5477344 226920   56828968960   9223372036854771712
f10-h17-000-6049p.rdu2.scalelab.redhat.com   radosgw 38.0 0.1 5692744 399016   59681984512   9223372036854771712
f10-h21-000-6049p.rdu2.scalelab.redhat.com   radosgw 38.6 0.0 5530036 230788   63078469632   9223372036854771712
f10-h25-000-6049p.rdu2.scalelab.redhat.com   radosgw 36.9 0.0 5478348 225676   57083617280   9223372036854771712
f11-h01-000-6049p.rdu2.scalelab.redhat.com   radosgw 39.0 0.1 6178992 477816   61598650368   9223372036854771712
f11-h05-000-6049p.rdu2.scalelab.redhat.com   radosgw 38.5 0.0 5454392 204368   62146748416   9223372036854771712
f11-h09-000-6049p.rdu2.scalelab.redhat.com   radosgw 37.5 0.0 5465076 218124   56721154048   9223372036854771712
f11-h13-000-6049p.rdu2.scalelab.redhat.com   radosgw 38.7 0.1 5765372 481412   59011395584   9223372036854771712
f11-h17-000-6049p.rdu2.scalelab.redhat.com   radosgw 38.4 0.0 5539316 228172   59395321856   9223372036854771712

OSD: 
2022/02/14-14:41:44: f10-h01-000-6049p.rdu2.scalelab.redhat.com ceph-osd         5.0  0.2 2078920 1175844
ceph-osd         5.2  0.2 2075880 1164328
ceph-osd         4.7  0.2 2061516 1161844
ceph-osd         5.6  0.3 2132172 1281884
ceph-osd         4.8  0.2 2064588 1110736
ceph-osd         4.5  0.2 2069704 992448
ceph-osd         5.2  0.3 2111564 1250604
ceph-osd         4.9  0.3 2063436 1191100
ceph-osd         5.2  0.2 2078928 1113600
ceph-osd         4.2  0.2 2059340 984900
ceph-osd         5.1  0.2 2074828 1136936
ceph-osd         4.5  0.2 2065640 991888
ceph-osd        24.7  0.2 2341064 1134256
ceph-osd         5.1  0.2 2073828 1121060
ceph-osd         5.3  0.3 2103372 1241976
ceph-osd         5.4  0.2 2079972 1132756
ceph-osd         5.1  0.3 2078920 1201848
ceph-osd         5.5  0.3 2121960 1250280
ceph-osd         4.4  0.2 2059472 990144
ceph-osd        12.6  0.2 2337236 1108784
ceph-osd         5.5  0.3 2121928 1259192
ceph-osd         5.0  0.2 2068708 1129344
ceph-osd         4.8  0.2 2063564 1078632
ceph-osd         4.6  0.2 2065612 1041824
2022/02/14-14:41:44: f10-h05-000-6049p.rdu2.scalelab.redhat.com ceph-osd         3.7  0.3 2074124 1200860
ceph-osd         3.7  0.2 2074964 1038580
ceph-osd         3.1  0.2 2055072 942004
ceph-osd         3.7  0.3 2067636 1190412
ceph-osd         4.1  0.3 2119128 1272400
ceph-osd         3.6  0.2 2073076 1055712
ceph-osd         4.1  0.3 2087492 1212404
ceph-osd        35.0  0.2 2651240 901176
ceph-osd         3.4  0.2 2067880 960040
ceph-osd         3.4  0.2 2069272 987496
ceph-osd         3.5  0.2 2070300 1122236
ceph-osd         3.8  0.2 2068404 1152944
ceph-osd         3.9  0.3 2069608 1203240
ceph-osd         3.7  0.2 2076808 1027508
ceph-osd         3.3  0.2 2060484 1004988
ceph-osd         3.8  0.3 2110672 1244320
ceph-osd         4.1  0.3 2075848 1198960
ceph-osd         9.8  0.3 2303268 1233156
ceph-osd         3.3  0.2 2055368 1024468
ceph-osd         3.6  0.2 2066636 1005996
ceph-osd         3.4  0.2 2064584 964828
ceph-osd         4.2  0.3 2086088 1196516
ceph-osd         4.0  0.2 2074828 1116188
ceph-osd         3.8  0.2 2066636 1072728
2022/02/14-14:41:44: f10-h09-000-6049p.rdu2.scalelab.redhat.com ceph-osd         3.8  0.2 2068056 1130896
ceph-osd         3.6  0.2 2066776 1091788
ceph-osd         9.2  0.3 2271696 1241120
ceph-osd         3.7  0.3 2095280 1212872
ceph-osd        19.4  0.3 2279800 1196508
ceph-osd         4.0  0.3 2105840 1222820
ceph-osd         3.4  0.2 2052800 1115408
ceph-osd         3.9  0.3 2120840 1260420
ceph-osd         3.7  0.2 2071344 1179252
ceph-osd         3.7  0.2 2072388 1074332
ceph-osd         3.9  0.3 2123740 1232408
ceph-osd         3.7  0.2 2065480 1145568
ceph-osd         3.4  0.2 2055280 1035232
ceph-osd         9.4  0.3 2273104 1204732
ceph-osd         3.7  0.2 2070732 1128960
ceph-osd         4.2  0.2 2084044 1120088
ceph-osd         4.3  0.3 2088144 1222036
ceph-osd         3.9  0.2 2069704 1117760
ceph-osd         3.5  0.2 2068684 1040920
ceph-osd         3.7  0.2 2064612 1159408
ceph-osd         3.7  0.2 2064588 1110940
ceph-osd         3.4  0.2 2066664 1034568
ceph-osd         3.7  0.2 2058440 1173488
ceph-osd         4.1  0.3 2116836 1239352
2022/02/14-14:41:44: f10-h13-000-6049p.rdu2.scalelab.redhat.com ceph-osd         4.0  0.3 2079060 1218216
ceph-osd         3.7  0.2 2068044 1137520
ceph-osd         3.7  0.2 2077600 1142244
ceph-osd         3.9  0.3 2143200 1239492
ceph-osd         3.4  0.2 2063556 1036224
ceph-osd         4.0  0.3 2116180 1263692
ceph-osd         3.4  0.2 2067016 1035724
ceph-osd         3.7  0.2 2067528 1148032
ceph-osd         3.4  0.2 2071920 1044476
ceph-osd         3.5  0.2 2067220 1047208
ceph-osd         3.5  0.2 2065368 1057320
ceph-osd         3.4  0.2 2059316 1148200
ceph-osd         3.9  0.3 2071668 1213024
ceph-osd         3.5  0.2 2062348 1061104
ceph-osd         3.6  0.2 2067672 1041888
ceph-osd         3.5  0.2 2066656 1030112
ceph-osd         4.1  0.3 2125028 1268568
ceph-osd         4.1  0.2 2077896 1161564
ceph-osd         3.9  0.2 2076880 1105448
ceph-osd         4.1  0.3 2115784 1267868
ceph-osd         4.3  0.3 2125028 1266588
ceph-osd         3.7  0.2 2067680 1037544
ceph-osd        20.0  0.2 2419916 1015428
ceph-osd         4.0  0.3 2099408 1227900
2022/02/14-14:41:45: f10-h17-000-6049p.rdu2.scalelab.redhat.com ceph-osd         3.6  0.2 2065744 1112360
ceph-osd         4.3  0.3 2128880 1284484
ceph-osd         3.6  0.3 2097376 1217980
ceph-osd         3.5  0.2 2064756 1022100
ceph-osd         9.7  0.2 2386280 1009380
ceph-osd         3.7  0.2 2063032 1165652
ceph-osd         3.7  0.2 2068656 1124632
ceph-osd        24.8  0.3 2309108 1233184
ceph-osd         3.9  0.3 2102084 1222348
ceph-osd         3.5  0.2 2062236 1109032
ceph-osd         3.5  0.2 2067540 1112944
ceph-osd         4.1  0.3 2121832 1279440
ceph-osd         9.8  0.2 2422144 978132
ceph-osd         3.8  0.3 2106596 1259752
ceph-osd         3.8  0.2 2072784 1117224
ceph-osd         3.6  0.2 2065632 1017732
ceph-osd         3.4  0.2 2052300 1009252
ceph-osd         3.9  0.2 2075852 1097128
ceph-osd         3.9  0.2 2076880 1063788
ceph-osd         4.0  0.2 2069580 1182812
ceph-osd         3.9  0.2 2069704 1146284
ceph-osd         3.6  0.2 2070732 1058192
ceph-osd         3.7  0.2 2071776 1025312
ceph-osd         4.0  0.3 2072780 1214224
2022/02/14-14:41:45: f10-h21-000-6049p.rdu2.scalelab.redhat.com ceph-osd         3.7  0.3 2107920 1251644
ceph-osd         9.3  0.2 2325756 1141464
ceph-osd        19.8  0.3 2323608 1288860
ceph-osd         3.9  0.2 2071472 1091540
ceph-osd        23.1  0.2 2376252 938304
ceph-osd         9.5  0.2 2331540 1109328
ceph-osd         3.9  0.2 2069208 1138248
ceph-osd         4.1  0.2 2080748 1164036
ceph-osd         3.6  0.2 2066756 1169664
ceph-osd         4.0  0.3 2076348 1200012
ceph-osd         4.2  0.3 2108316 1234536
ceph-osd         3.9  0.2 2068524 1093588
ceph-osd         3.8  0.3 2099284 1224592
ceph-osd         3.5  0.2 2066564 1041096
ceph-osd         3.5  0.2 2061516 1049648
ceph-osd         3.9  0.2 2076744 1071540
ceph-osd         4.1  0.3 2113740 1239116
ceph-osd         4.3  0.3 2125000 1266584
ceph-osd         3.9  0.2 2075856 1063176
ceph-osd         3.9  0.2 2071760 1075080
ceph-osd         4.0  0.3 2099400 1216992
ceph-osd        10.0  0.3 2267860 1216452
ceph-osd         4.2  0.3 2125028 1271612
ceph-osd         3.7  0.2 2065632 1094480
2022/02/14-14:41:45: f10-h25-000-6049p.rdu2.scalelab.redhat.com ceph-osd         3.5  0.2 2056388 969828
ceph-osd         4.1  0.2 2071756 1102956
ceph-osd         3.9  0.2 2067684 1081320
ceph-osd         4.3  0.2 2066632 1174036
ceph-osd         4.5  0.3 2151620 1266284
ceph-osd         4.0  0.2 2067652 1128740
ceph-osd         4.1  0.2 2072772 1122472
ceph-osd         4.1  0.2 2094280 1169980
ceph-osd         3.9  0.2 2059464 1029672
ceph-osd         4.3  0.3 2100452 1236456
ceph-osd         3.9  0.2 2064580 1001592
ceph-osd         3.6  0.2 2053320 993080
ceph-osd         4.2  0.2 2065608 1091024
ceph-osd         4.0  0.2 2065604 1028904
ceph-osd         4.3  0.3 2111704 1226136
ceph-osd         4.5  0.3 2117852 1264304
ceph-osd         3.9  0.2 2066500 984304
ceph-osd         3.7  0.2 2058464 1000704
ceph-osd         3.9  0.2 2073796 987516
ceph-osd         4.1  0.2 2078924 981172
ceph-osd         4.1  0.2 2068704 1131684
ceph-osd         3.9  0.2 2073800 975340
ceph-osd        32.3  0.2 2441292 1094484
ceph-osd         4.2  0.3 2109512 1259544
2022/02/14-14:41:45: f11-h01-000-6049p.rdu2.scalelab.redhat.com ceph-osd         3.5  0.2 2065056 1015356
ceph-osd         3.5  0.2 2072432 1100320
ceph-osd         3.5  0.2 2061180 1179072
ceph-osd         3.5  0.2 2061584 1017152
ceph-osd         4.0  0.3 2123444 1274900
ceph-osd         3.8  0.2 2076316 1115040
ceph-osd         3.6  0.2 2063300 1012140
ceph-osd         4.0  0.3 2100460 1222272
ceph-osd         9.9  0.2 2422816 1014024
ceph-osd         3.9  0.3 2118576 1262952
ceph-osd         3.8  0.2 2070432 1145872
ceph-osd        25.1  0.3 2317644 1255984
ceph-osd         3.9  0.3 2102416 1233364
ceph-osd         3.7  0.2 2070692 1024604
ceph-osd         3.8  0.2 2074832 1120100
ceph-osd         4.4  0.3 2136272 1285900
ceph-osd         4.0  0.2 2074700 1175740
ceph-osd         3.5  0.2 2058464 1010588
ceph-osd         3.7  0.2 2060496 1177268
ceph-osd         4.0  0.2 2073676 1161980
ceph-osd         9.8  0.2 2334452 1166296
ceph-osd         4.2  0.3 2106572 1226820
ceph-osd         4.0  0.2 2077924 1105240
ceph-osd         9.7  0.2 2331404 1164096
2022/02/14-14:41:45: f11-h05-000-6049p.rdu2.scalelab.redhat.com ceph-osd         4.1  0.2 2081112 1149936
ceph-osd         9.6  0.3 2318424 1307564
ceph-osd         4.1  0.3 2126924 1268228
ceph-osd         3.6  0.2 2060556 1045604
ceph-osd         3.9  0.3 2122112 1257848
ceph-osd         3.7  0.3 2067916 1185624
ceph-osd         4.1  0.3 2121732 1262052
ceph-osd        19.0  0.3 2282856 1196840
ceph-osd         3.7  0.2 2072280 1071932
ceph-osd        18.5  0.2 2366612 933252
ceph-osd         3.5  0.2 2064280 1060668
ceph-osd         3.7  0.2 2066516 1092864
ceph-osd         3.7  0.2 2066556 1132724
ceph-osd         9.9  0.2 2364844 912428
ceph-osd         3.9  0.3 2092260 1218808
ceph-osd         3.9  0.3 2143436 1234936
ceph-osd         3.6  0.2 2068680 1040652
ceph-osd         4.0  0.2 2077900 1143976
ceph-osd         4.0  0.3 2107596 1232156
ceph-osd         4.1  0.3 2127048 1276460
ceph-osd         3.7  0.2 2062536 1064360
ceph-osd         3.7  0.2 2068680 1061692
ceph-osd         3.6  0.2 2063568 1053576
ceph-osd         4.0  0.2 2079964 1067336
2022/02/14-14:41:46: f11-h09-000-6049p.rdu2.scalelab.redhat.com ceph-osd         3.8  0.3 2074968 1203580
ceph-osd         3.4  0.2 2066284 1019664
ceph-osd         3.6  0.2 2071500 1023752
ceph-osd         3.5  0.2 2060556 1050140
ceph-osd         3.6  0.2 2065060 1147284
ceph-osd         9.0  0.2 2329476 1165488
ceph-osd         3.4  0.2 2071528 1071836
ceph-osd         3.5  0.2 2068784 1086768
ceph-osd         3.6  0.2 2071224 1071120
ceph-osd         3.5  0.2 2066356 1116200
ceph-osd         3.6  0.2 2066332 1010540
ceph-osd         3.3  0.2 2068572 994684
ceph-osd         3.8  0.3 2072704 1213660
ceph-osd         3.8  0.2 2075824 1168888
ceph-osd         3.9  0.3 2115788 1272836
ceph-osd         3.4  0.2 2063564 1113524
ceph-osd         3.8  0.3 2103504 1220844
ceph-osd         3.7  0.2 2064980 1036880
ceph-osd         3.8  0.2 2072804 1164120
ceph-osd         4.0  0.3 2073828 1198584
ceph-osd         3.9  0.3 2120932 1268840
ceph-osd         3.4  0.2 2058444 1078492
ceph-osd         3.6  0.3 2060492 1194336
ceph-osd         4.0  0.3 2149584 1255192
2022/02/14-14:41:46: f11-h13-000-6049p.rdu2.scalelab.redhat.com ceph-osd         3.9  0.3 2122448 1260852
ceph-osd         3.4  0.2 2071444 968304
ceph-osd         9.7  0.2 2424168 1012760
ceph-osd         3.4  0.2 2059588 1039140
ceph-osd         3.4  0.2 2063252 1023256
ceph-osd         3.8  0.2 2076228 1053884
ceph-osd         3.6  0.2 2070444 1010316
ceph-osd         3.9  0.2 2071932 1119676
ceph-osd         4.2  0.3 2132736 1282232
ceph-osd         3.5  0.2 2071452 1025956
ceph-osd         3.9  0.3 2123700 1262368
ceph-osd         9.4  0.2 2344576 1182252
ceph-osd         3.9  0.2 2071696 1169064
ceph-osd         3.9  0.3 2106568 1223116
ceph-osd         3.3  0.2 2063588 1083156
ceph-osd         3.6  0.2 2073804 1073052
ceph-osd         3.4  0.2 2059464 1102416
ceph-osd         3.8  0.2 2064616 1066356
ceph-osd         3.8  0.3 2065612 1187280
ceph-osd         4.1  0.3 2102480 1207388
ceph-osd         3.4  0.2 2061516 949552
ceph-osd         9.4  0.2 2334444 1081916
ceph-osd         4.2  0.3 2115812 1228724
ceph-osd         3.6  0.2 2067532 949856
2022/02/14-14:41:46: f11-h17-000-6049p.rdu2.scalelab.redhat.com ceph-osd         3.7  0.2 2079156 1015604
ceph-osd         3.7  0.2 2093852 1162904
ceph-osd         4.0  0.2 2075640 1127960
ceph-osd         3.7  0.2 2064660 1154468
ceph-osd         3.8  0.3 2076080 1211156
ceph-osd         3.7  0.2 2067044 1176644
ceph-osd         3.6  0.2 2077492 1098336
ceph-osd         9.4  0.3 2310380 1223620
ceph-osd         4.2  0.3 2136628 1290492
ceph-osd         9.6  0.2 2343376 1165280
ceph-osd         4.1  0.3 2127768 1281684
ceph-osd         3.4  0.2 2060360 1138752
ceph-osd         4.2  0.3 2083952 1190496
ceph-osd         3.7  0.2 2073768 1084880
ceph-osd         3.8  0.3 2108496 1256708
ceph-osd         3.9  0.3 2069708 1198612
ceph-osd         3.9  0.3 2070608 1203544
ceph-osd         4.0  0.3 2082024 1185244
ceph-osd         4.0  0.3 2069772 1209200
ceph-osd         3.7  0.2 2062544 1144992
ceph-osd         3.5  0.2 2066664 1040256
ceph-osd         3.8  0.2 2076880 1006768
ceph-osd         4.0  0.2 2073804 1141284
ceph-osd         3.7  0.3 2091240 1209256

Site1 buckets (rgw):
2022/02/14-14:41:47: 

Cluster status
  cluster:
    id:     714934ea-8d9b-11ec-bdff-ac1f6b2d5d2a
    health: HEALTH_WARN
            Degraded data redundancy: 2038/25417323 objects degraded (0.008%), 4 pgs degraded
 
  services:
    mon: 3 daemons, quorum f13-h26-b04-5039ms.rdu2.scalelab.redhat.com,f13-h26-b07-5039ms,f13-h26-b08-5039ms (age 55m)
    mgr: f13-h26-b07-5039ms.pesmso(active, since 29m), standbys: f13-h26-b04-5039ms.rdu2.scalelab.redhat.com.vqksdg, f13-h26-b08-5039ms.wnymtd
    osd: 288 osds: 288 up (since 32m), 288 in (since 34m); 10 remapped pgs
    rgw: 12 daemons active (12 hosts, 1 zones)
 
  data:
    pools:   7 pools, 9729 pgs
    objects: 4.24M objects, 59 GiB
    usage:   22 TiB used, 524 TiB / 546 TiB avail
    pgs:     2038/25417323 objects degraded (0.008%)
             1547/25417323 objects misplaced (0.006%)
             9719 active+clean
             6    active+recovering+undersized+remapped
             4    active+recovery_wait+undersized+degraded+remapped
 
  io:
    client:   53 MiB/s rd, 180 MiB/s wr, 54.37k op/s rd, 130.56k op/s wr
    recovery: 1.7 MiB/s, 121 objects/s
 
2022/02/14-14:41:47: ceph df detail --- RAW STORAGE ---
CLASS     SIZE    AVAIL    USED  RAW USED  %RAW USED
hdd    546 TiB  524 TiB  22 TiB    22 TiB       4.03
TOTAL  546 TiB  524 TiB  22 TiB    22 TiB       4.03
 
--- POOLS ---
POOL                       ID   PGS   STORED   (DATA)   (OMAP)  OBJECTS     USED   (DATA)   (OMAP)  %USED  MAX AVAIL  QUOTA OBJECTS  QUOTA BYTES  DIRTY  USED COMPR  UNDER COMPR
device_health_metrics       1     1      0 B      0 B      0 B        0      0 B      0 B      0 B      0    165 TiB            N/A          N/A    N/A         0 B          0 B
default.rgw.control         6   256      0 B      0 B      0 B        8      0 B      0 B      0 B      0    165 TiB            N/A          N/A    N/A         0 B          0 B
default.rgw.buckets.data    7  8192  109 GiB  109 GiB      0 B    4.24M  163 GiB  163 GiB      0 B   0.03    331 TiB            N/A          N/A    N/A         0 B          0 B
default.rgw.buckets.index   8   512  753 MiB      0 B  753 MiB       55  2.2 GiB      0 B  2.2 GiB      0    165 TiB            N/A          N/A    N/A         0 B          0 B
default.rgw.log             9   256  3.6 KiB  3.6 KiB      0 B      177  408 KiB  408 KiB      0 B      0    165 TiB            N/A          N/A    N/A         0 B          0 B
default.rgw.meta           10   256  3.2 KiB  3.2 KiB      0 B       15  168 KiB  168 KiB      0 B      0    165 TiB            N/A          N/A    N/A         0 B          0 B
.rgw.root                  11   256  1.3 KiB  1.3 KiB      0 B        4   48 KiB   48 KiB      0 B      0    165 TiB            N/A          N/A    N/A         0 B          0 B

Site1 pool PG counts:
pool 1 'device_health_metrics' replicated size 3 min_size 2 crush_rule 0 object_hash rjenkins pg_num 1 pgp_num 1 autoscale_mode on last_change 767 flags hashpspool stripe_width 0 pg_num_min 1 application mgr_devicehealth,rgw
pool 6 'default.rgw.control' replicated size 3 min_size 2 crush_rule 0 object_hash rjenkins pg_num 256 pgp_num 256 autoscale_mode on last_change 768 flags hashpspool stripe_width 0 pg_num_min 256 application rgw
pool 7 'default.rgw.buckets.data' erasure profile myprofile size 6 min_size 5 crush_rule 1 object_hash rjenkins pg_num 8192 pgp_num 8192 autoscale_mode on last_change 784 lfor 0/0/782 flags hashpspool stripe_width 16384 pg_num_min 8192 application rgw
pool 8 'default.rgw.buckets.index' replicated size 3 min_size 2 crush_rule 0 object_hash rjenkins pg_num 512 pgp_num 512 autoscale_mode on last_change 770 flags hashpspool stripe_width 0 pg_num_min 512 application rgw
pool 9 'default.rgw.log' replicated size 3 min_size 2 crush_rule 0 object_hash rjenkins pg_num 256 pgp_num 256 autoscale_mode on last_change 771 flags hashpspool stripe_width 0 pg_num_min 256 application rgw
pool 10 'default.rgw.meta' replicated size 3 min_size 2 crush_rule 0 object_hash rjenkins pg_num 256 pgp_num 256 autoscale_mode on last_change 772 flags hashpspool stripe_width 0 pg_num_min 256 application rgw
pool 11 '.rgw.root' replicated size 3 min_size 2 crush_rule 0 object_hash rjenkins pg_num 256 pgp_num 256 autoscale_mode on last_change 773 flags hashpspool stripe_width 0 pg_num_min 256 application rgw


Site1 buckets df
2022/02/14-14:41:48: POOL                       ID   PGS   STORED  OBJECTS     USED  %USED  MAX AVAIL
default.rgw.control         6   256      0 B        8      0 B      0    165 TiB
default.rgw.buckets.data    7  8192  109 GiB    4.24M  163 GiB   0.03    331 TiB
default.rgw.buckets.index   8   512  753 MiB       55  2.2 GiB      0    165 TiB
default.rgw.log             9   256  3.6 KiB      177  408 KiB      0    165 TiB
default.rgw.meta           10   256  3.2 KiB       15  168 KiB      0    165 TiB

OSD/RGW free:
2022/02/14-14:41:48: f10-h01-000-6049p.rdu2.scalelab.redhat.com                total        used        free      shared  buff/cache   available
Mem:          376Gi        29Gi       316Gi       4.1Gi        30Gi       340Gi
Swap:            0B          0B          0B

Ceph osd df:
2022/02/14-14:41:48: ID   CLASS  WEIGHT   REWEIGHT  SIZE     RAW USE  DATA     OMAP     META      AVAIL    %USE  VAR   PGS  STATUS
264    hdd  1.89459   1.00000  1.9 TiB   78 GiB  681 MiB      0 B   935 MiB  1.8 TiB  4.04  1.00  203      up
265    hdd  1.89459   1.00000  1.9 TiB   78 GiB  672 MiB      0 B   928 MiB  1.8 TiB  4.03  1.00  189      up
266    hdd  1.89459   1.00000  1.9 TiB   78 GiB  677 MiB      0 B   928 MiB  1.8 TiB  4.04  1.00  192      up
267    hdd  1.89459   1.00000  1.9 TiB   78 GiB  718 MiB      0 B   988 MiB  1.8 TiB  4.04  1.00  198      up
268    hdd  1.89459   1.00000  1.9 TiB   78 GiB  658 MiB      0 B   894 MiB  1.8 TiB  4.03  1.00  179      up
269    hdd  1.89459   1.00000  1.9 TiB   78 GiB  605 MiB      0 B   830 MiB  1.8 TiB  4.03  1.00  170      up
270    hdd  1.89459   1.00000  1.9 TiB   78 GiB  711 MiB      0 B   985 MiB  1.8 TiB  4.04  1.00  199      up
271    hdd  1.89459   1.00000  1.9 TiB   78 GiB  691 MiB      0 B   951 MiB  1.8 TiB  4.04  1.00  190      up
272    hdd  1.89459   1.00000  1.9 TiB   78 GiB  651 MiB      0 B   897 MiB  1.8 TiB  4.03  1.00  188      up
273    hdd  1.89459   1.00000  1.9 TiB   78 GiB  604 MiB      0 B   830 MiB  1.8 TiB  4.03  1.00  172      up
274    hdd  1.89459   1.00000  1.9 TiB   78 GiB  665 MiB      0 B   915 MiB  1.8 TiB  4.03  1.00  180      up
275    hdd  1.89459   1.00000  1.9 TiB   78 GiB  606 MiB      0 B   827 MiB  1.8 TiB  4.03  1.00  172      up
276    hdd  1.89459   1.00000  1.9 TiB   78 GiB  604 MiB   56 MiB   1.0 GiB  1.8 TiB  4.03  1.00  175      up
277    hdd  1.89459   1.00000  1.9 TiB   78 GiB  657 MiB      0 B   900 MiB  1.8 TiB  4.03  1.00  186      up
278    hdd  1.89459   1.00000  1.9 TiB   78 GiB  709 MiB      0 B   975 MiB  1.8 TiB  4.04  1.00  200      up
279    hdd  1.89459   1.00000  1.9 TiB   78 GiB  657 MiB      0 B   901 MiB  1.8 TiB  4.03  1.00  182      up
280    hdd  1.89459   1.00000  1.9 TiB   78 GiB  688 MiB      0 B   942 MiB  1.8 TiB  4.04  1.00  191      up
281    hdd  1.89459   1.00000  1.9 TiB   78 GiB  702 MiB      0 B   977 MiB  1.8 TiB  4.04  1.00  198      up
282    hdd  1.89459   1.00000  1.9 TiB   78 GiB  609 MiB      0 B   835 MiB  1.8 TiB  4.03  1.00  174      up
283    hdd  1.89459   1.00000  1.9 TiB   78 GiB  605 MiB   56 MiB   1.0 GiB  1.8 TiB  4.03  1.00  169      up
284    hdd  1.89459   1.00000  1.9 TiB   78 GiB  712 MiB      0 B   976 MiB  1.8 TiB  4.04  1.00  198      up
285    hdd  1.89459   1.00000  1.9 TiB   78 GiB  664 MiB      0 B   906 MiB  1.8 TiB  4.03  1.00  188      up
286    hdd  1.89459   1.00000  1.9 TiB   78 GiB  643 MiB      0 B   882 MiB  1.8 TiB  4.03  1.00  183      up
287    hdd  1.89459   1.00000  1.9 TiB   78 GiB  628 MiB      0 B   849 MiB  1.8 TiB  4.03  1.00  175      up
  8    hdd  1.89459   1.00000  1.9 TiB   78 GiB  678 MiB      0 B   942 MiB  1.8 TiB  4.04  1.00  189      up
 11    hdd  1.89459   1.00000  1.9 TiB   78 GiB  621 MiB      0 B   854 MiB  1.8 TiB  4.03  1.00  176      up
 20    hdd  1.89459   1.00000  1.9 TiB   78 GiB  668 MiB      0 B   920 MiB  1.8 TiB  4.03  1.00  186      up
 30    hdd  1.89459   1.00000  1.9 TiB   78 GiB  687 MiB      0 B   943 MiB  1.8 TiB  4.04  1.00  197      up
 40    hdd  1.89459   1.00000  1.9 TiB   78 GiB  651 MiB   54 MiB   1.1 GiB  1.8 TiB  4.03  1.00  183      up
 50    hdd  1.89459   1.00000  1.9 TiB   78 GiB  624 MiB      0 B   850 MiB  1.8 TiB  4.03  1.00  173      up
 60    hdd  1.89459   1.00000  1.9 TiB   78 GiB  613 MiB      0 B   832 MiB  1.8 TiB  4.03  1.00  180      up
 70    hdd  1.89459   1.00000  1.9 TiB   78 GiB  593 MiB      0 B   809 MiB  1.8 TiB  4.03  1.00  163      up
 80    hdd  1.89459   1.00000  1.9 TiB   78 GiB  653 MiB      0 B   897 MiB  1.8 TiB  4.03  1.00  192      up
 90    hdd  1.89459   1.00000  1.9 TiB   78 GiB  639 MiB      0 B   872 MiB  1.8 TiB  4.03  1.00  191      up
100    hdd  1.89459   1.00000  1.9 TiB   78 GiB  686 MiB      0 B   951 MiB  1.8 TiB  4.04  1.00  194      up
110    hdd  1.89459   1.00000  1.9 TiB   78 GiB  588 MiB      0 B   797 MiB  1.8 TiB  4.03  1.00  170      up
120    hdd  1.89459   1.00000  1.9 TiB   78 GiB  687 MiB      0 B   948 MiB  1.8 TiB  4.04  1.00  191      up
130    hdd  1.89459   1.00000  1.9 TiB   78 GiB  715 MiB      0 B   993 MiB  1.8 TiB  4.04  1.00  206      up
140    hdd  1.89459   1.00000  1.9 TiB   78 GiB  626 MiB      0 B   860 MiB  1.8 TiB  4.03  1.00  177      up
150    hdd  1.89459   1.00000  1.9 TiB   78 GiB  688 MiB      0 B   939 MiB  1.8 TiB  4.04  1.00  195      up
160    hdd  1.89459   1.00000  1.9 TiB   78 GiB  630 MiB  211 MiB   477 MiB  1.8 TiB  4.03  1.00  176      up
170    hdd  1.89459   1.00000  1.9 TiB   78 GiB  591 MiB      0 B   809 MiB  1.8 TiB  4.03  1.00  168      up
180    hdd  1.89459   1.00000  1.9 TiB   78 GiB  604 MiB      0 B   819 MiB  1.8 TiB  4.03  1.00  165      up
190    hdd  1.89459   1.00000  1.9 TiB   78 GiB  656 MiB      0 B   907 MiB  1.8 TiB  4.03  1.00  186      up
200    hdd  1.89459   1.00000  1.9 TiB   78 GiB  685 MiB      0 B   949 MiB  1.8 TiB  4.04  1.00  193      up
210    hdd  1.89459   1.00000  1.9 TiB   78 GiB  615 MiB      0 B   837 MiB  1.8 TiB  4.03  1.00  183      up
220    hdd  1.89459   1.00000  1.9 TiB   78 GiB  616 MiB      0 B   843 MiB  1.8 TiB  4.03  1.00  170      up
230    hdd  1.89459   1.00000  1.9 TiB   78 GiB  709 MiB      0 B   971 MiB  1.8 TiB  4.04  1.00  199      up
  3    hdd  1.89459   1.00000  1.9 TiB   78 GiB  693 MiB      0 B   954 MiB  1.8 TiB  4.04  1.00  201      up
 15    hdd  1.89459   1.00000  1.9 TiB   78 GiB  694 MiB      0 B   958 MiB  1.8 TiB  4.04  1.00  205      up
 24    hdd  1.89459   1.00000  1.9 TiB   78 GiB  650 MiB      0 B   894 MiB  1.8 TiB  4.03  1.00  177      up
 34    hdd  1.89459   1.00000  1.9 TiB   78 GiB  653 MiB      0 B   895 MiB  1.8 TiB  4.03  1.00  187      up
 46    hdd  1.89459   1.00000  1.9 TiB   78 GiB  622 MiB      0 B   856 MiB  1.8 TiB  4.03  1.00  174      up
 54    hdd  1.89459   1.00000  1.9 TiB   78 GiB  672 MiB      0 B   919 MiB  1.8 TiB  4.03  1.00  194      up
 64    hdd  1.89459   1.00000  1.9 TiB   78 GiB  655 MiB      0 B   899 MiB  1.8 TiB  4.03  1.00  182      up
 75    hdd  1.89459   1.00000  1.9 TiB   78 GiB  623 MiB      0 B   848 MiB  1.8 TiB  4.03  1.00  176      up
 84    hdd  1.89459   1.00000  1.9 TiB   78 GiB  682 MiB      0 B   937 MiB  1.8 TiB  4.04  1.00  196      up
 94    hdd  1.89459   1.00000  1.9 TiB   78 GiB  702 MiB      0 B   963 MiB  1.8 TiB  4.04  1.00  192      up
104    hdd  1.89459   1.00000  1.9 TiB   78 GiB  659 MiB      0 B   906 MiB  1.8 TiB  4.03  1.00  190      up
114    hdd  1.89459   1.00000  1.9 TiB   78 GiB  645 MiB      0 B   878 MiB  1.8 TiB  4.03  1.00  185      up
124    hdd  1.89459   1.00000  1.9 TiB   78 GiB  642 MiB   55 MiB   1.1 GiB  1.8 TiB  4.03  1.00  183      up
134    hdd  1.89459   1.00000  1.9 TiB   78 GiB  695 MiB      0 B   957 MiB  1.8 TiB  4.04  1.00  194      up
144    hdd  1.89459   1.00000  1.9 TiB   78 GiB  621 MiB   55 MiB   1.0 GiB  1.8 TiB  4.03  1.00  180      up
154    hdd  1.89459   1.00000  1.9 TiB   78 GiB  662 MiB      0 B   906 MiB  1.8 TiB  4.03  1.00  182      up
164    hdd  1.89459   1.00000  1.9 TiB   78 GiB  704 MiB      0 B   972 MiB  1.8 TiB  4.04  1.00  203      up
174    hdd  1.89459   1.00000  1.9 TiB   78 GiB  681 MiB      0 B   931 MiB  1.8 TiB  4.04  1.00  185      up
184    hdd  1.89459   1.00000  1.9 TiB   78 GiB  633 MiB      0 B   868 MiB  1.8 TiB  4.03  1.00  176      up
194    hdd  1.89459   1.00000  1.9 TiB   78 GiB  696 MiB      0 B   965 MiB  1.8 TiB  4.04  1.00  192      up
204    hdd  1.89459   1.00000  1.9 TiB   78 GiB  667 MiB      0 B   912 MiB  1.8 TiB  4.03  1.00  190      up
214    hdd  1.89459   1.00000  1.9 TiB   78 GiB  628 MiB      0 B   856 MiB  1.8 TiB  4.03  1.00  170      up
224    hdd  1.89459   1.00000  1.9 TiB   78 GiB  632 MiB   55 MiB   1.1 GiB  1.8 TiB  4.03  1.00  176      up
234    hdd  1.89459   1.00000  1.9 TiB   78 GiB  657 MiB      0 B   901 MiB  1.8 TiB  4.03  1.00  187      up
  7    hdd  1.89459   1.00000  1.9 TiB   78 GiB  709 MiB      0 B   983 MiB  1.8 TiB  4.04  1.00  203      up
 17    hdd  1.89459   1.00000  1.9 TiB   78 GiB  667 MiB      0 B   925 MiB  1.8 TiB  4.03  1.00  193      up
 27    hdd  1.89459   1.00000  1.9 TiB   78 GiB  619 MiB      0 B   853 MiB  1.8 TiB  4.03  1.00  180      up
 31    hdd  1.89459   1.00000  1.9 TiB   78 GiB  712 MiB      0 B   981 MiB  1.8 TiB  4.04  1.00  199      up
 41    hdd  1.89459   1.00000  1.9 TiB   78 GiB  667 MiB      0 B   917 MiB  1.8 TiB  4.03  1.00  191      up
 51    hdd  1.89459   1.00000  1.9 TiB   78 GiB  647 MiB      0 B   889 MiB  1.8 TiB  4.03  1.00  184      up
 61    hdd  1.89459   1.00000  1.9 TiB   78 GiB  712 MiB      0 B   983 MiB  1.8 TiB  4.04  1.00  203      up
 71    hdd  1.89459   1.00000  1.9 TiB   78 GiB  624 MiB      0 B   846 MiB  1.8 TiB  4.03  1.00  180      up
 81    hdd  1.89459   1.00000  1.9 TiB   78 GiB  709 MiB  105 MiB   671 MiB  1.8 TiB  4.04  1.00  204      up
 91    hdd  1.89459   1.00000  1.9 TiB   78 GiB  698 MiB      0 B   957 MiB  1.8 TiB  4.04  1.00  197      up
101    hdd  1.89459   1.00000  1.9 TiB   78 GiB  691 MiB      0 B   949 MiB  1.8 TiB  4.04  1.00  192      up
111    hdd  1.89459   1.00000  1.9 TiB   78 GiB  662 MiB      0 B   914 MiB  1.8 TiB  4.03  1.00  186      up
121    hdd  1.89459   1.00000  1.9 TiB   78 GiB  661 MiB      0 B   898 MiB  1.8 TiB  4.03  1.00  188      up
131    hdd  1.89459   1.00000  1.9 TiB   78 GiB  699 MiB      0 B   967 MiB  1.8 TiB  4.04  1.00  200      up
141    hdd  1.89459   1.00000  1.9 TiB   78 GiB  623 MiB      0 B   857 MiB  1.8 TiB  4.03  1.00  177      up
151    hdd  1.89459   1.00000  1.9 TiB   78 GiB  707 MiB      0 B   977 MiB  1.8 TiB  4.04  1.00  210      up
161    hdd  1.89459   1.00000  1.9 TiB   78 GiB  621 MiB      0 B   845 MiB  1.8 TiB  4.03  1.00  174      up
171    hdd  1.89459   1.00000  1.9 TiB   78 GiB  622 MiB      0 B   845 MiB  1.8 TiB  4.03  1.00  172      up
181    hdd  1.89459   1.00000  1.9 TiB   78 GiB  627 MiB      0 B   858 MiB  1.8 TiB  4.03  1.00  178      up
191    hdd  1.89459   1.00000  1.9 TiB   78 GiB  630 MiB      0 B   864 MiB  1.8 TiB  4.03  1.00  175      up
201    hdd  1.89459   1.00000  1.9 TiB   78 GiB  669 MiB      0 B   927 MiB  1.8 TiB  4.03  1.00  190      up
211    hdd  1.89459   1.00000  1.9 TiB   78 GiB  692 MiB      0 B   954 MiB  1.8 TiB  4.04  1.00  199      up
221    hdd  1.89459   1.00000  1.9 TiB   78 GiB  633 MiB      0 B   867 MiB  1.8 TiB  4.03  1.00  186      up
232    hdd  1.89459   1.00000  1.9 TiB   78 GiB  624 MiB      0 B   846 MiB  1.8 TiB  4.03  1.00  176      up
  9    hdd  1.89459   1.00000  1.9 TiB   78 GiB  614 MiB      0 B   840 MiB  1.8 TiB  4.03  1.00  179      up
 18    hdd  1.89459   1.00000  1.9 TiB   78 GiB  698 MiB      0 B   968 MiB  1.8 TiB  4.04  1.00  198      up
 28    hdd  1.89459   1.00000  1.9 TiB   78 GiB  614 MiB      0 B   831 MiB  1.8 TiB  4.03  1.00  175      up
 39    hdd  1.89459   1.00000  1.9 TiB   78 GiB  617 MiB      0 B   838 MiB  1.8 TiB  4.03  1.00  170      up
 49    hdd  1.89459   1.00000  1.9 TiB   78 GiB  646 MiB      0 B   889 MiB  1.8 TiB  4.03  1.00  185      up
 59    hdd  1.89459   1.00000  1.9 TiB   78 GiB  628 MiB      0 B   855 MiB  1.8 TiB  4.03  1.00  177      up
 69    hdd  1.89459   1.00000  1.9 TiB   78 GiB  678 MiB      0 B   931 MiB  1.8 TiB  4.04  1.00  193      up
 79    hdd  1.89459   1.00000  1.9 TiB   78 GiB  664 MiB      0 B   910 MiB  1.8 TiB  4.03  1.00  191      up
 89    hdd  1.89459   1.00000  1.9 TiB   78 GiB  628 MiB      0 B   862 MiB  1.8 TiB  4.03  1.00  186      up
 99    hdd  1.89459   1.00000  1.9 TiB   78 GiB  690 MiB      0 B   953 MiB  1.8 TiB  4.04  1.00  196      up
109    hdd  1.89459   1.00000  1.9 TiB   78 GiB  651 MiB      0 B   897 MiB  1.8 TiB  4.03  1.00  191      up
119    hdd  1.89459   1.00000  1.9 TiB   78 GiB  718 MiB      0 B   995 MiB  1.8 TiB  4.04  1.00  205      up
129    hdd  1.89459   1.00000  1.9 TiB   78 GiB  696 MiB      0 B   961 MiB  1.8 TiB  4.04  1.00  199      up
139    hdd  1.89459   1.00000  1.9 TiB   78 GiB  617 MiB      0 B   832 MiB  1.8 TiB  4.03  1.00  175      up
149    hdd  1.89459   1.00000  1.9 TiB   78 GiB  710 MiB  105 MiB   687 MiB  1.8 TiB  4.04  1.00  198      up
159    hdd  1.89459   1.00000  1.9 TiB   78 GiB  677 MiB      0 B   933 MiB  1.8 TiB  4.04  1.00  188      up
169    hdd  1.89459   1.00000  1.9 TiB   78 GiB  655 MiB      0 B   901 MiB  1.8 TiB  4.03  1.00  194      up
179    hdd  1.89459   1.00000  1.9 TiB   78 GiB  642 MiB   54 MiB   1.1 GiB  1.8 TiB  4.03  1.00  185      up
189    hdd  1.89459   1.00000  1.9 TiB   78 GiB  653 MiB      0 B   894 MiB  1.8 TiB  4.03  1.00  182      up
199    hdd  1.89459   1.00000  1.9 TiB   78 GiB  651 MiB      0 B   891 MiB  1.8 TiB  4.03  1.00  186      up
209    hdd  1.89459   1.00000  1.9 TiB   78 GiB  717 MiB      0 B   986 MiB  1.8 TiB  4.04  1.00  208      up
219    hdd  1.89459   1.00000  1.9 TiB   78 GiB  703 MiB  105 MiB   663 MiB  1.8 TiB  4.04  1.00  199      up
229    hdd  1.89459   1.00000  1.9 TiB   78 GiB  715 MiB      0 B   980 MiB  1.8 TiB  4.04  1.00  202      up
239    hdd  1.89459   1.00000  1.9 TiB   78 GiB  651 MiB      0 B   890 MiB  1.8 TiB  4.03  1.00  189      up
  2    hdd  1.89459   1.00000  1.9 TiB   78 GiB  641 MiB      0 B   883 MiB  1.8 TiB  4.03  1.00  179      up
 13    hdd  1.89459   1.00000  1.9 TiB   78 GiB  642 MiB      0 B   881 MiB  1.8 TiB  4.03  1.00  184      up
 26    hdd  1.89459   1.00000  1.9 TiB   78 GiB  702 MiB      0 B   966 MiB  1.8 TiB  4.04  1.00  198      up
 36    hdd  1.89459   1.00000  1.9 TiB   78 GiB  706 MiB      0 B   976 MiB  1.8 TiB  4.04  1.00  199      up
 43    hdd  1.89459   1.00000  1.9 TiB   78 GiB  628 MiB      0 B   866 MiB  1.8 TiB  4.03  1.00  177      up
 52    hdd  1.89459   1.00000  1.9 TiB   78 GiB  640 MiB      0 B   879 MiB  1.8 TiB  4.03  1.00  185      up
 63    hdd  1.89459   1.00000  1.9 TiB   78 GiB  695 MiB      0 B   958 MiB  1.8 TiB  4.04  1.00  194      up
 73    hdd  1.89459   1.00000  1.9 TiB   78 GiB  628 MiB   55 MiB   1.1 GiB  1.8 TiB  4.03  1.00  188      up
 83    hdd  1.89459   1.00000  1.9 TiB   78 GiB  713 MiB      0 B   986 MiB  1.8 TiB  4.04  1.00  201      up
 93    hdd  1.89459   1.00000  1.9 TiB   78 GiB  646 MiB      0 B   890 MiB  1.8 TiB  4.03  1.00  183      up
103    hdd  1.89459   1.00000  1.9 TiB   78 GiB  711 MiB      0 B   975 MiB  1.8 TiB  4.04  1.00  200      up
113    hdd  1.89459   1.00000  1.9 TiB   78 GiB  602 MiB   56 MiB   1.0 GiB  1.8 TiB  4.03  1.00  168      up
122    hdd  1.89459   1.00000  1.9 TiB   78 GiB  654 MiB   54 MiB   1.1 GiB  1.8 TiB  4.03  1.00  191      up
132    hdd  1.89459   1.00000  1.9 TiB   78 GiB  680 MiB  107 MiB   584 MiB  1.8 TiB  4.04  1.00  190      up
142    hdd  1.89459   1.00000  1.9 TiB   78 GiB  603 MiB   56 MiB   1.0 GiB  1.8 TiB  4.03  1.00  174      up
152    hdd  1.89459   1.00000  1.9 TiB   78 GiB  660 MiB      0 B   902 MiB  1.8 TiB  4.03  1.00  187      up
162    hdd  1.89459   1.00000  1.9 TiB   78 GiB  665 MiB      0 B   917 MiB  1.8 TiB  4.03  1.00  190      up
172    hdd  1.89459   1.00000  1.9 TiB   78 GiB  675 MiB      0 B   920 MiB  1.8 TiB  4.04  1.00  192      up
182    hdd  1.89459   1.00000  1.9 TiB   78 GiB  685 MiB      0 B   949 MiB  1.8 TiB  4.04  1.00  190      up
192    hdd  1.89459   1.00000  1.9 TiB   78 GiB  696 MiB      0 B   966 MiB  1.8 TiB  4.04  1.00  201      up
202    hdd  1.89459   1.00000  1.9 TiB   78 GiB  696 MiB      0 B   958 MiB  1.8 TiB  4.04  1.00  202      up
212    hdd  1.89459   1.00000  1.9 TiB   78 GiB  624 MiB      0 B   856 MiB  1.8 TiB  4.03  1.00  181      up
222    hdd  1.89459   1.00000  1.9 TiB   78 GiB  630 MiB      0 B   863 MiB  1.8 TiB  4.03  1.00  178      up
231    hdd  1.89459   1.00000  1.9 TiB   78 GiB  630 MiB      0 B   864 MiB  1.8 TiB  4.03  1.00  186      up
240    hdd  1.89459   1.00000  1.9 TiB   78 GiB  599 MiB      0 B   815 MiB  1.8 TiB  4.03  1.00  170      up
241    hdd  1.89459   1.00000  1.9 TiB   78 GiB  644 MiB      0 B   889 MiB  1.8 TiB  4.03  1.00  191      up
242    hdd  1.89459   1.00000  1.9 TiB   78 GiB  640 MiB      0 B   878 MiB  1.8 TiB  4.03  1.00  180      up
243    hdd  1.89459   1.00000  1.9 TiB   78 GiB  677 MiB      0 B   926 MiB  1.8 TiB  4.04  1.00  199      up
244    hdd  1.89459   1.00000  1.9 TiB   78 GiB  713 MiB      0 B   990 MiB  1.8 TiB  4.04  1.00  204      up
245    hdd  1.89459   1.00000  1.9 TiB   78 GiB  656 MiB      0 B   897 MiB  1.8 TiB  4.03  1.00  186      up
246    hdd  1.89459   1.00000  1.9 TiB   78 GiB  652 MiB      0 B   897 MiB  1.8 TiB  4.03  1.00  183      up
247    hdd  1.89459   1.00000  1.9 TiB   78 GiB  678 MiB      0 B   934 MiB  1.8 TiB  4.04  1.00  189      up
248    hdd  1.89459   1.00000  1.9 TiB   78 GiB  622 MiB      0 B   848 MiB  1.8 TiB  4.03  1.00  171      up
249    hdd  1.89459   1.00000  1.9 TiB   78 GiB  706 MiB      0 B   968 MiB  1.8 TiB  4.04  1.00  209      up
250    hdd  1.89459   1.00000  1.9 TiB   78 GiB  610 MiB      0 B   835 MiB  1.8 TiB  4.03  1.00  169      up
251    hdd  1.89459   1.00000  1.9 TiB   78 GiB  608 MiB      0 B   825 MiB  1.8 TiB  4.03  1.00  176      up
252    hdd  1.89459   1.00000  1.9 TiB   78 GiB  647 MiB      0 B   885 MiB  1.8 TiB  4.03  1.00  179      up
253    hdd  1.89459   1.00000  1.9 TiB   78 GiB  621 MiB      0 B   847 MiB  1.8 TiB  4.03  1.00  175      up
254    hdd  1.89459   1.00000  1.9 TiB   78 GiB  696 MiB      0 B   952 MiB  1.8 TiB  4.04  1.00  199      up
255    hdd  1.89459   1.00000  1.9 TiB   78 GiB  713 MiB      0 B   978 MiB  1.8 TiB  4.04  1.00  200      up
256    hdd  1.89459   1.00000  1.9 TiB   78 GiB  600 MiB      0 B   816 MiB  1.8 TiB  4.03  1.00  172      up
257    hdd  1.89459   1.00000  1.9 TiB   78 GiB  613 MiB      0 B   839 MiB  1.8 TiB  4.03  1.00  167      up
258    hdd  1.89459   1.00000  1.9 TiB   78 GiB  600 MiB      0 B   814 MiB  1.8 TiB  4.03  1.00  170      up
259    hdd  1.89459   1.00000  1.9 TiB   78 GiB  593 MiB      0 B   808 MiB  1.8 TiB  4.03  1.00  177      up
260    hdd  1.89459   1.00000  1.9 TiB   78 GiB  662 MiB      0 B   902 MiB  1.8 TiB  4.03  1.00  193      up
261    hdd  1.89459   1.00000  1.9 TiB   78 GiB  592 MiB      0 B   804 MiB  1.8 TiB  4.03  1.00  175      up
262    hdd  1.89459   1.00000  1.9 TiB   78 GiB  700 MiB  205 MiB   553 MiB  1.8 TiB  4.04  1.00  198      up
263    hdd  1.89459   1.00000  1.9 TiB   78 GiB  717 MiB      0 B   985 MiB  1.8 TiB  4.04  1.00  196      up
  5    hdd  1.89459   1.00000  1.9 TiB   78 GiB  681 MiB      0 B   938 MiB  1.8 TiB  4.04  1.00  190      up
 16    hdd  1.89459   1.00000  1.9 TiB   78 GiB  609 MiB      0 B   832 MiB  1.8 TiB  4.03  1.00  171      up
 25    hdd  1.89459   1.00000  1.9 TiB   78 GiB  712 MiB      0 B   982 MiB  1.8 TiB  4.04  1.00  202      up
 35    hdd  1.89459   1.00000  1.9 TiB   78 GiB  677 MiB      0 B   929 MiB  1.8 TiB  4.04  1.00  195      up
 45    hdd  1.89459   1.00000  1.9 TiB   78 GiB  614 MiB      0 B   835 MiB  1.8 TiB  4.03  1.00  176      up
 56    hdd  1.89459   1.00000  1.9 TiB   78 GiB  671 MiB      0 B   927 MiB  1.8 TiB  4.03  1.00  190      up
 65    hdd  1.89459   1.00000  1.9 TiB   78 GiB  613 MiB   56 MiB   1.0 GiB  1.8 TiB  4.03  1.00  179      up
 74    hdd  1.89459   1.00000  1.9 TiB   78 GiB  696 MiB      0 B   958 MiB  1.8 TiB  4.04  1.00  198      up
 85    hdd  1.89459   1.00000  1.9 TiB   78 GiB  645 MiB      0 B   877 MiB  1.8 TiB  4.03  1.00  180      up
 96    hdd  1.89459   1.00000  1.9 TiB   78 GiB  610 MiB   56 MiB   1.0 GiB  1.8 TiB  4.03  1.00  180      up
107    hdd  1.89459   1.00000  1.9 TiB   78 GiB  614 MiB      0 B   830 MiB  1.8 TiB  4.03  1.00  178      up
117    hdd  1.89459   1.00000  1.9 TiB   78 GiB  643 MiB      0 B   878 MiB  1.8 TiB  4.03  1.00  189      up
127    hdd  1.89459   1.00000  1.9 TiB   78 GiB  681 MiB      0 B   944 MiB  1.8 TiB  4.04  1.00  191      up
136    hdd  1.89459   1.00000  1.9 TiB   78 GiB  616 MiB      0 B   838 MiB  1.8 TiB  4.03  1.00  175      up
146    hdd  1.89459   1.00000  1.9 TiB   78 GiB  714 MiB      0 B   986 MiB  1.8 TiB  4.04  1.00  202      up
