2022/02/15-07:08:55: runIOworkload.sh - Created logfile: ./RESULTS/runIOworkload.sh_20220215-070853.log
Runtime Environment:
Linux f10-h29-b02-5039ms.rdu2.scalelab.redhat.com 4.18.0-348.el8.x86_64 #1 SMP Mon Oct 4 12:17:22 EDT 2021 x86_64 x86_64 x86_64 GNU/Linux
Red Hat Enterprise Linux release 8.5 (Ootpa)
ceph version 16.2.7-57.el8cp (a42515fd9a72aa3c6b30fad6daefa7903be5e2cd) pacific (stable)
2022/02/15-07:08:55: > runmode=containerized
Key Variable Values:
2022/02/15-07:08:55: > pollinterval=300
2022/02/15-07:08:55: > RESULTSDIR=./RESULTS
Cluster variable settings:
2022/02/15-07:08:55: > MONhostname=f13-h26-b04-5039ms.rdu2.scalelab.redhat.com
2022/02/15-07:08:55: > RGWhostname=f10-h01-000-6049p.rdu2.scalelab.redhat.com
2022/02/15-07:08:55: ---------------------------------
2022/02/15-07:08:55: BEGIN /root/git_repo/DFGRGWtest/RGWtest/measure.xml contents:
<?xml version="1.0" encoding="UTF-8" ?>
<workload name="hybridSS" description="RGW testing">


<!-- Initialization -->
  <storage type="s3" config="timeout=900000;accesskey=QYLQY42BVR4ZNDFXV2Z9;secretkey=bxkNdZPUdQAkT3nApFL5QBAtOQ6ywtGl2UaE0vnk;endpoint=http://localhost:5000;path_style_access=true"/>
  <auth type="none"/>

  <workflow>

<!-- Use operation mix & object sizes as defined in vars.shinc	 -->

    <workstage name="MAIN">
        <work name="hybrid" workers="1988" runtime="3600" >
            <operation name="writeOP" type="write" ratio="36" config="containers=u(1,2);objects=u(1,75000000);sizes=h(1|2|25,2|4|40,4|8|25,8|256|10)KB" />
            <operation name="deleteOP" type="delete" ratio="5" config="containers=u(1,2);objects=u(1,75000000);sizes=h(1|2|25,2|4|40,4|8|25,8|256|10)KB" />
	    <operation name="readOP" type="read" ratio="44" config="containers=u(3,5);objects=u(1,75000000);hashCheck=true" />
            <operation name="listOP" type="list" ratio="15" config="containers=u(3,5);objects=u(1,75000000);hashCheck=true" />
        </work>
    </workstage>

  </workflow>

</workload>
2022/02/15-07:08:55: END /root/git_repo/DFGRGWtest/RGWtest/measure.xml
2022/02/15-07:08:55: 
CLASS     SIZE    AVAIL    USED  RAW USED  %RAW USED
TOTAL  546 TiB  510 TiB  36 TiB    36 TiB       6.59
POOL                       ID   PGS   STORED  OBJECTS     USED  %USED  MAX AVAIL
GC: 2022/02/15-07:08:57: Pending GC's == 1
2022/02/15-07:08:57: START: poll backgrd process
2022/02/15-07:08:58: ** POLL started

ceph balancer status
{
    "active": true,
    "last_optimize_duration": "0:00:00.117734",
    "last_optimize_started": "Tue Feb 15 07:08:37 2022",
    "mode": "upmap",
    "optimize_result": "Unable to find further optimization, or pool(s) pg_num is decreasing, or distribution is already perfect",
    "plans": []
}
2022/02/15-07:08:59: POLL backgrd processID 710744
2022/02/15-07:08:59: START: cosbench launched
2022/02/15-07:09:00: OSD Settings:      "bluefs_buffered_io": "true",
    "bluestore_cache_trim_max_skip_pinned": "1000",
    "bluestore_rocksdb_options": "compression=kNoCompression,max_write_buffer_number=4,min_write_buffer_number_to_merge=1,recycle_log_file_num=4,write_buffer_size=268435456,writable_file_max_buffer_size=0,compaction_readahead_size=2097152,max_background_compactions=2,max_total_wal_size=1073741824",
    "bluestore_rocksdb_options_annex": "",
    "debug_objclass": "0/5",
    "log_to_file": "true",
    "mon_cluster_log_to_file": "true",
    "osd_crush_initial_weight": "-1.000000",
    "osd_deep_scrub_interval": "604800.000000",
    "osd_deep_scrub_large_omap_object_key_threshold": "200000",
    "osd_delete_sleep": "0.000000",
    "osd_delete_sleep_hdd": "5.000000",
    "osd_delete_sleep_hybrid": "1.000000",
    "osd_delete_sleep_ssd": "1.000000",
    "osd_max_backfills": "1",
    "osd_max_scrubs": "1",
    "osd_memory_target": "4294967296",
    "osd_memory_target_autotune": "false",
    "osd_memory_target_cgroup_limit_ratio": "0.800000",
    "osd_op_thread_timeout": "15",
    "osd_recovery_max_omap_entries_per_chunk": "8096",
    "osd_scrub_auto_repair": "false",
    "osd_scrub_auto_repair_num_errors": "5",
    "osd_scrub_begin_hour": "0",
    "osd_scrub_during_recovery": "false",
    "osd_scrub_end_hour": "0",
    "osd_scrub_max_interval": "604800.000000",
    "osd_scrub_sleep": "0.000000",
    "rocksdb_cache_size": "536870912",
2022/02/15-07:09:00: RGW Settings:      "debug_ms": "0/0",
    "debug_rgw": "1/5",
    "debug_rgw_sync": "1/5",
    "log_to_file": "true",
    "mon_cluster_log_to_file": "true",
    "rgw_dynamic_resharding": "true",
    "rgw_frontend_defaults": "beast ssl_certificate=config://rgw/cert/$realm/$zone.crt ssl_private_key=config://rgw/cert/$realm/$zone.key",
    "rgw_frontends": "beast endpoint=172.17.36.220:8080",
    "rgw_gc_max_concurrent_io": "10",
    "rgw_gc_max_deferred": "50",
    "rgw_gc_max_deferred_entries_size": "3072",
    "rgw_gc_max_objs": "32",
    "rgw_gc_max_queue_size": "134213632",
    "rgw_gc_max_trim_chunk": "16",
    "rgw_gc_obj_min_wait": "7200",
    "rgw_gc_processor_max_time": "3600",
    "rgw_gc_processor_period": "3600",
    "rgw_max_concurrent_requests": "2048",
    "rgw_override_bucket_index_max_shards": "0",
    "rgw_run_sync_thread": "true",
    "rgw_thread_pool_size": "1024",
2022/02/15-07:09:00: Accepted with ID: w8
2022/02/15-07:09:00: COSbench jobID is: w8 - Started

OSD swapon -s ...
f11-h13-000-6049p.rdu2.scalelab.redhat.com | CHANGED | rc=0 | (stdout) 
f11-h05-000-6049p.rdu2.scalelab.redhat.com | CHANGED | rc=0 | (stdout) 
f11-h17-000-6049p.rdu2.scalelab.redhat.com | CHANGED | rc=0 | (stdout) 
f11-h01-000-6049p.rdu2.scalelab.redhat.com | CHANGED | rc=0 | (stdout) 
f11-h09-000-6049p.rdu2.scalelab.redhat.com | CHANGED | rc=0 | (stdout) 
f10-h01-000-6049p.rdu2.scalelab.redhat.com | CHANGED | rc=0 | (stdout) 
f10-h09-000-6049p.rdu2.scalelab.redhat.com | CHANGED | rc=0 | (stdout) 
f10-h13-000-6049p.rdu2.scalelab.redhat.com | CHANGED | rc=0 | (stdout) 
f10-h05-000-6049p.rdu2.scalelab.redhat.com | CHANGED | rc=0 | (stdout) 
f10-h17-000-6049p.rdu2.scalelab.redhat.com | CHANGED | rc=0 | (stdout) 
f10-h21-000-6049p.rdu2.scalelab.redhat.com | CHANGED | rc=0 | (stdout) 
f10-h25-000-6049p.rdu2.scalelab.redhat.com | CHANGED | rc=0 | (stdout) 

2022/02/15-07:09:05: %RAW USED 6.59; Pending GCs 

--------------------------------------------------------

2022/02/15-07:09:08: RESHARD Queue Length 1
2022/02/15-07:09:08: RESHARD List []

LA: 2022/02/15-07:09:09:   4.18, 3.00, 2.82

RGW stats:          proc   %cpu %mem  vsz    rss     memused       memlimit
f10-h01-000-6049p.rdu2.scalelab.redhat.com   radosgw 99.3 0.0 5852708 249332   369956741120   9223372036854771712
f10-h05-000-6049p.rdu2.scalelab.redhat.com   radosgw 98.3 0.0 5673732 260456   373200818176   9223372036854771712
f10-h09-000-6049p.rdu2.scalelab.redhat.com   radosgw 98.5 0.0 5701016 250244   378402414592   9223372036854771712
f10-h13-000-6049p.rdu2.scalelab.redhat.com   radosgw 97.9 0.0 5625968 242628   373306617856   9223372036854771712
f10-h17-000-6049p.rdu2.scalelab.redhat.com   radosgw 98.3 0.0 5659720 220808   371718049792   9223372036854771712
f10-h21-000-6049p.rdu2.scalelab.redhat.com   radosgw 98.4 0.0 5655288 237060   370466226176   9223372036854771712
f10-h25-000-6049p.rdu2.scalelab.redhat.com   radosgw 97.5 0.0 5664836 334588   387289243648   9223372036854771712
f11-h01-000-6049p.rdu2.scalelab.redhat.com   radosgw 99.4 0.0 5758452 254180   375427731456   9223372036854771712
f11-h05-000-6049p.rdu2.scalelab.redhat.com   radosgw 99.9 0.0 5700784 319772   367886422016   9223372036854771712
f11-h09-000-6049p.rdu2.scalelab.redhat.com   radosgw 97.1 0.0 5633784 233344   370689949696   9223372036854771712
f11-h13-000-6049p.rdu2.scalelab.redhat.com   radosgw 97.8 0.0 5842256 232352   378490097664   9223372036854771712
f11-h17-000-6049p.rdu2.scalelab.redhat.com   radosgw 97.5 0.0 5631132 226628   364429484032   9223372036854771712

OSD: 
2022/02/15-07:09:15: f10-h01-000-6049p.rdu2.scalelab.redhat.com ceph-osd        24.0  1.0 6190408 3958136
ceph-osd        26.0  1.0 6115952 4157976
ceph-osd        23.7  1.0 5798188 4190456
ceph-osd        29.4  1.0 5932460 4173744
ceph-osd        16.8  0.9 5885140 3628764
ceph-osd        16.7  0.9 5789088 3908592
ceph-osd        18.8  1.0 5922812 4187280
ceph-osd        16.4  1.0 5954700 4067188
ceph-osd        21.0  1.0 5851904 4046956
ceph-osd        19.1  0.9 5865636 3908128
ceph-osd        16.1  1.0 5773524 3980868
ceph-osd        25.5  0.9 6000944 3923484
ceph-osd        26.2  0.9 6119504 3648220
ceph-osd        22.1  1.0 5883156 4167176
ceph-osd        23.8  0.9 6227220 3928008
ceph-osd        19.6  0.9 5973260 3756656
ceph-osd        19.7  1.0 5940480 4046660
ceph-osd        21.9  0.9 5997920 3913576
ceph-osd        27.2  0.9 5997080 3929024
ceph-osd        19.6  1.0 5926596 3961992
ceph-osd        20.6  1.0 5963120 3983024
ceph-osd        18.3  1.0 6070684 3995984
ceph-osd        20.1  0.9 5921988 3601072
ceph-osd        19.2  1.0 5947692 3965204
2022/02/15-07:09:16: f10-h05-000-6049p.rdu2.scalelab.redhat.com ceph-osd        19.3  0.9 6064732 3898920
ceph-osd        32.8  0.9 6058956 3940012
ceph-osd        21.7  0.9 5906928 3943080
ceph-osd        19.5  1.0 5759172 4077604
ceph-osd        20.1  1.0 5907832 4101712
ceph-osd        24.5  0.9 6065948 3858224
ceph-osd        30.9  1.0 6157644 4168856
ceph-osd        31.5  0.9 5999192 3739796
ceph-osd        29.5  0.9 6163104 3803772
ceph-osd        19.2  1.0 5844896 4058808
ceph-osd        33.4  1.0 6042844 4050800
ceph-osd        24.8  1.0 6065028 4153164
ceph-osd        22.8  0.9 6003296 3911760
ceph-osd        31.7  0.9 6049728 3941172
ceph-osd        18.6  0.9 5961292 3760952
ceph-osd        29.3  0.9 6118344 3894452
ceph-osd        30.0  1.0 6071936 4209496
ceph-osd        18.0  1.0 5899628 4169048
ceph-osd        20.3  0.8 5934376 3287432
ceph-osd        19.2  0.9 5924116 3842896
ceph-osd        18.6  0.8 5958032 3508256
ceph-osd        20.9  1.0 6061816 4106612
ceph-osd        27.5  1.0 5956196 4068488
ceph-osd        27.5  1.0 6097356 4160684
2022/02/15-07:09:16: f10-h09-000-6049p.rdu2.scalelab.redhat.com ceph-osd        22.6  0.9 5973832 3937832
ceph-osd        17.0  1.0 5949816 4044048
ceph-osd        24.1  1.0 5852320 3979272
ceph-osd        19.3  1.0 6070584 4128552
ceph-osd        30.0  0.9 6319464 3826092
ceph-osd        25.8  0.9 6105648 3829576
ceph-osd        20.5  0.9 5949488 3803084
ceph-osd        21.9  0.9 6016152 3726180
ceph-osd        17.2  0.9 6003728 3845360
ceph-osd        19.5  0.9 5812964 3844976
ceph-osd        19.3  1.0 5948420 4183032
ceph-osd        19.5  0.9 6179440 3891284
ceph-osd        15.1  0.9 6045864 3873128
ceph-osd        18.4  1.0 5774976 4002524
ceph-osd        20.3  0.9 5831028 3823808
ceph-osd        22.1  1.0 5959876 4126732
ceph-osd        26.4  0.9 5989472 3943832
ceph-osd        23.5  1.0 6071720 4058416
ceph-osd        24.3  1.0 6068492 3952672
ceph-osd        21.7  0.9 5918844 3907960
ceph-osd        21.8  0.9 6085164 3893496
ceph-osd        17.7  1.0 5798440 4017252
ceph-osd        17.9  0.9 6047800 3902060
ceph-osd        16.6  1.0 5893428 4095296
2022/02/15-07:09:16: f10-h13-000-6049p.rdu2.scalelab.redhat.com ceph-osd        21.2  1.0 6106540 4062760
ceph-osd        27.0  1.0 6077148 4101812
ceph-osd        29.6  0.9 6194184 3919200
ceph-osd        20.0  0.8 5955680 3508928
ceph-osd        16.9  1.0 5926340 4119864
ceph-osd        26.2  1.0 6124156 4088968
ceph-osd        18.8  0.9 6082184 3887532
ceph-osd        22.9  0.8 6223952 3312068
ceph-osd        17.5  1.0 5842744 4058420
ceph-osd        18.3  1.0 5847644 4059664
ceph-osd        20.3  1.0 5963680 4075876
ceph-osd        18.7  1.0 5908860 4208680
ceph-osd        19.5  1.0 6008052 4223676
ceph-osd        23.7  0.9 6205324 3912760
ceph-osd        22.5  0.8 6158952 3288148
ceph-osd        21.8  0.9 5877192 3856360
ceph-osd        18.9  0.9 5983540 3915976
ceph-osd        22.5  1.0 6084936 4184760
ceph-osd        17.2  1.0 6032632 4012976
ceph-osd        29.6  1.0 6009112 3961964
ceph-osd        28.3  1.0 6109524 4117256
ceph-osd        24.3  0.9 6274216 3803400
ceph-osd        29.8  1.0 6173820 4029696
ceph-osd        21.8  1.0 6140176 3969532
2022/02/15-07:09:16: f10-h17-000-6049p.rdu2.scalelab.redhat.com ceph-osd        24.2  0.9 6283800 3824312
ceph-osd        22.1  0.8 6037920 3507112
ceph-osd        19.3  0.9 6107184 3782708
ceph-osd        19.8  0.8 6055428 3384068
ceph-osd        20.9  1.0 5758456 4094076
ceph-osd        28.9  1.0 6155848 4138576
ceph-osd        21.3  1.0 5927208 4097748
ceph-osd        21.6  0.9 5883268 3686284
ceph-osd        22.2  1.0 5968228 4177720
ceph-osd        19.6  0.9 6090540 3942824
ceph-osd        20.7  0.8 5796004 3455780
ceph-osd        24.6  0.9 6158808 3770696
ceph-osd        25.2  0.9 6027216 3934588
ceph-osd        20.8  0.9 6286700 3899736
ceph-osd        22.9  1.0 5937520 3954860
ceph-osd        19.9  0.8 5848616 3438568
ceph-osd        17.4  1.0 5830148 4115320
ceph-osd        23.0  0.8 6027052 3393256
ceph-osd        19.6  1.0 5913904 3988872
ceph-osd        19.5  0.9 6163628 3701964
ceph-osd        17.7  0.9 5771856 3851188
ceph-osd        25.0  0.9 6120628 3905120
ceph-osd        24.4  0.9 5989736 3777440
ceph-osd        25.2  0.8 5943220 3522856
2022/02/15-07:09:16: f10-h21-000-6049p.rdu2.scalelab.redhat.com ceph-osd        21.0  0.9 6102632 3682372
ceph-osd        29.5  0.9 6062492 3812560
ceph-osd        29.3  1.0 6123392 4047968
ceph-osd        27.3  1.0 5922840 4166000
ceph-osd        30.3  1.0 6024788 4083820
ceph-osd        24.8  0.9 6008708 3831600
ceph-osd        26.8  0.9 6149008 3943100
ceph-osd        25.2  0.9 6047740 3920920
ceph-osd        19.9  0.9 6012276 3882060
ceph-osd        20.3  1.0 5818180 3982656
ceph-osd        30.5  1.0 6216692 4175828
ceph-osd        20.9  1.0 5931172 4005508
ceph-osd        26.1  1.0 6159996 3983900
ceph-osd        24.5  0.9 6027972 3931872
ceph-osd        18.0  1.0 5779228 3987268
ceph-osd        27.7  0.9 6385616 3867004
ceph-osd        22.2  1.0 5892380 4159120
ceph-osd        19.0  1.0 5932464 4078184
ceph-osd        26.7  0.9 5882520 3922464
ceph-osd        19.7  0.9 6069704 3934156
ceph-osd        21.1  0.9 5990632 3902400
ceph-osd        24.2  0.9 6294972 3656468
ceph-osd        24.8  0.9 6085964 3899280
ceph-osd        24.0  1.0 5995424 4109804
2022/02/15-07:09:16: f10-h25-000-6049p.rdu2.scalelab.redhat.com ceph-osd        23.7  0.9 6053668 3705060
ceph-osd        24.2  0.9 6061748 3785880
ceph-osd        19.8  0.9 6138348 3564360
ceph-osd        25.7  1.0 6130832 4166904
ceph-osd        20.0  0.9 5943620 3846748
ceph-osd        18.4  0.9 5968140 3837984
ceph-osd        22.8  0.9 5934388 3758216
ceph-osd        19.5  1.0 6055256 4130580
ceph-osd        18.6  0.9 5855504 3887972
ceph-osd        21.2  1.0 6151876 4046008
ceph-osd        17.1  0.9 5863004 3791016
ceph-osd        19.8  0.9 5983680 3910284
ceph-osd        18.9  1.0 6037712 3969788
ceph-osd        22.6  1.0 6022940 4064116
ceph-osd        17.0  1.0 5975456 4051708
ceph-osd        24.9  1.0 5972900 4032896
ceph-osd        23.3  0.9 6194356 3835948
ceph-osd        17.2  0.9 5836192 3828960
ceph-osd        21.6  1.0 6112532 4032216
ceph-osd        23.5  1.0 5967764 4035156
ceph-osd        19.4  0.9 6029600 3758152
ceph-osd        27.5  0.9 6130528 3941412
ceph-osd        23.1  0.9 5831708 3868900
ceph-osd        20.9  0.9 5965936 3643456
2022/02/15-07:09:17: f11-h01-000-6049p.rdu2.scalelab.redhat.com ceph-osd        21.5  1.0 5914424 4132452
ceph-osd        21.3  0.8 6080648 3444056
ceph-osd        18.9  1.0 5943876 4015524
ceph-osd        18.4  1.0 5965800 4079228
ceph-osd        24.8  0.9 6214252 3631564
ceph-osd        22.8  1.0 6079988 4151780
ceph-osd        24.4  0.9 6172900 3684464
ceph-osd        24.9  1.0 5985076 4016660
ceph-osd        26.6  1.0 6136624 4036460
ceph-osd        18.1  0.9 5923816 3749256
ceph-osd        20.9  1.0 6085672 4232276
ceph-osd        22.4  0.9 5933164 3908776
ceph-osd        27.1  0.9 5938424 3870012
ceph-osd        17.9  1.0 5916116 4110228
ceph-osd        22.8  0.8 6022072 3443864
ceph-osd        24.0  1.0 6125872 3966132
ceph-osd        19.4  0.7 5890188 3131964
ceph-osd        23.7  0.9 6197560 3696112
ceph-osd        21.6  0.9 6043864 3898896
ceph-osd        18.0  1.0 5868716 3978184
ceph-osd        27.4  1.0 6334428 4037340
ceph-osd        25.5  1.0 6026844 4141320
ceph-osd        29.5  0.9 5985260 3938476
ceph-osd        28.2  0.9 6028516 3818780
2022/02/15-07:09:17: f11-h05-000-6049p.rdu2.scalelab.redhat.com ceph-osd        24.1  0.9 5804392 3859200
ceph-osd        19.5  1.0 5977176 4163948
ceph-osd        20.7  0.9 6170996 3666892
ceph-osd        22.7  0.8 6306564 3167632
ceph-osd        20.7  0.9 5891640 3941324
ceph-osd        22.8  1.0 6219348 4116152
ceph-osd        19.9  0.8 5951500 3458768
ceph-osd        29.0  1.0 6055616 4215732
ceph-osd        26.3  1.0 5939336 4031200
ceph-osd        20.2  0.8 5811484 3548920
ceph-osd        38.4  0.9 5993800 3851356
ceph-osd        15.8  1.0 5789820 3976028
ceph-osd        22.6  0.9 6011020 3766524
ceph-osd        26.5  0.9 5962868 3653364
ceph-osd        22.5  0.8 6145900 3520708
ceph-osd        26.2  1.0 6347068 3993868
ceph-osd        17.3  1.0 5851464 4045656
ceph-osd        21.8  1.0 5807684 3958184
ceph-osd        19.3  1.0 6008036 4093900
ceph-osd        24.0  0.9 6046064 3651980
ceph-osd        18.4  0.9 5979688 3793736
ceph-osd        19.8  0.9 5965704 3914324
ceph-osd        18.2  0.7 6026536 3079804
ceph-osd        21.5  1.0 5919924 4142124
2022/02/15-07:09:17: f11-h09-000-6049p.rdu2.scalelab.redhat.com ceph-osd        19.6  1.0 5931536 3997224
ceph-osd        19.5  0.9 5997468 3921812
ceph-osd        25.4  0.9 5927228 3885536
ceph-osd        19.9  0.9 6029628 3806668
ceph-osd        26.0  1.0 6109524 4105348
ceph-osd        20.4  1.0 5854020 4140900
ceph-osd        16.2  0.9 5718920 3934900
ceph-osd        24.9  1.0 6179256 4042280
ceph-osd        17.4  0.9 5895192 3773740
ceph-osd        19.4  0.9 6031428 3722536
ceph-osd        24.0  1.0 6020372 4017472
ceph-osd        22.2  1.0 6023676 4089024
ceph-osd        20.5  0.9 6078680 3787116
ceph-osd        35.8  1.0 6056224 4185288
ceph-osd        17.0  1.0 6051084 3995748
ceph-osd        24.7  0.9 6072348 3837292
ceph-osd        21.3  0.9 6108512 3933020
ceph-osd        17.9  1.0 6080220 4235604
ceph-osd        18.7  1.0 5979436 4099432
ceph-osd        21.0  0.8 5946596 3524608
ceph-osd        20.0  1.0 5991700 4054244
ceph-osd        17.6  1.0 5878116 3986596
ceph-osd        34.6  1.0 5988676 3989320
ceph-osd        22.8  0.9 5956024 3611200
2022/02/15-07:09:17: f11-h13-000-6049p.rdu2.scalelab.redhat.com ceph-osd        18.6  0.9 5977904 3881620
ceph-osd        22.4  0.9 5860828 3926396
ceph-osd        23.7  0.9 6148944 3919120
ceph-osd        27.3  1.0 6273924 4130908
ceph-osd        17.3  0.9 5888196 3913900
ceph-osd        22.0  1.0 5958292 4081320
ceph-osd        19.7  1.0 6112268 4187112
ceph-osd        21.9  1.0 6359756 4188784
ceph-osd        19.4  1.0 6145896 4026528
ceph-osd        17.8  0.9 5908644 3926732
ceph-osd        19.3  1.0 6009092 4078996
ceph-osd        20.2  0.9 5869312 3940352
ceph-osd        21.2  1.0 6081672 4018064
ceph-osd        20.8  0.9 6136504 3763880
ceph-osd        22.8  1.0 5984548 3999908
ceph-osd        16.6  0.9 5856540 3587944
ceph-osd        18.6  1.0 5939360 4247032
ceph-osd        29.0  1.0 6202560 4202672
ceph-osd        20.5  1.0 6009180 4220672
ceph-osd        19.1  1.0 5921992 4082548
ceph-osd        21.4  0.9 6136060 3944912
ceph-osd        22.5  1.0 5915412 4082288
ceph-osd        24.9  1.0 6196324 4136796
ceph-osd        22.0  1.0 6126732 4078212
2022/02/15-07:09:17: f11-h17-000-6049p.rdu2.scalelab.redhat.com ceph-osd        20.7  1.0 5977228 4164576
ceph-osd        19.3  0.9 5925692 3910280
ceph-osd        20.9  0.9 5928968 3870108
ceph-osd        20.0  1.0 5941484 3976880
ceph-osd        26.5  1.0 6154896 4181160
ceph-osd        26.4  1.0 6158156 4064016
ceph-osd        24.3  1.0 6072444 3964032
ceph-osd        23.8  1.0 5786636 3959240
ceph-osd        26.2  1.0 6056700 4089368
ceph-osd        27.3  1.0 6044424 4203032
ceph-osd        27.2  1.0 5934104 4038576
ceph-osd        23.9  1.0 5769352 4145356
ceph-osd        23.8  0.9 6074152 3912056
ceph-osd        21.5  1.0 6118576 4079552
ceph-osd        22.1  0.8 6194088 3331712
ceph-osd        23.6  0.9 6177476 3908744
ceph-osd        23.4  0.9 6074488 3803108
ceph-osd        19.3  1.0 5821784 4065756
ceph-osd        30.7  1.0 6177052 4082112
ceph-osd        17.9  1.0 6131968 4068028
ceph-osd        21.7  0.9 5944000 3803984
ceph-osd        31.0  0.9 6024368 3854116
ceph-osd        17.9  1.0 5865916 4007692
ceph-osd        25.9  1.0 6091472 4085976

Site1 buckets (rgw):
2022/02/15-07:09:18: 

Cluster status
  cluster:
    id:     714934ea-8d9b-11ec-bdff-ac1f6b2d5d2a
    health: HEALTH_OK
 
  services:
    mon: 3 daemons, quorum f13-h26-b04-5039ms.rdu2.scalelab.redhat.com,f13-h26-b07-5039ms,f13-h26-b08-5039ms (age 17h)
    mgr: f13-h26-b07-5039ms.pesmso(active, since 16h), standbys: f13-h26-b04-5039ms.rdu2.scalelab.redhat.com.vqksdg, f13-h26-b08-5039ms.wnymtd
    osd: 288 osds: 288 up (since 17h), 288 in (since 17h)
    rgw: 12 daemons active (12 hosts, 1 zones)
 
  data:
    pools:   7 pools, 9729 pgs
    objects: 374.99M objects, 5.1 TiB
    usage:   36 TiB used, 510 TiB / 546 TiB avail
    pgs:     9729 active+clean
 
  io:
    client:   247 MiB/s rd, 138 MiB/s wr, 139.79k op/s rd, 113.68k op/s wr
 
2022/02/15-07:09:19: ceph df detail --- RAW STORAGE ---
CLASS     SIZE    AVAIL    USED  RAW USED  %RAW USED
hdd    546 TiB  510 TiB  36 TiB    36 TiB       6.59
TOTAL  546 TiB  510 TiB  36 TiB    36 TiB       6.59
 
--- POOLS ---
POOL                       ID   PGS   STORED   (DATA)   (OMAP)  OBJECTS     USED   (DATA)   (OMAP)  %USED  MAX AVAIL  QUOTA OBJECTS  QUOTA BYTES  DIRTY  USED COMPR  UNDER COMPR
device_health_metrics       1     1      0 B      0 B      0 B      315      0 B      0 B      0 B      0    161 TiB            N/A          N/A    N/A         0 B          0 B
default.rgw.control         6   256      0 B      0 B      0 B        8      0 B      0 B      0 B      0    161 TiB            N/A          N/A    N/A         0 B          0 B
default.rgw.buckets.data    7  8192  9.4 TiB  9.4 TiB      0 B  374.98M   14 TiB   14 TiB      0 B   2.84    321 TiB            N/A          N/A    N/A         0 B          0 B
default.rgw.buckets.index   8   512  119 GiB      0 B  119 GiB    6.30k  358 GiB      0 B  358 GiB   0.07    161 TiB            N/A          N/A    N/A         0 B          0 B
default.rgw.log             9   256  2.7 MiB  3.6 KiB  2.7 MiB      209  8.6 MiB  408 KiB  8.2 MiB      0    161 TiB            N/A          N/A    N/A         0 B          0 B
default.rgw.meta           10   256  1.7 MiB  3.2 KiB  1.7 MiB       15  5.3 MiB  168 KiB  5.1 MiB      0    161 TiB            N/A          N/A    N/A         0 B          0 B
.rgw.root                  11   256  1.3 KiB  1.3 KiB      0 B        4   48 KiB   48 KiB      0 B      0    161 TiB            N/A          N/A    N/A         0 B          0 B

Site1 pool PG counts:
pool 1 'device_health_metrics' replicated size 3 min_size 2 crush_rule 0 object_hash rjenkins pg_num 1 pgp_num 1 autoscale_mode on last_change 767 flags hashpspool stripe_width 0 pg_num_min 1 application mgr_devicehealth,rgw
pool 6 'default.rgw.control' replicated size 3 min_size 2 crush_rule 0 object_hash rjenkins pg_num 256 pgp_num 256 autoscale_mode on last_change 768 flags hashpspool stripe_width 0 pg_num_min 256 application rgw
pool 7 'default.rgw.buckets.data' erasure profile myprofile size 6 min_size 5 crush_rule 1 object_hash rjenkins pg_num 8192 pgp_num 8192 autoscale_mode on last_change 784 lfor 0/0/782 flags hashpspool stripe_width 16384 pg_num_min 8192 application rgw
pool 8 'default.rgw.buckets.index' replicated size 3 min_size 2 crush_rule 0 object_hash rjenkins pg_num 512 pgp_num 512 autoscale_mode on last_change 770 flags hashpspool stripe_width 0 pg_num_min 512 application rgw
pool 9 'default.rgw.log' replicated size 3 min_size 2 crush_rule 0 object_hash rjenkins pg_num 256 pgp_num 256 autoscale_mode on last_change 771 flags hashpspool stripe_width 0 pg_num_min 256 application rgw
pool 10 'default.rgw.meta' replicated size 3 min_size 2 crush_rule 0 object_hash rjenkins pg_num 256 pgp_num 256 autoscale_mode on last_change 772 flags hashpspool stripe_width 0 pg_num_min 256 application rgw
pool 11 '.rgw.root' replicated size 3 min_size 2 crush_rule 0 object_hash rjenkins pg_num 256 pgp_num 256 autoscale_mode on last_change 773 flags hashpspool stripe_width 0 pg_num_min 256 application rgw


Site1 buckets df
2022/02/15-07:09:19: POOL                       ID   PGS   STORED  OBJECTS     USED  %USED  MAX AVAIL
default.rgw.control         6   256      0 B        8      0 B      0    161 TiB
default.rgw.buckets.data    7  8192  9.4 TiB  374.98M   14 TiB   2.84    321 TiB
default.rgw.buckets.index   8   512  119 GiB    6.30k  358 GiB   0.07    161 TiB
default.rgw.log             9   256  2.7 MiB      209  8.6 MiB      0    161 TiB
default.rgw.meta           10   256  1.7 MiB       15  5.3 MiB      0    161 TiB

OSD/RGW free:
2022/02/15-07:09:19: f10-h01-000-6049p.rdu2.scalelab.redhat.com                total        used        free      shared  buff/cache   available
Mem:          376Gi        95Gi        17Gi       4.0Gi       263Gi       274Gi
Swap:            0B          0B          0B

Ceph osd df:
2022/02/15-07:09:20: ID   CLASS  WEIGHT   REWEIGHT  SIZE     RAW USE  DATA    OMAP      META     AVAIL    %USE  VAR   PGS  STATUS
264    hdd  1.89459   1.00000  1.9 TiB  129 GiB  51 GiB   2.2 GiB   12 GiB  1.8 TiB  6.65  1.01  202      up
265    hdd  1.89459   1.00000  1.9 TiB  129 GiB  51 GiB   2.3 GiB   12 GiB  1.8 TiB  6.63  1.01  189      up
266    hdd  1.89459   1.00000  1.9 TiB  129 GiB  51 GiB   863 MiB   12 GiB  1.8 TiB  6.65  1.01  191      up
267    hdd  1.89459   1.00000  1.9 TiB  129 GiB  51 GiB   1.5 GiB   12 GiB  1.8 TiB  6.65  1.01  187      up
268    hdd  1.89459   1.00000  1.9 TiB  128 GiB  50 GiB   806 MiB   12 GiB  1.8 TiB  6.58  1.00  179      up
269    hdd  1.89459   1.00000  1.9 TiB  127 GiB  49 GiB   609 MiB   12 GiB  1.8 TiB  6.53  0.99  181      up
270    hdd  1.89459   1.00000  1.9 TiB  129 GiB  51 GiB   1.1 GiB   12 GiB  1.8 TiB  6.65  1.01  188      up
271    hdd  1.89459   1.00000  1.9 TiB  129 GiB  51 GiB   369 MiB   12 GiB  1.8 TiB  6.65  1.01  186      up
272    hdd  1.89459   1.00000  1.9 TiB  128 GiB  50 GiB   794 MiB   12 GiB  1.8 TiB  6.58  1.00  188      up
273    hdd  1.89459   1.00000  1.9 TiB  126 GiB  49 GiB   909 MiB   11 GiB  1.8 TiB  6.52  0.99  182      up
274    hdd  1.89459   1.00000  1.9 TiB  128 GiB  50 GiB   139 MiB   11 GiB  1.8 TiB  6.60  1.00  180      up
275    hdd  1.89459   1.00000  1.9 TiB  126 GiB  49 GiB   648 MiB   12 GiB  1.8 TiB  6.51  0.99  182      up
276    hdd  1.89459   1.00000  1.9 TiB  126 GiB  49 GiB   1.4 GiB   12 GiB  1.8 TiB  6.51  0.99  185      up
277    hdd  1.89459   1.00000  1.9 TiB  128 GiB  50 GiB   1.3 GiB   12 GiB  1.8 TiB  6.58  1.00  186      up
278    hdd  1.89459   1.00000  1.9 TiB  129 GiB  51 GiB   1.8 GiB   12 GiB  1.8 TiB  6.65  1.01  190      up
279    hdd  1.89459   1.00000  1.9 TiB  128 GiB  50 GiB   276 MiB   11 GiB  1.8 TiB  6.58  1.00  182      up
280    hdd  1.89459   1.00000  1.9 TiB  129 GiB  51 GiB   680 MiB   12 GiB  1.8 TiB  6.65  1.01  185      up
281    hdd  1.89459   1.00000  1.9 TiB  129 GiB  51 GiB   1.5 GiB   12 GiB  1.8 TiB  6.65  1.01  188      up
282    hdd  1.89459   1.00000  1.9 TiB  126 GiB  49 GiB   1.6 GiB   12 GiB  1.8 TiB  6.52  0.99  184      up
283    hdd  1.89459   1.00000  1.9 TiB  127 GiB  49 GiB   912 MiB   12 GiB  1.8 TiB  6.52  0.99  180      up
284    hdd  1.89459   1.00000  1.9 TiB  129 GiB  51 GiB   1.1 GiB   12 GiB  1.8 TiB  6.63  1.01  187      up
285    hdd  1.89459   1.00000  1.9 TiB  128 GiB  51 GiB   1.2 GiB   12 GiB  1.8 TiB  6.62  1.01  188      up
286    hdd  1.89459   1.00000  1.9 TiB  126 GiB  49 GiB   959 MiB   11 GiB  1.8 TiB  6.52  0.99  183      up
287    hdd  1.89459   1.00000  1.9 TiB  126 GiB  49 GiB   1.1 GiB   11 GiB  1.8 TiB  6.52  0.99  180      up
  8    hdd  1.89459   1.00000  1.9 TiB  129 GiB  51 GiB   573 MiB   12 GiB  1.8 TiB  6.63  1.01  185      up
 11    hdd  1.89459   1.00000  1.9 TiB  126 GiB  49 GiB   1.7 GiB   11 GiB  1.8 TiB  6.52  0.99  182      up
 20    hdd  1.89459   1.00000  1.9 TiB  129 GiB  51 GiB   1.2 GiB   12 GiB  1.8 TiB  6.62  1.01  186      up
 30    hdd  1.89459   1.00000  1.9 TiB  129 GiB  51 GiB   1.5 GiB   12 GiB  1.8 TiB  6.65  1.01  192      up
 40    hdd  1.89459   1.00000  1.9 TiB  127 GiB  50 GiB   807 MiB   12 GiB  1.8 TiB  6.56  1.00  183      up
 50    hdd  1.89459   1.00000  1.9 TiB  126 GiB  49 GiB   1.3 GiB   11 GiB  1.8 TiB  6.52  0.99  178      up
 60    hdd  1.89459   1.00000  1.9 TiB  126 GiB  49 GiB   896 MiB   11 GiB  1.8 TiB  6.51  0.99  189      up
 70    hdd  1.89459   1.00000  1.9 TiB  126 GiB  49 GiB   866 MiB   12 GiB  1.8 TiB  6.52  0.99  177      up
 80    hdd  1.89459   1.00000  1.9 TiB  128 GiB  50 GiB   1.8 GiB   12 GiB  1.8 TiB  6.58  1.00  192      up
 90    hdd  1.89459   1.00000  1.9 TiB  126 GiB  49 GiB   2.6 GiB   11 GiB  1.8 TiB  6.51  0.99  192      up
100    hdd  1.89459   1.00000  1.9 TiB  129 GiB  51 GiB   1.0 GiB   12 GiB  1.8 TiB  6.64  1.01  189      up
110    hdd  1.89459   1.00000  1.9 TiB  126 GiB  49 GiB   1.5 GiB   11 GiB  1.8 TiB  6.52  0.99  185      up
120    hdd  1.89459   1.00000  1.9 TiB  129 GiB  51 GiB   503 MiB   12 GiB  1.8 TiB  6.65  1.01  188      up
130    hdd  1.89459   1.00000  1.9 TiB  129 GiB  51 GiB   1.2 GiB   12 GiB  1.8 TiB  6.65  1.01  195      up
140    hdd  1.89459   1.00000  1.9 TiB  126 GiB  49 GiB   1.8 GiB   12 GiB  1.8 TiB  6.52  0.99  181      up
150    hdd  1.89459   1.00000  1.9 TiB  129 GiB  51 GiB   2.0 GiB   12 GiB  1.8 TiB  6.65  1.01  191      up
160    hdd  1.89459   1.00000  1.9 TiB  126 GiB  49 GiB   1.9 GiB   11 GiB  1.8 TiB  6.52  0.99  180      up
170    hdd  1.89459   1.00000  1.9 TiB  126 GiB  49 GiB   2.2 GiB   11 GiB  1.8 TiB  6.51  0.99  183      up
180    hdd  1.89459   1.00000  1.9 TiB  126 GiB  49 GiB   1.2 GiB   11 GiB  1.8 TiB  6.52  0.99  176      up
190    hdd  1.89459   1.00000  1.9 TiB  128 GiB  50 GiB   2.2 GiB   12 GiB  1.8 TiB  6.58  1.00  186      up
200    hdd  1.89459   1.00000  1.9 TiB  129 GiB  51 GiB   880 MiB   12 GiB  1.8 TiB  6.64  1.01  188      up
210    hdd  1.89459   1.00000  1.9 TiB  126 GiB  49 GiB   1.6 GiB   11 GiB  1.8 TiB  6.52  0.99  191      up
220    hdd  1.89459   1.00000  1.9 TiB  126 GiB  49 GiB   1.4 GiB   12 GiB  1.8 TiB  6.51  0.99  178      up
230    hdd  1.89459   1.00000  1.9 TiB  129 GiB  51 GiB   1.6 GiB   12 GiB  1.8 TiB  6.65  1.01  188      up
  3    hdd  1.89459   1.00000  1.9 TiB  129 GiB  51 GiB   1.3 GiB   12 GiB  1.8 TiB  6.65  1.01  196      up
 15    hdd  1.89459   1.00000  1.9 TiB  129 GiB  51 GiB   1.8 GiB   12 GiB  1.8 TiB  6.65  1.01  199      up
 24    hdd  1.89459   1.00000  1.9 TiB  127 GiB  50 GiB   864 MiB   12 GiB  1.8 TiB  6.56  1.00  177      up
 34    hdd  1.89459   1.00000  1.9 TiB  127 GiB  50 GiB   1.5 GiB   12 GiB  1.8 TiB  6.56  1.00  187      up
 46    hdd  1.89459   1.00000  1.9 TiB  127 GiB  49 GiB   1.2 GiB   12 GiB  1.8 TiB  6.53  0.99  180      up
 54    hdd  1.89459   1.00000  1.9 TiB  129 GiB  51 GiB   866 MiB   12 GiB  1.8 TiB  6.65  1.01  193      up
 64    hdd  1.89459   1.00000  1.9 TiB  127 GiB  50 GiB   1.2 GiB   12 GiB  1.8 TiB  6.56  1.00  182      up
 75    hdd  1.89459   1.00000  1.9 TiB  127 GiB  49 GiB   774 MiB   11 GiB  1.8 TiB  6.53  0.99  182      up
 84    hdd  1.89459   1.00000  1.9 TiB  129 GiB  51 GiB   1.4 GiB   12 GiB  1.8 TiB  6.65  1.01  194      up
 94    hdd  1.89459   1.00000  1.9 TiB  129 GiB  51 GiB   461 MiB   12 GiB  1.8 TiB  6.65  1.01  184      up
104    hdd  1.89459   1.00000  1.9 TiB  128 GiB  50 GiB   1.4 GiB   12 GiB  1.8 TiB  6.59  1.00  190      up
114    hdd  1.89459   1.00000  1.9 TiB  127 GiB  49 GiB   765 MiB   12 GiB  1.8 TiB  6.53  0.99  186      up
124    hdd  1.89459   1.00000  1.9 TiB  127 GiB  49 GiB   1.3 GiB   11 GiB  1.8 TiB  6.53  0.99  184      up
134    hdd  1.89459   1.00000  1.9 TiB  129 GiB  51 GiB   546 MiB   12 GiB  1.8 TiB  6.65  1.01  187      up
144    hdd  1.89459   1.00000  1.9 TiB  127 GiB  49 GiB   2.1 GiB   12 GiB  1.8 TiB  6.53  0.99  187      up
154    hdd  1.89459   1.00000  1.9 TiB  128 GiB  50 GiB   680 MiB   11 GiB  1.8 TiB  6.59  1.00  182      up
164    hdd  1.89459   1.00000  1.9 TiB  129 GiB  51 GiB   1.2 GiB   12 GiB  1.8 TiB  6.64  1.01  191      up
174    hdd  1.89459   1.00000  1.9 TiB  129 GiB  51 GiB   670 MiB   12 GiB  1.8 TiB  6.65  1.01  184      up
184    hdd  1.89459   1.00000  1.9 TiB  127 GiB  49 GiB   483 MiB   11 GiB  1.8 TiB  6.53  0.99  179      up
194    hdd  1.89459   1.00000  1.9 TiB  129 GiB  51 GiB   371 MiB   12 GiB  1.8 TiB  6.65  1.01  185      up
204    hdd  1.89459   1.00000  1.9 TiB  128 GiB  51 GiB   1.5 GiB   12 GiB  1.8 TiB  6.61  1.00  190      up
214    hdd  1.89459   1.00000  1.9 TiB  127 GiB  49 GiB   175 MiB   12 GiB  1.8 TiB  6.53  0.99  176      up
224    hdd  1.89459   1.00000  1.9 TiB  126 GiB  49 GiB   1.2 GiB   12 GiB  1.8 TiB  6.52  0.99  179      up
234    hdd  1.89459   1.00000  1.9 TiB  128 GiB  51 GiB   933 MiB   12 GiB  1.8 TiB  6.61  1.00  187      up
  7    hdd  1.89459   1.00000  1.9 TiB  129 GiB  51 GiB   1.3 GiB   12 GiB  1.8 TiB  6.65  1.01  192      up
 17    hdd  1.89459   1.00000  1.9 TiB  129 GiB  51 GiB   1.8 GiB   11 GiB  1.8 TiB  6.64  1.01  193      up
 27    hdd  1.89459   1.00000  1.9 TiB  127 GiB  49 GiB   1.2 GiB   11 GiB  1.8 TiB  6.53  0.99  187      up
 31    hdd  1.89459   1.00000  1.9 TiB  129 GiB  51 GiB   1.2 GiB   12 GiB  1.8 TiB  6.65  1.01  188      up
 41    hdd  1.89459   1.00000  1.9 TiB  128 GiB  51 GiB   1.7 GiB   12 GiB  1.8 TiB  6.62  1.01  191      up
 51    hdd  1.89459   1.00000  1.9 TiB  127 GiB  49 GiB   684 MiB   11 GiB  1.8 TiB  6.54  0.99  184      up
 61    hdd  1.89459   1.00000  1.9 TiB  129 GiB  51 GiB   1.8 GiB   12 GiB  1.8 TiB  6.65  1.01  192      up
 71    hdd  1.89459   1.00000  1.9 TiB  127 GiB  49 GiB   2.4 GiB   11 GiB  1.8 TiB  6.53  0.99  187      up
 81    hdd  1.89459   1.00000  1.9 TiB  129 GiB  51 GiB   1.7 GiB   12 GiB  1.8 TiB  6.65  1.01  193      up
 91    hdd  1.89459   1.00000  1.9 TiB  129 GiB  51 GiB   883 MiB   12 GiB  1.8 TiB  6.65  1.01  189      up
101    hdd  1.89459   1.00000  1.9 TiB  129 GiB  51 GiB   850 MiB   12 GiB  1.8 TiB  6.65  1.01  187      up
111    hdd  1.89459   1.00000  1.9 TiB  128 GiB  51 GiB   1.3 GiB   12 GiB  1.8 TiB  6.61  1.00  186      up
121    hdd  1.89459   1.00000  1.9 TiB  128 GiB  50 GiB   2.4 GiB   12 GiB  1.8 TiB  6.59  1.00  188      up
131    hdd  1.89459   1.00000  1.9 TiB  129 GiB  51 GiB   869 MiB   12 GiB  1.8 TiB  6.65  1.01  190      up
141    hdd  1.89459   1.00000  1.9 TiB  127 GiB  49 GiB   836 MiB   11 GiB  1.8 TiB  6.53  0.99  184      up
151    hdd  1.89459   1.00000  1.9 TiB  129 GiB  51 GiB   2.2 GiB   12 GiB  1.8 TiB  6.65  1.01  199      up
161    hdd  1.89459   1.00000  1.9 TiB  126 GiB  49 GiB   1.2 GiB   11 GiB  1.8 TiB  6.52  0.99  180      up
171    hdd  1.89459   1.00000  1.9 TiB  126 GiB  49 GiB   469 MiB   11 GiB  1.8 TiB  6.52  0.99  177      up
181    hdd  1.89459   1.00000  1.9 TiB  126 GiB  49 GiB   674 MiB   11 GiB  1.8 TiB  6.52  0.99  184      up
191    hdd  1.89459   1.00000  1.9 TiB  126 GiB  49 GiB   1.4 GiB   11 GiB  1.8 TiB  6.51  0.99  178      up
201    hdd  1.89459   1.00000  1.9 TiB  129 GiB  51 GiB   1.1 GiB   12 GiB  1.8 TiB  6.65  1.01  190      up
211    hdd  1.89459   1.00000  1.9 TiB  129 GiB  51 GiB   652 MiB   12 GiB  1.8 TiB  6.65  1.01  193      up
221    hdd  1.89459   1.00000  1.9 TiB  126 GiB  49 GiB   2.2 GiB   11 GiB  1.8 TiB  6.52  0.99  189      up
232    hdd  1.89459   1.00000  1.9 TiB  126 GiB  49 GiB   1.0 GiB   11 GiB  1.8 TiB  6.52  0.99  181      up
  9    hdd  1.89459   1.00000  1.9 TiB  127 GiB  49 GiB   1.1 GiB   11 GiB  1.8 TiB  6.55  0.99  188      up
 18    hdd  1.89459   1.00000  1.9 TiB  129 GiB  51 GiB   481 MiB   12 GiB  1.8 TiB  6.65  1.01  192      up
 28    hdd  1.89459   1.00000  1.9 TiB  127 GiB  49 GiB   1.2 GiB   11 GiB  1.8 TiB  6.55  0.99  184      up
 39    hdd  1.89459   1.00000  1.9 TiB  127 GiB  49 GiB   483 MiB   12 GiB  1.8 TiB  6.53  0.99  179      up
 49    hdd  1.89459   1.00000  1.9 TiB  127 GiB  49 GiB   1.7 GiB   11 GiB  1.8 TiB  6.53  0.99  185      up
 59    hdd  1.89459   1.00000  1.9 TiB  127 GiB  49 GiB   691 MiB   11 GiB  1.8 TiB  6.53  0.99  184      up
 69    hdd  1.89459   1.00000  1.9 TiB  129 GiB  51 GiB   1.5 GiB   12 GiB  1.8 TiB  6.65  1.01  192      up
 79    hdd  1.89459   1.00000  1.9 TiB  128 GiB  51 GiB   860 MiB   12 GiB  1.8 TiB  6.62  1.01  191      up
 89    hdd  1.89459   1.00000  1.9 TiB  127 GiB  49 GiB   2.1 GiB   12 GiB  1.8 TiB  6.53  0.99  191      up
 99    hdd  1.89459   1.00000  1.9 TiB  129 GiB  51 GiB   1.6 GiB   12 GiB  1.8 TiB  6.65  1.01  190      up
109    hdd  1.89459   1.00000  1.9 TiB  127 GiB  49 GiB   2.2 GiB   12 GiB  1.8 TiB  6.55  0.99  191      up
119    hdd  1.89459   1.00000  1.9 TiB  129 GiB  51 GiB   1.2 GiB   12 GiB  1.8 TiB  6.64  1.01  193      up
129    hdd  1.89459   1.00000  1.9 TiB  129 GiB  51 GiB   1.5 GiB   12 GiB  1.8 TiB  6.65  1.01  194      up
139    hdd  1.89459   1.00000  1.9 TiB  127 GiB  49 GiB   1.1 GiB   12 GiB  1.8 TiB  6.53  0.99  184      up
149    hdd  1.89459   1.00000  1.9 TiB  129 GiB  51 GiB   985 MiB   12 GiB  1.8 TiB  6.64  1.01  186      up
159    hdd  1.89459   1.00000  1.9 TiB  129 GiB  51 GiB   2.1 GiB   12 GiB  1.8 TiB  6.65  1.01  188      up
169    hdd  1.89459   1.00000  1.9 TiB  128 GiB  50 GiB   962 MiB   12 GiB  1.8 TiB  6.59  1.00  194      up
179    hdd  1.89459   1.00000  1.9 TiB  127 GiB  49 GiB   457 MiB   12 GiB  1.8 TiB  6.55  0.99  185      up
189    hdd  1.89459   1.00000  1.9 TiB  127 GiB  50 GiB   1.6 GiB   12 GiB  1.8 TiB  6.56  1.00  182      up
199    hdd  1.89459   1.00000  1.9 TiB  127 GiB  50 GiB   754 MiB   12 GiB  1.8 TiB  6.56  1.00  186      up
209    hdd  1.89459   1.00000  1.9 TiB  129 GiB  51 GiB   1.7 GiB   12 GiB  1.8 TiB  6.64  1.01  196      up
219    hdd  1.89459   1.00000  1.9 TiB  129 GiB  51 GiB   1.3 GiB   12 GiB  1.8 TiB  6.66  1.01  190      up
229    hdd  1.89459   1.00000  1.9 TiB  129 GiB  51 GiB   1.7 GiB   12 GiB  1.8 TiB  6.65  1.01  191      up
239    hdd  1.89459   1.00000  1.9 TiB  128 GiB  50 GiB   1.2 GiB   12 GiB  1.8 TiB  6.58  1.00  189      up
  2    hdd  1.89459   1.00000  1.9 TiB  127 GiB  49 GiB  1009 MiB   12 GiB  1.8 TiB  6.53  0.99  180      up
 13    hdd  1.89459   1.00000  1.9 TiB  127 GiB  49 GiB   1.4 GiB   12 GiB  1.8 TiB  6.53  0.99  185      up
 26    hdd  1.89459   1.00000  1.9 TiB  129 GiB  51 GiB   927 MiB   12 GiB  1.8 TiB  6.65  1.01  189      up
 36    hdd  1.89459   1.00000  1.9 TiB  129 GiB  51 GiB   992 MiB   12 GiB  1.8 TiB  6.65  1.01  188      up
 43    hdd  1.89459   1.00000  1.9 TiB  127 GiB  49 GiB   1.3 GiB   12 GiB  1.8 TiB  6.53  0.99  181      up
 52    hdd  1.89459   1.00000  1.9 TiB  126 GiB  49 GiB   1.1 GiB   11 GiB  1.8 TiB  6.51  0.99  188      up
 63    hdd  1.89459   1.00000  1.9 TiB  129 GiB  51 GiB   1.2 GiB   12 GiB  1.8 TiB  6.66  1.01  188      up
 73    hdd  1.89459   1.00000  1.9 TiB  126 GiB  49 GiB   2.1 GiB   11 GiB  1.8 TiB  6.51  0.99  193      up
 83    hdd  1.89459   1.00000  1.9 TiB  129 GiB  51 GiB   1.6 GiB   12 GiB  1.8 TiB  6.65  1.01  190      up
 93    hdd  1.89459   1.00000  1.9 TiB  127 GiB  49 GiB   1.3 GiB   12 GiB  1.8 TiB  6.55  0.99  183      up
103    hdd  1.89459   1.00000  1.9 TiB  129 GiB  51 GiB   1.2 GiB   12 GiB  1.8 TiB  6.66  1.01  189      up
113    hdd  1.89459   1.00000  1.9 TiB  126 GiB  49 GiB   1.8 GiB   11 GiB  1.8 TiB  6.51  0.99  178      up
122    hdd  1.89459   1.00000  1.9 TiB  128 GiB  50 GiB   1.7 GiB   12 GiB  1.8 TiB  6.59  1.00  191      up
132    hdd  1.89459   1.00000  1.9 TiB  129 GiB  51 GiB   1.1 GiB   12 GiB  1.8 TiB  6.65  1.01  187      up
142    hdd  1.89459   1.00000  1.9 TiB  126 GiB  49 GiB   1.6 GiB   11 GiB  1.8 TiB  6.52  0.99  186      up
152    hdd  1.89459   1.00000  1.9 TiB  128 GiB  50 GiB   1.2 GiB   12 GiB  1.8 TiB  6.59  1.00  187      up
162    hdd  1.89459   1.00000  1.9 TiB  129 GiB  51 GiB   2.1 GiB   12 GiB  1.8 TiB  6.64  1.01  190      up
172    hdd  1.89459   1.00000  1.9 TiB  129 GiB  51 GiB   1.5 GiB   12 GiB  1.8 TiB  6.65  1.01  192      up
182    hdd  1.89459   1.00000  1.9 TiB  129 GiB  51 GiB   947 MiB   12 GiB  1.8 TiB  6.65  1.01  187      up
192    hdd  1.89459   1.00000  1.9 TiB  129 GiB  51 GiB   1.5 GiB   12 GiB  1.8 TiB  6.65  1.01  194      up
202    hdd  1.89459   1.00000  1.9 TiB  129 GiB  51 GiB   1.8 GiB   12 GiB  1.8 TiB  6.65  1.01  195      up
212    hdd  1.89459   1.00000  1.9 TiB  126 GiB  49 GiB   1.0 GiB   11 GiB  1.8 TiB  6.52  0.99  185      up
222    hdd  1.89459   1.00000  1.9 TiB  126 GiB  49 GiB   903 MiB   11 GiB  1.8 TiB  6.52  0.99  181      up
231    hdd  1.89459   1.00000  1.9 TiB  126 GiB  49 GiB   2.2 GiB   12 GiB  1.8 TiB  6.52  0.99  188      up
240    hdd  1.89459   1.00000  1.9 TiB  126 GiB  49 GiB   1.9 GiB   12 GiB  1.8 TiB  6.52  0.99  181      up
241    hdd  1.89459   1.00000  1.9 TiB  127 GiB  49 GiB   1.2 GiB   12 GiB  1.8 TiB  6.53  0.99  191      up
242    hdd  1.89459   1.00000  1.9 TiB  127 GiB  49 GiB   1.7 GiB   11 GiB  1.8 TiB  6.53  0.99  180      up
243    hdd  1.89459   1.00000  1.9 TiB  129 GiB  51 GiB   1.7 GiB   12 GiB  1.8 TiB  6.65  1.01  199      up
244    hdd  1.89459   1.00000  1.9 TiB  129 GiB  51 GiB   564 MiB   12 GiB  1.8 TiB  6.65  1.01  193      up
245    hdd  1.89459   1.00000  1.9 TiB  128 GiB  51 GiB   717 MiB   11 GiB  1.8 TiB  6.60  1.00  186      up
246    hdd  1.89459   1.00000  1.9 TiB  128 GiB  50 GiB   1.5 GiB   12 GiB  1.8 TiB  6.59  1.00  183      up
247    hdd  1.89459   1.00000  1.9 TiB  129 GiB  51 GiB   1.4 GiB   12 GiB  1.8 TiB  6.65  1.01  188      up
248    hdd  1.89459   1.00000  1.9 TiB  126 GiB  49 GiB   707 MiB   11 GiB  1.8 TiB  6.52  0.99  179      up
249    hdd  1.89459   1.00000  1.9 TiB  129 GiB  51 GiB   2.1 GiB   12 GiB  1.8 TiB  6.65  1.01  201      up
250    hdd  1.89459   1.00000  1.9 TiB  126 GiB  49 GiB   428 MiB   11 GiB  1.8 TiB  6.52  0.99  179      up
251    hdd  1.89459   1.00000  1.9 TiB  126 GiB  49 GiB   1.0 GiB   11 GiB  1.8 TiB  6.52  0.99  185      up
252    hdd  1.89459   1.00000  1.9 TiB  127 GiB  49 GiB   662 MiB   11 GiB  1.8 TiB  6.53  0.99  179      up
253    hdd  1.89459   1.00000  1.9 TiB  126 GiB  49 GiB   1.8 GiB   12 GiB  1.8 TiB  6.52  0.99  182      up
254    hdd  1.89459   1.00000  1.9 TiB  129 GiB  51 GiB   414 MiB   12 GiB  1.8 TiB  6.65  1.01  191      up
255    hdd  1.89459   1.00000  1.9 TiB  129 GiB  51 GiB   1.6 GiB   12 GiB  1.8 TiB  6.65  1.01  189      up
256    hdd  1.89459   1.00000  1.9 TiB  126 GiB  49 GiB   1.9 GiB   12 GiB  1.8 TiB  6.51  0.99  183      up
257    hdd  1.89459   1.00000  1.9 TiB  126 GiB  49 GiB   702 MiB   11 GiB  1.8 TiB  6.52  0.99  177      up
258    hdd  1.89459   1.00000  1.9 TiB  126 GiB  49 GiB   1.5 GiB   11 GiB  1.8 TiB  6.52  0.99  181      up
259    hdd  1.89459   1.00000  1.9 TiB  126 GiB  49 GiB  1015 MiB   11 GiB  1.8 TiB  6.52  0.99  189      up
260    hdd  1.89459   1.00000  1.9 TiB  128 GiB  51 GiB   1.3 GiB   12 GiB  1.8 TiB  6.61  1.00  193      up
261    hdd  1.89459   1.00000  1.9 TiB  126 GiB  49 GiB   1.8 GiB   12 GiB  1.8 TiB  6.52  0.99  187      up
262    hdd  1.89459   1.00000  1.9 TiB  129 GiB  51 GiB   1.0 GiB   12 GiB  1.8 TiB  6.65  1.01  191      up
263    hdd  1.89459   1.00000  1.9 TiB  129 GiB  51 GiB   874 MiB   12 GiB  1.8 TiB  6.65  1.01  185      up
  5    hdd  1.89459   1.00000  1.9 TiB  129 GiB  51 GiB   1.3 GiB   12 GiB  1.8 TiB  6.65  1.01  188      up
 16    hdd  1.89459   1.00000  1.9 TiB  127 GiB  49 GiB   1.2 GiB   11 GiB  1.8 TiB  6.53  0.99  180      up
 25    hdd  1.89459   1.00000  1.9 TiB  129 GiB  51 GiB   1.0 GiB   12 GiB  1.8 TiB  6.65  1.01  191      up
 35    hdd  1.89459   1.00000  1.9 TiB  129 GiB  51 GiB   936 MiB   12 GiB  1.8 TiB  6.65  1.01  193      up
 45    hdd  1.89459   1.00000  1.9 TiB  127 GiB  49 GiB   1.4 GiB   11 GiB  1.8 TiB  6.54  0.99  185      up
 56    hdd  1.89459   1.00000  1.9 TiB  129 GiB  51 GiB   615 MiB   12 GiB  1.8 TiB  6.64  1.01  190      up
 65    hdd  1.89459   1.00000  1.9 TiB  127 GiB  49 GiB   2.2 GiB   11 GiB  1.8 TiB  6.53  0.99  188      up
 74    hdd  1.89459   1.00000  1.9 TiB  129 GiB  51 GiB   1.5 GiB   12 GiB  1.8 TiB  6.65  1.01  192      up
 85    hdd  1.89459   1.00000  1.9 TiB  127 GiB  49 GiB   1.5 GiB   11 GiB  1.8 TiB  6.54  0.99  180      up
 96    hdd  1.89459   1.00000  1.9 TiB  127 GiB  49 GiB   2.0 GiB   11 GiB  1.8 TiB  6.53  0.99  189      up
107    hdd  1.89459   1.00000  1.9 TiB  127 GiB  49 GiB   943 MiB   12 GiB  1.8 TiB  6.53  0.99  187      up
117    hdd  1.89459   1.00000  1.9 TiB  127 GiB  49 GiB   1.8 GiB   11 GiB  1.8 TiB  6.55  0.99  189      up
127    hdd  1.89459   1.00000  1.9 TiB  129 GiB  51 GiB   1.0 GiB   12 GiB  1.8 TiB  6.65  1.01  188      up
136    hdd  1.89459   1.00000  1.9 TiB  127 GiB  49 GiB   872 MiB   12 GiB  1.8 TiB  6.53  0.99  184      up
146    hdd  1.89459   1.00000  1.9 TiB  129 GiB  51 GiB   1.4 GiB   12 GiB  1.8 TiB  6.65  1.01  191      up
156    hdd  1.89459   1.00000  1.9 TiB  127 GiB  50 GiB   2.0 GiB   12 GiB  1.8 TiB  6.56  1.00  189      up
166    hdd  1.89459   1.00000  1.9 TiB  129 GiB  51 GiB   1.1 GiB   12 GiB  1.8 TiB  6.64  1.01  188      up
177    hdd  1.89459   1.00000  1.9 TiB  129 GiB  52 GiB   2.1 GiB   12 GiB  1.8 TiB  6.66  1.01  196      up
186    hdd  1.89459   1.00000  1.9 TiB  129 GiB  51 GiB   575 MiB   12 GiB  1.8 TiB  6.65  1.01  186      up
197    hdd  1.89459   1.00000  1.9 TiB  129 GiB  51 GiB   1.4 GiB   12 GiB  1.8 TiB  6.64  1.01  193      up
207    hdd  1.89459   1.00000  1.9 TiB  127 GiB  50 GiB   1.4 GiB   11 GiB  1.8 TiB  6.56  1.00  186      up
217    hdd  1.89459   1.00000  1.9 TiB  129 GiB  51 GiB   1.3 GiB   12 GiB  1.8 TiB  6.66  1.01  191      up
227    hdd  1.89459   1.00000  1.9 TiB  127 GiB  49 GiB   624 MiB   11 GiB  1.8 TiB  6.53  0.99  178      up
237    hdd  1.89459   1.00000  1.9 TiB  127 GiB  49 GiB   1.5 GiB   11 GiB  1.8 TiB  6.54  0.99  188      up
  1    hdd  1.89459   1.00000  1.9 TiB  128 GiB  51 GiB   898 MiB   11 GiB  1.8 TiB  6.62  1.01  187      up
 12    hdd  1.89459   1.00000  1.9 TiB  127 GiB  49 GiB   2.6 GiB   11 GiB  1.8 TiB  6.53  0.99  194      up
 22    hdd  1.89459   1.00000  1.9 TiB  129 GiB  51 GiB   1.6 GiB   12 GiB  1.8 TiB  6.65  1.01  193      up
 33    hdd  1.89459   1.00000  1.9 TiB  128 GiB  50 GiB   1.1 GiB   12 GiB  1.8 TiB  6.57  1.00  179      up
 44    hdd  1.89459   1.00000  1.9 TiB  129 GiB  51 GiB   680 MiB   12 GiB  1.8 TiB  6.65  1.01  189      up
 55    hdd  1.89459   1.00000  1.9 TiB  129 GiB  51 GiB   1.3 GiB   12 GiB  1.8 TiB  6.65  1.01  196      up
 66    hdd  1.89459   1.00000  1.9 TiB  127 GiB  49 GiB   796 MiB   11 GiB  1.8 TiB  6.53  0.99  184      up
 76    hdd  1.89459   1.00000  1.9 TiB  127 GiB  49 GiB   814 MiB   12 GiB  1.8 TiB  6.53  0.99  182      up
 86    hdd  1.89459   1.00000  1.9 TiB  127 GiB  49 GiB   855 MiB   11 GiB  1.8 TiB  6.53  0.99  179      up
 95    hdd  1.89459   1.00000  1.9 TiB  127 GiB  49 GiB   844 MiB   12 GiB  1.8 TiB  6.53  0.99  182      up
105    hdd  1.89459   1.00000  1.9 TiB  129 GiB  51 GiB   1.0 GiB   12 GiB  1.8 TiB  6.64  1.01  191      up
115    hdd  1.89459   1.00000  1.9 TiB  129 GiB  51 GiB   735 MiB   12 GiB  1.8 TiB  6.65  1.01  185      up
125    hdd  1.89459   1.00000  1.9 TiB  129 GiB  51 GiB   1.2 GiB   12 GiB  1.8 TiB  6.65  1.01  192      up
137    hdd  1.89459   1.00000  1.9 TiB  129 GiB  51 GiB   1.6 GiB   12 GiB  1.8 TiB  6.65  1.01  189      up
147    hdd  1.89459   1.00000  1.9 TiB  129 GiB  51 GiB   492 MiB   12 GiB  1.8 TiB  6.65  1.01  186      up
155    hdd  1.89459   1.00000  1.9 TiB  127 GiB  49 GiB   2.2 GiB   12 GiB  1.8 TiB  6.53  0.99  187      up
165    hdd  1.89459   1.00000  1.9 TiB  127 GiB  49 GiB   1.7 GiB   11 GiB  1.8 TiB  6.53  0.99  186      up
176    hdd  1.89459   1.00000  1.9 TiB  129 GiB  51 GiB   660 MiB   12 GiB  1.8 TiB  6.65  1.01  193      up
185    hdd  1.89459   1.00000  1.9 TiB  126 GiB  49 GiB   1.6 GiB   11 GiB  1.8 TiB  6.52  0.99  188      up
195    hdd  1.89459   1.00000  1.9 TiB  127 GiB  49 GiB   452 MiB   11 GiB  1.8 TiB  6.55  0.99  181      up
205    hdd  1.89459   1.00000  1.9 TiB  128 GiB  50 GiB   1.6 GiB   12 GiB  1.8 TiB  6.58  1.00  190      up
215    hdd  1.89459   1.00000  1.9 TiB  129 GiB  51 GiB   1.4 GiB   11 GiB  1.8 TiB  6.65  1.01  189      up
225    hdd  1.89459   1.00000  1.9 TiB  129 GiB  51 GiB   1.6 GiB   12 GiB  1.8 TiB  6.65  1.01  203      up
236    hdd  1.89459   1.00000  1.9 TiB  126 GiB  49 GiB   641 MiB   12 GiB  1.8 TiB  6.52  0.99  181      up
  4    hdd  1.89459   1.00000  1.9 TiB  127 GiB  49 GiB   513 MiB   11 GiB  1.8 TiB  6.53  0.99  174      up
 14    hdd  1.89459   1.00000  1.9 TiB  129 GiB  51 GiB   1.9 GiB   12 GiB  1.8 TiB  6.62  1.01  186      up
 23    hdd  1.89459   1.00000  1.9 TiB  129 GiB  51 GiB   263 MiB   12 GiB  1.8 TiB  6.65  1.01  182      up
 37    hdd  1.89459   1.00000  1.9 TiB  129 GiB  51 GiB   702 MiB   12 GiB  1.8 TiB  6.65  1.01  184      up
 47    hdd  1.89459   1.00000  1.9 TiB  129 GiB  51 GiB   385 MiB   12 GiB  1.8 TiB  6.64  1.01  187      up
 57    hdd  1.89459   1.00000  1.9 TiB  129 GiB  51 GiB   1.0 GiB   12 GiB  1.8 TiB  6.65  1.01  191      up
 68    hdd  1.89459   1.00000  1.9 TiB  129 GiB  51 GiB   354 MiB   12 GiB  1.8 TiB  6.65  1.01  188      up
 77    hdd  1.89459   1.00000  1.9 TiB  127 GiB  49 GiB   1.1 GiB   11 GiB  1.8 TiB  6.53  0.99  179      up
 87    hdd  1.89459   1.00000  1.9 TiB  129 GiB  51 GiB   1.4 GiB   12 GiB  1.8 TiB  6.65  1.01  189      up
 97    hdd  1.89459   1.00000  1.9 TiB  129 GiB  51 GiB   1.3 GiB   12 GiB  1.8 TiB  6.65  1.01  189      up
106    hdd  1.89459   1.00000  1.9 TiB  129 GiB  51 GiB   1.1 GiB   12 GiB  1.8 TiB  6.65  1.01  188      up
116    hdd  1.89459   1.00000  1.9 TiB  127 GiB  49 GiB   1.7 GiB   11 GiB  1.8 TiB  6.53  0.99  187      up
126    hdd  1.89459   1.00000  1.9 TiB  126 GiB  49 GiB   1.5 GiB   11 GiB  1.8 TiB  6.52  0.99  182      up
135    hdd  1.89459   1.00000  1.9 TiB  126 GiB  49 GiB   1.3 GiB   12 GiB  1.8 TiB  6.52  0.99  182      up
145    hdd  1.89459   1.00000  1.9 TiB  126 GiB  49 GiB   1.3 GiB   11 GiB  1.8 TiB  6.51  0.99  181      up
157    hdd  1.89459   1.00000  1.9 TiB  126 GiB  49 GiB   691 MiB   11 GiB  1.8 TiB  6.51  0.99  176      up
167    hdd  1.89459   1.00000  1.9 TiB  126 GiB  49 GiB   1.6 GiB   11 GiB  1.8 TiB  6.52  0.99  179      up
175    hdd  1.89459   1.00000  1.9 TiB  126 GiB  49 GiB   452 MiB   12 GiB  1.8 TiB  6.52  0.99  176      up
187    hdd  1.89459   1.00000  1.9 TiB  127 GiB  50 GiB   638 MiB   12 GiB  1.8 TiB  6.56  1.00  189      up
196    hdd  1.89459   1.00000  1.9 TiB  126 GiB  49 GiB   991 MiB   12 GiB  1.8 TiB  6.51  0.99  181      up
206    hdd  1.89459   1.00000  1.9 TiB  126 GiB  49 GiB   1.3 GiB   11 GiB  1.8 TiB  6.52  0.99  185      up
216    hdd  1.89459   1.00000  1.9 TiB  129 GiB  51 GiB   1.3 GiB   12 GiB  1.8 TiB  6.66  1.01  196      up
226    hdd  1.89459   1.00000  1.9 TiB  129 GiB  51 GiB   2.1 GiB   12 GiB  1.8 TiB  6.64  1.01  196      up
235    hdd  1.89459   1.00000  1.9 TiB  127 GiB  50 GiB   1.4 GiB   11 GiB  1.8 TiB  6.56  1.00  190      up
  0    hdd  1.89459   1.00000  1.9 TiB  129 GiB  51 GiB   741 MiB   12 GiB  1.8 TiB  6.65  1.01  181      up
 10    hdd  1.89459   1.00000  1.9 TiB  127 GiB  49 GiB   1.5 GiB   12 GiB  1.8 TiB  6.53  0.99  180      up
 21    hdd  1.89459   1.00000  1.9 TiB  129 GiB  51 GiB   1.1 GiB   12 GiB  1.8 TiB  6.65  1.01  188      up
 32    hdd  1.89459   1.00000  1.9 TiB  127 GiB  49 GiB   2.2 GiB   12 GiB  1.8 TiB  6.53  0.99  186      up
 42    hdd  1.89459   1.00000  1.9 TiB  129 GiB  51 GiB   1.6 GiB   12 GiB  1.8 TiB  6.65  1.01  190      up
 53    hdd  1.89459   1.00000  1.9 TiB  129 GiB  51 GiB   983 MiB   12 GiB  1.8 TiB  6.65  1.01  185      up
 67    hdd  1.89459   1.00000  1.9 TiB  127 GiB  49 GiB   1.5 GiB   12 GiB  1.8 TiB  6.53  0.99  181      up
 78    hdd  1.89459   1.00000  1.9 TiB  126 GiB  49 GiB   1.4 GiB   11 GiB  1.8 TiB  6.51  0.99  183      up
 88    hdd  1.89459   1.00000  1.9 TiB  129 GiB  51 GiB   2.1 GiB   12 GiB  1.8 TiB  6.65  1.01  201      up
 98    hdd  1.89459   1.00000  1.9 TiB  126 GiB  49 GiB   1.5 GiB   11 GiB  1.8 TiB  6.52  0.99  182      up
108    hdd  1.89459   1.00000  1.9 TiB  129 GiB  51 GiB   1.5 GiB   12 GiB  1.8 TiB  6.64  1.01  192      up
118    hdd  1.89459   1.00000  1.9 TiB  126 GiB  49 GiB   1.5 GiB   11 GiB  1.8 TiB  6.52  0.99  186      up
128    hdd  1.89459   1.00000  1.9 TiB  126 GiB  49 GiB   765 MiB   12 GiB  1.8 TiB  6.52  0.99  179      up
138    hdd  1.89459   1.00000  1.9 TiB  126 GiB  49 GiB   1.0 GiB   12 GiB  1.8 TiB  6.51  0.99  180      up
148    hdd  1.89459   1.00000  1.9 TiB  126 GiB  49 GiB   763 MiB   11 GiB  1.8 TiB  6.52  0.99  182      up
158    hdd  1.89459   1.00000  1.9 TiB  127 GiB  49 GiB   2.0 GiB   12 GiB  1.8 TiB  6.55  0.99  191      up
168    hdd  1.89459   1.00000  1.9 TiB  129 GiB  51 GiB   1.3 GiB   12 GiB  1.8 TiB  6.65  1.01  194      up
178    hdd  1.89459   1.00000  1.9 TiB  126 GiB  49 GiB   877 MiB   11 GiB  1.8 TiB  6.51  0.99  180      up
188    hdd  1.89459   1.00000  1.9 TiB  129 GiB  51 GiB   1.4 GiB   12 GiB  1.8 TiB  6.64  1.01  185      up
198    hdd  1.89459   1.00000  1.9 TiB  126 GiB  49 GiB   1.1 GiB   11 GiB  1.8 TiB  6.52  0.99  185      up
208    hdd  1.89459   1.00000  1.9 TiB  129 GiB  51 GiB   956 MiB   12 GiB  1.8 TiB  6.65  1.01  191      up
218    hdd  1.89459   1.00000  1.9 TiB  126 GiB  49 GiB   1.1 GiB   11 GiB  1.8 TiB  6.52  0.99  177      up
228    hdd  1.89459   1.00000  1.9 TiB  126 GiB  49 GiB   785 MiB   12 GiB  1.8 TiB  6.52  0.99  184      up
238    hdd  1.89459   1.00000  1.9 TiB  127 GiB  50 GiB   1.0 GiB   12 GiB  1.8 TiB  6.57  1.00  182      up
  6    hdd  1.89459   1.00000  1.9 TiB  128 GiB  51 GiB  1023 MiB   12 GiB  1.8 TiB  6.61  1.00  182      up
 19    hdd  1.89459   1.00000  1.9 TiB  127 GiB  49 GiB   1.3 GiB   11 GiB  1.8 TiB  6.53  0.99  184      up
 29    hdd  1.89459   1.00000  1.9 TiB  129 GiB  51 GiB   1.5 GiB   12 GiB  1.8 TiB  6.64  1.01  191      up
 38    hdd  1.89459   1.00000  1.9 TiB  129 GiB  51 GiB   1.7 GiB   12 GiB  1.8 TiB  6.65  1.01  198      up
 48    hdd  1.89459   1.00000  1.9 TiB  129 GiB  51 GiB   337 MiB   12 GiB  1.8 TiB  6.65  1.01  186      up
 58    hdd  1.89459   1.00000  1.9 TiB  129 GiB  51 GiB   1.4 GiB   12 GiB  1.8 TiB  6.65  1.01  190      up
 62    hdd  1.89459   1.00000  1.9 TiB  127 GiB  49 GiB   2.1 GiB   11 GiB  1.8 TiB  6.53  0.99  180      up
 72    hdd  1.89459   1.00000  1.9 TiB  127 GiB  49 GiB   1.5 GiB   12 GiB  1.8 TiB  6.53  0.99  182      up
 82    hdd  1.89459   1.00000  1.9 TiB  128 GiB  50 GiB   542 MiB   12 GiB  1.8 TiB  6.59  1.00  189      up
 92    hdd  1.89459   1.00000  1.9 TiB  129 GiB  51 GiB   1.5 GiB   12 GiB  1.8 TiB  6.65  1.01  194      up
102    hdd  1.89459   1.00000  1.9 TiB  127 GiB  49 GiB   1.6 GiB   12 GiB  1.8 TiB  6.53  0.99  186      up
112    hdd  1.89459   1.00000  1.9 TiB  128 GiB  51 GiB   971 MiB   12 GiB  1.8 TiB  6.62  1.01  188      up
123    hdd  1.89459   1.00000  1.9 TiB  127 GiB  50 GiB   1.0 GiB   12 GiB  1.8 TiB  6.56  1.00  182      up
133    hdd  1.89459   1.00000  1.9 TiB  128 GiB  51 GiB   1.5 GiB   12 GiB  1.8 TiB  6.62  1.01  185      up
143    hdd  1.89459   1.00000  1.9 TiB  129 GiB  51 GiB   1.4 GiB   12 GiB  1.8 TiB  6.65  1.01  189      up
153    hdd  1.89459   1.00000  1.9 TiB  129 GiB  51 GiB   2.3 GiB   12 GiB  1.8 TiB  6.65  1.01  200      up
163    hdd  1.89459   1.00000  1.9 TiB  127 GiB  49 GiB   1.8 GiB   12 GiB  1.8 TiB  6.53  0.99  188      up
173    hdd  1.89459   1.00000  1.9 TiB  126 GiB  49 GiB   1.0 GiB   11 GiB  1.8 TiB  6.51  0.99  181      up
183    hdd  1.89459   1.00000  1.9 TiB  129 GiB  51 GiB   1.6 GiB   12 GiB  1.8 TiB  6.65  1.01  188      up
193    hdd  1.89459   1.00000  1.9 TiB  129 GiB  51 GiB   1.2 GiB   12 GiB  1.8 TiB  6.65  1.01  189      up
203    hdd  1.89459   1.00000  1.9 TiB  129 GiB  51 GiB   1.1 GiB   12 GiB  1.8 TiB  6.62  1.01  186      up
213    hdd  1.89459   1.00000  1.9 TiB  129 GiB  51 GiB   1.3 GiB   12 GiB  1.8 TiB  6.64  1.01  185      up
223    hdd  1.89459   1.00000  1.9 TiB  126 GiB  49 GiB   1.8 GiB   11 GiB  1.8 TiB  6.52  0.99  189      up
233    hdd  1.89459   1.00000  1.9 TiB  129 GiB  51 GiB   1.4 GiB   12 GiB  1.8 TiB  6.65  1.01  190      up
                        TOTAL  546 TiB   36 TiB  14 TiB   358 GiB  3.3 TiB  510 TiB  6.59                   
MIN/MAX VAR: 0.99/1.01  STDDEV: 0.06
2022/02/15-07:09:20: %RAW USED 6.59; Pending GCs 

PG Autoscale:
POOL                         SIZE  TARGET SIZE  RATE  RAW CAPACITY   RATIO  TARGET RATIO  EFFECTIVE RATIO  BIAS  PG_NUM  NEW PG_NUM  AUTOSCALE  PROFILE   
device_health_metrics          0                 3.0        545.6T  0.0000                                  1.0       1              on         scale-up  
default.rgw.control            0                 3.0        545.6T  0.0000                                  1.0     256              on         scale-up  
default.rgw.buckets.data    9613G                1.5        545.6T  0.0258                                  1.0    8192              on         scale-up  
default.rgw.buckets.index  119.3G                3.0        545.6T  0.0006                                  1.0     512              on         scale-up  
default.rgw.log             2792k                3.0        545.6T  0.0000                                  1.0     256              on         scale-up  
default.rgw.meta            1750k                3.0        545.6T  0.0000                                  1.0     256              on         scale-up  
.rgw.root                   1359                 3.0        545.6T  0.0000                                  1.0     256              on         scale-up  

RGW netstat & qlen/qactive ...
f10-h01-000-6049p.rdu2.scalelab.redhat.com
Proto Recv-Q Send-Q Local Address           Foreign Address         State       PID/Program name    
tcp        0      0 172.17.36.220:8080      0.0.0.0:*               LISTEN      2865394/radosgw     
        "qlen": 84,
        "qactive": 84,
f10-h05-000-6049p.rdu2.scalelab.redhat.com
Proto Recv-Q Send-Q Local Address           Foreign Address         State       PID/Program name    
tcp        0      0 172.17.36.178:8080      0.0.0.0:*               LISTEN      3563734/radosgw     
        "qlen": 272,
        "qactive": 272,
f10-h09-000-6049p.rdu2.scalelab.redhat.com
Proto Recv-Q Send-Q Local Address           Foreign Address         State       PID/Program name    
tcp        0      0 172.17.39.213:8080      0.0.0.0:*               LISTEN      3576810/radosgw     
        "qlen": 221,
        "qactive": 221,
f10-h13-000-6049p.rdu2.scalelab.redhat.com
Proto Recv-Q Send-Q Local Address           Foreign Address         State       PID/Program name    
tcp        0      0 172.17.39.109:8080      0.0.0.0:*               LISTEN      3595304/radosgw     
        "qlen": 82,
        "qactive": 82,
f10-h17-000-6049p.rdu2.scalelab.redhat.com
Proto Recv-Q Send-Q Local Address           Foreign Address         State       PID/Program name    
tcp        0      0 172.17.36.9:8080        0.0.0.0:*               LISTEN      3558729/radosgw     
        "qlen": 280,
        "qactive": 280,
f10-h21-000-6049p.rdu2.scalelab.redhat.com
Proto Recv-Q Send-Q Local Address           Foreign Address         State       PID/Program name    
tcp        0      0 172.17.38.57:8080       0.0.0.0:*               LISTEN      3554707/radosgw     
        "qlen": 129,
        "qactive": 129,
f10-h25-000-6049p.rdu2.scalelab.redhat.com
Proto Recv-Q Send-Q Local Address           Foreign Address         State       PID/Program name    
tcp        0      0 172.17.36.180:8080      0.0.0.0:*               LISTEN      3549346/radosgw     
        "qlen": 53,
        "qactive": 53,
f11-h01-000-6049p.rdu2.scalelab.redhat.com
Proto Recv-Q Send-Q Local Address           Foreign Address         State       PID/Program name    
tcp        0      0 172.17.39.208:8080      0.0.0.0:*               LISTEN      3604444/radosgw     
        "qlen": 73,
        "qactive": 73,
f11-h05-000-6049p.rdu2.scalelab.redhat.com
Proto Recv-Q Send-Q Local Address           Foreign Address         State       PID/Program name    
tcp        0      0 172.17.39.190:8080      0.0.0.0:*               LISTEN      3548744/radosgw     
        "qlen": 372,
        "qactive": 372,
f11-h09-000-6049p.rdu2.scalelab.redhat.com
Proto Recv-Q Send-Q Local Address           Foreign Address         State       PID/Program name    
tcp        0      0 172.17.38.145:8080      0.0.0.0:*               LISTEN      3567480/radosgw     
        "qlen": 391,
        "qactive": 391,
f11-h13-000-6049p.rdu2.scalelab.redhat.com
Proto Recv-Q Send-Q Local Address           Foreign Address         State       PID/Program name    
tcp        0      0 172.17.36.186:8080      0.0.0.0:*               LISTEN      3514066/radosgw     
        "qlen": 76,
        "qactive": 76,
f11-h17-000-6049p.rdu2.scalelab.redhat.com
Proto Recv-Q Send-Q Local Address           Foreign Address         State       PID/Program name    
tcp        0      0 172.17.36.13:8080       0.0.0.0:*               LISTEN      3556761/radosgw     
        "qlen": 119,
        "qactive": 119,

--------------------------------------------------------

2022/02/15-07:14:38: RESHARD Queue Length 1
2022/02/15-07:14:38: RESHARD List []

LA: 2022/02/15-07:14:39:   17.13, 12.63, 7.18

RGW stats:          proc   %cpu %mem  vsz    rss     memused       memlimit
f10-h01-000-6049p.rdu2.scalelab.redhat.com   radosgw 100 0.0 5708228 266412   333554688000   9223372036854771712
f10-h05-000-6049p.rdu2.scalelab.redhat.com   radosgw 99.0 0.0 5642256 255640   380990140416   9223372036854771712
f10-h09-000-6049p.rdu2.scalelab.redhat.com   radosgw 99.3 0.0 5699468 293252   375322816512   9223372036854771712
f10-h13-000-6049p.rdu2.scalelab.redhat.com   radosgw 98.7 0.0 5657960 259364   374623821824   9223372036854771712
f10-h17-000-6049p.rdu2.scalelab.redhat.com   radosgw 99.0 0.0 5658172 255544   384893014016   9223372036854771712
f10-h21-000-6049p.rdu2.scalelab.redhat.com   radosgw 99.2 0.0 5694504 257548   372404568064   9223372036854771712
f10-h25-000-6049p.rdu2.scalelab.redhat.com   radosgw 98.3 0.0 5706632 332660   388113965056   9223372036854771712
f11-h01-000-6049p.rdu2.scalelab.redhat.com   radosgw 100 0.0 5782704 292724   360127234048   9223372036854771712
f11-h05-000-6049p.rdu2.scalelab.redhat.com   radosgw 100 0.1 5691692 404600   365736816640   9223372036854771712
f11-h09-000-6049p.rdu2.scalelab.redhat.com   radosgw 97.8 0.0 5662680 271060   381859221504   9223372036854771712
f11-h13-000-6049p.rdu2.scalelab.redhat.com   radosgw 98.6 0.0 5744732 256896   380365492224   9223372036854771712
f11-h17-000-6049p.rdu2.scalelab.redhat.com   radosgw 98.3 0.0 5624424 255340   366835679232   9223372036854771712

OSD: 
2022/02/15-07:14:46: f10-h01-000-6049p.rdu2.scalelab.redhat.com ceph-osd        24.2  0.9 6190408 3895760
ceph-osd        26.2  1.0 6115952 4127912
ceph-osd        23.8  1.0 5798188 4096196
ceph-osd        29.6  1.0 5932460 4076448
ceph-osd        16.9  1.0 5885140 4135928
ceph-osd        16.8  0.9 5789088 3874296
ceph-osd        18.9  1.0 5922812 4085220
ceph-osd        16.6  1.0 5954700 4096916
ceph-osd        21.1  1.0 5851904 4078868
ceph-osd        19.2  1.0 5865636 4090016
ceph-osd        16.2  1.0 5773524 4104592
ceph-osd        25.6  0.9 6000944 3919896
ceph-osd        26.3  1.0 6119504 4111256
ceph-osd        22.2  1.0 5883156 4196020
ceph-osd        23.9  1.0 6227220 3981328
ceph-osd        19.7  1.0 5973260 4198112
ceph-osd        19.8  1.0 5940480 3949628
ceph-osd        22.0  1.0 5997920 4005548
ceph-osd        27.4  1.0 5997080 4110140
ceph-osd        19.7  0.9 5926596 3909016
ceph-osd        20.7  1.0 5963120 4064096
ceph-osd        18.4  1.0 6070684 4075544
ceph-osd        20.2  1.0 5921988 4093320
ceph-osd        19.3  1.0 5947692 4102640
2022/02/15-07:14:47: f10-h05-000-6049p.rdu2.scalelab.redhat.com ceph-osd        19.5  0.9 6064732 3885760
ceph-osd        33.1  1.0 6058956 4082600
ceph-osd        21.8  1.0 5906928 4188996
ceph-osd        19.6  0.9 5824708 3782636
ceph-osd        20.2  1.0 5907832 4093812
ceph-osd        24.7  0.9 6065948 3910648
ceph-osd        31.0  0.9 6157644 3803864
ceph-osd        31.6  1.0 5999192 3950068
ceph-osd        29.6  1.0 6163104 4105068
ceph-osd        19.4  1.0 5877664 4114132
ceph-osd        33.7  1.0 6042844 4081708
ceph-osd        25.0  1.0 6065028 4044612
ceph-osd        23.0  1.0 6003296 3981000
ceph-osd        31.9  1.0 6049728 4054632
ceph-osd        18.7  1.0 5961292 4138504
ceph-osd        29.5  1.0 6118344 4104648
ceph-osd        30.2  1.0 6071936 4138668
ceph-osd        18.1  0.9 5899628 3879668
ceph-osd        20.4  1.0 5934376 3995332
ceph-osd        19.3  1.0 5924116 4065344
ceph-osd        18.7  1.0 5958032 4112312
ceph-osd        21.1  1.0 6061816 4018244
ceph-osd        27.7  1.0 5956196 4007328
ceph-osd        27.7  1.0 6097356 4144280
2022/02/15-07:14:47: f10-h09-000-6049p.rdu2.scalelab.redhat.com ceph-osd        22.7  1.0 5973832 4053860
ceph-osd        17.2  1.0 5949816 4089064
ceph-osd        24.2  1.0 5852320 4102276
ceph-osd        19.4  0.9 6070584 3918788
ceph-osd        30.1  1.0 6319464 4148620
ceph-osd        26.0  0.9 6105648 3825072
ceph-osd        20.7  1.0 5949488 4013532
ceph-osd        22.0  1.0 6016152 4243344
ceph-osd        17.3  1.0 6003728 4084776
ceph-osd        19.7  1.0 5812964 4134940
ceph-osd        19.4  1.0 5948420 4081808
ceph-osd        19.6  0.9 6179440 3863000
ceph-osd        15.2  1.0 6045864 4075072
ceph-osd        18.5  1.0 5774976 4126860
ceph-osd        20.5  1.0 5831028 4106904
ceph-osd        22.3  1.0 5959876 4088524
ceph-osd        26.6  0.9 5989472 3901264
ceph-osd        23.7  0.9 6071720 3851804
ceph-osd        24.4  1.0 6068492 4080012
ceph-osd        21.8  1.0 5918844 4189064
ceph-osd        22.0  1.0 6085164 3961108
ceph-osd        17.8  1.0 5798440 4157520
ceph-osd        18.0  0.9 6047800 3732968
ceph-osd        16.7  1.0 5926196 4219988
2022/02/15-07:14:47: f10-h13-000-6049p.rdu2.scalelab.redhat.com ceph-osd        21.3  0.9 6106540 3857116
ceph-osd        27.2  1.0 6077148 4106432
ceph-osd        29.9  1.0 6194184 4063208
ceph-osd        20.1  0.9 5955680 3608008
ceph-osd        17.0  1.0 5926340 4086760
ceph-osd        26.4  0.9 6124156 3680892
ceph-osd        18.9  1.0 6082184 4053124
ceph-osd        23.1  0.9 6223952 3651748
ceph-osd        17.7  1.0 5842744 4000184
ceph-osd        18.4  1.0 5847644 4144608
ceph-osd        20.4  1.0 5963680 3973120
ceph-osd        18.8  1.0 5908860 4007968
ceph-osd        19.7  1.0 6008052 4051732
ceph-osd        23.8  1.0 6205324 4101008
ceph-osd        22.6  0.9 6158952 3832728
ceph-osd        22.0  1.0 5877192 4045940
ceph-osd        19.0  0.9 5983540 3905300
ceph-osd        22.6  1.0 6084936 4067368
ceph-osd        17.4  1.0 6032632 4094800
ceph-osd        29.7  1.0 6009112 4098796
ceph-osd        28.5  1.0 6109524 4180928
ceph-osd        24.4  1.0 6274216 4087712
ceph-osd        29.9  1.0 6173820 4082840
ceph-osd        21.9  1.0 6140176 4081052
2022/02/15-07:14:47: f10-h17-000-6049p.rdu2.scalelab.redhat.com ceph-osd        24.4  0.9 6283800 3869484
ceph-osd        22.2  0.9 6037920 3846560
ceph-osd        19.4  0.9 6107184 3873944
ceph-osd        20.0  1.0 6055428 4070940
ceph-osd        21.0  1.0 5889528 4072140
ceph-osd        29.1  1.0 6155848 3990960
ceph-osd        21.4  1.0 5927208 4200728
ceph-osd        21.7  1.0 5883268 4049816
ceph-osd        22.3  1.0 5968228 4060384
ceph-osd        19.7  1.0 6090540 4128324
ceph-osd        20.9  1.0 5927076 4057600
ceph-osd        24.7  1.0 6158808 4014580
ceph-osd        25.3  1.0 6027216 4046628
ceph-osd        20.9  1.0 6286700 4202508
ceph-osd        23.0  0.9 5937520 3914452
ceph-osd        20.0  0.9 5848616 3855124
ceph-osd        17.5  1.0 5862916 4083304
ceph-osd        23.2  1.0 6027052 4032792
ceph-osd        19.8  0.9 5913904 3850872
ceph-osd        19.6  0.9 6163628 3752380
ceph-osd        17.8  0.9 5806680 3918576
ceph-osd        25.2  1.0 6120628 4109284
ceph-osd        24.6  1.0 5989736 4095836
ceph-osd        25.3  1.0 5943220 4107340
2022/02/15-07:14:48: f10-h21-000-6049p.rdu2.scalelab.redhat.com ceph-osd        21.1  1.0 6102632 3963864
ceph-osd        29.7  0.9 6062492 3937084
ceph-osd        29.5  0.9 6123392 3926608
ceph-osd        27.4  1.0 5922840 4095052
ceph-osd        30.6  1.0 6024788 4129320
ceph-osd        24.9  0.9 6008708 3894276
ceph-osd        26.9  1.0 6149008 4065696
ceph-osd        25.4  0.9 6047740 3837280
ceph-osd        20.0  1.0 6012276 4011244
ceph-osd        20.5  1.0 5916484 4035152
ceph-osd        30.7  0.9 6216692 3895128
ceph-osd        21.0  1.0 5931172 4097772
ceph-osd        26.3  0.9 6159996 3816760
ceph-osd        24.7  1.0 6027972 4044100
ceph-osd        18.1  1.0 5779228 4063404
ceph-osd        27.9  1.0 6385616 4106316
ceph-osd        22.3  1.0 5892380 4239604
ceph-osd        19.1  1.0 5932464 4117976
ceph-osd        26.8  0.9 5882520 3937260
ceph-osd        19.8  1.0 6069704 4000208
ceph-osd        21.2  0.9 5990632 3702052
ceph-osd        24.3  1.0 6294972 4038628
ceph-osd        24.9  1.0 6085964 3997172
ceph-osd        24.2  1.0 5995424 4080308
2022/02/15-07:14:48: f10-h25-000-6049p.rdu2.scalelab.redhat.com ceph-osd        23.8  1.0 6053668 4114676
ceph-osd        24.3  1.0 6061748 4100124
ceph-osd        19.9  1.0 6138348 3992600
ceph-osd        25.8  1.0 6130832 4044832
ceph-osd        20.1  1.0 5943620 4064660
ceph-osd        18.5  1.0 5968140 4090460
ceph-osd        23.0  1.0 5967156 4194872
ceph-osd        19.6  1.0 6055256 4061944
ceph-osd        18.8  1.0 5855504 4025512
ceph-osd        21.3  1.0 6151876 4165412
ceph-osd        17.2  1.0 5863004 4140580
ceph-osd        19.9  1.0 5983680 4163988
ceph-osd        19.0  1.0 6037712 4034372
ceph-osd        22.7  1.0 6022940 4131752
ceph-osd        17.1  1.0 5975456 4032004
ceph-osd        25.0  0.9 5972900 3684348
ceph-osd        23.4  0.9 6194356 3935880
ceph-osd        17.3  1.0 5836192 4006876
ceph-osd        21.7  1.0 6112532 4073836
ceph-osd        23.6  1.0 5967764 4018580
ceph-osd        19.6  0.9 6029600 3826212
ceph-osd        27.7  1.0 6130528 4081280
ceph-osd        23.2  1.0 5831708 4081092
ceph-osd        21.0  0.9 5965936 3846192
2022/02/15-07:14:48: f11-h01-000-6049p.rdu2.scalelab.redhat.com ceph-osd        21.6  0.9 5914424 3932428
ceph-osd        21.5  1.0 6080648 4096288
ceph-osd        19.0  0.9 5943876 3753604
ceph-osd        18.5  1.0 5965800 4118780
ceph-osd        24.9  1.0 6214252 4140156
ceph-osd        22.9  0.9 6079988 3770984
ceph-osd        24.5  1.0 6172900 3980516
ceph-osd        25.0  0.9 5985076 3713852
ceph-osd        26.7  1.0 6136624 4132504
ceph-osd        18.2  1.0 5923816 4029580
ceph-osd        21.1  1.0 6085672 4089524
ceph-osd        22.5  1.0 5933164 4093608
ceph-osd        27.2  0.9 5938424 3907972
ceph-osd        18.1  1.0 5916116 4031444
ceph-osd        23.0  0.9 6022072 3890552
ceph-osd        24.2  1.0 6125872 4092280
ceph-osd        19.5  0.9 5890188 3850032
ceph-osd        23.8  1.0 6197560 4007932
ceph-osd        21.7  0.9 6076632 3719520
ceph-osd        18.1  1.0 5868716 4123044
ceph-osd        27.5  1.0 6334428 4116496
ceph-osd        25.7  0.9 6026844 3896428
ceph-osd        29.6  1.0 5985260 3997016
ceph-osd        28.4  1.0 6028516 4134508
2022/02/15-07:14:48: f11-h05-000-6049p.rdu2.scalelab.redhat.com ceph-osd        24.3  0.9 5804392 3849860
ceph-osd        19.6  1.0 5977176 4066068
ceph-osd        20.8  0.9 6170996 3604732
ceph-osd        22.9  1.0 6306564 4083528
ceph-osd        20.8  1.0 5891640 4149616
ceph-osd        22.9  1.0 6219348 4109980
ceph-osd        20.0  0.9 5951500 3866188
ceph-osd        29.2  1.0 6055616 4065360
ceph-osd        26.4  1.0 5939336 3998764
ceph-osd        20.3  1.0 5811484 4066260
ceph-osd        38.7  1.0 5993800 4103284
ceph-osd        15.9  0.9 5888124 3859924
ceph-osd        22.8  0.9 6011020 3796032
ceph-osd        26.7  0.9 5962868 3833040
ceph-osd        22.6  1.0 6145900 4036992
ceph-osd        26.3  0.9 6347068 3834860
ceph-osd        17.4  1.0 5851464 3986004
ceph-osd        22.0  0.9 5938756 3648556
ceph-osd        19.4  1.0 6008036 4123000
ceph-osd        24.1  1.0 6046064 4102864
ceph-osd        18.5  1.0 5979688 4073644
ceph-osd        19.9  0.9 5965704 3861012
ceph-osd        18.3  0.9 6026536 3846388
ceph-osd        21.6  1.0 5919924 4081764
2022/02/15-07:14:49: f11-h09-000-6049p.rdu2.scalelab.redhat.com ceph-osd        19.7  0.9 5931536 3919132
ceph-osd        19.7  0.9 5997468 3879300
ceph-osd        25.5  1.0 5927228 4110780
ceph-osd        20.0  1.0 6029628 4072812
ceph-osd        26.1  1.0 6109524 4096384
ceph-osd        20.5  0.9 5854020 3937272
ceph-osd        16.3  0.9 5915528 3944936
ceph-osd        25.0  1.0 6179256 4171720
ceph-osd        17.5  1.0 5895192 4102248
ceph-osd        19.5  0.9 6096964 3732524
ceph-osd        24.1  1.0 6020372 4159844
ceph-osd        22.3  1.0 6023676 4106204
ceph-osd        20.6  1.0 6078680 4039528
ceph-osd        36.0  0.8 6056224 3550212
ceph-osd        17.1  0.9 6051084 3752288
ceph-osd        24.8  0.9 6072348 3802992
ceph-osd        21.4  1.0 6108512 4039476
ceph-osd        18.0  1.0 6080220 4108768
ceph-osd        18.8  0.9 5979436 3906784
ceph-osd        21.1  0.9 5946596 3870988
ceph-osd        20.1  1.0 5991700 4072036
ceph-osd        17.7  1.0 5878116 4146196
ceph-osd        34.8  1.0 5988676 4104644
ceph-osd        23.0  1.0 5956024 4073180
2022/02/15-07:14:49: f11-h13-000-6049p.rdu2.scalelab.redhat.com ceph-osd        18.7  1.0 6076208 4112800
ceph-osd        22.5  1.0 5860828 4105720
ceph-osd        23.9  0.9 6148944 3928732
ceph-osd        27.4  1.0 6273924 4056760
ceph-osd        17.4  1.0 5888196 4098332
ceph-osd        22.1  1.0 5958292 4074244
ceph-osd        19.8  1.0 6112268 4093488
ceph-osd        22.0  1.0 6359756 4082004
ceph-osd        19.5  1.0 6145896 4101640
ceph-osd        17.9  0.9 5908644 3938784
ceph-osd        19.4  1.0 6009092 3977280
ceph-osd        20.3  1.0 5869312 4118720
ceph-osd        21.4  1.0 6081672 4101180
ceph-osd        20.9  0.9 6136504 3725052
ceph-osd        22.9  1.0 5984548 4066940
ceph-osd        16.8  0.9 5856540 3887688
ceph-osd        18.7  1.0 5939360 4080976
ceph-osd        29.1  1.0 6202560 4088496
ceph-osd        20.6  1.0 6009180 4115972
ceph-osd        19.2  1.0 6085832 4026648
ceph-osd        21.5  1.0 6136060 4083464
ceph-osd        22.6  1.0 5915412 4156032
ceph-osd        25.1  1.0 6196324 4024568
ceph-osd        22.1  1.0 6126732 4131312
2022/02/15-07:14:49: f11-h17-000-6049p.rdu2.scalelab.redhat.com ceph-osd        20.9  1.0 5977228 4144912
ceph-osd        19.5  1.0 5925692 4067604
ceph-osd        21.0  0.9 5928968 3935496
ceph-osd        20.2  1.0 5941484 3976992
ceph-osd        26.6  1.0 6154896 4135920
ceph-osd        26.6  0.9 6158156 3874804
ceph-osd        24.5  1.0 6072444 4056040
ceph-osd        23.9  1.0 5786636 4115180
ceph-osd        26.3  1.0 6056700 4080868
ceph-osd        27.4  1.0 6044424 4101808
ceph-osd        27.4  1.0 5934104 4054056
ceph-osd        24.1  1.0 5802120 4093776
ceph-osd        24.0  0.9 6139688 3577092
ceph-osd        21.6  1.0 6118576 4125552
ceph-osd        22.2  1.0 6194088 4105500
ceph-osd        23.7  1.0 6177476 4197468
ceph-osd        23.5  1.0 6074488 4083636
ceph-osd        19.4  1.0 5821784 4041748
ceph-osd        30.9  1.0 6177052 4087884
ceph-osd        18.1  1.0 6131968 4133100
ceph-osd        21.8  1.0 5944000 4070680
ceph-osd        31.3  1.0 6024368 4126260
ceph-osd        18.0  1.0 5865916 4193036
ceph-osd        26.0  1.0 6091472 4107400

Site1 buckets (rgw):
2022/02/15-07:14:50: 

Cluster status
  cluster:
    id:     714934ea-8d9b-11ec-bdff-ac1f6b2d5d2a
    health: HEALTH_OK
 
  services:
    mon: 3 daemons, quorum f13-h26-b04-5039ms.rdu2.scalelab.redhat.com,f13-h26-b07-5039ms,f13-h26-b08-5039ms (age 17h)
    mgr: f13-h26-b07-5039ms.pesmso(active, since 17h), standbys: f13-h26-b04-5039ms.rdu2.scalelab.redhat.com.vqksdg, f13-h26-b08-5039ms.wnymtd
    osd: 288 osds: 288 up (since 17h), 288 in (since 17h)
    rgw: 12 daemons active (12 hosts, 1 zones)
 
  data:
    pools:   7 pools, 9729 pgs
    objects: 374.65M objects, 5.1 TiB
    usage:   36 TiB used, 510 TiB / 546 TiB avail
    pgs:     9729 active+clean
 
  io:
    client:   191 MiB/s rd, 109 MiB/s wr, 107.89k op/s rd, 88.50k op/s wr
 
2022/02/15-07:14:50: ceph df detail --- RAW STORAGE ---
CLASS     SIZE    AVAIL    USED  RAW USED  %RAW USED
hdd    546 TiB  510 TiB  36 TiB    36 TiB       6.58
TOTAL  546 TiB  510 TiB  36 TiB    36 TiB       6.58
 
--- POOLS ---
POOL                       ID   PGS   STORED   (DATA)   (OMAP)  OBJECTS     USED   (DATA)   (OMAP)  %USED  MAX AVAIL  QUOTA OBJECTS  QUOTA BYTES  DIRTY  USED COMPR  UNDER COMPR
device_health_metrics       1     1  644 KiB      0 B  644 KiB      315  1.9 MiB      0 B  1.9 MiB      0    161 TiB            N/A          N/A    N/A         0 B          0 B
default.rgw.control         6   256      0 B      0 B      0 B        8      0 B      0 B      0 B      0    161 TiB            N/A          N/A    N/A         0 B          0 B
default.rgw.buckets.data    7  8192  9.4 TiB  9.4 TiB      0 B  374.64M   14 TiB   14 TiB      0 B   2.84    321 TiB            N/A          N/A    N/A         0 B          0 B
default.rgw.buckets.index   8   512  117 GiB      0 B  117 GiB    6.30k  351 GiB      0 B  351 GiB   0.07    161 TiB            N/A          N/A    N/A         0 B          0 B
default.rgw.log             9   256  2.9 MiB  3.6 KiB  2.9 MiB      209  9.1 MiB  408 KiB  8.7 MiB      0    161 TiB            N/A          N/A    N/A         0 B          0 B
default.rgw.meta           10   256  1.5 MiB  3.2 KiB  1.5 MiB       15  4.6 MiB  168 KiB  4.4 MiB      0    161 TiB            N/A          N/A    N/A         0 B          0 B
.rgw.root                  11   256  1.3 KiB  1.3 KiB      0 B        4   48 KiB   48 KiB      0 B      0    161 TiB            N/A          N/A    N/A         0 B          0 B

Site1 pool PG counts:
pool 1 'device_health_metrics' replicated size 3 min_size 2 crush_rule 0 object_hash rjenkins pg_num 1 pgp_num 1 autoscale_mode on last_change 767 flags hashpspool stripe_width 0 pg_num_min 1 application mgr_devicehealth,rgw
pool 6 'default.rgw.control' replicated size 3 min_size 2 crush_rule 0 object_hash rjenkins pg_num 256 pgp_num 256 autoscale_mode on last_change 768 flags hashpspool stripe_width 0 pg_num_min 256 application rgw
pool 7 'default.rgw.buckets.data' erasure profile myprofile size 6 min_size 5 crush_rule 1 object_hash rjenkins pg_num 8192 pgp_num 8192 autoscale_mode on last_change 784 lfor 0/0/782 flags hashpspool stripe_width 16384 pg_num_min 8192 application rgw
pool 8 'default.rgw.buckets.index' replicated size 3 min_size 2 crush_rule 0 object_hash rjenkins pg_num 512 pgp_num 512 autoscale_mode on last_change 770 flags hashpspool stripe_width 0 pg_num_min 512 application rgw
pool 9 'default.rgw.log' replicated size 3 min_size 2 crush_rule 0 object_hash rjenkins pg_num 256 pgp_num 256 autoscale_mode on last_change 771 flags hashpspool stripe_width 0 pg_num_min 256 application rgw
pool 10 'default.rgw.meta' replicated size 3 min_size 2 crush_rule 0 object_hash rjenkins pg_num 256 pgp_num 256 autoscale_mode on last_change 772 flags hashpspool stripe_width 0 pg_num_min 256 application rgw
pool 11 '.rgw.root' replicated size 3 min_size 2 crush_rule 0 object_hash rjenkins pg_num 256 pgp_num 256 autoscale_mode on last_change 773 flags hashpspool stripe_width 0 pg_num_min 256 application rgw


Site1 buckets df
2022/02/15-07:14:51: POOL                       ID   PGS   STORED  OBJECTS     USED  %USED  MAX AVAIL
default.rgw.control         6   256      0 B        8      0 B      0    161 TiB
default.rgw.buckets.data    7  8192  9.4 TiB  374.64M   14 TiB   2.84    321 TiB
default.rgw.buckets.index   8   512  117 GiB    6.30k  351 GiB   0.07    161 TiB
default.rgw.log             9   256  2.9 MiB      209  9.1 MiB      0    161 TiB
default.rgw.meta           10   256  1.5 MiB       15  4.6 MiB      0    161 TiB

OSD/RGW free:
2022/02/15-07:14:51: f10-h01-000-6049p.rdu2.scalelab.redhat.com                total        used        free      shared  buff/cache   available
Mem:          376Gi        97Gi        52Gi       4.1Gi       226Gi       272Gi
Swap:            0B          0B          0B

Ceph osd df:
2022/02/15-07:14:51: ID   CLASS  WEIGHT   REWEIGHT  SIZE     RAW USE  DATA    OMAP      META     AVAIL    %USE  VAR   PGS  STATUS
264    hdd  1.89459   1.00000  1.9 TiB  129 GiB  51 GiB   2.2 GiB   12 GiB  1.8 TiB  6.65  1.01  202      up
265    hdd  1.89459   1.00000  1.9 TiB  129 GiB  51 GiB   2.1 GiB   12 GiB  1.8 TiB  6.63  1.01  189      up
266    hdd  1.89459   1.00000  1.9 TiB  129 GiB  51 GiB   799 MiB   12 GiB  1.8 TiB  6.65  1.01  191      up
267    hdd  1.89459   1.00000  1.9 TiB  129 GiB  51 GiB   1.4 GiB   12 GiB  1.8 TiB  6.65  1.01  187      up
268    hdd  1.89459   1.00000  1.9 TiB  128 GiB  50 GiB   816 MiB   12 GiB  1.8 TiB  6.58  1.00  179      up
269    hdd  1.89459   1.00000  1.9 TiB  127 GiB  49 GiB   616 MiB   12 GiB  1.8 TiB  6.53  0.99  181      up
270    hdd  1.89459   1.00000  1.9 TiB  129 GiB  51 GiB   1.1 GiB   12 GiB  1.8 TiB  6.65  1.01  188      up
271    hdd  1.89459   1.00000  1.9 TiB  129 GiB  51 GiB   372 MiB   12 GiB  1.8 TiB  6.65  1.01  186      up
272    hdd  1.89459   1.00000  1.9 TiB  128 GiB  50 GiB   799 MiB   12 GiB  1.8 TiB  6.57  1.00  188      up
273    hdd  1.89459   1.00000  1.9 TiB  126 GiB  49 GiB   916 MiB   12 GiB  1.8 TiB  6.52  0.99  182      up
274    hdd  1.89459   1.00000  1.9 TiB  128 GiB  50 GiB   140 MiB   12 GiB  1.8 TiB  6.59  1.00  180      up
275    hdd  1.89459   1.00000  1.9 TiB  126 GiB  49 GiB   591 MiB   11 GiB  1.8 TiB  6.51  0.99  182      up
276    hdd  1.89459   1.00000  1.9 TiB  126 GiB  49 GiB   1.4 GiB   12 GiB  1.8 TiB  6.51  0.99  185      up
277    hdd  1.89459   1.00000  1.9 TiB  128 GiB  50 GiB   1.3 GiB   12 GiB  1.8 TiB  6.58  1.00  186      up
278    hdd  1.89459   1.00000  1.9 TiB  129 GiB  51 GiB   1.7 GiB   12 GiB  1.8 TiB  6.65  1.01  190      up
279    hdd  1.89459   1.00000  1.9 TiB  128 GiB  50 GiB   276 MiB   12 GiB  1.8 TiB  6.58  1.00  182      up
280    hdd  1.89459   1.00000  1.9 TiB  129 GiB  51 GiB   656 MiB   12 GiB  1.8 TiB  6.65  1.01  185      up
281    hdd  1.89459   1.00000  1.9 TiB  129 GiB  51 GiB   1.6 GiB   12 GiB  1.8 TiB  6.65  1.01  188      up
282    hdd  1.89459   1.00000  1.9 TiB  126 GiB  49 GiB   1.5 GiB   12 GiB  1.8 TiB  6.51  0.99  184      up
283    hdd  1.89459   1.00000  1.9 TiB  126 GiB  49 GiB   866 MiB   12 GiB  1.8 TiB  6.52  0.99  180      up
284    hdd  1.89459   1.00000  1.9 TiB  129 GiB  51 GiB   1.1 GiB   12 GiB  1.8 TiB  6.63  1.01  187      up
285    hdd  1.89459   1.00000  1.9 TiB  128 GiB  51 GiB   1.1 GiB   12 GiB  1.8 TiB  6.62  1.01  188      up
286    hdd  1.89459   1.00000  1.9 TiB  126 GiB  49 GiB   961 MiB   12 GiB  1.8 TiB  6.51  0.99  183      up
287    hdd  1.89459   1.00000  1.9 TiB  126 GiB  49 GiB   1.1 GiB   12 GiB  1.8 TiB  6.52  0.99  180      up
  8    hdd  1.89459   1.00000  1.9 TiB  129 GiB  51 GiB   486 MiB   12 GiB  1.8 TiB  6.63  1.01  185      up
 11    hdd  1.89459   1.00000  1.9 TiB  126 GiB  49 GiB   1.7 GiB   12 GiB  1.8 TiB  6.51  0.99  182      up
 20    hdd  1.89459   1.00000  1.9 TiB  128 GiB  51 GiB   1.2 GiB   12 GiB  1.8 TiB  6.62  1.01  186      up
 30    hdd  1.89459   1.00000  1.9 TiB  129 GiB  51 GiB   1.6 GiB   12 GiB  1.8 TiB  6.65  1.01  192      up
 40    hdd  1.89459   1.00000  1.9 TiB  127 GiB  50 GiB   811 MiB   12 GiB  1.8 TiB  6.56  1.00  183      up
 50    hdd  1.89459   1.00000  1.9 TiB  126 GiB  49 GiB   1.3 GiB   12 GiB  1.8 TiB  6.51  0.99  178      up
 60    hdd  1.89459   1.00000  1.9 TiB  126 GiB  49 GiB   864 MiB   11 GiB  1.8 TiB  6.51  0.99  189      up
 70    hdd  1.89459   1.00000  1.9 TiB  126 GiB  49 GiB   873 MiB   11 GiB  1.8 TiB  6.52  0.99  177      up
 80    hdd  1.89459   1.00000  1.9 TiB  128 GiB  50 GiB   1.8 GiB   12 GiB  1.8 TiB  6.57  1.00  192      up
 90    hdd  1.89459   1.00000  1.9 TiB  126 GiB  49 GiB   2.3 GiB   11 GiB  1.8 TiB  6.51  0.99  192      up
100    hdd  1.89459   1.00000  1.9 TiB  129 GiB  51 GiB   1.0 GiB   12 GiB  1.8 TiB  6.63  1.01  189      up
110    hdd  1.89459   1.00000  1.9 TiB  126 GiB  49 GiB   1.6 GiB   12 GiB  1.8 TiB  6.51  0.99  185      up
120    hdd  1.89459   1.00000  1.9 TiB  129 GiB  51 GiB   506 MiB   12 GiB  1.8 TiB  6.65  1.01  188      up
130    hdd  1.89459   1.00000  1.9 TiB  129 GiB  51 GiB   1.2 GiB   12 GiB  1.8 TiB  6.65  1.01  195      up
140    hdd  1.89459   1.00000  1.9 TiB  126 GiB  49 GiB   1.8 GiB   11 GiB  1.8 TiB  6.52  0.99  181      up
150    hdd  1.89459   1.00000  1.9 TiB  129 GiB  51 GiB   1.8 GiB   12 GiB  1.8 TiB  6.65  1.01  191      up
160    hdd  1.89459   1.00000  1.9 TiB  126 GiB  49 GiB   1.9 GiB   12 GiB  1.8 TiB  6.51  0.99  180      up
170    hdd  1.89459   1.00000  1.9 TiB  126 GiB  49 GiB   2.2 GiB   12 GiB  1.8 TiB  6.51  0.99  183      up
180    hdd  1.89459   1.00000  1.9 TiB  126 GiB  49 GiB   1.2 GiB   11 GiB  1.8 TiB  6.51  0.99  176      up
190    hdd  1.89459   1.00000  1.9 TiB  128 GiB  50 GiB   2.0 GiB   12 GiB  1.8 TiB  6.57  1.00  186      up
200    hdd  1.89459   1.00000  1.9 TiB  129 GiB  51 GiB   838 MiB   12 GiB  1.8 TiB  6.63  1.01  188      up
210    hdd  1.89459   1.00000  1.9 TiB  126 GiB  49 GiB   1.5 GiB   11 GiB  1.8 TiB  6.51  0.99  191      up
220    hdd  1.89459   1.00000  1.9 TiB  126 GiB  49 GiB   1.4 GiB   12 GiB  1.8 TiB  6.51  0.99  178      up
230    hdd  1.89459   1.00000  1.9 TiB  129 GiB  51 GiB   1.6 GiB   12 GiB  1.8 TiB  6.65  1.01  188      up
  3    hdd  1.89459   1.00000  1.9 TiB  129 GiB  51 GiB   1.3 GiB   12 GiB  1.8 TiB  6.65  1.01  196      up
 15    hdd  1.89459   1.00000  1.9 TiB  129 GiB  51 GiB   1.8 GiB   12 GiB  1.8 TiB  6.65  1.01  199      up
 24    hdd  1.89459   1.00000  1.9 TiB  127 GiB  50 GiB   871 MiB   12 GiB  1.8 TiB  6.56  1.00  177      up
 34    hdd  1.89459   1.00000  1.9 TiB  127 GiB  50 GiB   1.5 GiB   11 GiB  1.8 TiB  6.56  1.00  187      up
 46    hdd  1.89459   1.00000  1.9 TiB  127 GiB  49 GiB   1.2 GiB   12 GiB  1.8 TiB  6.53  0.99  180      up
 54    hdd  1.89459   1.00000  1.9 TiB  129 GiB  51 GiB   874 MiB   12 GiB  1.8 TiB  6.65  1.01  193      up
 64    hdd  1.89459   1.00000  1.9 TiB  127 GiB  50 GiB   1.1 GiB   12 GiB  1.8 TiB  6.56  1.00  182      up
 75    hdd  1.89459   1.00000  1.9 TiB  127 GiB  49 GiB   782 MiB   11 GiB  1.8 TiB  6.53  0.99  182      up
 84    hdd  1.89459   1.00000  1.9 TiB  129 GiB  51 GiB   1.3 GiB   12 GiB  1.8 TiB  6.65  1.01  194      up
 94    hdd  1.89459   1.00000  1.9 TiB  129 GiB  51 GiB   465 MiB   12 GiB  1.8 TiB  6.65  1.01  184      up
104    hdd  1.89459   1.00000  1.9 TiB  128 GiB  50 GiB   1.3 GiB   12 GiB  1.8 TiB  6.59  1.00  190      up
114    hdd  1.89459   1.00000  1.9 TiB  127 GiB  49 GiB   710 MiB   12 GiB  1.8 TiB  6.53  0.99  186      up
124    hdd  1.89459   1.00000  1.9 TiB  127 GiB  49 GiB   1.3 GiB   12 GiB  1.8 TiB  6.53  0.99  184      up
134    hdd  1.89459   1.00000  1.9 TiB  129 GiB  51 GiB   553 MiB   12 GiB  1.8 TiB  6.65  1.01  187      up
144    hdd  1.89459   1.00000  1.9 TiB  127 GiB  49 GiB   2.1 GiB   12 GiB  1.8 TiB  6.53  0.99  187      up
154    hdd  1.89459   1.00000  1.9 TiB  128 GiB  50 GiB   685 MiB   12 GiB  1.8 TiB  6.59  1.00  182      up
164    hdd  1.89459   1.00000  1.9 TiB  129 GiB  51 GiB   1.1 GiB   12 GiB  1.8 TiB  6.63  1.01  191      up
174    hdd  1.89459   1.00000  1.9 TiB  129 GiB  51 GiB   675 MiB   12 GiB  1.8 TiB  6.65  1.01  184      up
184    hdd  1.89459   1.00000  1.9 TiB  127 GiB  49 GiB   425 MiB   12 GiB  1.8 TiB  6.53  0.99  179      up
194    hdd  1.89459   1.00000  1.9 TiB  129 GiB  51 GiB   342 MiB   12 GiB  1.8 TiB  6.65  1.01  185      up
204    hdd  1.89459   1.00000  1.9 TiB  128 GiB  51 GiB   1.5 GiB   12 GiB  1.8 TiB  6.60  1.00  190      up
214    hdd  1.89459   1.00000  1.9 TiB  127 GiB  49 GiB   176 MiB   12 GiB  1.8 TiB  6.53  0.99  176      up
224    hdd  1.89459   1.00000  1.9 TiB  126 GiB  49 GiB   1.2 GiB   11 GiB  1.8 TiB  6.51  0.99  179      up
234    hdd  1.89459   1.00000  1.9 TiB  128 GiB  51 GiB   906 MiB   12 GiB  1.8 TiB  6.61  1.00  187      up
  7    hdd  1.89459   1.00000  1.9 TiB  129 GiB  51 GiB   1.3 GiB   12 GiB  1.8 TiB  6.65  1.01  192      up
 17    hdd  1.89459   1.00000  1.9 TiB  129 GiB  51 GiB   1.8 GiB   12 GiB  1.8 TiB  6.64  1.01  193      up
 27    hdd  1.89459   1.00000  1.9 TiB  127 GiB  49 GiB   1.2 GiB   12 GiB  1.8 TiB  6.53  0.99  187      up
 31    hdd  1.89459   1.00000  1.9 TiB  129 GiB  51 GiB   1.1 GiB   12 GiB  1.8 TiB  6.65  1.01  188      up
 41    hdd  1.89459   1.00000  1.9 TiB  128 GiB  51 GiB   1.7 GiB   12 GiB  1.8 TiB  6.62  1.01  191      up
 51    hdd  1.89459   1.00000  1.9 TiB  127 GiB  49 GiB   692 MiB   12 GiB  1.8 TiB  6.54  0.99  184      up
 61    hdd  1.89459   1.00000  1.9 TiB  129 GiB  51 GiB   1.7 GiB   12 GiB  1.8 TiB  6.65  1.01  192      up
 71    hdd  1.89459   1.00000  1.9 TiB  127 GiB  49 GiB   2.3 GiB   11 GiB  1.8 TiB  6.53  0.99  187      up
 81    hdd  1.89459   1.00000  1.9 TiB  129 GiB  51 GiB   1.7 GiB   12 GiB  1.8 TiB  6.65  1.01  193      up
 91    hdd  1.89459   1.00000  1.9 TiB  129 GiB  51 GiB   886 MiB   12 GiB  1.8 TiB  6.65  1.01  189      up
101    hdd  1.89459   1.00000  1.9 TiB  129 GiB  51 GiB   852 MiB   12 GiB  1.8 TiB  6.65  1.01  187      up
111    hdd  1.89459   1.00000  1.9 TiB  128 GiB  50 GiB   1.3 GiB   12 GiB  1.8 TiB  6.60  1.00  186      up
121    hdd  1.89459   1.00000  1.9 TiB  128 GiB  50 GiB   2.1 GiB   12 GiB  1.8 TiB  6.59  1.00  188      up
131    hdd  1.89459   1.00000  1.9 TiB  129 GiB  51 GiB   876 MiB   12 GiB  1.8 TiB  6.65  1.01  190      up
141    hdd  1.89459   1.00000  1.9 TiB  127 GiB  49 GiB   836 MiB   12 GiB  1.8 TiB  6.53  0.99  184      up
151    hdd  1.89459   1.00000  1.9 TiB  129 GiB  51 GiB   2.2 GiB   12 GiB  1.8 TiB  6.65  1.01  199      up
161    hdd  1.89459   1.00000  1.9 TiB  126 GiB  49 GiB   1.1 GiB   12 GiB  1.8 TiB  6.51  0.99  180      up
171    hdd  1.89459   1.00000  1.9 TiB  126 GiB  49 GiB   472 MiB   11 GiB  1.8 TiB  6.51  0.99  177      up
181    hdd  1.89459   1.00000  1.9 TiB  126 GiB  49 GiB   621 MiB   11 GiB  1.8 TiB  6.51  0.99  184      up
191    hdd  1.89459   1.00000  1.9 TiB  126 GiB  49 GiB   1.4 GiB   11 GiB  1.8 TiB  6.51  0.99  178      up
201    hdd  1.89459   1.00000  1.9 TiB  129 GiB  51 GiB   1.1 GiB   12 GiB  1.8 TiB  6.65  1.01  190      up
211    hdd  1.89459   1.00000  1.9 TiB  129 GiB  51 GiB   659 MiB   12 GiB  1.8 TiB  6.65  1.01  193      up
221    hdd  1.89459   1.00000  1.9 TiB  126 GiB  49 GiB   2.2 GiB   12 GiB  1.8 TiB  6.51  0.99  189      up
232    hdd  1.89459   1.00000  1.9 TiB  126 GiB  49 GiB   1.0 GiB   12 GiB  1.8 TiB  6.52  0.99  181      up
  9    hdd  1.89459   1.00000  1.9 TiB  127 GiB  49 GiB   1.1 GiB   12 GiB  1.8 TiB  6.54  0.99  188      up
 18    hdd  1.89459   1.00000  1.9 TiB  129 GiB  51 GiB   484 MiB   12 GiB  1.8 TiB  6.65  1.01  192      up
 28    hdd  1.89459   1.00000  1.9 TiB  127 GiB  49 GiB   1.2 GiB   11 GiB  1.8 TiB  6.55  0.99  184      up
 39    hdd  1.89459   1.00000  1.9 TiB  127 GiB  49 GiB   488 MiB   12 GiB  1.8 TiB  6.53  0.99  179      up
 49    hdd  1.89459   1.00000  1.9 TiB  127 GiB  49 GiB   1.6 GiB   12 GiB  1.8 TiB  6.53  0.99  185      up
 59    hdd  1.89459   1.00000  1.9 TiB  127 GiB  49 GiB   694 MiB   12 GiB  1.8 TiB  6.53  0.99  184      up
 69    hdd  1.89459   1.00000  1.9 TiB  129 GiB  51 GiB   1.4 GiB   12 GiB  1.8 TiB  6.65  1.01  192      up
 79    hdd  1.89459   1.00000  1.9 TiB  128 GiB  51 GiB   805 MiB   12 GiB  1.8 TiB  6.62  1.01  191      up
 89    hdd  1.89459   1.00000  1.9 TiB  127 GiB  49 GiB   2.1 GiB   12 GiB  1.8 TiB  6.53  0.99  191      up
 99    hdd  1.89459   1.00000  1.9 TiB  129 GiB  51 GiB   1.6 GiB   12 GiB  1.8 TiB  6.65  1.01  190      up
109    hdd  1.89459   1.00000  1.9 TiB  127 GiB  49 GiB   2.2 GiB   12 GiB  1.8 TiB  6.54  0.99  191      up
119    hdd  1.89459   1.00000  1.9 TiB  129 GiB  51 GiB   1.1 GiB   12 GiB  1.8 TiB  6.64  1.01  193      up
129    hdd  1.89459   1.00000  1.9 TiB  129 GiB  51 GiB   1.4 GiB   12 GiB  1.8 TiB  6.65  1.01  194      up
139    hdd  1.89459   1.00000  1.9 TiB  127 GiB  49 GiB   1.1 GiB   11 GiB  1.8 TiB  6.53  0.99  184      up
149    hdd  1.89459   1.00000  1.9 TiB  129 GiB  51 GiB   991 MiB   12 GiB  1.8 TiB  6.64  1.01  186      up
159    hdd  1.89459   1.00000  1.9 TiB  129 GiB  51 GiB   1.8 GiB   12 GiB  1.8 TiB  6.65  1.01  188      up
169    hdd  1.89459   1.00000  1.9 TiB  128 GiB  50 GiB   908 MiB   12 GiB  1.8 TiB  6.59  1.00  194      up
179    hdd  1.89459   1.00000  1.9 TiB  127 GiB  49 GiB   458 MiB   12 GiB  1.8 TiB  6.54  0.99  185      up
189    hdd  1.89459   1.00000  1.9 TiB  127 GiB  50 GiB   1.6 GiB   12 GiB  1.8 TiB  6.56  1.00  182      up
199    hdd  1.89459   1.00000  1.9 TiB  127 GiB  50 GiB   729 MiB   12 GiB  1.8 TiB  6.56  1.00  186      up
209    hdd  1.89459   1.00000  1.9 TiB  129 GiB  51 GiB   1.6 GiB   12 GiB  1.8 TiB  6.63  1.01  196      up
219    hdd  1.89459   1.00000  1.9 TiB  129 GiB  51 GiB   1.2 GiB   12 GiB  1.8 TiB  6.65  1.01  190      up
229    hdd  1.89459   1.00000  1.9 TiB  129 GiB  51 GiB   1.7 GiB   12 GiB  1.8 TiB  6.65  1.01  191      up
239    hdd  1.89459   1.00000  1.9 TiB  128 GiB  50 GiB   1.2 GiB   12 GiB  1.8 TiB  6.57  1.00  189      up
  2    hdd  1.89459   1.00000  1.9 TiB  127 GiB  49 GiB  1022 MiB   11 GiB  1.8 TiB  6.53  0.99  180      up
 13    hdd  1.89459   1.00000  1.9 TiB  127 GiB  49 GiB   1.4 GiB   12 GiB  1.8 TiB  6.53  0.99  185      up
 26    hdd  1.89459   1.00000  1.9 TiB  129 GiB  51 GiB   936 MiB   12 GiB  1.8 TiB  6.65  1.01  189      up
 36    hdd  1.89459   1.00000  1.9 TiB  129 GiB  51 GiB   996 MiB   12 GiB  1.8 TiB  6.65  1.01  188      up
 43    hdd  1.89459   1.00000  1.9 TiB  127 GiB  49 GiB   1.3 GiB   11 GiB  1.8 TiB  6.53  0.99  181      up
 52    hdd  1.89459   1.00000  1.9 TiB  126 GiB  49 GiB   1.0 GiB   11 GiB  1.8 TiB  6.51  0.99  188      up
 63    hdd  1.89459   1.00000  1.9 TiB  129 GiB  51 GiB   1.2 GiB   12 GiB  1.8 TiB  6.65  1.01  188      up
 73    hdd  1.89459   1.00000  1.9 TiB  126 GiB  49 GiB   1.9 GiB   11 GiB  1.8 TiB  6.51  0.99  193      up
 83    hdd  1.89459   1.00000  1.9 TiB  129 GiB  51 GiB   1.6 GiB   12 GiB  1.8 TiB  6.65  1.01  190      up
 93    hdd  1.89459   1.00000  1.9 TiB  127 GiB  49 GiB   1.2 GiB   11 GiB  1.8 TiB  6.55  0.99  183      up
103    hdd  1.89459   1.00000  1.9 TiB  129 GiB  51 GiB   1.2 GiB   12 GiB  1.8 TiB  6.65  1.01  189      up
113    hdd  1.89459   1.00000  1.9 TiB  126 GiB  49 GiB   1.7 GiB   12 GiB  1.8 TiB  6.51  0.99  178      up
122    hdd  1.89459   1.00000  1.9 TiB  128 GiB  50 GiB   1.6 GiB   12 GiB  1.8 TiB  6.59  1.00  191      up
132    hdd  1.89459   1.00000  1.9 TiB  129 GiB  51 GiB   1.1 GiB   12 GiB  1.8 TiB  6.65  1.01  187      up
142    hdd  1.89459   1.00000  1.9 TiB  126 GiB  49 GiB   1.5 GiB   12 GiB  1.8 TiB  6.52  0.99  186      up
152    hdd  1.89459   1.00000  1.9 TiB  128 GiB  50 GiB   1.2 GiB   12 GiB  1.8 TiB  6.59  1.00  187      up
162    hdd  1.89459   1.00000  1.9 TiB  129 GiB  51 GiB   2.1 GiB   12 GiB  1.8 TiB  6.64  1.01  190      up
172    hdd  1.89459   1.00000  1.9 TiB  129 GiB  51 GiB   1.3 GiB   12 GiB  1.8 TiB  6.65  1.01  192      up
182    hdd  1.89459   1.00000  1.9 TiB  129 GiB  51 GiB   955 MiB   12 GiB  1.8 TiB  6.65  1.01  187      up
192    hdd  1.89459   1.00000  1.9 TiB  129 GiB  51 GiB   1.5 GiB   12 GiB  1.8 TiB  6.65  1.01  194      up
202    hdd  1.89459   1.00000  1.9 TiB  129 GiB  51 GiB   1.8 GiB   12 GiB  1.8 TiB  6.65  1.01  195      up
212    hdd  1.89459   1.00000  1.9 TiB  126 GiB  49 GiB   1.0 GiB   12 GiB  1.8 TiB  6.51  0.99  185      up
222    hdd  1.89459   1.00000  1.9 TiB  126 GiB  49 GiB   913 MiB   11 GiB  1.8 TiB  6.52  0.99  181      up
231    hdd  1.89459   1.00000  1.9 TiB  126 GiB  49 GiB   2.2 GiB   12 GiB  1.8 TiB  6.51  0.99  188      up
240    hdd  1.89459   1.00000  1.9 TiB  126 GiB  49 GiB   1.9 GiB   12 GiB  1.8 TiB  6.51  0.99  181      up
241    hdd  1.89459   1.00000  1.9 TiB  127 GiB  49 GiB   1.2 GiB   12 GiB  1.8 TiB  6.53  0.99  191      up
242    hdd  1.89459   1.00000  1.9 TiB  127 GiB  49 GiB   1.8 GiB   12 GiB  1.8 TiB  6.53  0.99  180      up
243    hdd  1.89459   1.00000  1.9 TiB  129 GiB  51 GiB   1.5 GiB   12 GiB  1.8 TiB  6.65  1.01  199      up
244    hdd  1.89459   1.00000  1.9 TiB  129 GiB  51 GiB   570 MiB   12 GiB  1.8 TiB  6.65  1.01  193      up
245    hdd  1.89459   1.00000  1.9 TiB  128 GiB  50 GiB   719 MiB   12 GiB  1.8 TiB  6.60  1.00  186      up
246    hdd  1.89459   1.00000  1.9 TiB  128 GiB  50 GiB   1.5 GiB   12 GiB  1.8 TiB  6.59  1.00  183      up
247    hdd  1.89459   1.00000  1.9 TiB  129 GiB  51 GiB   1.4 GiB   12 GiB  1.8 TiB  6.65  1.01  188      up
248    hdd  1.89459   1.00000  1.9 TiB  126 GiB  49 GiB   649 MiB   12 GiB  1.8 TiB  6.51  0.99  179      up
249    hdd  1.89459   1.00000  1.9 TiB  129 GiB  51 GiB   2.1 GiB   12 GiB  1.8 TiB  6.65  1.01  201      up
250    hdd  1.89459   1.00000  1.9 TiB  126 GiB  49 GiB   433 MiB   12 GiB  1.8 TiB  6.52  0.99  179      up
251    hdd  1.89459   1.00000  1.9 TiB  126 GiB  49 GiB   985 MiB   11 GiB  1.8 TiB  6.51  0.99  185      up
252    hdd  1.89459   1.00000  1.9 TiB  127 GiB  49 GiB   670 MiB   11 GiB  1.8 TiB  6.53  0.99  179      up
253    hdd  1.89459   1.00000  1.9 TiB  126 GiB  49 GiB   1.7 GiB   11 GiB  1.8 TiB  6.51  0.99  182      up
254    hdd  1.89459   1.00000  1.9 TiB  129 GiB  51 GiB   417 MiB   12 GiB  1.8 TiB  6.65  1.01  191      up
255    hdd  1.89459   1.00000  1.9 TiB  129 GiB  51 GiB   1.5 GiB   12 GiB  1.8 TiB  6.65  1.01  189      up
256    hdd  1.89459   1.00000  1.9 TiB  126 GiB  49 GiB   2.0 GiB   11 GiB  1.8 TiB  6.51  0.99  183      up
257    hdd  1.89459   1.00000  1.9 TiB  126 GiB  49 GiB   697 MiB   11 GiB  1.8 TiB  6.51  0.99  177      up
258    hdd  1.89459   1.00000  1.9 TiB  126 GiB  49 GiB   1.4 GiB   11 GiB  1.8 TiB  6.51  0.99  181      up
259    hdd  1.89459   1.00000  1.9 TiB  126 GiB  49 GiB  1022 MiB   12 GiB  1.8 TiB  6.51  0.99  189      up
260    hdd  1.89459   1.00000  1.9 TiB  128 GiB  51 GiB   1.3 GiB   12 GiB  1.8 TiB  6.60  1.00  193      up
261    hdd  1.89459   1.00000  1.9 TiB  126 GiB  49 GiB   1.6 GiB   12 GiB  1.8 TiB  6.51  0.99  187      up
262    hdd  1.89459   1.00000  1.9 TiB  129 GiB  51 GiB   1.0 GiB   12 GiB  1.8 TiB  6.65  1.01  191      up
263    hdd  1.89459   1.00000  1.9 TiB  129 GiB  51 GiB   875 MiB   12 GiB  1.8 TiB  6.65  1.01  185      up
  5    hdd  1.89459   1.00000  1.9 TiB  129 GiB  51 GiB   1.1 GiB   12 GiB  1.8 TiB  6.65  1.01  188      up
 16    hdd  1.89459   1.00000  1.9 TiB  127 GiB  49 GiB   1.2 GiB   12 GiB  1.8 TiB  6.53  0.99  180      up
